interactions:
- request:
    body: null
    headers:
      Accept:
      - '*/*'
      Accept-Encoding:
      - gzip, deflate
      Connection:
      - keep-alive
      Content-Type:
      - application/json
      User-Agent:
      - ms-fabric-cli-test/1.3.1
    method: GET
    uri: https://api.fabric.microsoft.com/v1/workspaces
  response:
    body:
      string: '{"value": [{"id": "5297ecb0-13d4-4d95-8706-e91560b03a34", "displayName":
        "fabriccli_WorkspacePerTestclass_000001", "description": "Created by fab",
        "type": "Workspace", "capacityId": "07b1fd56-9969-4ff5-a2c8-05df5f82759a"}]}'
    headers:
      Access-Control-Expose-Headers:
      - RequestId
      Cache-Control:
      - no-store, must-revalidate, no-cache
      Content-Encoding:
      - gzip
      Content-Length:
      - '6409'
      Content-Type:
      - application/json; charset=utf-8
      Date:
      - Tue, 20 Jan 2026 08:51:32 GMT
      Pragma:
      - no-cache
      RequestId:
      - 542430ff-799d-45f7-8c34-9e7bf3364af9
      Strict-Transport-Security:
      - max-age=31536000; includeSubDomains
      X-Content-Type-Options:
      - nosniff
      X-Frame-Options:
      - deny
      home-cluster-uri:
      - https://wabi-us-central-b-primary-redirect.analysis.windows.net/
      request-redirected:
      - 'true'
    status:
      code: 200
      message: OK
- request:
    body: null
    headers:
      Accept:
      - '*/*'
      Accept-Encoding:
      - gzip, deflate
      Connection:
      - keep-alive
      Content-Type:
      - application/json
      User-Agent:
      - ms-fabric-cli-test/1.3.1
    method: GET
    uri: https://api.fabric.microsoft.com/v1/workspaces/5297ecb0-13d4-4d95-8706-e91560b03a34/items
  response:
    body:
      string: '{"value": []}'
    headers:
      Access-Control-Expose-Headers:
      - RequestId
      Cache-Control:
      - no-store, must-revalidate, no-cache
      Content-Encoding:
      - gzip
      Content-Length:
      - '32'
      Content-Type:
      - application/json; charset=utf-8
      Date:
      - Tue, 20 Jan 2026 08:51:33 GMT
      Pragma:
      - no-cache
      RequestId:
      - 24bb6e50-f8ef-4006-a0f1-f6ec629f489c
      Strict-Transport-Security:
      - max-age=31536000; includeSubDomains
      X-Content-Type-Options:
      - nosniff
      X-Frame-Options:
      - deny
      home-cluster-uri:
      - https://wabi-us-central-b-primary-redirect.analysis.windows.net/
      request-redirected:
      - 'true'
    status:
      code: 200
      message: OK
- request:
    body: null
    headers:
      Accept:
      - '*/*'
      Accept-Encoding:
      - gzip, deflate
      Connection:
      - keep-alive
      Content-Type:
      - application/json
      User-Agent:
      - ms-fabric-cli-test/1.3.1
    method: GET
    uri: https://api.fabric.microsoft.com/v1/workspaces/5297ecb0-13d4-4d95-8706-e91560b03a34/items
  response:
    body:
      string: '{"value": []}'
    headers:
      Access-Control-Expose-Headers:
      - RequestId
      Cache-Control:
      - no-store, must-revalidate, no-cache
      Content-Encoding:
      - gzip
      Content-Length:
      - '32'
      Content-Type:
      - application/json; charset=utf-8
      Date:
      - Tue, 20 Jan 2026 08:51:34 GMT
      Pragma:
      - no-cache
      RequestId:
      - 33f9e848-0107-463d-a537-e53066ac38b0
      Strict-Transport-Security:
      - max-age=31536000; includeSubDomains
      X-Content-Type-Options:
      - nosniff
      X-Frame-Options:
      - deny
      home-cluster-uri:
      - https://wabi-us-central-b-primary-redirect.analysis.windows.net/
      request-redirected:
      - 'true'
    status:
      code: 200
      message: OK
- request:
    body: '{"description": "Created by fab", "displayName": "fabcli000001", "type":
      "MirroredDatabase", "folderId": null, "definition": {"parts": [{"path": "mirroring.json",
      "payload": "ewogICAgInByb3BlcnRpZXMiOiB7CiAgICAgICAgInNvdXJjZSI6IHsKICAgICAgICAgICAgInR5cGUiOiAiR2VuZXJpY01pcnJvciIsCiAgICAgICAgICAgICJ0eXBlUHJvcGVydGllcyI6IHt9CiAgICAgICAgfSwKICAgICAgICAidGFyZ2V0IjogewogICAgICAgICAgICAidHlwZSI6ICJNb3VudGVkUmVsYXRpb25hbERhdGFiYXNlIiwKICAgICAgICAgICAgInR5cGVQcm9wZXJ0aWVzIjogewogICAgICAgICAgICAgICAgImZvcm1hdCI6ICJEZWx0YSIKICAgICAgICAgICAgfQogICAgICAgIH0KICAgIH0KfQ==",
      "payloadType": "InlineBase64"}]}}'
    headers:
      Accept:
      - '*/*'
      Accept-Encoding:
      - gzip, deflate
      Connection:
      - keep-alive
      Content-Length:
      - '603'
      Content-Type:
      - application/json
      User-Agent:
      - ms-fabric-cli-test/1.3.1
    method: POST
    uri: https://api.fabric.microsoft.com/v1/workspaces/5297ecb0-13d4-4d95-8706-e91560b03a34/mirroredDatabases
  response:
    body:
      string: '{"id": "8e31aa6c-338f-4838-be9c-00d72ca7ceb6", "type": "MirroredDatabase",
        "displayName": "fabcli000001", "description": "Created by fab", "workspaceId":
        "5297ecb0-13d4-4d95-8706-e91560b03a34"}'
    headers:
      Access-Control-Expose-Headers:
      - RequestId,ETag
      Cache-Control:
      - no-store, must-revalidate, no-cache
      Content-Encoding:
      - gzip
      Content-Length:
      - '171'
      Content-Type:
      - application/json; charset=utf-8
      Date:
      - Tue, 20 Jan 2026 08:51:35 GMT
      ETag:
      - '""'
      Pragma:
      - no-cache
      RequestId:
      - af0053ba-bb91-4e4d-9077-f6caa462254d
      Strict-Transport-Security:
      - max-age=31536000; includeSubDomains
      X-Content-Type-Options:
      - nosniff
      X-Frame-Options:
      - deny
      home-cluster-uri:
      - https://wabi-us-central-b-primary-redirect.analysis.windows.net/
      request-redirected:
      - 'true'
    status:
      code: 201
      message: Created
- request:
    body: null
    headers:
      Accept:
      - '*/*'
      Accept-Encoding:
      - gzip, deflate
      Connection:
      - keep-alive
      Content-Type:
      - application/json
      User-Agent:
      - ms-fabric-cli-test/1.3.1
    method: GET
    uri: https://api.fabric.microsoft.com/v1/workspaces
  response:
    body:
      string: '{"value": [{"id": "5297ecb0-13d4-4d95-8706-e91560b03a34", "displayName":
        "fabriccli_WorkspacePerTestclass_000001", "description": "Created by fab",
        "type": "Workspace", "capacityId": "07b1fd56-9969-4ff5-a2c8-05df5f82759a"}]}'
    headers:
      Access-Control-Expose-Headers:
      - RequestId
      Cache-Control:
      - no-store, must-revalidate, no-cache
      Content-Encoding:
      - gzip
      Content-Length:
      - '6409'
      Content-Type:
      - application/json; charset=utf-8
      Date:
      - Tue, 20 Jan 2026 08:51:36 GMT
      Pragma:
      - no-cache
      RequestId:
      - 61ea71cf-86bd-499d-9115-eef03840ff99
      Strict-Transport-Security:
      - max-age=31536000; includeSubDomains
      X-Content-Type-Options:
      - nosniff
      X-Frame-Options:
      - deny
      home-cluster-uri:
      - https://wabi-us-central-b-primary-redirect.analysis.windows.net/
      request-redirected:
      - 'true'
    status:
      code: 200
      message: OK
- request:
    body: null
    headers:
      Accept:
      - '*/*'
      Accept-Encoding:
      - gzip, deflate
      Connection:
      - keep-alive
      Content-Type:
      - application/json
      User-Agent:
      - ms-fabric-cli-test/1.3.1
    method: GET
    uri: https://api.fabric.microsoft.com/v1/workspaces/5297ecb0-13d4-4d95-8706-e91560b03a34/items
  response:
    body:
      string: '{"value": [{"id": "8e31aa6c-338f-4838-be9c-00d72ca7ceb6", "type": "MirroredDatabase",
        "displayName": "fabcli000001", "description": "Created by fab", "workspaceId":
        "5297ecb0-13d4-4d95-8706-e91560b03a34"}]}'
    headers:
      Access-Control-Expose-Headers:
      - RequestId
      Cache-Control:
      - no-store, must-revalidate, no-cache
      Content-Encoding:
      - gzip
      Content-Length:
      - '183'
      Content-Type:
      - application/json; charset=utf-8
      Date:
      - Tue, 20 Jan 2026 08:51:37 GMT
      Pragma:
      - no-cache
      RequestId:
      - 16821708-68da-4c2d-9de4-1ec6661d66f6
      Strict-Transport-Security:
      - max-age=31536000; includeSubDomains
      X-Content-Type-Options:
      - nosniff
      X-Frame-Options:
      - deny
      home-cluster-uri:
      - https://wabi-us-central-b-primary-redirect.analysis.windows.net/
      request-redirected:
      - 'true'
    status:
      code: 200
      message: OK
- request:
    body: null
    headers:
      Accept:
      - '*/*'
      Accept-Encoding:
      - gzip, deflate
      Connection:
      - keep-alive
      Content-Type:
      - application/json
      User-Agent:
      - ms-fabric-cli-test/1.3.1
    method: GET
    uri: https://api.fabric.microsoft.com/v1/workspaces
  response:
    body:
      string: '{"value": [{"id": "5297ecb0-13d4-4d95-8706-e91560b03a34", "displayName":
        "fabriccli_WorkspacePerTestclass_000001", "description": "Created by fab",
        "type": "Workspace", "capacityId": "07b1fd56-9969-4ff5-a2c8-05df5f82759a"}]}'
    headers:
      Access-Control-Expose-Headers:
      - RequestId
      Cache-Control:
      - no-store, must-revalidate, no-cache
      Content-Encoding:
      - gzip
      Content-Length:
      - '6409'
      Content-Type:
      - application/json; charset=utf-8
      Date:
      - Tue, 20 Jan 2026 08:51:37 GMT
      Pragma:
      - no-cache
      RequestId:
      - abb18ea4-ad66-446f-9984-90194d21c0e7
      Strict-Transport-Security:
      - max-age=31536000; includeSubDomains
      X-Content-Type-Options:
      - nosniff
      X-Frame-Options:
      - deny
      home-cluster-uri:
      - https://wabi-us-central-b-primary-redirect.analysis.windows.net/
      request-redirected:
      - 'true'
    status:
      code: 200
      message: OK
- request:
    body: null
    headers:
      Accept:
      - '*/*'
      Accept-Encoding:
      - gzip, deflate
      Connection:
      - keep-alive
      Content-Type:
      - application/json
      User-Agent:
      - ms-fabric-cli-test/1.3.1
    method: GET
    uri: https://api.fabric.microsoft.com/v1/workspaces/5297ecb0-13d4-4d95-8706-e91560b03a34/items
  response:
    body:
      string: '{"value": [{"id": "8e31aa6c-338f-4838-be9c-00d72ca7ceb6", "type": "MirroredDatabase",
        "displayName": "fabcli000001", "description": "Created by fab", "workspaceId":
        "5297ecb0-13d4-4d95-8706-e91560b03a34"}]}'
    headers:
      Access-Control-Expose-Headers:
      - RequestId
      Cache-Control:
      - no-store, must-revalidate, no-cache
      Content-Encoding:
      - gzip
      Content-Length:
      - '183'
      Content-Type:
      - application/json; charset=utf-8
      Date:
      - Tue, 20 Jan 2026 08:51:37 GMT
      Pragma:
      - no-cache
      RequestId:
      - 0f13195e-5237-461d-8e5a-3064d2ddafe2
      Strict-Transport-Security:
      - max-age=31536000; includeSubDomains
      X-Content-Type-Options:
      - nosniff
      X-Frame-Options:
      - deny
      home-cluster-uri:
      - https://wabi-us-central-b-primary-redirect.analysis.windows.net/
      request-redirected:
      - 'true'
    status:
      code: 200
      message: OK
- request:
    body: null
    headers:
      Accept:
      - '*/*'
      Accept-Encoding:
      - gzip, deflate
      Connection:
      - keep-alive
      Content-Length:
      - '0'
      Content-Type:
      - application/json
      User-Agent:
      - ms-fabric-cli-test/1.3.1
    method: DELETE
    uri: https://api.fabric.microsoft.com/v1/workspaces/5297ecb0-13d4-4d95-8706-e91560b03a34/items/8e31aa6c-338f-4838-be9c-00d72ca7ceb6
  response:
    body:
      string: ''
    headers:
      Access-Control-Expose-Headers:
      - RequestId
      Cache-Control:
      - no-store, must-revalidate, no-cache
      Content-Encoding:
      - gzip
      Content-Length:
      - '0'
      Content-Type:
      - application/octet-stream
      Date:
      - Tue, 20 Jan 2026 08:51:38 GMT
      Pragma:
      - no-cache
      RequestId:
      - 896d2076-20ef-452b-87b3-c5ce9069a91b
      Strict-Transport-Security:
      - max-age=31536000; includeSubDomains
      X-Content-Type-Options:
      - nosniff
      X-Frame-Options:
      - deny
      home-cluster-uri:
      - https://wabi-us-central-b-primary-redirect.analysis.windows.net/
      request-redirected:
      - 'true'
    status:
      code: 200
      message: OK
version: 1
