interactions:
- request:
    body: null
    headers:
      Accept:
      - '*/*'
      Accept-Encoding:
      - gzip, deflate
      Connection:
      - keep-alive
      Content-Type:
      - application/json
      User-Agent:
      - ms-fabric-cli-test/1.2.0
    method: GET
    uri: https://api.fabric.microsoft.com/v1/workspaces
  response:
    body:
      string: '{"value": [{"id": "c162eefd-cb6e-49c1-b443-75803a45e1be", "displayName":
        "fabriccli_WorkspacePerTestclass_000001", "description": "Created by fab",
        "type": "Workspace", "capacityId": "00000000-0000-0000-0000-000000000004"}]}'
    headers:
      Access-Control-Expose-Headers:
      - RequestId
      Cache-Control:
      - no-store, must-revalidate, no-cache
      Content-Encoding:
      - gzip
      Content-Length:
      - '2592'
      Content-Type:
      - application/json; charset=utf-8
      Date:
      - Mon, 10 Nov 2025 22:42:29 GMT
      Pragma:
      - no-cache
      RequestId:
      - 138c51cd-158e-4350-b09d-8e0a7a90a5f5
      Strict-Transport-Security:
      - max-age=31536000; includeSubDomains
      X-Content-Type-Options:
      - nosniff
      X-Frame-Options:
      - deny
      home-cluster-uri:
      - https://wabi-north-europe-f-primary-redirect.analysis.windows.net/
      request-redirected:
      - 'true'
    status:
      code: 200
      message: OK
- request:
    body: null
    headers:
      Accept:
      - '*/*'
      Accept-Encoding:
      - gzip, deflate
      Connection:
      - keep-alive
      Content-Type:
      - application/json
      User-Agent:
      - ms-fabric-cli-test/1.2.0
    method: GET
    uri: https://api.fabric.microsoft.com/v1/workspaces/c162eefd-cb6e-49c1-b443-75803a45e1be/items
  response:
    body:
      string: '{"value": []}'
    headers:
      Access-Control-Expose-Headers:
      - RequestId
      Cache-Control:
      - no-store, must-revalidate, no-cache
      Content-Encoding:
      - gzip
      Content-Length:
      - '32'
      Content-Type:
      - application/json; charset=utf-8
      Date:
      - Mon, 10 Nov 2025 22:42:30 GMT
      Pragma:
      - no-cache
      RequestId:
      - 9168b9c2-1b19-4aef-8986-57533c4db90e
      Strict-Transport-Security:
      - max-age=31536000; includeSubDomains
      X-Content-Type-Options:
      - nosniff
      X-Frame-Options:
      - deny
      home-cluster-uri:
      - https://wabi-north-europe-f-primary-redirect.analysis.windows.net/
      request-redirected:
      - 'true'
    status:
      code: 200
      message: OK
- request:
    body: null
    headers:
      Accept:
      - '*/*'
      Accept-Encoding:
      - gzip, deflate
      Connection:
      - keep-alive
      Content-Type:
      - application/json
      User-Agent:
      - ms-fabric-cli-test/1.2.0
    method: GET
    uri: https://api.fabric.microsoft.com/v1/workspaces/c162eefd-cb6e-49c1-b443-75803a45e1be/items
  response:
    body:
      string: '{"value": []}'
    headers:
      Access-Control-Expose-Headers:
      - RequestId
      Cache-Control:
      - no-store, must-revalidate, no-cache
      Content-Encoding:
      - gzip
      Content-Length:
      - '32'
      Content-Type:
      - application/json; charset=utf-8
      Date:
      - Mon, 10 Nov 2025 22:42:30 GMT
      Pragma:
      - no-cache
      RequestId:
      - 87c94c9a-6c37-4b1f-9bbc-5f98f54bf930
      Strict-Transport-Security:
      - max-age=31536000; includeSubDomains
      X-Content-Type-Options:
      - nosniff
      X-Frame-Options:
      - deny
      home-cluster-uri:
      - https://wabi-north-europe-f-primary-redirect.analysis.windows.net/
      request-redirected:
      - 'true'
    status:
      code: 200
      message: OK
- request:
    body: '{"type": "Notebook", "description": "Imported from fab", "folderId": null,
      "displayName": "fabcli000001", "definition": {"format": "ipynb", "parts": [{"path":
      "notebook-content.ipynb", "payload": "ewogICAgImNlbGxzIjogWwogICAgICAgIHsKICAgICAgICAgICAgImNlbGxfdHlwZSI6ICJjb2RlIiwKICAgICAgICAgICAgImV4ZWN1dGlvbl9jb3VudCI6IG51bGwsCiAgICAgICAgICAgICJtZXRhZGF0YSI6IHsKICAgICAgICAgICAgICAgICJtaWNyb3NvZnQiOiB7CiAgICAgICAgICAgICAgICAgICAgImxhbmd1YWdlIjogInB5dGhvbiIsCiAgICAgICAgICAgICAgICAgICAgImxhbmd1YWdlX2dyb3VwIjogInN5bmFwc2VfcHlzcGFyayIKICAgICAgICAgICAgICAgIH0KICAgICAgICAgICAgfSwKICAgICAgICAgICAgIm91dHB1dHMiOiBbXSwKICAgICAgICAgICAgInNvdXJjZSI6IFsKICAgICAgICAgICAgICAgICIjIFdlbGNvbWUgdG8geW91ciBuZXcgbm90ZWJvb2tcbiIsCiAgICAgICAgICAgICAgICAiIyBUeXBlIGhlcmUgaW4gdGhlIGNlbGwgZWRpdG9yIHRvIGFkZCBjb2RlIVxuIiwKICAgICAgICAgICAgICAgICJmcm9tIHRpbWUgaW1wb3J0IHNsZWVwXG4iLAogICAgICAgICAgICAgICAgInNsZWVwKDEwKSIKICAgICAgICAgICAgXQogICAgICAgIH0KICAgIF0sCiAgICAibWV0YWRhdGEiOiB7CiAgICAgICAgImRlcGVuZGVuY2llcyI6IHt9LAogICAgICAgICJrZXJuZWxfaW5mbyI6IHsKICAgICAgICAgICAgIm5hbWUiOiAic3luYXBzZV9weXNwYXJrIgogICAgICAgIH0sCiAgICAgICAgImtlcm5lbHNwZWMiOiB7CiAgICAgICAgICAgICJkaXNwbGF5X25hbWUiOiAic3luYXBzZV9weXNwYXJrIiwKICAgICAgICAgICAgIm5hbWUiOiAic3luYXBzZV9weXNwYXJrIgogICAgICAgIH0sCiAgICAgICAgImxhbmd1YWdlX2luZm8iOiB7CiAgICAgICAgICAgICJuYW1lIjogInB5dGhvbiIKICAgICAgICB9LAogICAgICAgICJtaWNyb3NvZnQiOiB7CiAgICAgICAgICAgICJsYW5ndWFnZSI6ICJweXRob24iLAogICAgICAgICAgICAibGFuZ3VhZ2VfZ3JvdXAiOiAic3luYXBzZV9weXNwYXJrIiwKICAgICAgICAgICAgIm1zX3NwZWxsX2NoZWNrIjogewogICAgICAgICAgICAgICAgIm1zX3NwZWxsX2NoZWNrX2xhbmd1YWdlIjogImVuIgogICAgICAgICAgICB9CiAgICAgICAgfSwKICAgICAgICAibnRlcmFjdCI6IHsKICAgICAgICAgICAgInZlcnNpb24iOiAibnRlcmFjdC1mcm9udC1lbmRAMS4wLjAiCiAgICAgICAgfSwKICAgICAgICAic3BhcmtfY29tcHV0ZSI6IHsKICAgICAgICAgICAgImNvbXB1dGVfaWQiOiAiL3RyaWRlbnQvZGVmYXVsdCIsCiAgICAgICAgICAgICJzZXNzaW9uX29wdGlvbnMiOiB7CiAgICAgICAgICAgICAgICAiY29uZiI6IHsKICAgICAgICAgICAgICAgICAgICAic3Bhcmsuc3luYXBzZS5uYnMuc2Vzc2lvbi50aW1lb3V0IjogIjEyMDAwMDAiCiAgICAgICAgICAgICAgICB9CiAgICAgICAgICAgIH0KICAgICAgICB9CiAgICB9LAogICAgIm5iZm9ybWF0IjogNCwKICAgICJuYmZvcm1hdF9taW5vciI6IDUKfQ==",
      "payloadType": "InlineBase64"}, {"path": ".platform", "payload": "ewogICAgIiRzY2hlbWEiOiAiaHR0cHM6Ly9kZXZlbG9wZXIubWljcm9zb2Z0LmNvbS9qc29uLXNjaGVtYXMvZmFicmljL2dpdEludGVncmF0aW9uL3BsYXRmb3JtUHJvcGVydGllcy8yLjAuMC9zY2hlbWEuanNvbiIsCiAgICAibWV0YWRhdGEiOiB7CiAgICAgICAgInR5cGUiOiAiTm90ZWJvb2siLAogICAgICAgICJkaXNwbGF5TmFtZSI6ICJleGFtcGxlIiwKICAgICAgICAiZGVzY3JpcHRpb24iOiAiQ3JlYXRlZCBieSBmYWIiCiAgICB9LAogICAgImNvbmZpZyI6IHsKICAgICAgICAidmVyc2lvbiI6ICIyLjAiLAogICAgICAgICJsb2dpY2FsSWQiOiAiMDAwMDAwMDAtMDAwMC0wMDAwLTAwMDAtMDAwMDAwMDAwMDAwIgogICAgfQp9",
      "payloadType": "InlineBase64"}]}}'
    headers:
      Accept:
      - '*/*'
      Accept-Encoding:
      - gzip, deflate
      Connection:
      - keep-alive
      Content-Length:
      - '2718'
      Content-Type:
      - application/json
      User-Agent:
      - ms-fabric-cli-test/1.2.0
    method: POST
    uri: https://api.fabric.microsoft.com/v1/workspaces/c162eefd-cb6e-49c1-b443-75803a45e1be/items
  response:
    body:
      string: 'null'
    headers:
      Access-Control-Expose-Headers:
      - RequestId,Location,Retry-After,ETag,x-ms-operation-id
      Cache-Control:
      - no-store, must-revalidate, no-cache
      Content-Encoding:
      - gzip
      Content-Length:
      - '24'
      Content-Type:
      - application/json; charset=utf-8
      Date:
      - Mon, 10 Nov 2025 22:42:31 GMT
      ETag:
      - '""'
      Location:
      - https://wabi-north-europe-f-primary-redirect.analysis.windows.net/v1/operations/35fb1d07-2090-4113-bfcd-c92efd723f1c
      Pragma:
      - no-cache
      RequestId:
      - 9c03ce72-4785-4c81-8f9b-7a1c308b6a75
      Retry-After:
      - '20'
      Strict-Transport-Security:
      - max-age=31536000; includeSubDomains
      X-Content-Type-Options:
      - nosniff
      X-Frame-Options:
      - deny
      home-cluster-uri:
      - https://wabi-north-europe-f-primary-redirect.analysis.windows.net/
      request-redirected:
      - 'true'
      x-ms-operation-id:
      - 35fb1d07-2090-4113-bfcd-c92efd723f1c
    status:
      code: 202
      message: Accepted
- request:
    body: null
    headers:
      Accept:
      - '*/*'
      Accept-Encoding:
      - gzip, deflate
      Connection:
      - keep-alive
      Content-Type:
      - application/json
      User-Agent:
      - ms-fabric-cli-test/1.2.0
    method: GET
    uri: https://wabi-north-europe-f-primary-redirect.analysis.windows.net/v1/operations/35fb1d07-2090-4113-bfcd-c92efd723f1c
  response:
    body:
      string: '{"status": "Succeeded", "createdTimeUtc": "2025-11-10T22:42:31.3035731",
        "lastUpdatedTimeUtc": "2025-11-10T22:42:33.428585", "percentComplete": 100,
        "error": null}'
    headers:
      Access-Control-Expose-Headers:
      - RequestId,Location,x-ms-operation-id
      Cache-Control:
      - no-store, must-revalidate, no-cache
      Content-Encoding:
      - gzip
      Content-Length:
      - '130'
      Content-Type:
      - application/json; charset=utf-8
      Date:
      - Mon, 10 Nov 2025 22:42:51 GMT
      Location:
      - https://wabi-north-europe-f-primary-redirect.analysis.windows.net/v1/operations/35fb1d07-2090-4113-bfcd-c92efd723f1c/result
      Pragma:
      - no-cache
      RequestId:
      - 0e5b7de6-95ab-49d9-a512-07ab36872d1a
      Strict-Transport-Security:
      - max-age=31536000; includeSubDomains
      X-Content-Type-Options:
      - nosniff
      X-Frame-Options:
      - deny
      x-ms-operation-id:
      - 35fb1d07-2090-4113-bfcd-c92efd723f1c
    status:
      code: 200
      message: OK
- request:
    body: null
    headers:
      Accept:
      - '*/*'
      Accept-Encoding:
      - gzip, deflate
      Connection:
      - keep-alive
      Content-Type:
      - application/json
      User-Agent:
      - ms-fabric-cli-test/1.2.0
    method: GET
    uri: https://wabi-north-europe-f-primary-redirect.analysis.windows.net/v1/operations/35fb1d07-2090-4113-bfcd-c92efd723f1c/result
  response:
    body:
      string: '{"id": "169649a4-8ee0-4eaa-b1e7-41d2caefc8de", "type": "Notebook",
        "displayName": "fabcli000001", "description": "Imported from fab", "workspaceId":
        "c162eefd-cb6e-49c1-b443-75803a45e1be"}'
    headers:
      Access-Control-Expose-Headers:
      - RequestId
      Cache-Control:
      - no-store, must-revalidate, no-cache
      Content-Encoding:
      - gzip
      Content-Type:
      - application/json
      Date:
      - Mon, 10 Nov 2025 22:42:52 GMT
      Pragma:
      - no-cache
      RequestId:
      - 021692d9-04fe-4dd6-ba63-791f5a5f5f74
      Strict-Transport-Security:
      - max-age=31536000; includeSubDomains
      Transfer-Encoding:
      - chunked
      X-Content-Type-Options:
      - nosniff
      X-Frame-Options:
      - deny
    status:
      code: 200
      message: OK
- request:
    body: null
    headers:
      Accept:
      - '*/*'
      Accept-Encoding:
      - gzip, deflate
      Connection:
      - keep-alive
      Content-Type:
      - application/json
      User-Agent:
      - ms-fabric-cli-test/1.2.0
    method: GET
    uri: https://api.fabric.microsoft.com/v1/workspaces
  response:
    body:
      string: '{"value": [{"id": "c162eefd-cb6e-49c1-b443-75803a45e1be", "displayName":
        "fabriccli_WorkspacePerTestclass_000001", "description": "Created by fab",
        "type": "Workspace", "capacityId": "00000000-0000-0000-0000-000000000004"}]}'
    headers:
      Access-Control-Expose-Headers:
      - RequestId
      Cache-Control:
      - no-store, must-revalidate, no-cache
      Content-Encoding:
      - gzip
      Content-Length:
      - '2592'
      Content-Type:
      - application/json; charset=utf-8
      Date:
      - Mon, 10 Nov 2025 22:42:51 GMT
      Pragma:
      - no-cache
      RequestId:
      - b705ec4e-5307-475c-b629-3b9156a784ad
      Strict-Transport-Security:
      - max-age=31536000; includeSubDomains
      X-Content-Type-Options:
      - nosniff
      X-Frame-Options:
      - deny
      home-cluster-uri:
      - https://wabi-north-europe-f-primary-redirect.analysis.windows.net/
      request-redirected:
      - 'true'
    status:
      code: 200
      message: OK
- request:
    body: null
    headers:
      Accept:
      - '*/*'
      Accept-Encoding:
      - gzip, deflate
      Connection:
      - keep-alive
      Content-Type:
      - application/json
      User-Agent:
      - ms-fabric-cli-test/1.2.0
    method: GET
    uri: https://api.fabric.microsoft.com/v1/workspaces/c162eefd-cb6e-49c1-b443-75803a45e1be/items
  response:
    body:
      string: '{"value": [{"id": "169649a4-8ee0-4eaa-b1e7-41d2caefc8de", "type": "Notebook",
        "displayName": "fabcli000001", "description": "Imported from fab", "workspaceId":
        "c162eefd-cb6e-49c1-b443-75803a45e1be"}]}'
    headers:
      Access-Control-Expose-Headers:
      - RequestId
      Cache-Control:
      - no-store, must-revalidate, no-cache
      Content-Encoding:
      - gzip
      Content-Length:
      - '177'
      Content-Type:
      - application/json; charset=utf-8
      Date:
      - Mon, 10 Nov 2025 22:42:52 GMT
      Pragma:
      - no-cache
      RequestId:
      - 1b300b56-cc66-4f28-8e55-022caa46739b
      Strict-Transport-Security:
      - max-age=31536000; includeSubDomains
      X-Content-Type-Options:
      - nosniff
      X-Frame-Options:
      - deny
      home-cluster-uri:
      - https://wabi-north-europe-f-primary-redirect.analysis.windows.net/
      request-redirected:
      - 'true'
    status:
      code: 200
      message: OK
- request:
    body: '{"enabled": true, "configuration": {"type": "Cron", "startDateTime": "2024-01-23T00:00:00",
      "endDateTime": "2024-10-07T23:59:00", "localTimeZoneId": "Central Standard Time",
      "interval": 10}}'
    headers:
      Accept:
      - '*/*'
      Accept-Encoding:
      - gzip, deflate
      Connection:
      - keep-alive
      Content-Length:
      - '190'
      Content-Type:
      - application/json
      User-Agent:
      - ms-fabric-cli-test/1.2.0
    method: POST
    uri: https://api.fabric.microsoft.com/v1/workspaces/c162eefd-cb6e-49c1-b443-75803a45e1be/items/169649a4-8ee0-4eaa-b1e7-41d2caefc8de/jobs/RunNotebook/schedules
  response:
    body:
      string: '{"id": "3f06466d-ae3f-4620-8f0e-ab72b0355d7e", "enabled": true, "createdDateTime":
        "2025-11-10T22:42:53.0733333", "configuration": {"type": "Cron", "startDateTime":
        "2024-01-23T00:00:00", "endDateTime": "2024-10-07T23:59:00", "localTimeZoneId":
        "Central Standard Time", "interval": 10}, "owner": {"id": "2ed4a6b4-687e-466d-a03f-1bca2e5754d4",
        "type": "ServicePrincipal"}}'
    headers:
      Access-Control-Expose-Headers:
      - RequestId,Location
      Cache-Control:
      - no-store, must-revalidate, no-cache
      Content-Encoding:
      - gzip
      Content-Length:
      - '256'
      Content-Type:
      - application/json; charset=utf-8
      Date:
      - Mon, 10 Nov 2025 22:42:52 GMT
      Location:
      - https://api.fabric.microsoft.com/v1/workspaces/c162eefd-cb6e-49c1-b443-75803a45e1be/items/169649a4-8ee0-4eaa-b1e7-41d2caefc8de/jobs/RunNotebook/schedules/3f06466d-ae3f-4620-8f0e-ab72b0355d7e
      Pragma:
      - no-cache
      RequestId:
      - 3bd63529-5da6-400a-962e-be178b2f2ab5
      Strict-Transport-Security:
      - max-age=31536000; includeSubDomains
      X-Content-Type-Options:
      - nosniff
      X-Frame-Options:
      - deny
      home-cluster-uri:
      - https://wabi-north-europe-f-primary-redirect.analysis.windows.net/
      request-redirected:
      - 'true'
    status:
      code: 201
      message: Created
- request:
    body: null
    headers:
      Accept:
      - '*/*'
      Accept-Encoding:
      - gzip, deflate
      Connection:
      - keep-alive
      Content-Type:
      - application/json
      User-Agent:
      - ms-fabric-cli-test/1.2.0
    method: GET
    uri: https://api.fabric.microsoft.com/v1/workspaces
  response:
    body:
      string: '{"value": [{"id": "c162eefd-cb6e-49c1-b443-75803a45e1be", "displayName":
        "fabriccli_WorkspacePerTestclass_000001", "description": "Created by fab",
        "type": "Workspace", "capacityId": "00000000-0000-0000-0000-000000000004"}]}'
    headers:
      Access-Control-Expose-Headers:
      - RequestId
      Cache-Control:
      - no-store, must-revalidate, no-cache
      Content-Encoding:
      - gzip
      Content-Length:
      - '2592'
      Content-Type:
      - application/json; charset=utf-8
      Date:
      - Mon, 10 Nov 2025 22:42:54 GMT
      Pragma:
      - no-cache
      RequestId:
      - 8d4905b1-13bc-4658-95b5-d2773ef5e40f
      Strict-Transport-Security:
      - max-age=31536000; includeSubDomains
      X-Content-Type-Options:
      - nosniff
      X-Frame-Options:
      - deny
      home-cluster-uri:
      - https://wabi-north-europe-f-primary-redirect.analysis.windows.net/
      request-redirected:
      - 'true'
    status:
      code: 200
      message: OK
- request:
    body: null
    headers:
      Accept:
      - '*/*'
      Accept-Encoding:
      - gzip, deflate
      Connection:
      - keep-alive
      Content-Type:
      - application/json
      User-Agent:
      - ms-fabric-cli-test/1.2.0
    method: GET
    uri: https://api.fabric.microsoft.com/v1/workspaces/c162eefd-cb6e-49c1-b443-75803a45e1be/items
  response:
    body:
      string: '{"value": [{"id": "169649a4-8ee0-4eaa-b1e7-41d2caefc8de", "type": "Notebook",
        "displayName": "fabcli000001", "description": "Imported from fab", "workspaceId":
        "c162eefd-cb6e-49c1-b443-75803a45e1be"}]}'
    headers:
      Access-Control-Expose-Headers:
      - RequestId
      Cache-Control:
      - no-store, must-revalidate, no-cache
      Content-Encoding:
      - gzip
      Content-Length:
      - '177'
      Content-Type:
      - application/json; charset=utf-8
      Date:
      - Mon, 10 Nov 2025 22:42:55 GMT
      Pragma:
      - no-cache
      RequestId:
      - 1a9b12c2-0ba7-4ff2-a382-7a7204a069b6
      Strict-Transport-Security:
      - max-age=31536000; includeSubDomains
      X-Content-Type-Options:
      - nosniff
      X-Frame-Options:
      - deny
      home-cluster-uri:
      - https://wabi-north-europe-f-primary-redirect.analysis.windows.net/
      request-redirected:
      - 'true'
    status:
      code: 200
      message: OK
- request:
    body: null
    headers:
      Accept:
      - '*/*'
      Accept-Encoding:
      - gzip, deflate
      Connection:
      - keep-alive
      Content-Type:
      - application/json
      User-Agent:
      - ms-fabric-cli-test/1.2.0
    method: GET
    uri: https://api.fabric.microsoft.com/v1/workspaces/c162eefd-cb6e-49c1-b443-75803a45e1be/items/169649a4-8ee0-4eaa-b1e7-41d2caefc8de/jobs/RunNotebook/schedules
  response:
    body:
      string: '{"value": [{"id": "3f06466d-ae3f-4620-8f0e-ab72b0355d7e", "enabled":
        true, "createdDateTime": "2025-11-10T22:42:53.0733333", "configuration": {"type":
        "Cron", "startDateTime": "2024-01-23T00:00:00", "endDateTime": "2024-10-07T23:59:00",
        "localTimeZoneId": "Central Standard Time", "interval": 10}, "owner": {"id":
        "2ed4a6b4-687e-466d-a03f-1bca2e5754d4", "type": "ServicePrincipal"}}]}'
    headers:
      Access-Control-Expose-Headers:
      - RequestId
      Cache-Control:
      - no-store, must-revalidate, no-cache
      Content-Encoding:
      - gzip
      Content-Length:
      - '267'
      Content-Type:
      - application/json; charset=utf-8
      Date:
      - Mon, 10 Nov 2025 22:42:55 GMT
      Pragma:
      - no-cache
      RequestId:
      - 24511db8-0871-4e64-978c-94e3439946c0
      Strict-Transport-Security:
      - max-age=31536000; includeSubDomains
      X-Content-Type-Options:
      - nosniff
      X-Frame-Options:
      - deny
      home-cluster-uri:
      - https://wabi-north-europe-f-primary-redirect.analysis.windows.net/
      request-redirected:
      - 'true'
    status:
      code: 200
      message: OK
- request:
    body: null
    headers:
      Accept:
      - '*/*'
      Accept-Encoding:
      - gzip, deflate
      Connection:
      - keep-alive
      Content-Type:
      - application/json
      User-Agent:
      - ms-fabric-cli-test/1.2.0
    method: GET
    uri: https://api.fabric.microsoft.com/v1/workspaces
  response:
    body:
      string: '{"value": [{"id": "c162eefd-cb6e-49c1-b443-75803a45e1be", "displayName":
        "fabriccli_WorkspacePerTestclass_000001", "description": "Created by fab",
        "type": "Workspace", "capacityId": "00000000-0000-0000-0000-000000000004"}]}'
    headers:
      Access-Control-Expose-Headers:
      - RequestId
      Cache-Control:
      - no-store, must-revalidate, no-cache
      Content-Encoding:
      - gzip
      Content-Length:
      - '2592'
      Content-Type:
      - application/json; charset=utf-8
      Date:
      - Mon, 10 Nov 2025 22:42:55 GMT
      Pragma:
      - no-cache
      RequestId:
      - 1ee22719-2e71-40de-af4c-98b28ebc73da
      Strict-Transport-Security:
      - max-age=31536000; includeSubDomains
      X-Content-Type-Options:
      - nosniff
      X-Frame-Options:
      - deny
      home-cluster-uri:
      - https://wabi-north-europe-f-primary-redirect.analysis.windows.net/
      request-redirected:
      - 'true'
    status:
      code: 200
      message: OK
- request:
    body: null
    headers:
      Accept:
      - '*/*'
      Accept-Encoding:
      - gzip, deflate
      Connection:
      - keep-alive
      Content-Type:
      - application/json
      User-Agent:
      - ms-fabric-cli-test/1.2.0
    method: GET
    uri: https://api.fabric.microsoft.com/v1/workspaces/c162eefd-cb6e-49c1-b443-75803a45e1be/items
  response:
    body:
      string: '{"value": [{"id": "169649a4-8ee0-4eaa-b1e7-41d2caefc8de", "type": "Notebook",
        "displayName": "fabcli000001", "description": "Imported from fab", "workspaceId":
        "c162eefd-cb6e-49c1-b443-75803a45e1be"}]}'
    headers:
      Access-Control-Expose-Headers:
      - RequestId
      Cache-Control:
      - no-store, must-revalidate, no-cache
      Content-Encoding:
      - gzip
      Content-Length:
      - '177'
      Content-Type:
      - application/json; charset=utf-8
      Date:
      - Mon, 10 Nov 2025 22:42:55 GMT
      Pragma:
      - no-cache
      RequestId:
      - 3e8e5408-fec1-40a0-afbf-e08c0b751197
      Strict-Transport-Security:
      - max-age=31536000; includeSubDomains
      X-Content-Type-Options:
      - nosniff
      X-Frame-Options:
      - deny
      home-cluster-uri:
      - https://wabi-north-europe-f-primary-redirect.analysis.windows.net/
      request-redirected:
      - 'true'
    status:
      code: 200
      message: OK
- request:
    body: null
    headers:
      Accept:
      - '*/*'
      Accept-Encoding:
      - gzip, deflate
      Connection:
      - keep-alive
      Content-Type:
      - application/json
      User-Agent:
      - ms-fabric-cli-test/1.2.0
    method: GET
    uri: https://api.fabric.microsoft.com/v1/workspaces
  response:
    body:
      string: '{"value": [{"id": "c162eefd-cb6e-49c1-b443-75803a45e1be", "displayName":
        "fabriccli_WorkspacePerTestclass_000001", "description": "Created by fab",
        "type": "Workspace", "capacityId": "00000000-0000-0000-0000-000000000004"}]}'
    headers:
      Access-Control-Expose-Headers:
      - RequestId
      Cache-Control:
      - no-store, must-revalidate, no-cache
      Content-Encoding:
      - gzip
      Content-Length:
      - '2592'
      Content-Type:
      - application/json; charset=utf-8
      Date:
      - Mon, 10 Nov 2025 22:42:55 GMT
      Pragma:
      - no-cache
      RequestId:
      - 7c8ca857-64ef-429a-bab8-61e43515faf6
      Strict-Transport-Security:
      - max-age=31536000; includeSubDomains
      X-Content-Type-Options:
      - nosniff
      X-Frame-Options:
      - deny
      home-cluster-uri:
      - https://wabi-north-europe-f-primary-redirect.analysis.windows.net/
      request-redirected:
      - 'true'
    status:
      code: 200
      message: OK
- request:
    body: null
    headers:
      Accept:
      - '*/*'
      Accept-Encoding:
      - gzip, deflate
      Connection:
      - keep-alive
      Content-Type:
      - application/json
      User-Agent:
      - ms-fabric-cli-test/1.2.0
    method: GET
    uri: https://api.fabric.microsoft.com/v1/workspaces/c162eefd-cb6e-49c1-b443-75803a45e1be/items
  response:
    body:
      string: '{"value": [{"id": "169649a4-8ee0-4eaa-b1e7-41d2caefc8de", "type": "Notebook",
        "displayName": "fabcli000001", "description": "Imported from fab", "workspaceId":
        "c162eefd-cb6e-49c1-b443-75803a45e1be"}]}'
    headers:
      Access-Control-Expose-Headers:
      - RequestId
      Cache-Control:
      - no-store, must-revalidate, no-cache
      Content-Encoding:
      - gzip
      Content-Length:
      - '177'
      Content-Type:
      - application/json; charset=utf-8
      Date:
      - Mon, 10 Nov 2025 22:42:55 GMT
      Pragma:
      - no-cache
      RequestId:
      - 7e916295-0c71-4787-bec8-2a0f4e5706aa
      Strict-Transport-Security:
      - max-age=31536000; includeSubDomains
      X-Content-Type-Options:
      - nosniff
      X-Frame-Options:
      - deny
      home-cluster-uri:
      - https://wabi-north-europe-f-primary-redirect.analysis.windows.net/
      request-redirected:
      - 'true'
    status:
      code: 200
      message: OK
- request:
    body: null
    headers:
      Accept:
      - '*/*'
      Accept-Encoding:
      - gzip, deflate
      Connection:
      - keep-alive
      Content-Type:
      - application/json
      User-Agent:
      - ms-fabric-cli-test/1.2.0
    method: GET
    uri: https://api.fabric.microsoft.com/v1/workspaces/c162eefd-cb6e-49c1-b443-75803a45e1be/items/169649a4-8ee0-4eaa-b1e7-41d2caefc8de/jobs/RunNotebook/schedules
  response:
    body:
      string: '{"value": [{"id": "3f06466d-ae3f-4620-8f0e-ab72b0355d7e", "enabled":
        true, "createdDateTime": "2025-11-10T22:42:53.0733333", "configuration": {"type":
        "Cron", "startDateTime": "2024-01-23T00:00:00", "endDateTime": "2024-10-07T23:59:00",
        "localTimeZoneId": "Central Standard Time", "interval": 10}, "owner": {"id":
        "2ed4a6b4-687e-466d-a03f-1bca2e5754d4", "type": "ServicePrincipal"}}]}'
    headers:
      Access-Control-Expose-Headers:
      - RequestId
      Cache-Control:
      - no-store, must-revalidate, no-cache
      Content-Encoding:
      - gzip
      Content-Length:
      - '267'
      Content-Type:
      - application/json; charset=utf-8
      Date:
      - Mon, 10 Nov 2025 22:42:55 GMT
      Pragma:
      - no-cache
      RequestId:
      - 7503cdb3-d638-47f2-abaf-0fbe8cff17e3
      Strict-Transport-Security:
      - max-age=31536000; includeSubDomains
      X-Content-Type-Options:
      - nosniff
      X-Frame-Options:
      - deny
      home-cluster-uri:
      - https://wabi-north-europe-f-primary-redirect.analysis.windows.net/
      request-redirected:
      - 'true'
    status:
      code: 200
      message: OK
- request:
    body: null
    headers:
      Accept:
      - '*/*'
      Accept-Encoding:
      - gzip, deflate
      Connection:
      - keep-alive
      Content-Type:
      - application/json
      User-Agent:
      - ms-fabric-cli-test/1.2.0
    method: GET
    uri: https://api.fabric.microsoft.com/v1/workspaces
  response:
    body:
      string: '{"value": [{"id": "c162eefd-cb6e-49c1-b443-75803a45e1be", "displayName":
        "fabriccli_WorkspacePerTestclass_000001", "description": "Created by fab",
        "type": "Workspace", "capacityId": "00000000-0000-0000-0000-000000000004"}]}'
    headers:
      Access-Control-Expose-Headers:
      - RequestId
      Cache-Control:
      - no-store, must-revalidate, no-cache
      Content-Encoding:
      - gzip
      Content-Length:
      - '2592'
      Content-Type:
      - application/json; charset=utf-8
      Date:
      - Mon, 10 Nov 2025 22:42:56 GMT
      Pragma:
      - no-cache
      RequestId:
      - 125d86d6-553c-4fd3-aa14-ec065f9a2306
      Strict-Transport-Security:
      - max-age=31536000; includeSubDomains
      X-Content-Type-Options:
      - nosniff
      X-Frame-Options:
      - deny
      home-cluster-uri:
      - https://wabi-north-europe-f-primary-redirect.analysis.windows.net/
      request-redirected:
      - 'true'
    status:
      code: 200
      message: OK
- request:
    body: null
    headers:
      Accept:
      - '*/*'
      Accept-Encoding:
      - gzip, deflate
      Connection:
      - keep-alive
      Content-Type:
      - application/json
      User-Agent:
      - ms-fabric-cli-test/1.2.0
    method: GET
    uri: https://api.fabric.microsoft.com/v1/workspaces/c162eefd-cb6e-49c1-b443-75803a45e1be/items
  response:
    body:
      string: '{"value": [{"id": "169649a4-8ee0-4eaa-b1e7-41d2caefc8de", "type": "Notebook",
        "displayName": "fabcli000001", "description": "Imported from fab", "workspaceId":
        "c162eefd-cb6e-49c1-b443-75803a45e1be"}]}'
    headers:
      Access-Control-Expose-Headers:
      - RequestId
      Cache-Control:
      - no-store, must-revalidate, no-cache
      Content-Encoding:
      - gzip
      Content-Length:
      - '177'
      Content-Type:
      - application/json; charset=utf-8
      Date:
      - Mon, 10 Nov 2025 22:42:56 GMT
      Pragma:
      - no-cache
      RequestId:
      - 03b3b387-ccb4-4e3f-9816-65e26c1782f0
      Strict-Transport-Security:
      - max-age=31536000; includeSubDomains
      X-Content-Type-Options:
      - nosniff
      X-Frame-Options:
      - deny
      home-cluster-uri:
      - https://wabi-north-europe-f-primary-redirect.analysis.windows.net/
      request-redirected:
      - 'true'
    status:
      code: 200
      message: OK
- request:
    body: null
    headers:
      Accept:
      - '*/*'
      Accept-Encoding:
      - gzip, deflate
      Connection:
      - keep-alive
      Content-Length:
      - '0'
      Content-Type:
      - application/json
      User-Agent:
      - ms-fabric-cli-test/1.2.0
    method: DELETE
    uri: https://api.fabric.microsoft.com/v1/workspaces/c162eefd-cb6e-49c1-b443-75803a45e1be/items/169649a4-8ee0-4eaa-b1e7-41d2caefc8de
  response:
    body:
      string: ''
    headers:
      Access-Control-Expose-Headers:
      - RequestId
      Cache-Control:
      - no-store, must-revalidate, no-cache
      Content-Encoding:
      - gzip
      Content-Length:
      - '0'
      Content-Type:
      - application/octet-stream
      Date:
      - Mon, 10 Nov 2025 22:42:56 GMT
      Pragma:
      - no-cache
      RequestId:
      - 2e4011b5-b425-4eaa-84e1-d39ccfcee367
      Strict-Transport-Security:
      - max-age=31536000; includeSubDomains
      X-Content-Type-Options:
      - nosniff
      X-Frame-Options:
      - deny
      home-cluster-uri:
      - https://wabi-north-europe-f-primary-redirect.analysis.windows.net/
      request-redirected:
      - 'true'
    status:
      code: 200
      message: OK
version: 1
