interactions:
- request:
    body: null
    headers:
      Accept:
      - '*/*'
      Accept-Encoding:
      - gzip, deflate
      Connection:
      - keep-alive
      Content-Type:
      - application/json
      User-Agent:
      - ms-fabric-cli-test/1.3.1
    method: GET
    uri: https://api.fabric.microsoft.com/v1/workspaces
  response:
    body:
      string: '{"value": [{"id": "3634a139-2c9e-4205-910b-3b089a31be47", "displayName":
        "My workspace", "description": "", "type": "Personal"}, {"id": "e4270291-b332-4146-ab5f-c33d36c70c67",
        "displayName": "fabriccli_WorkspacePerTestclass_000001", "description": "Created
        by fab", "type": "Workspace", "capacityId": "00000000-0000-0000-0000-000000000004"}]}'
    headers:
      Access-Control-Expose-Headers:
      - RequestId
      Cache-Control:
      - no-store, must-revalidate, no-cache
      Content-Encoding:
      - gzip
      Content-Length:
      - '2460'
      Content-Type:
      - application/json; charset=utf-8
      Date:
      - Tue, 03 Feb 2026 09:21:51 GMT
      Pragma:
      - no-cache
      RequestId:
      - a9a4a339-52aa-4b4f-aa1c-44b714fcd8a5
      Strict-Transport-Security:
      - max-age=31536000; includeSubDomains
      X-Content-Type-Options:
      - nosniff
      X-Frame-Options:
      - deny
      home-cluster-uri:
      - https://wabi-us-central-b-primary-redirect.analysis.windows.net/
      request-redirected:
      - 'true'
    status:
      code: 200
      message: OK
- request:
    body: null
    headers:
      Accept:
      - '*/*'
      Accept-Encoding:
      - gzip, deflate
      Connection:
      - keep-alive
      Content-Type:
      - application/json
      User-Agent:
      - ms-fabric-cli-test/1.3.1
    method: GET
    uri: https://api.fabric.microsoft.com/v1/workspaces/e4270291-b332-4146-ab5f-c33d36c70c67/items
  response:
    body:
      string: '{"value": []}'
    headers:
      Access-Control-Expose-Headers:
      - RequestId
      Cache-Control:
      - no-store, must-revalidate, no-cache
      Content-Encoding:
      - gzip
      Content-Length:
      - '32'
      Content-Type:
      - application/json; charset=utf-8
      Date:
      - Tue, 03 Feb 2026 09:21:52 GMT
      Pragma:
      - no-cache
      RequestId:
      - 3e232f92-71b1-4652-937b-d4a01f15da4f
      Strict-Transport-Security:
      - max-age=31536000; includeSubDomains
      X-Content-Type-Options:
      - nosniff
      X-Frame-Options:
      - deny
      home-cluster-uri:
      - https://wabi-us-central-b-primary-redirect.analysis.windows.net/
      request-redirected:
      - 'true'
    status:
      code: 200
      message: OK
- request:
    body: null
    headers:
      Accept:
      - '*/*'
      Accept-Encoding:
      - gzip, deflate
      Connection:
      - keep-alive
      Content-Type:
      - application/json
      User-Agent:
      - ms-fabric-cli-test/1.3.1
    method: GET
    uri: https://api.fabric.microsoft.com/v1/workspaces/e4270291-b332-4146-ab5f-c33d36c70c67/items
  response:
    body:
      string: '{"value": []}'
    headers:
      Access-Control-Expose-Headers:
      - RequestId
      Cache-Control:
      - no-store, must-revalidate, no-cache
      Content-Encoding:
      - gzip
      Content-Length:
      - '32'
      Content-Type:
      - application/json; charset=utf-8
      Date:
      - Tue, 03 Feb 2026 09:21:53 GMT
      Pragma:
      - no-cache
      RequestId:
      - a95f4061-57c7-4e4f-bc4d-52a90ff88075
      Strict-Transport-Security:
      - max-age=31536000; includeSubDomains
      X-Content-Type-Options:
      - nosniff
      X-Frame-Options:
      - deny
      home-cluster-uri:
      - https://wabi-us-central-b-primary-redirect.analysis.windows.net/
      request-redirected:
      - 'true'
    status:
      code: 200
      message: OK
- request:
    body: '{"description": "Created by fab", "displayName": "fabcli000001", "type":
      "UserDataFunction", "folderId": null}'
    headers:
      Accept:
      - '*/*'
      Accept-Encoding:
      - gzip, deflate
      Connection:
      - keep-alive
      Content-Length:
      - '114'
      Content-Type:
      - application/json
      User-Agent:
      - ms-fabric-cli-test/1.3.1
    method: POST
    uri: https://api.fabric.microsoft.com/v1/workspaces/e4270291-b332-4146-ab5f-c33d36c70c67/userdatafunctions
  response:
    body:
      string: '{"id": "56285b47-8c68-4f47-bdcc-bdb4ddca176f", "type": "UserDataFunction",
        "displayName": "fabcli000001", "description": "Created by fab", "workspaceId":
        "e4270291-b332-4146-ab5f-c33d36c70c67"}'
    headers:
      Access-Control-Expose-Headers:
      - RequestId,ETag
      Cache-Control:
      - no-store, must-revalidate, no-cache
      Content-Encoding:
      - gzip
      Content-Length:
      - '174'
      Content-Type:
      - application/json; charset=utf-8
      Date:
      - Tue, 03 Feb 2026 09:21:56 GMT
      ETag:
      - '""'
      Pragma:
      - no-cache
      RequestId:
      - ba3ebf31-d3c9-4666-b549-40da4252eeb3
      Strict-Transport-Security:
      - max-age=31536000; includeSubDomains
      X-Content-Type-Options:
      - nosniff
      X-Frame-Options:
      - deny
      home-cluster-uri:
      - https://wabi-us-central-b-primary-redirect.analysis.windows.net/
      request-redirected:
      - 'true'
    status:
      code: 201
      message: Created
- request:
    body: null
    headers:
      Accept:
      - '*/*'
      Accept-Encoding:
      - gzip, deflate
      Connection:
      - keep-alive
      Content-Type:
      - application/json
      User-Agent:
      - ms-fabric-cli-test/1.3.1
    method: GET
    uri: https://api.fabric.microsoft.com/v1/workspaces
  response:
    body:
      string: '{"value": [{"id": "3634a139-2c9e-4205-910b-3b089a31be47", "displayName":
        "My workspace", "description": "", "type": "Personal"}, {"id": "e4270291-b332-4146-ab5f-c33d36c70c67",
        "displayName": "fabriccli_WorkspacePerTestclass_000001", "description": "Created
        by fab", "type": "Workspace", "capacityId": "00000000-0000-0000-0000-000000000004"}]}'
    headers:
      Access-Control-Expose-Headers:
      - RequestId
      Cache-Control:
      - no-store, must-revalidate, no-cache
      Content-Encoding:
      - gzip
      Content-Length:
      - '2460'
      Content-Type:
      - application/json; charset=utf-8
      Date:
      - Tue, 03 Feb 2026 09:21:57 GMT
      Pragma:
      - no-cache
      RequestId:
      - 1cca70e5-dc6b-455f-afd0-a32a9f3aa33d
      Strict-Transport-Security:
      - max-age=31536000; includeSubDomains
      X-Content-Type-Options:
      - nosniff
      X-Frame-Options:
      - deny
      home-cluster-uri:
      - https://wabi-us-central-b-primary-redirect.analysis.windows.net/
      request-redirected:
      - 'true'
    status:
      code: 200
      message: OK
- request:
    body: null
    headers:
      Accept:
      - '*/*'
      Accept-Encoding:
      - gzip, deflate
      Connection:
      - keep-alive
      Content-Type:
      - application/json
      User-Agent:
      - ms-fabric-cli-test/1.3.1
    method: GET
    uri: https://api.fabric.microsoft.com/v1/workspaces/e4270291-b332-4146-ab5f-c33d36c70c67/items
  response:
    body:
      string: '{"value": [{"id": "56285b47-8c68-4f47-bdcc-bdb4ddca176f", "type": "UserDataFunction",
        "displayName": "fabcli000001", "description": "Created by fab", "workspaceId":
        "e4270291-b332-4146-ab5f-c33d36c70c67"}]}'
    headers:
      Access-Control-Expose-Headers:
      - RequestId
      Cache-Control:
      - no-store, must-revalidate, no-cache
      Content-Encoding:
      - gzip
      Content-Length:
      - '185'
      Content-Type:
      - application/json; charset=utf-8
      Date:
      - Tue, 03 Feb 2026 09:21:58 GMT
      Pragma:
      - no-cache
      RequestId:
      - 19227527-4cf9-4a93-81fe-65f89c1827d7
      Strict-Transport-Security:
      - max-age=31536000; includeSubDomains
      X-Content-Type-Options:
      - nosniff
      X-Frame-Options:
      - deny
      home-cluster-uri:
      - https://wabi-us-central-b-primary-redirect.analysis.windows.net/
      request-redirected:
      - 'true'
    status:
      code: 200
      message: OK
- request:
    body: null
    headers:
      Accept:
      - '*/*'
      Accept-Encoding:
      - gzip, deflate
      Connection:
      - keep-alive
      Content-Type:
      - application/json
      User-Agent:
      - ms-fabric-cli-test/1.3.1
    method: GET
    uri: https://api.fabric.microsoft.com/v1/workspaces/e4270291-b332-4146-ab5f-c33d36c70c67/items/56285b47-8c68-4f47-bdcc-bdb4ddca176f
  response:
    body:
      string: '{"id": "56285b47-8c68-4f47-bdcc-bdb4ddca176f", "type": "UserDataFunction",
        "displayName": "fabcli000001", "description": "Created by fab", "workspaceId":
        "e4270291-b332-4146-ab5f-c33d36c70c67"}'
    headers:
      Access-Control-Expose-Headers:
      - RequestId,ETag
      Cache-Control:
      - no-store, must-revalidate, no-cache
      Content-Encoding:
      - gzip
      Content-Length:
      - '174'
      Content-Type:
      - application/json; charset=utf-8
      Date:
      - Tue, 03 Feb 2026 09:21:59 GMT
      ETag:
      - '""'
      Pragma:
      - no-cache
      RequestId:
      - d4e692e5-6358-40f8-83f6-85cf4b82f9fb
      Strict-Transport-Security:
      - max-age=31536000; includeSubDomains
      X-Content-Type-Options:
      - nosniff
      X-Frame-Options:
      - deny
      home-cluster-uri:
      - https://wabi-us-central-b-primary-redirect.analysis.windows.net/
      request-redirected:
      - 'true'
    status:
      code: 200
      message: OK
- request:
    body: null
    headers:
      Accept:
      - '*/*'
      Accept-Encoding:
      - gzip, deflate
      Connection:
      - keep-alive
      Content-Length:
      - '0'
      Content-Type:
      - application/json
      User-Agent:
      - ms-fabric-cli-test/1.3.1
    method: POST
    uri: https://api.fabric.microsoft.com/v1/workspaces/e4270291-b332-4146-ab5f-c33d36c70c67/items/56285b47-8c68-4f47-bdcc-bdb4ddca176f/getDefinition
  response:
    body:
      string: 'null'
    headers:
      Access-Control-Expose-Headers:
      - RequestId,Location,Retry-After,x-ms-operation-id
      Cache-Control:
      - no-store, must-revalidate, no-cache
      Content-Encoding:
      - gzip
      Content-Length:
      - '24'
      Content-Type:
      - application/json; charset=utf-8
      Date:
      - Tue, 03 Feb 2026 09:21:59 GMT
      Location:
      - https://wabi-us-central-b-primary-redirect.analysis.windows.net/v1/operations/c2feeabb-a305-4abf-be28-030cd7c84d52
      Pragma:
      - no-cache
      RequestId:
      - 7625afdc-337f-479c-a669-a3dcdc94f935
      Retry-After:
      - '20'
      Strict-Transport-Security:
      - max-age=31536000; includeSubDomains
      X-Content-Type-Options:
      - nosniff
      X-Frame-Options:
      - deny
      home-cluster-uri:
      - https://wabi-us-central-b-primary-redirect.analysis.windows.net/
      request-redirected:
      - 'true'
      x-ms-operation-id:
      - c2feeabb-a305-4abf-be28-030cd7c84d52
    status:
      code: 202
      message: Accepted
- request:
    body: null
    headers:
      Accept:
      - '*/*'
      Accept-Encoding:
      - gzip, deflate
      Connection:
      - keep-alive
      Content-Type:
      - application/json
      User-Agent:
      - ms-fabric-cli-test/1.3.1
    method: GET
    uri: https://wabi-us-central-b-primary-redirect.analysis.windows.net/v1/operations/c2feeabb-a305-4abf-be28-030cd7c84d52
  response:
    body:
      string: '{"status": "Succeeded", "createdTimeUtc": "2026-02-03T09:22:00.2501412",
        "lastUpdatedTimeUtc": "2026-02-03T09:22:00.5320608", "percentComplete": 100,
        "error": null}'
    headers:
      Access-Control-Expose-Headers:
      - RequestId,Location,x-ms-operation-id
      Cache-Control:
      - no-store, must-revalidate, no-cache
      Content-Encoding:
      - gzip
      Content-Length:
      - '129'
      Content-Type:
      - application/json; charset=utf-8
      Date:
      - Tue, 03 Feb 2026 09:22:22 GMT
      Location:
      - https://wabi-us-central-b-primary-redirect.analysis.windows.net/v1/operations/c2feeabb-a305-4abf-be28-030cd7c84d52/result
      Pragma:
      - no-cache
      RequestId:
      - 42d405a7-4a2b-451b-a29b-4fa353fe90df
      Strict-Transport-Security:
      - max-age=31536000; includeSubDomains
      X-Content-Type-Options:
      - nosniff
      X-Frame-Options:
      - deny
      x-ms-operation-id:
      - c2feeabb-a305-4abf-be28-030cd7c84d52
    status:
      code: 200
      message: OK
- request:
    body: null
    headers:
      Accept:
      - '*/*'
      Accept-Encoding:
      - gzip, deflate
      Connection:
      - keep-alive
      Content-Type:
      - application/json
      User-Agent:
      - ms-fabric-cli-test/1.3.1
    method: GET
    uri: https://wabi-us-central-b-primary-redirect.analysis.windows.net/v1/operations/c2feeabb-a305-4abf-be28-030cd7c84d52/result
  response:
    body:
      string: '{"definition": {"parts": [{"path": "definition.json", "payload": "ew0KICAiJHNjaGVtYSI6ICJodHRwczovL2RldmVsb3Blci5taWNyb3NvZnQuY29tL2pzb24tc2NoZW1hcy9mYWJyaWMvaXRlbS91c2VyRGF0YUZ1bmN0aW9uL2RlZmluaXRpb24vMS4xLjAvc2NoZW1hLmpzb24iLA0KICAicnVudGltZSI6ICJQWVRIT04iLA0KICAiY29ubmVjdGVkRGF0YVNvdXJjZXMiOiBbXSwNCiAgImZ1bmN0aW9ucyI6IFtdLA0KICAibGlicmFyaWVzIjogew0KICAgICJwdWJsaWMiOiBbXSwNCiAgICAicHJpdmF0ZSI6IFtdDQogIH0NCn0=",
        "payloadType": "InlineBase64"}, {"path": ".platform", "payload": "ewogICIkc2NoZW1hIjogImh0dHBzOi8vZGV2ZWxvcGVyLm1pY3Jvc29mdC5jb20vanNvbi1zY2hlbWFzL2ZhYnJpYy9naXRJbnRlZ3JhdGlvbi9wbGF0Zm9ybVByb3BlcnRpZXMvMi4wLjAvc2NoZW1hLmpzb24iLAogICJtZXRhZGF0YSI6IHsKICAgICJ0eXBlIjogIlVzZXJEYXRhRnVuY3Rpb24iLAogICAgImRpc3BsYXlOYW1lIjogImZhYmNsaTAwMDAwMSIsCiAgICAiZGVzY3JpcHRpb24iOiAiQ3JlYXRlZCBieSBmYWIiCiAgfSwKICAiY29uZmlnIjogewogICAgInZlcnNpb24iOiAiMi4wIiwKICAgICJsb2dpY2FsSWQiOiAiMDAwMDAwMDAtMDAwMC0wMDAwLTAwMDAtMDAwMDAwMDAwMDAwIgogIH0KfQ==",
        "payloadType": "InlineBase64"}]}}'
    headers:
      Access-Control-Expose-Headers:
      - RequestId
      Cache-Control:
      - no-store, must-revalidate, no-cache
      Content-Encoding:
      - gzip
      Content-Type:
      - application/json
      Date:
      - Tue, 03 Feb 2026 09:22:22 GMT
      Pragma:
      - no-cache
      RequestId:
      - 92f063f0-4ba2-48fc-ab48-1d63ee036357
      Strict-Transport-Security:
      - max-age=31536000; includeSubDomains
      Transfer-Encoding:
      - chunked
      X-Content-Type-Options:
      - nosniff
      X-Frame-Options:
      - deny
    status:
      code: 200
      message: OK
- request:
    body: null
    headers:
      Accept:
      - '*/*'
      Accept-Encoding:
      - gzip, deflate
      Connection:
      - keep-alive
      Content-Type:
      - application/json
      User-Agent:
      - ms-fabric-cli-test/1.3.1
    method: GET
    uri: https://api.fabric.microsoft.com/v1/workspaces
  response:
    body:
      string: '{"value": [{"id": "3634a139-2c9e-4205-910b-3b089a31be47", "displayName":
        "My workspace", "description": "", "type": "Personal"}, {"id": "e4270291-b332-4146-ab5f-c33d36c70c67",
        "displayName": "fabriccli_WorkspacePerTestclass_000001", "description": "Created
        by fab", "type": "Workspace", "capacityId": "00000000-0000-0000-0000-000000000004"}]}'
    headers:
      Access-Control-Expose-Headers:
      - RequestId
      Cache-Control:
      - no-store, must-revalidate, no-cache
      Content-Encoding:
      - gzip
      Content-Length:
      - '2460'
      Content-Type:
      - application/json; charset=utf-8
      Date:
      - Tue, 03 Feb 2026 09:22:24 GMT
      Pragma:
      - no-cache
      RequestId:
      - d83218e7-331b-414e-a36e-c954598483e0
      Strict-Transport-Security:
      - max-age=31536000; includeSubDomains
      X-Content-Type-Options:
      - nosniff
      X-Frame-Options:
      - deny
      home-cluster-uri:
      - https://wabi-us-central-b-primary-redirect.analysis.windows.net/
      request-redirected:
      - 'true'
    status:
      code: 200
      message: OK
- request:
    body: null
    headers:
      Accept:
      - '*/*'
      Accept-Encoding:
      - gzip, deflate
      Connection:
      - keep-alive
      Content-Type:
      - application/json
      User-Agent:
      - ms-fabric-cli-test/1.3.1
    method: GET
    uri: https://api.fabric.microsoft.com/v1/workspaces/e4270291-b332-4146-ab5f-c33d36c70c67/items
  response:
    body:
      string: '{"value": [{"id": "56285b47-8c68-4f47-bdcc-bdb4ddca176f", "type": "UserDataFunction",
        "displayName": "fabcli000001", "description": "Created by fab", "workspaceId":
        "e4270291-b332-4146-ab5f-c33d36c70c67"}]}'
    headers:
      Access-Control-Expose-Headers:
      - RequestId
      Cache-Control:
      - no-store, must-revalidate, no-cache
      Content-Encoding:
      - gzip
      Content-Length:
      - '185'
      Content-Type:
      - application/json; charset=utf-8
      Date:
      - Tue, 03 Feb 2026 09:22:25 GMT
      Pragma:
      - no-cache
      RequestId:
      - 7398940f-a316-4b0e-9e5b-4f253c814a0b
      Strict-Transport-Security:
      - max-age=31536000; includeSubDomains
      X-Content-Type-Options:
      - nosniff
      X-Frame-Options:
      - deny
      home-cluster-uri:
      - https://wabi-us-central-b-primary-redirect.analysis.windows.net/
      request-redirected:
      - 'true'
    status:
      code: 200
      message: OK
- request:
    body: null
    headers:
      Accept:
      - '*/*'
      Accept-Encoding:
      - gzip, deflate
      Connection:
      - keep-alive
      Content-Type:
      - application/json
      User-Agent:
      - ms-fabric-cli-test/1.3.1
    method: GET
    uri: https://api.fabric.microsoft.com/v1/workspaces/e4270291-b332-4146-ab5f-c33d36c70c67/items
  response:
    body:
      string: '{"value": [{"id": "56285b47-8c68-4f47-bdcc-bdb4ddca176f", "type": "UserDataFunction",
        "displayName": "fabcli000001", "description": "Created by fab", "workspaceId":
        "e4270291-b332-4146-ab5f-c33d36c70c67"}]}'
    headers:
      Access-Control-Expose-Headers:
      - RequestId
      Cache-Control:
      - no-store, must-revalidate, no-cache
      Content-Encoding:
      - gzip
      Content-Length:
      - '185'
      Content-Type:
      - application/json; charset=utf-8
      Date:
      - Tue, 03 Feb 2026 09:22:25 GMT
      Pragma:
      - no-cache
      RequestId:
      - c6c571d1-5e33-42cf-bd82-75f33701aba9
      Strict-Transport-Security:
      - max-age=31536000; includeSubDomains
      X-Content-Type-Options:
      - nosniff
      X-Frame-Options:
      - deny
      home-cluster-uri:
      - https://wabi-us-central-b-primary-redirect.analysis.windows.net/
      request-redirected:
      - 'true'
    status:
      code: 200
      message: OK
- request:
    body: '{"type": "UserDataFunction", "description": "Imported from fab", "folderId":
      null, "displayName": "fabcli000001_new_2", "definition": {"parts": [{"path":
      ".platform", "payload": "ewogICAgIiRzY2hlbWEiOiAiaHR0cHM6Ly9kZXZlbG9wZXIubWljcm9zb2Z0LmNvbS9qc29uLXNjaGVtYXMvZmFicmljL2dpdEludGVncmF0aW9uL3BsYXRmb3JtUHJvcGVydGllcy8yLjAuMC9zY2hlbWEuanNvbiIsCiAgICAibWV0YWRhdGEiOiB7CiAgICAgICAgInR5cGUiOiAiVXNlckRhdGFGdW5jdGlvbiIsCiAgICAgICAgImRpc3BsYXlOYW1lIjogImZhYmNsaTAwMDAwMSIsCiAgICAgICAgImRlc2NyaXB0aW9uIjogIkNyZWF0ZWQgYnkgZmFiIgogICAgfSwKICAgICJjb25maWciOiB7CiAgICAgICAgInZlcnNpb24iOiAiMi4wIiwKICAgICAgICAibG9naWNhbElkIjogIjAwMDAwMDAwLTAwMDAtMDAwMC0wMDAwLTAwMDAwMDAwMDAwMCIKICAgIH0KfQ==",
      "payloadType": "InlineBase64"}, {"path": "definition.json", "payload": "ewogICAgIiRzY2hlbWEiOiAiaHR0cHM6Ly9kZXZlbG9wZXIubWljcm9zb2Z0LmNvbS9qc29uLXNjaGVtYXMvZmFicmljL2l0ZW0vdXNlckRhdGFGdW5jdGlvbi9kZWZpbml0aW9uLzEuMS4wL3NjaGVtYS5qc29uIiwKICAgICJydW50aW1lIjogIlBZVEhPTiIsCiAgICAiY29ubmVjdGVkRGF0YVNvdXJjZXMiOiBbXSwKICAgICJmdW5jdGlvbnMiOiBbXSwKICAgICJsaWJyYXJpZXMiOiB7CiAgICAgICAgInB1YmxpYyI6IFtdLAogICAgICAgICJwcml2YXRlIjogW10KICAgIH0KfQ==",
      "payloadType": "InlineBase64"}]}}'
    headers:
      Accept:
      - '*/*'
      Accept-Encoding:
      - gzip, deflate
      Connection:
      - keep-alive
      Content-Length:
      - '1162'
      Content-Type:
      - application/json
      User-Agent:
      - ms-fabric-cli-test/1.3.1
    method: POST
    uri: https://api.fabric.microsoft.com/v1/workspaces/e4270291-b332-4146-ab5f-c33d36c70c67/items
  response:
    body:
      string: 'null'
    headers:
      Access-Control-Expose-Headers:
      - RequestId,Location,Retry-After,ETag,x-ms-operation-id
      Cache-Control:
      - no-store, must-revalidate, no-cache
      Content-Encoding:
      - gzip
      Content-Length:
      - '24'
      Content-Type:
      - application/json; charset=utf-8
      Date:
      - Tue, 03 Feb 2026 09:22:27 GMT
      ETag:
      - '""'
      Location:
      - https://wabi-us-central-b-primary-redirect.analysis.windows.net/v1/operations/08cbb796-1986-4cc0-ac3b-9950a2b93352
      Pragma:
      - no-cache
      RequestId:
      - cca23897-44ac-4cb9-9d86-fa9cc12afc54
      Retry-After:
      - '20'
      Strict-Transport-Security:
      - max-age=31536000; includeSubDomains
      X-Content-Type-Options:
      - nosniff
      X-Frame-Options:
      - deny
      home-cluster-uri:
      - https://wabi-us-central-b-primary-redirect.analysis.windows.net/
      request-redirected:
      - 'true'
      x-ms-operation-id:
      - 08cbb796-1986-4cc0-ac3b-9950a2b93352
    status:
      code: 202
      message: Accepted
- request:
    body: null
    headers:
      Accept:
      - '*/*'
      Accept-Encoding:
      - gzip, deflate
      Connection:
      - keep-alive
      Content-Type:
      - application/json
      User-Agent:
      - ms-fabric-cli-test/1.3.1
    method: GET
    uri: https://wabi-us-central-b-primary-redirect.analysis.windows.net/v1/operations/08cbb796-1986-4cc0-ac3b-9950a2b93352
  response:
    body:
      string: '{"status": "Succeeded", "createdTimeUtc": "2026-02-03T09:22:27.1793775",
        "lastUpdatedTimeUtc": "2026-02-03T09:22:30.2106399", "percentComplete": 100,
        "error": null}'
    headers:
      Access-Control-Expose-Headers:
      - RequestId,Location,x-ms-operation-id
      Cache-Control:
      - no-store, must-revalidate, no-cache
      Content-Encoding:
      - gzip
      Content-Length:
      - '131'
      Content-Type:
      - application/json; charset=utf-8
      Date:
      - Tue, 03 Feb 2026 09:22:49 GMT
      Location:
      - https://wabi-us-central-b-primary-redirect.analysis.windows.net/v1/operations/08cbb796-1986-4cc0-ac3b-9950a2b93352/result
      Pragma:
      - no-cache
      RequestId:
      - bb39cff5-45be-401e-bb87-b8481560fc24
      Strict-Transport-Security:
      - max-age=31536000; includeSubDomains
      X-Content-Type-Options:
      - nosniff
      X-Frame-Options:
      - deny
      x-ms-operation-id:
      - 08cbb796-1986-4cc0-ac3b-9950a2b93352
    status:
      code: 200
      message: OK
- request:
    body: null
    headers:
      Accept:
      - '*/*'
      Accept-Encoding:
      - gzip, deflate
      Connection:
      - keep-alive
      Content-Type:
      - application/json
      User-Agent:
      - ms-fabric-cli-test/1.3.1
    method: GET
    uri: https://wabi-us-central-b-primary-redirect.analysis.windows.net/v1/operations/08cbb796-1986-4cc0-ac3b-9950a2b93352/result
  response:
    body:
      string: '{"id": "b0c4d3ed-e7e9-45a2-92df-de2cb77e0964", "type": "UserDataFunction",
        "displayName": "fabcli000001_new_2", "description": "Imported from fab", "workspaceId":
        "e4270291-b332-4146-ab5f-c33d36c70c67"}'
    headers:
      Access-Control-Expose-Headers:
      - RequestId
      Cache-Control:
      - no-store, must-revalidate, no-cache
      Content-Encoding:
      - gzip
      Content-Type:
      - application/json
      Date:
      - Tue, 03 Feb 2026 09:22:50 GMT
      Pragma:
      - no-cache
      RequestId:
      - a51efc91-1652-4e94-911d-c97fb99494aa
      Strict-Transport-Security:
      - max-age=31536000; includeSubDomains
      Transfer-Encoding:
      - chunked
      X-Content-Type-Options:
      - nosniff
      X-Frame-Options:
      - deny
    status:
      code: 200
      message: OK
- request:
    body: null
    headers:
      Accept:
      - '*/*'
      Accept-Encoding:
      - gzip, deflate
      Connection:
      - keep-alive
      Content-Type:
      - application/json
      User-Agent:
      - ms-fabric-cli-test/1.3.1
    method: GET
    uri: https://api.fabric.microsoft.com/v1/workspaces
  response:
    body:
      string: '{"value": [{"id": "3634a139-2c9e-4205-910b-3b089a31be47", "displayName":
        "My workspace", "description": "", "type": "Personal"}, {"id": "e4270291-b332-4146-ab5f-c33d36c70c67",
        "displayName": "fabriccli_WorkspacePerTestclass_000001", "description": "Created
        by fab", "type": "Workspace", "capacityId": "00000000-0000-0000-0000-000000000004"}]}'
    headers:
      Access-Control-Expose-Headers:
      - RequestId
      Cache-Control:
      - no-store, must-revalidate, no-cache
      Content-Encoding:
      - gzip
      Content-Length:
      - '2460'
      Content-Type:
      - application/json; charset=utf-8
      Date:
      - Tue, 03 Feb 2026 09:22:51 GMT
      Pragma:
      - no-cache
      RequestId:
      - 9ac6cd68-f947-4317-bd3b-7c29588f4a1a
      Strict-Transport-Security:
      - max-age=31536000; includeSubDomains
      X-Content-Type-Options:
      - nosniff
      X-Frame-Options:
      - deny
      home-cluster-uri:
      - https://wabi-us-central-b-primary-redirect.analysis.windows.net/
      request-redirected:
      - 'true'
    status:
      code: 200
      message: OK
- request:
    body: null
    headers:
      Accept:
      - '*/*'
      Accept-Encoding:
      - gzip, deflate
      Connection:
      - keep-alive
      Content-Type:
      - application/json
      User-Agent:
      - ms-fabric-cli-test/1.3.1
    method: GET
    uri: https://api.fabric.microsoft.com/v1/workspaces/e4270291-b332-4146-ab5f-c33d36c70c67/items
  response:
    body:
      string: '{"value": [{"id": "56285b47-8c68-4f47-bdcc-bdb4ddca176f", "type": "UserDataFunction",
        "displayName": "fabcli000001", "description": "Created by fab", "workspaceId":
        "e4270291-b332-4146-ab5f-c33d36c70c67"}, {"id": "b0c4d3ed-e7e9-45a2-92df-de2cb77e0964",
        "type": "UserDataFunction", "displayName": "fabcli000001_new_2", "description":
        "Imported from fab", "workspaceId": "e4270291-b332-4146-ab5f-c33d36c70c67"}]}'
    headers:
      Access-Control-Expose-Headers:
      - RequestId
      Cache-Control:
      - no-store, must-revalidate, no-cache
      Content-Encoding:
      - gzip
      Content-Length:
      - '237'
      Content-Type:
      - application/json; charset=utf-8
      Date:
      - Tue, 03 Feb 2026 09:22:52 GMT
      Pragma:
      - no-cache
      RequestId:
      - 42832106-c65f-4308-90a8-fb8b8d10b51d
      Strict-Transport-Security:
      - max-age=31536000; includeSubDomains
      X-Content-Type-Options:
      - nosniff
      X-Frame-Options:
      - deny
      home-cluster-uri:
      - https://wabi-us-central-b-primary-redirect.analysis.windows.net/
      request-redirected:
      - 'true'
    status:
      code: 200
      message: OK
- request:
    body: null
    headers:
      Accept:
      - '*/*'
      Accept-Encoding:
      - gzip, deflate
      Connection:
      - keep-alive
      Content-Length:
      - '0'
      Content-Type:
      - application/json
      User-Agent:
      - ms-fabric-cli-test/1.3.1
    method: DELETE
    uri: https://api.fabric.microsoft.com/v1/workspaces/e4270291-b332-4146-ab5f-c33d36c70c67/items/56285b47-8c68-4f47-bdcc-bdb4ddca176f
  response:
    body:
      string: ''
    headers:
      Access-Control-Expose-Headers:
      - RequestId
      Cache-Control:
      - no-store, must-revalidate, no-cache
      Content-Encoding:
      - gzip
      Content-Length:
      - '0'
      Content-Type:
      - application/octet-stream
      Date:
      - Tue, 03 Feb 2026 09:22:52 GMT
      Pragma:
      - no-cache
      RequestId:
      - 49c1819f-001a-47d8-85bf-f3ff033a587c
      Strict-Transport-Security:
      - max-age=31536000; includeSubDomains
      X-Content-Type-Options:
      - nosniff
      X-Frame-Options:
      - deny
      home-cluster-uri:
      - https://wabi-us-central-b-primary-redirect.analysis.windows.net/
      request-redirected:
      - 'true'
    status:
      code: 200
      message: OK
version: 1
