interactions:
- request:
    body: null
    headers:
      Accept:
      - '*/*'
      Accept-Encoding:
      - gzip, deflate
      Connection:
      - keep-alive
      Content-Type:
      - application/json
      User-Agent:
      - ms-fabric-cli-test/1.0.0
    method: GET
    uri: https://api.fabric.microsoft.com/v1/workspaces
  response:
    body:
      string: '{"value": [{"id": "94da8ea5-0bd6-4a9e-b717-5fdb482f4c71", "displayName":
        "My workspace", "description": "", "type": "Personal"}, {"id": "45b12a86-e49a-48c0-8691-6a437d6fe0e0",
        "displayName": "fabriccli_WorkspacePerTestclass_000001", "description": "Created
        by fab", "type": "Workspace", "capacityId": "00000000-0000-0000-0000-000000000004"}]}'
    headers:
      Access-Control-Expose-Headers:
      - RequestId
      Cache-Control:
      - no-store, must-revalidate, no-cache
      Content-Encoding:
      - gzip
      Content-Length:
      - '359'
      Content-Type:
      - application/json; charset=utf-8
      Date:
      - Wed, 03 Sep 2025 11:46:42 GMT
      Pragma:
      - no-cache
      RequestId:
      - 7de803f0-b5f3-4bc3-8d3c-e449648dd6da
      Strict-Transport-Security:
      - max-age=31536000; includeSubDomains
      X-Content-Type-Options:
      - nosniff
      X-Frame-Options:
      - deny
      home-cluster-uri:
      - https://wabi-west-europe-redirect.analysis.windows.net/
      request-redirected:
      - 'true'
    status:
      code: 200
      message: OK
- request:
    body: null
    headers:
      Accept:
      - '*/*'
      Accept-Encoding:
      - gzip, deflate
      Connection:
      - keep-alive
      Content-Type:
      - application/json
      User-Agent:
      - ms-fabric-cli-test/1.0.0
    method: GET
    uri: https://api.fabric.microsoft.com/v1/workspaces/45b12a86-e49a-48c0-8691-6a437d6fe0e0/items
  response:
    body:
      string: '{"value": [{"id": "dd5acc2b-a5a3-4ef2-9a98-9ebca11cea67", "type": "SemanticModel",
        "displayName": "fabcli000001_auto", "description": "", "workspaceId": "45b12a86-e49a-48c0-8691-6a437d6fe0e0"},
        {"id": "4c7117ae-f43e-47d8-a440-143098f5ef2c", "type": "Eventhouse", "displayName":
        "fabcli000001_auto", "description": "Created by fab", "workspaceId": "45b12a86-e49a-48c0-8691-6a437d6fe0e0"},
        {"id": "1375656f-74c8-42f5-998d-e92426fdd9e6", "type": "KQLDatabase", "displayName":
        "fabcli000001_auto", "description": "fabcli000001_auto", "workspaceId": "45b12a86-e49a-48c0-8691-6a437d6fe0e0"},
        {"id": "7c97e64a-aae0-4d00-9774-d91dfa20fd61", "type": "Notebook", "displayName":
        "fabcli000001_new_2", "description": "Imported from fab", "workspaceId": "45b12a86-e49a-48c0-8691-6a437d6fe0e0"},
        {"id": "63265504-74c8-40db-9eee-cee157bef13d", "type": "Notebook", "displayName":
        "fabcli000001_new_3", "description": "Imported from fab", "workspaceId": "45b12a86-e49a-48c0-8691-6a437d6fe0e0"},
        {"id": "fd345ca4-4e8d-40ce-9a99-b3d5001ee8af", "type": "SparkJobDefinition",
        "displayName": "fabcli000001_new_4", "description": "Imported from fab", "workspaceId":
        "45b12a86-e49a-48c0-8691-6a437d6fe0e0"}]}'
    headers:
      Access-Control-Expose-Headers:
      - RequestId
      Cache-Control:
      - no-store, must-revalidate, no-cache
      Content-Encoding:
      - gzip
      Content-Length:
      - '433'
      Content-Type:
      - application/json; charset=utf-8
      Date:
      - Wed, 03 Sep 2025 11:46:42 GMT
      Pragma:
      - no-cache
      RequestId:
      - 403855e5-65a8-4113-a31c-ca47c3740593
      Strict-Transport-Security:
      - max-age=31536000; includeSubDomains
      X-Content-Type-Options:
      - nosniff
      X-Frame-Options:
      - deny
      home-cluster-uri:
      - https://wabi-west-europe-redirect.analysis.windows.net/
      request-redirected:
      - 'true'
    status:
      code: 200
      message: OK
- request:
    body: null
    headers:
      Accept:
      - '*/*'
      Accept-Encoding:
      - gzip, deflate
      Connection:
      - keep-alive
      Content-Type:
      - application/json
      User-Agent:
      - ms-fabric-cli-test/1.0.0
    method: GET
    uri: https://api.fabric.microsoft.com/v1/workspaces/45b12a86-e49a-48c0-8691-6a437d6fe0e0/items
  response:
    body:
      string: '{"value": [{"id": "dd5acc2b-a5a3-4ef2-9a98-9ebca11cea67", "type": "SemanticModel",
        "displayName": "fabcli000001_auto", "description": "", "workspaceId": "45b12a86-e49a-48c0-8691-6a437d6fe0e0"},
        {"id": "4c7117ae-f43e-47d8-a440-143098f5ef2c", "type": "Eventhouse", "displayName":
        "fabcli000001_auto", "description": "Created by fab", "workspaceId": "45b12a86-e49a-48c0-8691-6a437d6fe0e0"},
        {"id": "1375656f-74c8-42f5-998d-e92426fdd9e6", "type": "KQLDatabase", "displayName":
        "fabcli000001_auto", "description": "fabcli000001_auto", "workspaceId": "45b12a86-e49a-48c0-8691-6a437d6fe0e0"},
        {"id": "7c97e64a-aae0-4d00-9774-d91dfa20fd61", "type": "Notebook", "displayName":
        "fabcli000001_new_2", "description": "Imported from fab", "workspaceId": "45b12a86-e49a-48c0-8691-6a437d6fe0e0"},
        {"id": "63265504-74c8-40db-9eee-cee157bef13d", "type": "Notebook", "displayName":
        "fabcli000001_new_3", "description": "Imported from fab", "workspaceId": "45b12a86-e49a-48c0-8691-6a437d6fe0e0"},
        {"id": "fd345ca4-4e8d-40ce-9a99-b3d5001ee8af", "type": "SparkJobDefinition",
        "displayName": "fabcli000001_new_4", "description": "Imported from fab", "workspaceId":
        "45b12a86-e49a-48c0-8691-6a437d6fe0e0"}]}'
    headers:
      Access-Control-Expose-Headers:
      - RequestId
      Cache-Control:
      - no-store, must-revalidate, no-cache
      Content-Encoding:
      - gzip
      Content-Length:
      - '433'
      Content-Type:
      - application/json; charset=utf-8
      Date:
      - Wed, 03 Sep 2025 11:46:43 GMT
      Pragma:
      - no-cache
      RequestId:
      - caf6d2f6-1c2b-4c58-bf08-9df14dc849ad
      Strict-Transport-Security:
      - max-age=31536000; includeSubDomains
      X-Content-Type-Options:
      - nosniff
      X-Frame-Options:
      - deny
      home-cluster-uri:
      - https://wabi-west-europe-redirect.analysis.windows.net/
      request-redirected:
      - 'true'
    status:
      code: 200
      message: OK
- request:
    body: '{"description": "Created by fab", "displayName": "fabcli000001", "type":
      "DataPipeline", "folderId": null}'
    headers:
      Accept:
      - '*/*'
      Accept-Encoding:
      - gzip, deflate
      Connection:
      - keep-alive
      Content-Length:
      - '110'
      Content-Type:
      - application/json
      User-Agent:
      - ms-fabric-cli-test/1.0.0
    method: POST
    uri: https://api.fabric.microsoft.com/v1/workspaces/45b12a86-e49a-48c0-8691-6a437d6fe0e0/dataPipelines
  response:
    body:
      string: '{"id": "39c3ddc6-c9e2-410f-83f2-bca9ba4cda29", "type": "DataPipeline",
        "displayName": "fabcli000001", "description": "Created by fab", "workspaceId":
        "45b12a86-e49a-48c0-8691-6a437d6fe0e0"}'
    headers:
      Access-Control-Expose-Headers:
      - RequestId,ETag
      Cache-Control:
      - no-store, must-revalidate, no-cache
      Content-Encoding:
      - gzip
      Content-Length:
      - '169'
      Content-Type:
      - application/json; charset=utf-8
      Date:
      - Wed, 03 Sep 2025 11:46:46 GMT
      ETag:
      - '""'
      Pragma:
      - no-cache
      RequestId:
      - bba6caa5-fab7-4c76-87af-fe3493b76575
      Strict-Transport-Security:
      - max-age=31536000; includeSubDomains
      X-Content-Type-Options:
      - nosniff
      X-Frame-Options:
      - deny
      home-cluster-uri:
      - https://wabi-west-europe-redirect.analysis.windows.net/
      request-redirected:
      - 'true'
    status:
      code: 201
      message: Created
- request:
    body: null
    headers:
      Accept:
      - '*/*'
      Accept-Encoding:
      - gzip, deflate
      Connection:
      - keep-alive
      Content-Type:
      - application/json
      User-Agent:
      - ms-fabric-cli-test/1.0.0
    method: GET
    uri: https://api.fabric.microsoft.com/v1/workspaces
  response:
    body:
      string: '{"value": [{"id": "94da8ea5-0bd6-4a9e-b717-5fdb482f4c71", "displayName":
        "My workspace", "description": "", "type": "Personal"}, {"id": "45b12a86-e49a-48c0-8691-6a437d6fe0e0",
        "displayName": "fabriccli_WorkspacePerTestclass_000001", "description": "Created
        by fab", "type": "Workspace", "capacityId": "00000000-0000-0000-0000-000000000004"}]}'
    headers:
      Access-Control-Expose-Headers:
      - RequestId
      Cache-Control:
      - no-store, must-revalidate, no-cache
      Content-Encoding:
      - gzip
      Content-Length:
      - '359'
      Content-Type:
      - application/json; charset=utf-8
      Date:
      - Wed, 03 Sep 2025 11:46:46 GMT
      Pragma:
      - no-cache
      RequestId:
      - 7bea8385-fccb-4ee0-9d40-0d075a9b8e2f
      Strict-Transport-Security:
      - max-age=31536000; includeSubDomains
      X-Content-Type-Options:
      - nosniff
      X-Frame-Options:
      - deny
      home-cluster-uri:
      - https://wabi-west-europe-redirect.analysis.windows.net/
      request-redirected:
      - 'true'
    status:
      code: 200
      message: OK
- request:
    body: null
    headers:
      Accept:
      - '*/*'
      Accept-Encoding:
      - gzip, deflate
      Connection:
      - keep-alive
      Content-Type:
      - application/json
      User-Agent:
      - ms-fabric-cli-test/1.0.0
    method: GET
    uri: https://api.fabric.microsoft.com/v1/workspaces/45b12a86-e49a-48c0-8691-6a437d6fe0e0/items
  response:
    body:
      string: '{"value": [{"id": "dd5acc2b-a5a3-4ef2-9a98-9ebca11cea67", "type": "SemanticModel",
        "displayName": "fabcli000001_auto", "description": "", "workspaceId": "45b12a86-e49a-48c0-8691-6a437d6fe0e0"},
        {"id": "4c7117ae-f43e-47d8-a440-143098f5ef2c", "type": "Eventhouse", "displayName":
        "fabcli000001_auto", "description": "Created by fab", "workspaceId": "45b12a86-e49a-48c0-8691-6a437d6fe0e0"},
        {"id": "1375656f-74c8-42f5-998d-e92426fdd9e6", "type": "KQLDatabase", "displayName":
        "fabcli000001_auto", "description": "fabcli000001_auto", "workspaceId": "45b12a86-e49a-48c0-8691-6a437d6fe0e0"},
        {"id": "7c97e64a-aae0-4d00-9774-d91dfa20fd61", "type": "Notebook", "displayName":
        "fabcli000001_new_2", "description": "Imported from fab", "workspaceId": "45b12a86-e49a-48c0-8691-6a437d6fe0e0"},
        {"id": "63265504-74c8-40db-9eee-cee157bef13d", "type": "Notebook", "displayName":
        "fabcli000001_new_3", "description": "Imported from fab", "workspaceId": "45b12a86-e49a-48c0-8691-6a437d6fe0e0"},
        {"id": "fd345ca4-4e8d-40ce-9a99-b3d5001ee8af", "type": "SparkJobDefinition",
        "displayName": "fabcli000001_new_4", "description": "Imported from fab", "workspaceId":
        "45b12a86-e49a-48c0-8691-6a437d6fe0e0"}, {"id": "39c3ddc6-c9e2-410f-83f2-bca9ba4cda29",
        "type": "DataPipeline", "displayName": "fabcli000001", "description": "Created
        by fab", "workspaceId": "45b12a86-e49a-48c0-8691-6a437d6fe0e0"}]}'
    headers:
      Access-Control-Expose-Headers:
      - RequestId
      Cache-Control:
      - no-store, must-revalidate, no-cache
      Content-Encoding:
      - gzip
      Content-Length:
      - '479'
      Content-Type:
      - application/json; charset=utf-8
      Date:
      - Wed, 03 Sep 2025 11:46:46 GMT
      Pragma:
      - no-cache
      RequestId:
      - 5c42e993-1599-4273-91e9-77cbe46af922
      Strict-Transport-Security:
      - max-age=31536000; includeSubDomains
      X-Content-Type-Options:
      - nosniff
      X-Frame-Options:
      - deny
      home-cluster-uri:
      - https://wabi-west-europe-redirect.analysis.windows.net/
      request-redirected:
      - 'true'
    status:
      code: 200
      message: OK
- request:
    body: null
    headers:
      Accept:
      - '*/*'
      Accept-Encoding:
      - gzip, deflate
      Connection:
      - keep-alive
      Content-Type:
      - application/json
      User-Agent:
      - ms-fabric-cli-test/1.0.0
    method: GET
    uri: https://api.fabric.microsoft.com/v1/workspaces/45b12a86-e49a-48c0-8691-6a437d6fe0e0/items/39c3ddc6-c9e2-410f-83f2-bca9ba4cda29
  response:
    body:
      string: '{"id": "39c3ddc6-c9e2-410f-83f2-bca9ba4cda29", "type": "DataPipeline",
        "displayName": "fabcli000001", "description": "Created by fab", "workspaceId":
        "45b12a86-e49a-48c0-8691-6a437d6fe0e0"}'
    headers:
      Access-Control-Expose-Headers:
      - RequestId,ETag
      Cache-Control:
      - no-store, must-revalidate, no-cache
      Content-Encoding:
      - gzip
      Content-Length:
      - '169'
      Content-Type:
      - application/json; charset=utf-8
      Date:
      - Wed, 03 Sep 2025 11:46:47 GMT
      ETag:
      - '""'
      Pragma:
      - no-cache
      RequestId:
      - a1f2368e-f0e5-43b7-99d7-21e1593ed765
      Strict-Transport-Security:
      - max-age=31536000; includeSubDomains
      X-Content-Type-Options:
      - nosniff
      X-Frame-Options:
      - deny
      home-cluster-uri:
      - https://wabi-west-europe-redirect.analysis.windows.net/
      request-redirected:
      - 'true'
    status:
      code: 200
      message: OK
- request:
    body: null
    headers:
      Accept:
      - '*/*'
      Accept-Encoding:
      - gzip, deflate
      Connection:
      - keep-alive
      Content-Length:
      - '0'
      Content-Type:
      - application/json
      User-Agent:
      - ms-fabric-cli-test/1.0.0
    method: POST
    uri: https://api.fabric.microsoft.com/v1/workspaces/45b12a86-e49a-48c0-8691-6a437d6fe0e0/items/39c3ddc6-c9e2-410f-83f2-bca9ba4cda29/getDefinition
  response:
    body:
      string: '{"definition": {"parts": [{"path": "pipeline-content.json", "payload":
        "ewogICJwcm9wZXJ0aWVzIjogewogICAgImFjdGl2aXRpZXMiOiBbXQogIH0KfQ==", "payloadType":
        "InlineBase64"}, {"path": ".platform", "payload": "ewogICIkc2NoZW1hIjogImh0dHBzOi8vZGV2ZWxvcGVyLm1pY3Jvc29mdC5jb20vanNvbi1zY2hlbWFzL2ZhYnJpYy9naXRJbnRlZ3JhdGlvbi9wbGF0Zm9ybVByb3BlcnRpZXMvMi4wLjAvc2NoZW1hLmpzb24iLAogICJtZXRhZGF0YSI6IHsKICAgICJ0eXBlIjogIkRhdGFQaXBlbGluZSIsCiAgICAiZGlzcGxheU5hbWUiOiAiZmFiY2xpMDAwMDAxIiwKICAgICJkZXNjcmlwdGlvbiI6ICJDcmVhdGVkIGJ5IGZhYiIKICB9LAogICJjb25maWciOiB7CiAgICAidmVyc2lvbiI6ICIyLjAiLAogICAgImxvZ2ljYWxJZCI6ICIwMDAwMDAwMC0wMDAwLTAwMDAtMDAwMC0wMDAwMDAwMDAwMDAiCiAgfQp9",
        "payloadType": "InlineBase64"}]}}'
    headers:
      Access-Control-Expose-Headers:
      - RequestId
      Cache-Control:
      - no-store, must-revalidate, no-cache
      Content-Encoding:
      - gzip
      Content-Length:
      - '457'
      Content-Type:
      - application/json; charset=utf-8
      Date:
      - Wed, 03 Sep 2025 11:46:47 GMT
      Pragma:
      - no-cache
      RequestId:
      - e4701666-3aba-42e3-9fba-e4cb7a65a0b8
      Strict-Transport-Security:
      - max-age=31536000; includeSubDomains
      X-Content-Type-Options:
      - nosniff
      X-Frame-Options:
      - deny
      home-cluster-uri:
      - https://wabi-west-europe-redirect.analysis.windows.net/
      request-redirected:
      - 'true'
    status:
      code: 200
      message: OK
- request:
    body: null
    headers:
      Accept:
      - '*/*'
      Accept-Encoding:
      - gzip, deflate
      Connection:
      - keep-alive
      Content-Type:
      - application/json
      User-Agent:
      - ms-fabric-cli-test/1.0.0
    method: GET
    uri: https://api.fabric.microsoft.com/v1/workspaces
  response:
    body:
      string: '{"value": [{"id": "94da8ea5-0bd6-4a9e-b717-5fdb482f4c71", "displayName":
        "My workspace", "description": "", "type": "Personal"}, {"id": "45b12a86-e49a-48c0-8691-6a437d6fe0e0",
        "displayName": "fabriccli_WorkspacePerTestclass_000001", "description": "Created
        by fab", "type": "Workspace", "capacityId": "00000000-0000-0000-0000-000000000004"}]}'
    headers:
      Access-Control-Expose-Headers:
      - RequestId
      Cache-Control:
      - no-store, must-revalidate, no-cache
      Content-Encoding:
      - gzip
      Content-Length:
      - '359'
      Content-Type:
      - application/json; charset=utf-8
      Date:
      - Wed, 03 Sep 2025 11:46:47 GMT
      Pragma:
      - no-cache
      RequestId:
      - 34758652-6e40-47f8-afad-1b94c79f52a1
      Strict-Transport-Security:
      - max-age=31536000; includeSubDomains
      X-Content-Type-Options:
      - nosniff
      X-Frame-Options:
      - deny
      home-cluster-uri:
      - https://wabi-west-europe-redirect.analysis.windows.net/
      request-redirected:
      - 'true'
    status:
      code: 200
      message: OK
- request:
    body: null
    headers:
      Accept:
      - '*/*'
      Accept-Encoding:
      - gzip, deflate
      Connection:
      - keep-alive
      Content-Type:
      - application/json
      User-Agent:
      - ms-fabric-cli-test/1.0.0
    method: GET
    uri: https://api.fabric.microsoft.com/v1/workspaces/45b12a86-e49a-48c0-8691-6a437d6fe0e0/items
  response:
    body:
      string: '{"value": [{"id": "dd5acc2b-a5a3-4ef2-9a98-9ebca11cea67", "type": "SemanticModel",
        "displayName": "fabcli000001_auto", "description": "", "workspaceId": "45b12a86-e49a-48c0-8691-6a437d6fe0e0"},
        {"id": "4c7117ae-f43e-47d8-a440-143098f5ef2c", "type": "Eventhouse", "displayName":
        "fabcli000001_auto", "description": "Created by fab", "workspaceId": "45b12a86-e49a-48c0-8691-6a437d6fe0e0"},
        {"id": "1375656f-74c8-42f5-998d-e92426fdd9e6", "type": "KQLDatabase", "displayName":
        "fabcli000001_auto", "description": "fabcli000001_auto", "workspaceId": "45b12a86-e49a-48c0-8691-6a437d6fe0e0"},
        {"id": "7c97e64a-aae0-4d00-9774-d91dfa20fd61", "type": "Notebook", "displayName":
        "fabcli000001_new_2", "description": "Imported from fab", "workspaceId": "45b12a86-e49a-48c0-8691-6a437d6fe0e0"},
        {"id": "63265504-74c8-40db-9eee-cee157bef13d", "type": "Notebook", "displayName":
        "fabcli000001_new_3", "description": "Imported from fab", "workspaceId": "45b12a86-e49a-48c0-8691-6a437d6fe0e0"},
        {"id": "fd345ca4-4e8d-40ce-9a99-b3d5001ee8af", "type": "SparkJobDefinition",
        "displayName": "fabcli000001_new_4", "description": "Imported from fab", "workspaceId":
        "45b12a86-e49a-48c0-8691-6a437d6fe0e0"}, {"id": "39c3ddc6-c9e2-410f-83f2-bca9ba4cda29",
        "type": "DataPipeline", "displayName": "fabcli000001", "description": "Created
        by fab", "workspaceId": "45b12a86-e49a-48c0-8691-6a437d6fe0e0"}]}'
    headers:
      Access-Control-Expose-Headers:
      - RequestId
      Cache-Control:
      - no-store, must-revalidate, no-cache
      Content-Encoding:
      - gzip
      Content-Length:
      - '479'
      Content-Type:
      - application/json; charset=utf-8
      Date:
      - Wed, 03 Sep 2025 11:46:47 GMT
      Pragma:
      - no-cache
      RequestId:
      - e9aa8d65-bee5-411d-aba2-1ea32692f7bf
      Strict-Transport-Security:
      - max-age=31536000; includeSubDomains
      X-Content-Type-Options:
      - nosniff
      X-Frame-Options:
      - deny
      home-cluster-uri:
      - https://wabi-west-europe-redirect.analysis.windows.net/
      request-redirected:
      - 'true'
    status:
      code: 200
      message: OK
- request:
    body: null
    headers:
      Accept:
      - '*/*'
      Accept-Encoding:
      - gzip, deflate
      Connection:
      - keep-alive
      Content-Type:
      - application/json
      User-Agent:
      - ms-fabric-cli-test/1.0.0
    method: GET
    uri: https://api.fabric.microsoft.com/v1/workspaces/45b12a86-e49a-48c0-8691-6a437d6fe0e0/items
  response:
    body:
      string: '{"value": [{"id": "dd5acc2b-a5a3-4ef2-9a98-9ebca11cea67", "type": "SemanticModel",
        "displayName": "fabcli000001_auto", "description": "", "workspaceId": "45b12a86-e49a-48c0-8691-6a437d6fe0e0"},
        {"id": "4c7117ae-f43e-47d8-a440-143098f5ef2c", "type": "Eventhouse", "displayName":
        "fabcli000001_auto", "description": "Created by fab", "workspaceId": "45b12a86-e49a-48c0-8691-6a437d6fe0e0"},
        {"id": "1375656f-74c8-42f5-998d-e92426fdd9e6", "type": "KQLDatabase", "displayName":
        "fabcli000001_auto", "description": "fabcli000001_auto", "workspaceId": "45b12a86-e49a-48c0-8691-6a437d6fe0e0"},
        {"id": "7c97e64a-aae0-4d00-9774-d91dfa20fd61", "type": "Notebook", "displayName":
        "fabcli000001_new_2", "description": "Imported from fab", "workspaceId": "45b12a86-e49a-48c0-8691-6a437d6fe0e0"},
        {"id": "63265504-74c8-40db-9eee-cee157bef13d", "type": "Notebook", "displayName":
        "fabcli000001_new_3", "description": "Imported from fab", "workspaceId": "45b12a86-e49a-48c0-8691-6a437d6fe0e0"},
        {"id": "fd345ca4-4e8d-40ce-9a99-b3d5001ee8af", "type": "SparkJobDefinition",
        "displayName": "fabcli000001_new_4", "description": "Imported from fab", "workspaceId":
        "45b12a86-e49a-48c0-8691-6a437d6fe0e0"}, {"id": "39c3ddc6-c9e2-410f-83f2-bca9ba4cda29",
        "type": "DataPipeline", "displayName": "fabcli000001", "description": "Created
        by fab", "workspaceId": "45b12a86-e49a-48c0-8691-6a437d6fe0e0"}]}'
    headers:
      Access-Control-Expose-Headers:
      - RequestId
      Cache-Control:
      - no-store, must-revalidate, no-cache
      Content-Encoding:
      - gzip
      Content-Length:
      - '479'
      Content-Type:
      - application/json; charset=utf-8
      Date:
      - Wed, 03 Sep 2025 11:46:47 GMT
      Pragma:
      - no-cache
      RequestId:
      - 53901092-d02d-424b-a524-31dcc95777e7
      Strict-Transport-Security:
      - max-age=31536000; includeSubDomains
      X-Content-Type-Options:
      - nosniff
      X-Frame-Options:
      - deny
      home-cluster-uri:
      - https://wabi-west-europe-redirect.analysis.windows.net/
      request-redirected:
      - 'true'
    status:
      code: 200
      message: OK
- request:
    body: '{"type": "DataPipeline", "description": "Imported from fab", "folderId":
      null, "displayName": "fabcli000001_new_5", "definition": {"parts": [{"path":
      ".platform", "payload": "ewogICAgIiRzY2hlbWEiOiAiaHR0cHM6Ly9kZXZlbG9wZXIubWljcm9zb2Z0LmNvbS9qc29uLXNjaGVtYXMvZmFicmljL2dpdEludGVncmF0aW9uL3BsYXRmb3JtUHJvcGVydGllcy8yLjAuMC9zY2hlbWEuanNvbiIsCiAgICAibWV0YWRhdGEiOiB7CiAgICAgICAgInR5cGUiOiAiRGF0YVBpcGVsaW5lIiwKICAgICAgICAiZGlzcGxheU5hbWUiOiAiZmFiY2xpMDAwMDAxIiwKICAgICAgICAiZGVzY3JpcHRpb24iOiAiQ3JlYXRlZCBieSBmYWIiCiAgICB9LAogICAgImNvbmZpZyI6IHsKICAgICAgICAidmVyc2lvbiI6ICIyLjAiLAogICAgICAgICJsb2dpY2FsSWQiOiAiMDAwMDAwMDAtMDAwMC0wMDAwLTAwMDAtMDAwMDAwMDAwMDAwIgogICAgfQp9",
      "payloadType": "InlineBase64"}, {"path": "pipeline-content.json", "payload":
      "ewogICAgInByb3BlcnRpZXMiOiB7CiAgICAgICAgImFjdGl2aXRpZXMiOiBbXQogICAgfQp9",
      "payloadType": "InlineBase64"}]}}'
    headers:
      Accept:
      - '*/*'
      Accept-Encoding:
      - gzip, deflate
      Connection:
      - keep-alive
      Content-Length:
      - '868'
      Content-Type:
      - application/json
      User-Agent:
      - ms-fabric-cli-test/1.0.0
    method: POST
    uri: https://api.fabric.microsoft.com/v1/workspaces/45b12a86-e49a-48c0-8691-6a437d6fe0e0/items
  response:
    body:
      string: '{"id": "42fac53f-5ff7-4b0e-9d57-7ea87505d112", "type": "DataPipeline",
        "displayName": "fabcli000001_new_5", "description": "Imported from fab", "workspaceId":
        "45b12a86-e49a-48c0-8691-6a437d6fe0e0"}'
    headers:
      Access-Control-Expose-Headers:
      - RequestId,ETag
      Cache-Control:
      - no-store, must-revalidate, no-cache
      Content-Encoding:
      - gzip
      Content-Length:
      - '178'
      Content-Type:
      - application/json; charset=utf-8
      Date:
      - Wed, 03 Sep 2025 11:46:50 GMT
      ETag:
      - '""'
      Pragma:
      - no-cache
      RequestId:
      - ede83ad1-f791-448d-b392-03d551ea00bd
      Strict-Transport-Security:
      - max-age=31536000; includeSubDomains
      X-Content-Type-Options:
      - nosniff
      X-Frame-Options:
      - deny
      home-cluster-uri:
      - https://wabi-west-europe-redirect.analysis.windows.net/
      request-redirected:
      - 'true'
    status:
      code: 201
      message: Created
- request:
    body: null
    headers:
      Accept:
      - '*/*'
      Accept-Encoding:
      - gzip, deflate
      Connection:
      - keep-alive
      Content-Type:
      - application/json
      User-Agent:
      - ms-fabric-cli-test/1.0.0
    method: GET
    uri: https://api.fabric.microsoft.com/v1/workspaces
  response:
    body:
      string: '{"value": [{"id": "94da8ea5-0bd6-4a9e-b717-5fdb482f4c71", "displayName":
        "My workspace", "description": "", "type": "Personal"}, {"id": "45b12a86-e49a-48c0-8691-6a437d6fe0e0",
        "displayName": "fabriccli_WorkspacePerTestclass_000001", "description": "Created
        by fab", "type": "Workspace", "capacityId": "00000000-0000-0000-0000-000000000004"}]}'
    headers:
      Access-Control-Expose-Headers:
      - RequestId
      Cache-Control:
      - no-store, must-revalidate, no-cache
      Content-Encoding:
      - gzip
      Content-Length:
      - '359'
      Content-Type:
      - application/json; charset=utf-8
      Date:
      - Wed, 03 Sep 2025 11:46:51 GMT
      Pragma:
      - no-cache
      RequestId:
      - a664221c-57fa-4e2d-9fe9-ed1915167849
      Strict-Transport-Security:
      - max-age=31536000; includeSubDomains
      X-Content-Type-Options:
      - nosniff
      X-Frame-Options:
      - deny
      home-cluster-uri:
      - https://wabi-west-europe-redirect.analysis.windows.net/
      request-redirected:
      - 'true'
    status:
      code: 200
      message: OK
- request:
    body: null
    headers:
      Accept:
      - '*/*'
      Accept-Encoding:
      - gzip, deflate
      Connection:
      - keep-alive
      Content-Type:
      - application/json
      User-Agent:
      - ms-fabric-cli-test/1.0.0
    method: GET
    uri: https://api.fabric.microsoft.com/v1/workspaces/45b12a86-e49a-48c0-8691-6a437d6fe0e0/items
  response:
    body:
      string: '{"value": [{"id": "dd5acc2b-a5a3-4ef2-9a98-9ebca11cea67", "type": "SemanticModel",
        "displayName": "fabcli000001_auto", "description": "", "workspaceId": "45b12a86-e49a-48c0-8691-6a437d6fe0e0"},
        {"id": "4c7117ae-f43e-47d8-a440-143098f5ef2c", "type": "Eventhouse", "displayName":
        "fabcli000001_auto", "description": "Created by fab", "workspaceId": "45b12a86-e49a-48c0-8691-6a437d6fe0e0"},
        {"id": "1375656f-74c8-42f5-998d-e92426fdd9e6", "type": "KQLDatabase", "displayName":
        "fabcli000001_auto", "description": "fabcli000001_auto", "workspaceId": "45b12a86-e49a-48c0-8691-6a437d6fe0e0"},
        {"id": "7c97e64a-aae0-4d00-9774-d91dfa20fd61", "type": "Notebook", "displayName":
        "fabcli000001_new_2", "description": "Imported from fab", "workspaceId": "45b12a86-e49a-48c0-8691-6a437d6fe0e0"},
        {"id": "63265504-74c8-40db-9eee-cee157bef13d", "type": "Notebook", "displayName":
        "fabcli000001_new_3", "description": "Imported from fab", "workspaceId": "45b12a86-e49a-48c0-8691-6a437d6fe0e0"},
        {"id": "fd345ca4-4e8d-40ce-9a99-b3d5001ee8af", "type": "SparkJobDefinition",
        "displayName": "fabcli000001_new_4", "description": "Imported from fab", "workspaceId":
        "45b12a86-e49a-48c0-8691-6a437d6fe0e0"}, {"id": "39c3ddc6-c9e2-410f-83f2-bca9ba4cda29",
        "type": "DataPipeline", "displayName": "fabcli000001", "description": "Created
        by fab", "workspaceId": "45b12a86-e49a-48c0-8691-6a437d6fe0e0"}, {"id": "42fac53f-5ff7-4b0e-9d57-7ea87505d112",
        "type": "DataPipeline", "displayName": "fabcli000001_new_5", "description":
        "Imported from fab", "workspaceId": "45b12a86-e49a-48c0-8691-6a437d6fe0e0"}]}'
    headers:
      Access-Control-Expose-Headers:
      - RequestId
      Cache-Control:
      - no-store, must-revalidate, no-cache
      Content-Encoding:
      - gzip
      Content-Length:
      - '509'
      Content-Type:
      - application/json; charset=utf-8
      Date:
      - Wed, 03 Sep 2025 11:46:51 GMT
      Pragma:
      - no-cache
      RequestId:
      - 56eac5f0-22bb-47d5-9ca2-0fa9edb34af1
      Strict-Transport-Security:
      - max-age=31536000; includeSubDomains
      X-Content-Type-Options:
      - nosniff
      X-Frame-Options:
      - deny
      home-cluster-uri:
      - https://wabi-west-europe-redirect.analysis.windows.net/
      request-redirected:
      - 'true'
    status:
      code: 200
      message: OK
- request:
    body: null
    headers:
      Accept:
      - '*/*'
      Accept-Encoding:
      - gzip, deflate
      Connection:
      - keep-alive
      Content-Length:
      - '0'
      Content-Type:
      - application/json
      User-Agent:
      - ms-fabric-cli-test/1.0.0
    method: DELETE
    uri: https://api.fabric.microsoft.com/v1/workspaces/45b12a86-e49a-48c0-8691-6a437d6fe0e0/items/39c3ddc6-c9e2-410f-83f2-bca9ba4cda29
  response:
    body:
      string: ''
    headers:
      Access-Control-Expose-Headers:
      - RequestId
      Cache-Control:
      - no-store, must-revalidate, no-cache
      Content-Encoding:
      - gzip
      Content-Length:
      - '0'
      Content-Type:
      - application/octet-stream
      Date:
      - Wed, 03 Sep 2025 11:46:51 GMT
      Pragma:
      - no-cache
      RequestId:
      - ddc29c74-4827-4076-91ea-df58a77474c8
      Strict-Transport-Security:
      - max-age=31536000; includeSubDomains
      X-Content-Type-Options:
      - nosniff
      X-Frame-Options:
      - deny
      home-cluster-uri:
      - https://wabi-west-europe-redirect.analysis.windows.net/
      request-redirected:
      - 'true'
    status:
      code: 200
      message: OK
version: 1
