interactions:
- request:
    body: null
    headers:
      Accept:
      - '*/*'
      Accept-Encoding:
      - gzip, deflate
      Connection:
      - keep-alive
      Content-Type:
      - application/json
      User-Agent:
      - ms-fabric-cli-test/1.3.1
    method: GET
    uri: https://api.fabric.microsoft.com/v1/workspaces
  response:
    body:
      string: '{"value": [{"id": "3634a139-2c9e-4205-910b-3b089a31be47", "displayName":
        "My workspace", "description": "", "type": "Personal"}, {"id": "97f5c8a4-1588-4a59-9b51-2c7ba0f73761",
        "displayName": "fabriccli_WorkspacePerTestclass_000001", "description": "Created
        by fab", "type": "Workspace", "capacityId": "00000000-0000-0000-0000-000000000004"}]}'
    headers:
      Access-Control-Expose-Headers:
      - RequestId
      Cache-Control:
      - no-store, must-revalidate, no-cache
      Content-Encoding:
      - gzip
      Content-Length:
      - '2306'
      Content-Type:
      - application/json; charset=utf-8
      Date:
      - Thu, 29 Jan 2026 06:01:02 GMT
      Pragma:
      - no-cache
      RequestId:
      - 42bcdfb8-8bbd-4ed9-8f06-5899bb1d2b14
      Strict-Transport-Security:
      - max-age=31536000; includeSubDomains
      X-Content-Type-Options:
      - nosniff
      X-Frame-Options:
      - deny
      home-cluster-uri:
      - https://wabi-us-central-b-primary-redirect.analysis.windows.net/
      request-redirected:
      - 'true'
    status:
      code: 200
      message: OK
- request:
    body: null
    headers:
      Accept:
      - '*/*'
      Accept-Encoding:
      - gzip, deflate
      Connection:
      - keep-alive
      Content-Type:
      - application/json
      User-Agent:
      - ms-fabric-cli-test/1.3.1
    method: GET
    uri: https://api.fabric.microsoft.com/v1/workspaces/97f5c8a4-1588-4a59-9b51-2c7ba0f73761/items
  response:
    body:
      string: '{"value": [{"id": "f033b3c3-fb95-49bb-9ab7-a7574b6373af", "type": "Notebook",
        "displayName": "fabcli000001_new_2", "description": "Imported from fab", "workspaceId":
        "97f5c8a4-1588-4a59-9b51-2c7ba0f73761"}]}'
    headers:
      Access-Control-Expose-Headers:
      - RequestId
      Cache-Control:
      - no-store, must-revalidate, no-cache
      Content-Encoding:
      - gzip
      Content-Length:
      - '184'
      Content-Type:
      - application/json; charset=utf-8
      Date:
      - Thu, 29 Jan 2026 06:01:02 GMT
      Pragma:
      - no-cache
      RequestId:
      - f20ed6bd-e00f-47d6-a271-e80ef037e3a2
      Strict-Transport-Security:
      - max-age=31536000; includeSubDomains
      X-Content-Type-Options:
      - nosniff
      X-Frame-Options:
      - deny
      home-cluster-uri:
      - https://wabi-us-central-b-primary-redirect.analysis.windows.net/
      request-redirected:
      - 'true'
    status:
      code: 200
      message: OK
- request:
    body: null
    headers:
      Accept:
      - '*/*'
      Accept-Encoding:
      - gzip, deflate
      Connection:
      - keep-alive
      Content-Type:
      - application/json
      User-Agent:
      - ms-fabric-cli-test/1.3.1
    method: GET
    uri: https://api.fabric.microsoft.com/v1/workspaces/97f5c8a4-1588-4a59-9b51-2c7ba0f73761/items
  response:
    body:
      string: '{"value": [{"id": "f033b3c3-fb95-49bb-9ab7-a7574b6373af", "type": "Notebook",
        "displayName": "fabcli000001_new_2", "description": "Imported from fab", "workspaceId":
        "97f5c8a4-1588-4a59-9b51-2c7ba0f73761"}]}'
    headers:
      Access-Control-Expose-Headers:
      - RequestId
      Cache-Control:
      - no-store, must-revalidate, no-cache
      Content-Encoding:
      - gzip
      Content-Length:
      - '184'
      Content-Type:
      - application/json; charset=utf-8
      Date:
      - Thu, 29 Jan 2026 06:01:03 GMT
      Pragma:
      - no-cache
      RequestId:
      - 2b5b5a02-8b50-44e5-8c3a-31af4601f4d8
      Strict-Transport-Security:
      - max-age=31536000; includeSubDomains
      X-Content-Type-Options:
      - nosniff
      X-Frame-Options:
      - deny
      home-cluster-uri:
      - https://wabi-us-central-b-primary-redirect.analysis.windows.net/
      request-redirected:
      - 'true'
    status:
      code: 200
      message: OK
- request:
    body: '{"description": "Created by fab", "displayName": "fabcli000001", "type":
      "SparkJobDefinition", "folderId": null}'
    headers:
      Accept:
      - '*/*'
      Accept-Encoding:
      - gzip, deflate
      Connection:
      - keep-alive
      Content-Length:
      - '116'
      Content-Type:
      - application/json
      User-Agent:
      - ms-fabric-cli-test/1.3.1
    method: POST
    uri: https://api.fabric.microsoft.com/v1/workspaces/97f5c8a4-1588-4a59-9b51-2c7ba0f73761/sparkJobDefinitions
  response:
    body:
      string: '{"id": "bb1c0139-4728-490e-9533-90cda19dd2c6", "type": "SparkJobDefinition",
        "displayName": "fabcli000001", "description": "Created by fab", "workspaceId":
        "97f5c8a4-1588-4a59-9b51-2c7ba0f73761"}'
    headers:
      Access-Control-Expose-Headers:
      - RequestId,ETag
      Cache-Control:
      - no-store, must-revalidate, no-cache
      Content-Encoding:
      - gzip
      Content-Length:
      - '175'
      Content-Type:
      - application/json; charset=utf-8
      Date:
      - Thu, 29 Jan 2026 06:01:05 GMT
      ETag:
      - '""'
      Pragma:
      - no-cache
      RequestId:
      - f467ac77-303d-4bfc-95c2-77c5e1bf7ec9
      Strict-Transport-Security:
      - max-age=31536000; includeSubDomains
      X-Content-Type-Options:
      - nosniff
      X-Frame-Options:
      - deny
      home-cluster-uri:
      - https://wabi-us-central-b-primary-redirect.analysis.windows.net/
      request-redirected:
      - 'true'
    status:
      code: 201
      message: Created
- request:
    body: null
    headers:
      Accept:
      - '*/*'
      Accept-Encoding:
      - gzip, deflate
      Connection:
      - keep-alive
      Content-Type:
      - application/json
      User-Agent:
      - ms-fabric-cli-test/1.3.1
    method: GET
    uri: https://api.fabric.microsoft.com/v1/workspaces
  response:
    body:
      string: '{"value": [{"id": "3634a139-2c9e-4205-910b-3b089a31be47", "displayName":
        "My workspace", "description": "", "type": "Personal"}, {"id": "97f5c8a4-1588-4a59-9b51-2c7ba0f73761",
        "displayName": "fabriccli_WorkspacePerTestclass_000001", "description": "Created
        by fab", "type": "Workspace", "capacityId": "00000000-0000-0000-0000-000000000004"}]}'
    headers:
      Access-Control-Expose-Headers:
      - RequestId
      Cache-Control:
      - no-store, must-revalidate, no-cache
      Content-Encoding:
      - gzip
      Content-Length:
      - '2306'
      Content-Type:
      - application/json; charset=utf-8
      Date:
      - Thu, 29 Jan 2026 06:01:06 GMT
      Pragma:
      - no-cache
      RequestId:
      - edf0da35-94ce-42cf-a92e-8b55f591c561
      Strict-Transport-Security:
      - max-age=31536000; includeSubDomains
      X-Content-Type-Options:
      - nosniff
      X-Frame-Options:
      - deny
      home-cluster-uri:
      - https://wabi-us-central-b-primary-redirect.analysis.windows.net/
      request-redirected:
      - 'true'
    status:
      code: 200
      message: OK
- request:
    body: null
    headers:
      Accept:
      - '*/*'
      Accept-Encoding:
      - gzip, deflate
      Connection:
      - keep-alive
      Content-Type:
      - application/json
      User-Agent:
      - ms-fabric-cli-test/1.3.1
    method: GET
    uri: https://api.fabric.microsoft.com/v1/workspaces/97f5c8a4-1588-4a59-9b51-2c7ba0f73761/items
  response:
    body:
      string: '{"value": [{"id": "f033b3c3-fb95-49bb-9ab7-a7574b6373af", "type": "Notebook",
        "displayName": "fabcli000001_new_2", "description": "Imported from fab", "workspaceId":
        "97f5c8a4-1588-4a59-9b51-2c7ba0f73761"}, {"id": "bb1c0139-4728-490e-9533-90cda19dd2c6",
        "type": "SparkJobDefinition", "displayName": "fabcli000001", "description":
        "Created by fab", "workspaceId": "97f5c8a4-1588-4a59-9b51-2c7ba0f73761"}]}'
    headers:
      Access-Control-Expose-Headers:
      - RequestId
      Cache-Control:
      - no-store, must-revalidate, no-cache
      Content-Encoding:
      - gzip
      Content-Length:
      - '254'
      Content-Type:
      - application/json; charset=utf-8
      Date:
      - Thu, 29 Jan 2026 06:01:07 GMT
      Pragma:
      - no-cache
      RequestId:
      - 1cec6205-f9e1-47bc-9c4a-9ce3c1831a78
      Strict-Transport-Security:
      - max-age=31536000; includeSubDomains
      X-Content-Type-Options:
      - nosniff
      X-Frame-Options:
      - deny
      home-cluster-uri:
      - https://wabi-us-central-b-primary-redirect.analysis.windows.net/
      request-redirected:
      - 'true'
    status:
      code: 200
      message: OK
- request:
    body: null
    headers:
      Accept:
      - '*/*'
      Accept-Encoding:
      - gzip, deflate
      Connection:
      - keep-alive
      Content-Type:
      - application/json
      User-Agent:
      - ms-fabric-cli-test/1.3.1
    method: GET
    uri: https://api.fabric.microsoft.com/v1/workspaces/97f5c8a4-1588-4a59-9b51-2c7ba0f73761/items/bb1c0139-4728-490e-9533-90cda19dd2c6
  response:
    body:
      string: '{"id": "bb1c0139-4728-490e-9533-90cda19dd2c6", "type": "SparkJobDefinition",
        "displayName": "fabcli000001", "description": "Created by fab", "workspaceId":
        "97f5c8a4-1588-4a59-9b51-2c7ba0f73761"}'
    headers:
      Access-Control-Expose-Headers:
      - RequestId,ETag
      Cache-Control:
      - no-store, must-revalidate, no-cache
      Content-Encoding:
      - gzip
      Content-Length:
      - '175'
      Content-Type:
      - application/json; charset=utf-8
      Date:
      - Thu, 29 Jan 2026 06:01:07 GMT
      ETag:
      - '""'
      Pragma:
      - no-cache
      RequestId:
      - 635a59d5-84f9-42eb-aa87-f96e583090d3
      Strict-Transport-Security:
      - max-age=31536000; includeSubDomains
      X-Content-Type-Options:
      - nosniff
      X-Frame-Options:
      - deny
      home-cluster-uri:
      - https://wabi-us-central-b-primary-redirect.analysis.windows.net/
      request-redirected:
      - 'true'
    status:
      code: 200
      message: OK
- request:
    body: null
    headers:
      Accept:
      - '*/*'
      Accept-Encoding:
      - gzip, deflate
      Connection:
      - keep-alive
      Content-Length:
      - '0'
      Content-Type:
      - application/json
      User-Agent:
      - ms-fabric-cli-test/1.3.1
    method: POST
    uri: https://api.fabric.microsoft.com/v1/workspaces/97f5c8a4-1588-4a59-9b51-2c7ba0f73761/items/bb1c0139-4728-490e-9533-90cda19dd2c6/getDefinition?format=SparkJobDefinitionV1
  response:
    body:
      string: '{"definition": {"parts": [{"path": "SparkJobDefinitionV1.json", "payload":
        "ew0KICAiZXhlY3V0YWJsZUZpbGUiOiBudWxsLA0KICAiZGVmYXVsdExha2Vob3VzZUFydGlmYWN0SWQiOiBudWxsLA0KICAibWFpbkNsYXNzIjogbnVsbCwNCiAgImFkZGl0aW9uYWxMYWtlaG91c2VJZHMiOiBbXSwNCiAgInJldHJ5UG9saWN5IjogbnVsbCwNCiAgImNvbW1hbmRMaW5lQXJndW1lbnRzIjogbnVsbCwNCiAgImFkZGl0aW9uYWxMaWJyYXJ5VXJpcyI6IG51bGwsDQogICJsYW5ndWFnZSI6IG51bGwsDQogICJlbnZpcm9ubWVudEFydGlmYWN0SWQiOiBudWxsDQp9",
        "payloadType": "InlineBase64"}, {"path": ".platform", "payload": "ewogICIkc2NoZW1hIjogImh0dHBzOi8vZGV2ZWxvcGVyLm1pY3Jvc29mdC5jb20vanNvbi1zY2hlbWFzL2ZhYnJpYy9naXRJbnRlZ3JhdGlvbi9wbGF0Zm9ybVByb3BlcnRpZXMvMi4wLjAvc2NoZW1hLmpzb24iLAogICJtZXRhZGF0YSI6IHsKICAgICJ0eXBlIjogIlNwYXJrSm9iRGVmaW5pdGlvbiIsCiAgICAiZGlzcGxheU5hbWUiOiAiZmFiY2xpMDAwMDAxIiwKICAgICJkZXNjcmlwdGlvbiI6ICJDcmVhdGVkIGJ5IGZhYiIKICB9LAogICJjb25maWciOiB7CiAgICAidmVyc2lvbiI6ICIyLjAiLAogICAgImxvZ2ljYWxJZCI6ICIwMDAwMDAwMC0wMDAwLTAwMDAtMDAwMC0wMDAwMDAwMDAwMDAiCiAgfQp9",
        "payloadType": "InlineBase64"}]}}'
    headers:
      Access-Control-Expose-Headers:
      - RequestId
      Cache-Control:
      - no-store, must-revalidate, no-cache
      Content-Encoding:
      - gzip
      Content-Length:
      - '616'
      Content-Type:
      - application/json; charset=utf-8
      Date:
      - Thu, 29 Jan 2026 06:01:09 GMT
      Pragma:
      - no-cache
      RequestId:
      - 536bf957-1878-46d6-a038-6319f66c9cd4
      Strict-Transport-Security:
      - max-age=31536000; includeSubDomains
      X-Content-Type-Options:
      - nosniff
      X-Frame-Options:
      - deny
      home-cluster-uri:
      - https://wabi-us-central-b-primary-redirect.analysis.windows.net/
      request-redirected:
      - 'true'
    status:
      code: 200
      message: OK
- request:
    body: null
    headers:
      Accept:
      - '*/*'
      Accept-Encoding:
      - gzip, deflate
      Connection:
      - keep-alive
      Content-Type:
      - application/json
      User-Agent:
      - ms-fabric-cli-test/1.3.1
    method: GET
    uri: https://api.fabric.microsoft.com/v1/workspaces
  response:
    body:
      string: '{"value": [{"id": "3634a139-2c9e-4205-910b-3b089a31be47", "displayName":
        "My workspace", "description": "", "type": "Personal"}, {"id": "97f5c8a4-1588-4a59-9b51-2c7ba0f73761",
        "displayName": "fabriccli_WorkspacePerTestclass_000001", "description": "Created
        by fab", "type": "Workspace", "capacityId": "00000000-0000-0000-0000-000000000004"}]}'
    headers:
      Access-Control-Expose-Headers:
      - RequestId
      Cache-Control:
      - no-store, must-revalidate, no-cache
      Content-Encoding:
      - gzip
      Content-Length:
      - '2306'
      Content-Type:
      - application/json; charset=utf-8
      Date:
      - Thu, 29 Jan 2026 06:01:10 GMT
      Pragma:
      - no-cache
      RequestId:
      - 6530bcc2-c7e9-43b5-8d56-c0c09c9eb861
      Strict-Transport-Security:
      - max-age=31536000; includeSubDomains
      X-Content-Type-Options:
      - nosniff
      X-Frame-Options:
      - deny
      home-cluster-uri:
      - https://wabi-us-central-b-primary-redirect.analysis.windows.net/
      request-redirected:
      - 'true'
    status:
      code: 200
      message: OK
- request:
    body: null
    headers:
      Accept:
      - '*/*'
      Accept-Encoding:
      - gzip, deflate
      Connection:
      - keep-alive
      Content-Type:
      - application/json
      User-Agent:
      - ms-fabric-cli-test/1.3.1
    method: GET
    uri: https://api.fabric.microsoft.com/v1/workspaces/97f5c8a4-1588-4a59-9b51-2c7ba0f73761/items
  response:
    body:
      string: '{"value": [{"id": "f033b3c3-fb95-49bb-9ab7-a7574b6373af", "type": "Notebook",
        "displayName": "fabcli000001_new_2", "description": "Imported from fab", "workspaceId":
        "97f5c8a4-1588-4a59-9b51-2c7ba0f73761"}, {"id": "bb1c0139-4728-490e-9533-90cda19dd2c6",
        "type": "SparkJobDefinition", "displayName": "fabcli000001", "description":
        "Created by fab", "workspaceId": "97f5c8a4-1588-4a59-9b51-2c7ba0f73761"}]}'
    headers:
      Access-Control-Expose-Headers:
      - RequestId
      Cache-Control:
      - no-store, must-revalidate, no-cache
      Content-Encoding:
      - gzip
      Content-Length:
      - '254'
      Content-Type:
      - application/json; charset=utf-8
      Date:
      - Thu, 29 Jan 2026 06:01:11 GMT
      Pragma:
      - no-cache
      RequestId:
      - 3fbaf4b7-f0df-4af2-91ba-b61634d90ab3
      Strict-Transport-Security:
      - max-age=31536000; includeSubDomains
      X-Content-Type-Options:
      - nosniff
      X-Frame-Options:
      - deny
      home-cluster-uri:
      - https://wabi-us-central-b-primary-redirect.analysis.windows.net/
      request-redirected:
      - 'true'
    status:
      code: 200
      message: OK
- request:
    body: null
    headers:
      Accept:
      - '*/*'
      Accept-Encoding:
      - gzip, deflate
      Connection:
      - keep-alive
      Content-Type:
      - application/json
      User-Agent:
      - ms-fabric-cli-test/1.3.1
    method: GET
    uri: https://api.fabric.microsoft.com/v1/workspaces/97f5c8a4-1588-4a59-9b51-2c7ba0f73761/items
  response:
    body:
      string: '{"value": [{"id": "f033b3c3-fb95-49bb-9ab7-a7574b6373af", "type": "Notebook",
        "displayName": "fabcli000001_new_2", "description": "Imported from fab", "workspaceId":
        "97f5c8a4-1588-4a59-9b51-2c7ba0f73761"}, {"id": "bb1c0139-4728-490e-9533-90cda19dd2c6",
        "type": "SparkJobDefinition", "displayName": "fabcli000001", "description":
        "Created by fab", "workspaceId": "97f5c8a4-1588-4a59-9b51-2c7ba0f73761"}]}'
    headers:
      Access-Control-Expose-Headers:
      - RequestId
      Cache-Control:
      - no-store, must-revalidate, no-cache
      Content-Encoding:
      - gzip
      Content-Length:
      - '254'
      Content-Type:
      - application/json; charset=utf-8
      Date:
      - Thu, 29 Jan 2026 06:01:12 GMT
      Pragma:
      - no-cache
      RequestId:
      - 0e248188-ac8e-486c-af45-6828f18f6fea
      Strict-Transport-Security:
      - max-age=31536000; includeSubDomains
      X-Content-Type-Options:
      - nosniff
      X-Frame-Options:
      - deny
      home-cluster-uri:
      - https://wabi-us-central-b-primary-redirect.analysis.windows.net/
      request-redirected:
      - 'true'
    status:
      code: 200
      message: OK
- request:
    body: '{"type": "SparkJobDefinition", "description": "Imported from fab", "folderId":
      null, "displayName": "fabcli000001_new_3", "definition": {"format": "SparkJobDefinitionV1",
      "parts": [{"path": ".platform", "payload": "ewogICAgIiRzY2hlbWEiOiAiaHR0cHM6Ly9kZXZlbG9wZXIubWljcm9zb2Z0LmNvbS9qc29uLXNjaGVtYXMvZmFicmljL2dpdEludGVncmF0aW9uL3BsYXRmb3JtUHJvcGVydGllcy8yLjAuMC9zY2hlbWEuanNvbiIsCiAgICAibWV0YWRhdGEiOiB7CiAgICAgICAgInR5cGUiOiAiU3BhcmtKb2JEZWZpbml0aW9uIiwKICAgICAgICAiZGlzcGxheU5hbWUiOiAiZmFiY2xpMDAwMDAxIiwKICAgICAgICAiZGVzY3JpcHRpb24iOiAiQ3JlYXRlZCBieSBmYWIiCiAgICB9LAogICAgImNvbmZpZyI6IHsKICAgICAgICAidmVyc2lvbiI6ICIyLjAiLAogICAgICAgICJsb2dpY2FsSWQiOiAiMDAwMDAwMDAtMDAwMC0wMDAwLTAwMDAtMDAwMDAwMDAwMDAwIgogICAgfQp9",
      "payloadType": "InlineBase64"}, {"path": "SparkJobDefinitionV1.json", "payload":
      "ewogICAgImV4ZWN1dGFibGVGaWxlIjogbnVsbCwKICAgICJkZWZhdWx0TGFrZWhvdXNlQXJ0aWZhY3RJZCI6IG51bGwsCiAgICAibWFpbkNsYXNzIjogbnVsbCwKICAgICJhZGRpdGlvbmFsTGFrZWhvdXNlSWRzIjogW10sCiAgICAicmV0cnlQb2xpY3kiOiBudWxsLAogICAgImNvbW1hbmRMaW5lQXJndW1lbnRzIjogbnVsbCwKICAgICJhZGRpdGlvbmFsTGlicmFyeVVyaXMiOiBudWxsLAogICAgImxhbmd1YWdlIjogbnVsbCwKICAgICJlbnZpcm9ubWVudEFydGlmYWN0SWQiOiBudWxsCn0=",
      "payloadType": "InlineBase64"}]}}'
    headers:
      Accept:
      - '*/*'
      Accept-Encoding:
      - gzip, deflate
      Connection:
      - keep-alive
      Content-Length:
      - '1220'
      Content-Type:
      - application/json
      User-Agent:
      - ms-fabric-cli-test/1.3.1
    method: POST
    uri: https://api.fabric.microsoft.com/v1/workspaces/97f5c8a4-1588-4a59-9b51-2c7ba0f73761/items
  response:
    body:
      string: '{"id": "4021c09a-ec4e-497c-9e7f-c32d00eba90c", "type": "SparkJobDefinition",
        "displayName": "fabcli000001_new_3", "description": "Imported from fab", "workspaceId":
        "97f5c8a4-1588-4a59-9b51-2c7ba0f73761"}'
    headers:
      Access-Control-Expose-Headers:
      - RequestId,ETag
      Cache-Control:
      - no-store, must-revalidate, no-cache
      Content-Encoding:
      - gzip
      Content-Length:
      - '182'
      Content-Type:
      - application/json; charset=utf-8
      Date:
      - Thu, 29 Jan 2026 06:01:13 GMT
      ETag:
      - '""'
      Pragma:
      - no-cache
      RequestId:
      - 7543bf81-9018-4d1f-98ee-e354525a5ae6
      Strict-Transport-Security:
      - max-age=31536000; includeSubDomains
      X-Content-Type-Options:
      - nosniff
      X-Frame-Options:
      - deny
      home-cluster-uri:
      - https://wabi-us-central-b-primary-redirect.analysis.windows.net/
      request-redirected:
      - 'true'
    status:
      code: 201
      message: Created
- request:
    body: null
    headers:
      Accept:
      - '*/*'
      Accept-Encoding:
      - gzip, deflate
      Connection:
      - keep-alive
      Content-Type:
      - application/json
      User-Agent:
      - ms-fabric-cli-test/1.3.1
    method: GET
    uri: https://api.fabric.microsoft.com/v1/workspaces
  response:
    body:
      string: '{"value": [{"id": "3634a139-2c9e-4205-910b-3b089a31be47", "displayName":
        "My workspace", "description": "", "type": "Personal"}, {"id": "97f5c8a4-1588-4a59-9b51-2c7ba0f73761",
        "displayName": "fabriccli_WorkspacePerTestclass_000001", "description": "Created
        by fab", "type": "Workspace", "capacityId": "00000000-0000-0000-0000-000000000004"}]}'
    headers:
      Access-Control-Expose-Headers:
      - RequestId
      Cache-Control:
      - no-store, must-revalidate, no-cache
      Content-Encoding:
      - gzip
      Content-Length:
      - '2306'
      Content-Type:
      - application/json; charset=utf-8
      Date:
      - Thu, 29 Jan 2026 06:01:15 GMT
      Pragma:
      - no-cache
      RequestId:
      - 9949d822-aa35-4d26-ad81-0ae5163d1356
      Strict-Transport-Security:
      - max-age=31536000; includeSubDomains
      X-Content-Type-Options:
      - nosniff
      X-Frame-Options:
      - deny
      home-cluster-uri:
      - https://wabi-us-central-b-primary-redirect.analysis.windows.net/
      request-redirected:
      - 'true'
    status:
      code: 200
      message: OK
- request:
    body: null
    headers:
      Accept:
      - '*/*'
      Accept-Encoding:
      - gzip, deflate
      Connection:
      - keep-alive
      Content-Type:
      - application/json
      User-Agent:
      - ms-fabric-cli-test/1.3.1
    method: GET
    uri: https://api.fabric.microsoft.com/v1/workspaces/97f5c8a4-1588-4a59-9b51-2c7ba0f73761/items
  response:
    body:
      string: '{"value": [{"id": "f033b3c3-fb95-49bb-9ab7-a7574b6373af", "type": "Notebook",
        "displayName": "fabcli000001_new_2", "description": "Imported from fab", "workspaceId":
        "97f5c8a4-1588-4a59-9b51-2c7ba0f73761"}, {"id": "bb1c0139-4728-490e-9533-90cda19dd2c6",
        "type": "SparkJobDefinition", "displayName": "fabcli000001", "description":
        "Created by fab", "workspaceId": "97f5c8a4-1588-4a59-9b51-2c7ba0f73761"},
        {"id": "4021c09a-ec4e-497c-9e7f-c32d00eba90c", "type": "SparkJobDefinition",
        "displayName": "fabcli000001_new_3", "description": "Imported from fab", "workspaceId":
        "97f5c8a4-1588-4a59-9b51-2c7ba0f73761"}]}'
    headers:
      Access-Control-Expose-Headers:
      - RequestId
      Cache-Control:
      - no-store, must-revalidate, no-cache
      Content-Encoding:
      - gzip
      Content-Length:
      - '287'
      Content-Type:
      - application/json; charset=utf-8
      Date:
      - Thu, 29 Jan 2026 06:01:15 GMT
      Pragma:
      - no-cache
      RequestId:
      - 3b6b2abf-e9ba-4dd8-a4e4-dc2775ed2ca3
      Strict-Transport-Security:
      - max-age=31536000; includeSubDomains
      X-Content-Type-Options:
      - nosniff
      X-Frame-Options:
      - deny
      home-cluster-uri:
      - https://wabi-us-central-b-primary-redirect.analysis.windows.net/
      request-redirected:
      - 'true'
    status:
      code: 200
      message: OK
- request:
    body: null
    headers:
      Accept:
      - '*/*'
      Accept-Encoding:
      - gzip, deflate
      Connection:
      - keep-alive
      Content-Length:
      - '0'
      Content-Type:
      - application/json
      User-Agent:
      - ms-fabric-cli-test/1.3.1
    method: DELETE
    uri: https://api.fabric.microsoft.com/v1/workspaces/97f5c8a4-1588-4a59-9b51-2c7ba0f73761/items/bb1c0139-4728-490e-9533-90cda19dd2c6
  response:
    body:
      string: ''
    headers:
      Access-Control-Expose-Headers:
      - RequestId
      Cache-Control:
      - no-store, must-revalidate, no-cache
      Content-Encoding:
      - gzip
      Content-Length:
      - '0'
      Content-Type:
      - application/octet-stream
      Date:
      - Thu, 29 Jan 2026 06:01:16 GMT
      Pragma:
      - no-cache
      RequestId:
      - 15e3ff8f-f49d-431b-98df-b72247414382
      Strict-Transport-Security:
      - max-age=31536000; includeSubDomains
      X-Content-Type-Options:
      - nosniff
      X-Frame-Options:
      - deny
      home-cluster-uri:
      - https://wabi-us-central-b-primary-redirect.analysis.windows.net/
      request-redirected:
      - 'true'
    status:
      code: 200
      message: OK
version: 1
