interactions:
- request:
    body: null
    headers:
      Accept:
      - '*/*'
      Accept-Encoding:
      - gzip, deflate
      Connection:
      - keep-alive
      Content-Type:
      - application/json
      User-Agent:
      - ms-fabric-cli-test/1.3.1
    method: GET
    uri: https://api.fabric.microsoft.com/v1/workspaces
  response:
    body:
      string: '{"value": [{"id": "3634a139-2c9e-4205-910b-3b089a31be47", "displayName":
        "My workspace", "description": "", "type": "Personal"}, {"id": "97f5c8a4-1588-4a59-9b51-2c7ba0f73761",
        "displayName": "fabriccli_WorkspacePerTestclass_000001", "description": "Created
        by fab", "type": "Workspace", "capacityId": "00000000-0000-0000-0000-000000000004"}]}'
    headers:
      Access-Control-Expose-Headers:
      - RequestId
      Cache-Control:
      - no-store, must-revalidate, no-cache
      Content-Encoding:
      - gzip
      Content-Length:
      - '2306'
      Content-Type:
      - application/json; charset=utf-8
      Date:
      - Thu, 29 Jan 2026 06:06:11 GMT
      Pragma:
      - no-cache
      RequestId:
      - c582a676-eb61-4fa9-a4a1-a0fb402c32d6
      Strict-Transport-Security:
      - max-age=31536000; includeSubDomains
      X-Content-Type-Options:
      - nosniff
      X-Frame-Options:
      - deny
      home-cluster-uri:
      - https://wabi-us-central-b-primary-redirect.analysis.windows.net/
      request-redirected:
      - 'true'
    status:
      code: 200
      message: OK
- request:
    body: null
    headers:
      Accept:
      - '*/*'
      Accept-Encoding:
      - gzip, deflate
      Connection:
      - keep-alive
      Content-Type:
      - application/json
      User-Agent:
      - ms-fabric-cli-test/1.3.1
    method: GET
    uri: https://api.fabric.microsoft.com/v1/workspaces/97f5c8a4-1588-4a59-9b51-2c7ba0f73761/items
  response:
    body:
      string: '{"value": [{"id": "914ed2ae-b17a-439b-9fd4-ec84d034f4a9", "type": "Report",
        "displayName": "fabcli000001_new_5", "description": "Imported from fab", "workspaceId":
        "97f5c8a4-1588-4a59-9b51-2c7ba0f73761"}, {"id": "d214eefa-9c3c-47d6-8cf6-92b7fca6a571",
        "type": "SemanticModel", "displayName": "fabcli000001_auto", "description":
        "", "workspaceId": "97f5c8a4-1588-4a59-9b51-2c7ba0f73761"}, {"id": "5c12b14f-5a65-456e-bb90-ed29a4328135",
        "type": "SemanticModel", "displayName": "fabcli000001_new_6", "description":
        "", "workspaceId": "97f5c8a4-1588-4a59-9b51-2c7ba0f73761"}, {"id": "f033b3c3-fb95-49bb-9ab7-a7574b6373af",
        "type": "Notebook", "displayName": "fabcli000001_new_2", "description": "Imported
        from fab", "workspaceId": "97f5c8a4-1588-4a59-9b51-2c7ba0f73761"}, {"id":
        "4021c09a-ec4e-497c-9e7f-c32d00eba90c", "type": "SparkJobDefinition", "displayName":
        "fabcli000001_new_3", "description": "Imported from fab", "workspaceId": "97f5c8a4-1588-4a59-9b51-2c7ba0f73761"},
        {"id": "5ad171f3-2b47-4a51-9a03-608e6fdd7cea", "type": "DataPipeline", "displayName":
        "fabcli000001_new_4", "description": "Imported from fab", "workspaceId": "97f5c8a4-1588-4a59-9b51-2c7ba0f73761"},
        {"id": "f07a30f5-3039-4984-a928-dd75fa7ddb7c", "type": "Eventhouse", "displayName":
        "fabcli000001_auto", "description": "Created by fab", "workspaceId": "97f5c8a4-1588-4a59-9b51-2c7ba0f73761"},
        {"id": "dc332919-962c-406d-b832-afb25317ac08", "type": "KQLDatabase", "displayName":
        "fabcli000001_auto", "description": "fabcli000001_auto", "workspaceId": "97f5c8a4-1588-4a59-9b51-2c7ba0f73761"},
        {"id": "75c8386c-4e3e-443a-a5b6-a84a28381fc0", "type": "KQLDatabase", "displayName":
        "fabcli000001_new_7", "description": "Imported from fab", "workspaceId": "97f5c8a4-1588-4a59-9b51-2c7ba0f73761"}]}'
    headers:
      Access-Control-Expose-Headers:
      - RequestId
      Cache-Control:
      - no-store, must-revalidate, no-cache
      Content-Encoding:
      - gzip
      Content-Length:
      - '546'
      Content-Type:
      - application/json; charset=utf-8
      Date:
      - Thu, 29 Jan 2026 06:06:12 GMT
      Pragma:
      - no-cache
      RequestId:
      - 28ab2e10-b3b9-479b-b11d-cc6b6541a4f0
      Strict-Transport-Security:
      - max-age=31536000; includeSubDomains
      X-Content-Type-Options:
      - nosniff
      X-Frame-Options:
      - deny
      home-cluster-uri:
      - https://wabi-us-central-b-primary-redirect.analysis.windows.net/
      request-redirected:
      - 'true'
    status:
      code: 200
      message: OK
- request:
    body: null
    headers:
      Accept:
      - '*/*'
      Accept-Encoding:
      - gzip, deflate
      Connection:
      - keep-alive
      Content-Type:
      - application/json
      User-Agent:
      - ms-fabric-cli-test/1.3.1
    method: GET
    uri: https://api.fabric.microsoft.com/v1/workspaces/97f5c8a4-1588-4a59-9b51-2c7ba0f73761/items
  response:
    body:
      string: '{"value": [{"id": "914ed2ae-b17a-439b-9fd4-ec84d034f4a9", "type": "Report",
        "displayName": "fabcli000001_new_5", "description": "Imported from fab", "workspaceId":
        "97f5c8a4-1588-4a59-9b51-2c7ba0f73761"}, {"id": "d214eefa-9c3c-47d6-8cf6-92b7fca6a571",
        "type": "SemanticModel", "displayName": "fabcli000001_auto", "description":
        "", "workspaceId": "97f5c8a4-1588-4a59-9b51-2c7ba0f73761"}, {"id": "5c12b14f-5a65-456e-bb90-ed29a4328135",
        "type": "SemanticModel", "displayName": "fabcli000001_new_6", "description":
        "", "workspaceId": "97f5c8a4-1588-4a59-9b51-2c7ba0f73761"}, {"id": "f033b3c3-fb95-49bb-9ab7-a7574b6373af",
        "type": "Notebook", "displayName": "fabcli000001_new_2", "description": "Imported
        from fab", "workspaceId": "97f5c8a4-1588-4a59-9b51-2c7ba0f73761"}, {"id":
        "4021c09a-ec4e-497c-9e7f-c32d00eba90c", "type": "SparkJobDefinition", "displayName":
        "fabcli000001_new_3", "description": "Imported from fab", "workspaceId": "97f5c8a4-1588-4a59-9b51-2c7ba0f73761"},
        {"id": "5ad171f3-2b47-4a51-9a03-608e6fdd7cea", "type": "DataPipeline", "displayName":
        "fabcli000001_new_4", "description": "Imported from fab", "workspaceId": "97f5c8a4-1588-4a59-9b51-2c7ba0f73761"},
        {"id": "f07a30f5-3039-4984-a928-dd75fa7ddb7c", "type": "Eventhouse", "displayName":
        "fabcli000001_auto", "description": "Created by fab", "workspaceId": "97f5c8a4-1588-4a59-9b51-2c7ba0f73761"},
        {"id": "dc332919-962c-406d-b832-afb25317ac08", "type": "KQLDatabase", "displayName":
        "fabcli000001_auto", "description": "fabcli000001_auto", "workspaceId": "97f5c8a4-1588-4a59-9b51-2c7ba0f73761"},
        {"id": "75c8386c-4e3e-443a-a5b6-a84a28381fc0", "type": "KQLDatabase", "displayName":
        "fabcli000001_new_7", "description": "Imported from fab", "workspaceId": "97f5c8a4-1588-4a59-9b51-2c7ba0f73761"}]}'
    headers:
      Access-Control-Expose-Headers:
      - RequestId
      Cache-Control:
      - no-store, must-revalidate, no-cache
      Content-Encoding:
      - gzip
      Content-Length:
      - '546'
      Content-Type:
      - application/json; charset=utf-8
      Date:
      - Thu, 29 Jan 2026 06:06:13 GMT
      Pragma:
      - no-cache
      RequestId:
      - 724399fe-3efd-49ae-a652-54e247e7b7d2
      Strict-Transport-Security:
      - max-age=31536000; includeSubDomains
      X-Content-Type-Options:
      - nosniff
      X-Frame-Options:
      - deny
      home-cluster-uri:
      - https://wabi-us-central-b-primary-redirect.analysis.windows.net/
      request-redirected:
      - 'true'
    status:
      code: 200
      message: OK
- request:
    body: '{"description": "Created by fab", "displayName": "fabcli000001", "type":
      "KQLQueryset", "folderId": null}'
    headers:
      Accept:
      - '*/*'
      Accept-Encoding:
      - gzip, deflate
      Connection:
      - keep-alive
      Content-Length:
      - '109'
      Content-Type:
      - application/json
      User-Agent:
      - ms-fabric-cli-test/1.3.1
    method: POST
    uri: https://api.fabric.microsoft.com/v1/workspaces/97f5c8a4-1588-4a59-9b51-2c7ba0f73761/kqlQuerysets
  response:
    body:
      string: '{"id": "6256f1a9-5536-45fa-b6c7-1e2dbcc28c86", "type": "KQLQueryset",
        "displayName": "fabcli000001", "description": "Created by fab", "workspaceId":
        "97f5c8a4-1588-4a59-9b51-2c7ba0f73761"}'
    headers:
      Access-Control-Expose-Headers:
      - RequestId,ETag
      Cache-Control:
      - no-store, must-revalidate, no-cache
      Content-Encoding:
      - gzip
      Content-Length:
      - '171'
      Content-Type:
      - application/json; charset=utf-8
      Date:
      - Thu, 29 Jan 2026 06:06:15 GMT
      ETag:
      - '""'
      Pragma:
      - no-cache
      RequestId:
      - 61463c5a-8da5-49c6-b351-040cfc9781ff
      Strict-Transport-Security:
      - max-age=31536000; includeSubDomains
      X-Content-Type-Options:
      - nosniff
      X-Frame-Options:
      - deny
      home-cluster-uri:
      - https://wabi-us-central-b-primary-redirect.analysis.windows.net/
      request-redirected:
      - 'true'
    status:
      code: 201
      message: Created
- request:
    body: null
    headers:
      Accept:
      - '*/*'
      Accept-Encoding:
      - gzip, deflate
      Connection:
      - keep-alive
      Content-Type:
      - application/json
      User-Agent:
      - ms-fabric-cli-test/1.3.1
    method: GET
    uri: https://api.fabric.microsoft.com/v1/workspaces
  response:
    body:
      string: '{"value": [{"id": "3634a139-2c9e-4205-910b-3b089a31be47", "displayName":
        "My workspace", "description": "", "type": "Personal"}, {"id": "97f5c8a4-1588-4a59-9b51-2c7ba0f73761",
        "displayName": "fabriccli_WorkspacePerTestclass_000001", "description": "Created
        by fab", "type": "Workspace", "capacityId": "00000000-0000-0000-0000-000000000004"}]}'
    headers:
      Access-Control-Expose-Headers:
      - RequestId
      Cache-Control:
      - no-store, must-revalidate, no-cache
      Content-Encoding:
      - gzip
      Content-Length:
      - '2306'
      Content-Type:
      - application/json; charset=utf-8
      Date:
      - Thu, 29 Jan 2026 06:06:15 GMT
      Pragma:
      - no-cache
      RequestId:
      - 960b7fa6-7e98-448a-9da0-30a9bcd6f185
      Strict-Transport-Security:
      - max-age=31536000; includeSubDomains
      X-Content-Type-Options:
      - nosniff
      X-Frame-Options:
      - deny
      home-cluster-uri:
      - https://wabi-us-central-b-primary-redirect.analysis.windows.net/
      request-redirected:
      - 'true'
    status:
      code: 200
      message: OK
- request:
    body: null
    headers:
      Accept:
      - '*/*'
      Accept-Encoding:
      - gzip, deflate
      Connection:
      - keep-alive
      Content-Type:
      - application/json
      User-Agent:
      - ms-fabric-cli-test/1.3.1
    method: GET
    uri: https://api.fabric.microsoft.com/v1/workspaces/97f5c8a4-1588-4a59-9b51-2c7ba0f73761/items
  response:
    body:
      string: '{"value": [{"id": "914ed2ae-b17a-439b-9fd4-ec84d034f4a9", "type": "Report",
        "displayName": "fabcli000001_new_5", "description": "Imported from fab", "workspaceId":
        "97f5c8a4-1588-4a59-9b51-2c7ba0f73761"}, {"id": "d214eefa-9c3c-47d6-8cf6-92b7fca6a571",
        "type": "SemanticModel", "displayName": "fabcli000001_auto", "description":
        "", "workspaceId": "97f5c8a4-1588-4a59-9b51-2c7ba0f73761"}, {"id": "5c12b14f-5a65-456e-bb90-ed29a4328135",
        "type": "SemanticModel", "displayName": "fabcli000001_new_6", "description":
        "", "workspaceId": "97f5c8a4-1588-4a59-9b51-2c7ba0f73761"}, {"id": "f033b3c3-fb95-49bb-9ab7-a7574b6373af",
        "type": "Notebook", "displayName": "fabcli000001_new_2", "description": "Imported
        from fab", "workspaceId": "97f5c8a4-1588-4a59-9b51-2c7ba0f73761"}, {"id":
        "4021c09a-ec4e-497c-9e7f-c32d00eba90c", "type": "SparkJobDefinition", "displayName":
        "fabcli000001_new_3", "description": "Imported from fab", "workspaceId": "97f5c8a4-1588-4a59-9b51-2c7ba0f73761"},
        {"id": "5ad171f3-2b47-4a51-9a03-608e6fdd7cea", "type": "DataPipeline", "displayName":
        "fabcli000001_new_4", "description": "Imported from fab", "workspaceId": "97f5c8a4-1588-4a59-9b51-2c7ba0f73761"},
        {"id": "f07a30f5-3039-4984-a928-dd75fa7ddb7c", "type": "Eventhouse", "displayName":
        "fabcli000001_auto", "description": "Created by fab", "workspaceId": "97f5c8a4-1588-4a59-9b51-2c7ba0f73761"},
        {"id": "dc332919-962c-406d-b832-afb25317ac08", "type": "KQLDatabase", "displayName":
        "fabcli000001_auto", "description": "fabcli000001_auto", "workspaceId": "97f5c8a4-1588-4a59-9b51-2c7ba0f73761"},
        {"id": "75c8386c-4e3e-443a-a5b6-a84a28381fc0", "type": "KQLDatabase", "displayName":
        "fabcli000001_new_7", "description": "Imported from fab", "workspaceId": "97f5c8a4-1588-4a59-9b51-2c7ba0f73761"},
        {"id": "6256f1a9-5536-45fa-b6c7-1e2dbcc28c86", "type": "KQLQueryset", "displayName":
        "fabcli000001", "description": "Created by fab", "workspaceId": "97f5c8a4-1588-4a59-9b51-2c7ba0f73761"}]}'
    headers:
      Access-Control-Expose-Headers:
      - RequestId
      Cache-Control:
      - no-store, must-revalidate, no-cache
      Content-Encoding:
      - gzip
      Content-Length:
      - '591'
      Content-Type:
      - application/json; charset=utf-8
      Date:
      - Thu, 29 Jan 2026 06:06:16 GMT
      Pragma:
      - no-cache
      RequestId:
      - a18aea28-14b6-4cb2-97a8-f43aae51fb0e
      Strict-Transport-Security:
      - max-age=31536000; includeSubDomains
      X-Content-Type-Options:
      - nosniff
      X-Frame-Options:
      - deny
      home-cluster-uri:
      - https://wabi-us-central-b-primary-redirect.analysis.windows.net/
      request-redirected:
      - 'true'
    status:
      code: 200
      message: OK
- request:
    body: null
    headers:
      Accept:
      - '*/*'
      Accept-Encoding:
      - gzip, deflate
      Connection:
      - keep-alive
      Content-Type:
      - application/json
      User-Agent:
      - ms-fabric-cli-test/1.3.1
    method: GET
    uri: https://api.fabric.microsoft.com/v1/workspaces/97f5c8a4-1588-4a59-9b51-2c7ba0f73761/items/6256f1a9-5536-45fa-b6c7-1e2dbcc28c86
  response:
    body:
      string: '{"id": "6256f1a9-5536-45fa-b6c7-1e2dbcc28c86", "type": "KQLQueryset",
        "displayName": "fabcli000001", "description": "Created by fab", "workspaceId":
        "97f5c8a4-1588-4a59-9b51-2c7ba0f73761"}'
    headers:
      Access-Control-Expose-Headers:
      - RequestId,ETag
      Cache-Control:
      - no-store, must-revalidate, no-cache
      Content-Encoding:
      - gzip
      Content-Length:
      - '171'
      Content-Type:
      - application/json; charset=utf-8
      Date:
      - Thu, 29 Jan 2026 06:06:17 GMT
      ETag:
      - '""'
      Pragma:
      - no-cache
      RequestId:
      - f03d25ed-bf21-4af1-8183-6a41912ee7e7
      Strict-Transport-Security:
      - max-age=31536000; includeSubDomains
      X-Content-Type-Options:
      - nosniff
      X-Frame-Options:
      - deny
      home-cluster-uri:
      - https://wabi-us-central-b-primary-redirect.analysis.windows.net/
      request-redirected:
      - 'true'
    status:
      code: 200
      message: OK
- request:
    body: null
    headers:
      Accept:
      - '*/*'
      Accept-Encoding:
      - gzip, deflate
      Connection:
      - keep-alive
      Content-Length:
      - '0'
      Content-Type:
      - application/json
      User-Agent:
      - ms-fabric-cli-test/1.3.1
    method: POST
    uri: https://api.fabric.microsoft.com/v1/workspaces/97f5c8a4-1588-4a59-9b51-2c7ba0f73761/items/6256f1a9-5536-45fa-b6c7-1e2dbcc28c86/getDefinition
  response:
    body:
      string: '{"definition": {"parts": [{"path": "RealTimeQueryset.json", "payload":
        "e30=", "payloadType": "InlineBase64"}, {"path": ".platform", "payload": "ewogICIkc2NoZW1hIjogImh0dHBzOi8vZGV2ZWxvcGVyLm1pY3Jvc29mdC5jb20vanNvbi1zY2hlbWFzL2ZhYnJpYy9naXRJbnRlZ3JhdGlvbi9wbGF0Zm9ybVByb3BlcnRpZXMvMi4wLjAvc2NoZW1hLmpzb24iLAogICJtZXRhZGF0YSI6IHsKICAgICJ0eXBlIjogIktRTFF1ZXJ5c2V0IiwKICAgICJkaXNwbGF5TmFtZSI6ICJmYWJjbGkwMDAwMDEiLAogICAgImRlc2NyaXB0aW9uIjogIkNyZWF0ZWQgYnkgZmFiIgogIH0sCiAgImNvbmZpZyI6IHsKICAgICJ2ZXJzaW9uIjogIjIuMCIsCiAgICAibG9naWNhbElkIjogIjAwMDAwMDAwLTAwMDAtMDAwMC0wMDAwLTAwMDAwMDAwMDAwMCIKICB9Cn0=",
        "payloadType": "InlineBase64"}]}}'
    headers:
      Access-Control-Expose-Headers:
      - RequestId
      Cache-Control:
      - no-store, must-revalidate, no-cache
      Content-Encoding:
      - gzip
      Content-Length:
      - '428'
      Content-Type:
      - application/json; charset=utf-8
      Date:
      - Thu, 29 Jan 2026 06:06:18 GMT
      Pragma:
      - no-cache
      RequestId:
      - 285cd962-36f0-4709-b30d-d43930c9197a
      Strict-Transport-Security:
      - max-age=31536000; includeSubDomains
      X-Content-Type-Options:
      - nosniff
      X-Frame-Options:
      - deny
      home-cluster-uri:
      - https://wabi-us-central-b-primary-redirect.analysis.windows.net/
      request-redirected:
      - 'true'
    status:
      code: 200
      message: OK
- request:
    body: null
    headers:
      Accept:
      - '*/*'
      Accept-Encoding:
      - gzip, deflate
      Connection:
      - keep-alive
      Content-Type:
      - application/json
      User-Agent:
      - ms-fabric-cli-test/1.3.1
    method: GET
    uri: https://api.fabric.microsoft.com/v1/workspaces
  response:
    body:
      string: '{"value": [{"id": "3634a139-2c9e-4205-910b-3b089a31be47", "displayName":
        "My workspace", "description": "", "type": "Personal"}, {"id": "97f5c8a4-1588-4a59-9b51-2c7ba0f73761",
        "displayName": "fabriccli_WorkspacePerTestclass_000001", "description": "Created
        by fab", "type": "Workspace", "capacityId": "00000000-0000-0000-0000-000000000004"}]}'
    headers:
      Access-Control-Expose-Headers:
      - RequestId
      Cache-Control:
      - no-store, must-revalidate, no-cache
      Content-Encoding:
      - gzip
      Content-Length:
      - '2306'
      Content-Type:
      - application/json; charset=utf-8
      Date:
      - Thu, 29 Jan 2026 06:06:19 GMT
      Pragma:
      - no-cache
      RequestId:
      - 32e90da5-ee69-480d-ae3e-6737753ca925
      Strict-Transport-Security:
      - max-age=31536000; includeSubDomains
      X-Content-Type-Options:
      - nosniff
      X-Frame-Options:
      - deny
      home-cluster-uri:
      - https://wabi-us-central-b-primary-redirect.analysis.windows.net/
      request-redirected:
      - 'true'
    status:
      code: 200
      message: OK
- request:
    body: null
    headers:
      Accept:
      - '*/*'
      Accept-Encoding:
      - gzip, deflate
      Connection:
      - keep-alive
      Content-Type:
      - application/json
      User-Agent:
      - ms-fabric-cli-test/1.3.1
    method: GET
    uri: https://api.fabric.microsoft.com/v1/workspaces/97f5c8a4-1588-4a59-9b51-2c7ba0f73761/items
  response:
    body:
      string: '{"value": [{"id": "914ed2ae-b17a-439b-9fd4-ec84d034f4a9", "type": "Report",
        "displayName": "fabcli000001_new_5", "description": "Imported from fab", "workspaceId":
        "97f5c8a4-1588-4a59-9b51-2c7ba0f73761"}, {"id": "d214eefa-9c3c-47d6-8cf6-92b7fca6a571",
        "type": "SemanticModel", "displayName": "fabcli000001_auto", "description":
        "", "workspaceId": "97f5c8a4-1588-4a59-9b51-2c7ba0f73761"}, {"id": "5c12b14f-5a65-456e-bb90-ed29a4328135",
        "type": "SemanticModel", "displayName": "fabcli000001_new_6", "description":
        "", "workspaceId": "97f5c8a4-1588-4a59-9b51-2c7ba0f73761"}, {"id": "f033b3c3-fb95-49bb-9ab7-a7574b6373af",
        "type": "Notebook", "displayName": "fabcli000001_new_2", "description": "Imported
        from fab", "workspaceId": "97f5c8a4-1588-4a59-9b51-2c7ba0f73761"}, {"id":
        "4021c09a-ec4e-497c-9e7f-c32d00eba90c", "type": "SparkJobDefinition", "displayName":
        "fabcli000001_new_3", "description": "Imported from fab", "workspaceId": "97f5c8a4-1588-4a59-9b51-2c7ba0f73761"},
        {"id": "5ad171f3-2b47-4a51-9a03-608e6fdd7cea", "type": "DataPipeline", "displayName":
        "fabcli000001_new_4", "description": "Imported from fab", "workspaceId": "97f5c8a4-1588-4a59-9b51-2c7ba0f73761"},
        {"id": "f07a30f5-3039-4984-a928-dd75fa7ddb7c", "type": "Eventhouse", "displayName":
        "fabcli000001_auto", "description": "Created by fab", "workspaceId": "97f5c8a4-1588-4a59-9b51-2c7ba0f73761"},
        {"id": "dc332919-962c-406d-b832-afb25317ac08", "type": "KQLDatabase", "displayName":
        "fabcli000001_auto", "description": "fabcli000001_auto", "workspaceId": "97f5c8a4-1588-4a59-9b51-2c7ba0f73761"},
        {"id": "75c8386c-4e3e-443a-a5b6-a84a28381fc0", "type": "KQLDatabase", "displayName":
        "fabcli000001_new_7", "description": "Imported from fab", "workspaceId": "97f5c8a4-1588-4a59-9b51-2c7ba0f73761"},
        {"id": "6256f1a9-5536-45fa-b6c7-1e2dbcc28c86", "type": "KQLQueryset", "displayName":
        "fabcli000001", "description": "Created by fab", "workspaceId": "97f5c8a4-1588-4a59-9b51-2c7ba0f73761"}]}'
    headers:
      Access-Control-Expose-Headers:
      - RequestId
      Cache-Control:
      - no-store, must-revalidate, no-cache
      Content-Encoding:
      - gzip
      Content-Length:
      - '591'
      Content-Type:
      - application/json; charset=utf-8
      Date:
      - Thu, 29 Jan 2026 06:06:20 GMT
      Pragma:
      - no-cache
      RequestId:
      - c8e40d01-c7a5-428f-8377-51ebf2242c3c
      Strict-Transport-Security:
      - max-age=31536000; includeSubDomains
      X-Content-Type-Options:
      - nosniff
      X-Frame-Options:
      - deny
      home-cluster-uri:
      - https://wabi-us-central-b-primary-redirect.analysis.windows.net/
      request-redirected:
      - 'true'
    status:
      code: 200
      message: OK
- request:
    body: null
    headers:
      Accept:
      - '*/*'
      Accept-Encoding:
      - gzip, deflate
      Connection:
      - keep-alive
      Content-Type:
      - application/json
      User-Agent:
      - ms-fabric-cli-test/1.3.1
    method: GET
    uri: https://api.fabric.microsoft.com/v1/workspaces/97f5c8a4-1588-4a59-9b51-2c7ba0f73761/items
  response:
    body:
      string: '{"value": [{"id": "914ed2ae-b17a-439b-9fd4-ec84d034f4a9", "type": "Report",
        "displayName": "fabcli000001_new_5", "description": "Imported from fab", "workspaceId":
        "97f5c8a4-1588-4a59-9b51-2c7ba0f73761"}, {"id": "d214eefa-9c3c-47d6-8cf6-92b7fca6a571",
        "type": "SemanticModel", "displayName": "fabcli000001_auto", "description":
        "", "workspaceId": "97f5c8a4-1588-4a59-9b51-2c7ba0f73761"}, {"id": "5c12b14f-5a65-456e-bb90-ed29a4328135",
        "type": "SemanticModel", "displayName": "fabcli000001_new_6", "description":
        "", "workspaceId": "97f5c8a4-1588-4a59-9b51-2c7ba0f73761"}, {"id": "f033b3c3-fb95-49bb-9ab7-a7574b6373af",
        "type": "Notebook", "displayName": "fabcli000001_new_2", "description": "Imported
        from fab", "workspaceId": "97f5c8a4-1588-4a59-9b51-2c7ba0f73761"}, {"id":
        "4021c09a-ec4e-497c-9e7f-c32d00eba90c", "type": "SparkJobDefinition", "displayName":
        "fabcli000001_new_3", "description": "Imported from fab", "workspaceId": "97f5c8a4-1588-4a59-9b51-2c7ba0f73761"},
        {"id": "5ad171f3-2b47-4a51-9a03-608e6fdd7cea", "type": "DataPipeline", "displayName":
        "fabcli000001_new_4", "description": "Imported from fab", "workspaceId": "97f5c8a4-1588-4a59-9b51-2c7ba0f73761"},
        {"id": "f07a30f5-3039-4984-a928-dd75fa7ddb7c", "type": "Eventhouse", "displayName":
        "fabcli000001_auto", "description": "Created by fab", "workspaceId": "97f5c8a4-1588-4a59-9b51-2c7ba0f73761"},
        {"id": "dc332919-962c-406d-b832-afb25317ac08", "type": "KQLDatabase", "displayName":
        "fabcli000001_auto", "description": "fabcli000001_auto", "workspaceId": "97f5c8a4-1588-4a59-9b51-2c7ba0f73761"},
        {"id": "75c8386c-4e3e-443a-a5b6-a84a28381fc0", "type": "KQLDatabase", "displayName":
        "fabcli000001_new_7", "description": "Imported from fab", "workspaceId": "97f5c8a4-1588-4a59-9b51-2c7ba0f73761"},
        {"id": "6256f1a9-5536-45fa-b6c7-1e2dbcc28c86", "type": "KQLQueryset", "displayName":
        "fabcli000001", "description": "Created by fab", "workspaceId": "97f5c8a4-1588-4a59-9b51-2c7ba0f73761"}]}'
    headers:
      Access-Control-Expose-Headers:
      - RequestId
      Cache-Control:
      - no-store, must-revalidate, no-cache
      Content-Encoding:
      - gzip
      Content-Length:
      - '591'
      Content-Type:
      - application/json; charset=utf-8
      Date:
      - Thu, 29 Jan 2026 06:06:21 GMT
      Pragma:
      - no-cache
      RequestId:
      - 6bfcb6ff-e938-49ed-a79c-a8ecd114cb68
      Strict-Transport-Security:
      - max-age=31536000; includeSubDomains
      X-Content-Type-Options:
      - nosniff
      X-Frame-Options:
      - deny
      home-cluster-uri:
      - https://wabi-us-central-b-primary-redirect.analysis.windows.net/
      request-redirected:
      - 'true'
    status:
      code: 200
      message: OK
- request:
    body: '{"type": "KQLQueryset", "description": "Imported from fab", "folderId":
      null, "displayName": "fabcli000001_new_8", "definition": {"parts": [{"path":
      ".platform", "payload": "ewogICAgIiRzY2hlbWEiOiAiaHR0cHM6Ly9kZXZlbG9wZXIubWljcm9zb2Z0LmNvbS9qc29uLXNjaGVtYXMvZmFicmljL2dpdEludGVncmF0aW9uL3BsYXRmb3JtUHJvcGVydGllcy8yLjAuMC9zY2hlbWEuanNvbiIsCiAgICAibWV0YWRhdGEiOiB7CiAgICAgICAgInR5cGUiOiAiS1FMUXVlcnlzZXQiLAogICAgICAgICJkaXNwbGF5TmFtZSI6ICJmYWJjbGkwMDAwMDEiLAogICAgICAgICJkZXNjcmlwdGlvbiI6ICJDcmVhdGVkIGJ5IGZhYiIKICAgIH0sCiAgICAiY29uZmlnIjogewogICAgICAgICJ2ZXJzaW9uIjogIjIuMCIsCiAgICAgICAgImxvZ2ljYWxJZCI6ICIwMDAwMDAwMC0wMDAwLTAwMDAtMDAwMC0wMDAwMDAwMDAwMDAiCiAgICB9Cn0=",
      "payloadType": "InlineBase64"}, {"path": "RealTimeQueryset.json", "payload":
      "e30=", "payloadType": "InlineBase64"}]}}'
    headers:
      Accept:
      - '*/*'
      Accept-Encoding:
      - gzip, deflate
      Connection:
      - keep-alive
      Content-Length:
      - '795'
      Content-Type:
      - application/json
      User-Agent:
      - ms-fabric-cli-test/1.3.1
    method: POST
    uri: https://api.fabric.microsoft.com/v1/workspaces/97f5c8a4-1588-4a59-9b51-2c7ba0f73761/items
  response:
    body:
      string: '{"id": "65326d62-1496-41cf-960d-52a06cad95df", "type": "KQLQueryset",
        "displayName": "fabcli000001_new_8", "description": "Imported from fab", "workspaceId":
        "97f5c8a4-1588-4a59-9b51-2c7ba0f73761"}'
    headers:
      Access-Control-Expose-Headers:
      - RequestId,ETag
      Cache-Control:
      - no-store, must-revalidate, no-cache
      Content-Encoding:
      - gzip
      Content-Length:
      - '177'
      Content-Type:
      - application/json; charset=utf-8
      Date:
      - Thu, 29 Jan 2026 06:06:22 GMT
      ETag:
      - '""'
      Pragma:
      - no-cache
      RequestId:
      - 783f7d25-51ae-44f2-b914-4b25527daaa5
      Strict-Transport-Security:
      - max-age=31536000; includeSubDomains
      X-Content-Type-Options:
      - nosniff
      X-Frame-Options:
      - deny
      home-cluster-uri:
      - https://wabi-us-central-b-primary-redirect.analysis.windows.net/
      request-redirected:
      - 'true'
    status:
      code: 201
      message: Created
- request:
    body: null
    headers:
      Accept:
      - '*/*'
      Accept-Encoding:
      - gzip, deflate
      Connection:
      - keep-alive
      Content-Type:
      - application/json
      User-Agent:
      - ms-fabric-cli-test/1.3.1
    method: GET
    uri: https://api.fabric.microsoft.com/v1/workspaces
  response:
    body:
      string: '{"value": [{"id": "3634a139-2c9e-4205-910b-3b089a31be47", "displayName":
        "My workspace", "description": "", "type": "Personal"}, {"id": "97f5c8a4-1588-4a59-9b51-2c7ba0f73761",
        "displayName": "fabriccli_WorkspacePerTestclass_000001", "description": "Created
        by fab", "type": "Workspace", "capacityId": "00000000-0000-0000-0000-000000000004"}]}'
    headers:
      Access-Control-Expose-Headers:
      - RequestId
      Cache-Control:
      - no-store, must-revalidate, no-cache
      Content-Encoding:
      - gzip
      Content-Length:
      - '2306'
      Content-Type:
      - application/json; charset=utf-8
      Date:
      - Thu, 29 Jan 2026 06:06:24 GMT
      Pragma:
      - no-cache
      RequestId:
      - 13be394f-d9d7-4146-bc36-6798c2b39b7d
      Strict-Transport-Security:
      - max-age=31536000; includeSubDomains
      X-Content-Type-Options:
      - nosniff
      X-Frame-Options:
      - deny
      home-cluster-uri:
      - https://wabi-us-central-b-primary-redirect.analysis.windows.net/
      request-redirected:
      - 'true'
    status:
      code: 200
      message: OK
- request:
    body: null
    headers:
      Accept:
      - '*/*'
      Accept-Encoding:
      - gzip, deflate
      Connection:
      - keep-alive
      Content-Type:
      - application/json
      User-Agent:
      - ms-fabric-cli-test/1.3.1
    method: GET
    uri: https://api.fabric.microsoft.com/v1/workspaces/97f5c8a4-1588-4a59-9b51-2c7ba0f73761/items
  response:
    body:
      string: '{"value": [{"id": "914ed2ae-b17a-439b-9fd4-ec84d034f4a9", "type": "Report",
        "displayName": "fabcli000001_new_5", "description": "Imported from fab", "workspaceId":
        "97f5c8a4-1588-4a59-9b51-2c7ba0f73761"}, {"id": "d214eefa-9c3c-47d6-8cf6-92b7fca6a571",
        "type": "SemanticModel", "displayName": "fabcli000001_auto", "description":
        "", "workspaceId": "97f5c8a4-1588-4a59-9b51-2c7ba0f73761"}, {"id": "5c12b14f-5a65-456e-bb90-ed29a4328135",
        "type": "SemanticModel", "displayName": "fabcli000001_new_6", "description":
        "", "workspaceId": "97f5c8a4-1588-4a59-9b51-2c7ba0f73761"}, {"id": "f033b3c3-fb95-49bb-9ab7-a7574b6373af",
        "type": "Notebook", "displayName": "fabcli000001_new_2", "description": "Imported
        from fab", "workspaceId": "97f5c8a4-1588-4a59-9b51-2c7ba0f73761"}, {"id":
        "4021c09a-ec4e-497c-9e7f-c32d00eba90c", "type": "SparkJobDefinition", "displayName":
        "fabcli000001_new_3", "description": "Imported from fab", "workspaceId": "97f5c8a4-1588-4a59-9b51-2c7ba0f73761"},
        {"id": "5ad171f3-2b47-4a51-9a03-608e6fdd7cea", "type": "DataPipeline", "displayName":
        "fabcli000001_new_4", "description": "Imported from fab", "workspaceId": "97f5c8a4-1588-4a59-9b51-2c7ba0f73761"},
        {"id": "f07a30f5-3039-4984-a928-dd75fa7ddb7c", "type": "Eventhouse", "displayName":
        "fabcli000001_auto", "description": "Created by fab", "workspaceId": "97f5c8a4-1588-4a59-9b51-2c7ba0f73761"},
        {"id": "dc332919-962c-406d-b832-afb25317ac08", "type": "KQLDatabase", "displayName":
        "fabcli000001_auto", "description": "fabcli000001_auto", "workspaceId": "97f5c8a4-1588-4a59-9b51-2c7ba0f73761"},
        {"id": "75c8386c-4e3e-443a-a5b6-a84a28381fc0", "type": "KQLDatabase", "displayName":
        "fabcli000001_new_7", "description": "Imported from fab", "workspaceId": "97f5c8a4-1588-4a59-9b51-2c7ba0f73761"},
        {"id": "6256f1a9-5536-45fa-b6c7-1e2dbcc28c86", "type": "KQLQueryset", "displayName":
        "fabcli000001", "description": "Created by fab", "workspaceId": "97f5c8a4-1588-4a59-9b51-2c7ba0f73761"},
        {"id": "65326d62-1496-41cf-960d-52a06cad95df", "type": "KQLQueryset", "displayName":
        "fabcli000001_new_8", "description": "Imported from fab", "workspaceId": "97f5c8a4-1588-4a59-9b51-2c7ba0f73761"}]}'
    headers:
      Access-Control-Expose-Headers:
      - RequestId
      Cache-Control:
      - no-store, must-revalidate, no-cache
      Content-Encoding:
      - gzip
      Content-Length:
      - '622'
      Content-Type:
      - application/json; charset=utf-8
      Date:
      - Thu, 29 Jan 2026 06:06:24 GMT
      Pragma:
      - no-cache
      RequestId:
      - d556063c-83dd-46b6-a746-7f21d62a2618
      Strict-Transport-Security:
      - max-age=31536000; includeSubDomains
      X-Content-Type-Options:
      - nosniff
      X-Frame-Options:
      - deny
      home-cluster-uri:
      - https://wabi-us-central-b-primary-redirect.analysis.windows.net/
      request-redirected:
      - 'true'
    status:
      code: 200
      message: OK
- request:
    body: null
    headers:
      Accept:
      - '*/*'
      Accept-Encoding:
      - gzip, deflate
      Connection:
      - keep-alive
      Content-Length:
      - '0'
      Content-Type:
      - application/json
      User-Agent:
      - ms-fabric-cli-test/1.3.1
    method: DELETE
    uri: https://api.fabric.microsoft.com/v1/workspaces/97f5c8a4-1588-4a59-9b51-2c7ba0f73761/items/6256f1a9-5536-45fa-b6c7-1e2dbcc28c86
  response:
    body:
      string: ''
    headers:
      Access-Control-Expose-Headers:
      - RequestId
      Cache-Control:
      - no-store, must-revalidate, no-cache
      Content-Encoding:
      - gzip
      Content-Length:
      - '0'
      Content-Type:
      - application/octet-stream
      Date:
      - Thu, 29 Jan 2026 06:06:25 GMT
      Pragma:
      - no-cache
      RequestId:
      - 972d7caf-54c6-4e74-b1d8-459d9fc8ec5a
      Strict-Transport-Security:
      - max-age=31536000; includeSubDomains
      X-Content-Type-Options:
      - nosniff
      X-Frame-Options:
      - deny
      home-cluster-uri:
      - https://wabi-us-central-b-primary-redirect.analysis.windows.net/
      request-redirected:
      - 'true'
    status:
      code: 200
      message: OK
version: 1
