interactions:
- request:
    body: null
    headers:
      Accept:
      - '*/*'
      Accept-Encoding:
      - gzip, deflate
      Connection:
      - keep-alive
      Content-Type:
      - application/json
      User-Agent:
      - ms-fabric-cli-test/1.1.0
    method: GET
    uri: https://api.fabric.microsoft.com/v1/workspaces
  response:
    body:
      string: '{"value": [{"id": "94da8ea5-0bd6-4a9e-b717-5fdb482f4c71", "displayName":
        "My workspace", "description": "", "type": "Personal"}, {"id": "c2994b45-b913-433f-965e-bb7a6d8d012a",
        "displayName": "fabriccli_WorkspacePerTestclass_000001", "description": "Created
        by fab", "type": "Workspace", "capacityId": "00000000-0000-0000-0000-000000000004"}]}'
    headers:
      Access-Control-Expose-Headers:
      - RequestId
      Cache-Control:
      - no-store, must-revalidate, no-cache
      Content-Encoding:
      - gzip
      Content-Length:
      - '567'
      Content-Type:
      - application/json; charset=utf-8
      Date:
      - Sun, 14 Sep 2025 06:46:45 GMT
      Pragma:
      - no-cache
      RequestId:
      - 4346a42e-44b8-48f1-8c6a-e0fedc385307
      Strict-Transport-Security:
      - max-age=31536000; includeSubDomains
      X-Content-Type-Options:
      - nosniff
      X-Frame-Options:
      - deny
      home-cluster-uri:
      - https://wabi-west-europe-redirect.analysis.windows.net/
      request-redirected:
      - 'true'
    status:
      code: 200
      message: OK
- request:
    body: null
    headers:
      Accept:
      - '*/*'
      Accept-Encoding:
      - gzip, deflate
      Connection:
      - keep-alive
      Content-Type:
      - application/json
      User-Agent:
      - ms-fabric-cli-test/1.1.0
    method: GET
    uri: https://api.fabric.microsoft.com/v1/workspaces/c2994b45-b913-433f-965e-bb7a6d8d012a/items
  response:
    body:
      string: '{"value": [{"id": "3afcf9cd-bcf4-4296-b909-2e2fa577cc70", "type": "Report",
        "displayName": "fabcli000001_new_6", "description": "Imported from fab", "workspaceId":
        "c2994b45-b913-433f-965e-bb7a6d8d012a"}, {"id": "ac301525-6707-43f5-b6ce-4a4f2ef78a10",
        "type": "SemanticModel", "displayName": "fabcli000001_auto", "description":
        "", "workspaceId": "c2994b45-b913-433f-965e-bb7a6d8d012a"}, {"id": "16e2b876-d40b-4005-a2b8-41d141a3c621",
        "type": "SemanticModel", "displayName": "fabcli000001_auto", "description":
        "", "workspaceId": "c2994b45-b913-433f-965e-bb7a6d8d012a"}, {"id": "6e734d42-3753-48bd-b846-cccc16cfd7c2",
        "type": "SemanticModel", "displayName": "fabcli000001_new_7", "description":
        "", "workspaceId": "c2994b45-b913-433f-965e-bb7a6d8d012a"}, {"id": "e6e830c2-8123-4374-8c58-83c807221427",
        "type": "SQLEndpoint", "displayName": "fabcli000001_new_11", "description":
        "", "workspaceId": "c2994b45-b913-433f-965e-bb7a6d8d012a"}, {"id": "dbd1c269-5c83-4fb0-95a1-610355d1b2a2",
        "type": "Eventhouse", "displayName": "fabcli000001_auto", "description": "Created
        by fab", "workspaceId": "c2994b45-b913-433f-965e-bb7a6d8d012a"}, {"id": "1023e97d-59eb-4474-8bfb-1c9db4be6711",
        "type": "KQLDatabase", "displayName": "fabcli000001_auto", "description":
        "fabcli000001_auto", "workspaceId": "c2994b45-b913-433f-965e-bb7a6d8d012a"},
        {"id": "ef777dad-3690-4a87-9b4a-acdc408acad3", "type": "Notebook", "displayName":
        "fabcli000001_new_2", "description": "Imported from fab", "workspaceId": "c2994b45-b913-433f-965e-bb7a6d8d012a"},
        {"id": "d5d99570-7a98-4d00-b823-d69d338be445", "type": "Notebook", "displayName":
        "fabcli000001_new_3", "description": "Imported from fab", "workspaceId": "c2994b45-b913-433f-965e-bb7a6d8d012a"},
        {"id": "6ae73e56-b93f-4dd9-851b-f7ffa4768f68", "type": "SparkJobDefinition",
        "displayName": "fabcli000001_new_4", "description": "Imported from fab", "workspaceId":
        "c2994b45-b913-433f-965e-bb7a6d8d012a"}, {"id": "00cc62bf-e98f-4707-83c6-acd3e762bf18",
        "type": "DataPipeline", "displayName": "fabcli000001_new_5", "description":
        "Imported from fab", "workspaceId": "c2994b45-b913-433f-965e-bb7a6d8d012a"},
        {"id": "790e5d08-014b-451e-b917-bb9c6d3229cd", "type": "Eventhouse", "displayName":
        "fabcli000001_auto", "description": "Created by fab", "workspaceId": "c2994b45-b913-433f-965e-bb7a6d8d012a"},
        {"id": "5ae81f1a-6a15-45b3-ac91-0c85ed6d8d88", "type": "KQLDatabase", "displayName":
        "fabcli000001_auto_1", "description": "fabcli000001_auto_1", "workspaceId":
        "c2994b45-b913-433f-965e-bb7a6d8d012a"}, {"id": "c0e21fa1-4675-47e9-ab34-f8d9e5b4317c",
        "type": "KQLDatabase", "displayName": "fabcli000001_new_8", "description":
        "Imported from fab", "workspaceId": "c2994b45-b913-433f-965e-bb7a6d8d012a"},
        {"id": "a4e67df9-720c-4aa9-9042-d39c5ce7df20", "type": "KQLQueryset", "displayName":
        "fabcli000001_new_9", "description": "Imported from fab", "workspaceId": "c2994b45-b913-433f-965e-bb7a6d8d012a"},
        {"id": "605d8b31-e398-44d3-9838-1715b65a9382", "type": "Eventhouse", "displayName":
        "fabcli000001_new_10", "description": "Imported from fab", "workspaceId":
        "c2994b45-b913-433f-965e-bb7a6d8d012a"}, {"id": "607c71be-92f7-4f0e-a47c-fd719d9cbccf",
        "type": "MirroredDatabase", "displayName": "fabcli000001_new_11", "description":
        "Imported from fab", "workspaceId": "c2994b45-b913-433f-965e-bb7a6d8d012a"},
        {"id": "099d334e-9601-404d-a53e-42f34a6e451b", "type": "Reflex", "displayName":
        "fabcli000001_new_12", "description": "Imported from fab", "workspaceId":
        "c2994b45-b913-433f-965e-bb7a6d8d012a"}, {"id": "637e153a-305f-4ff2-b5f8-a63d97bc77b8",
        "type": "KQLDashboard", "displayName": "fabcli000001_new_13", "description":
        "Imported from fab", "workspaceId": "c2994b45-b913-433f-965e-bb7a6d8d012a"}]}'
    headers:
      Access-Control-Expose-Headers:
      - RequestId
      Cache-Control:
      - no-store, must-revalidate, no-cache
      Content-Encoding:
      - gzip
      Content-Length:
      - '951'
      Content-Type:
      - application/json; charset=utf-8
      Date:
      - Sun, 14 Sep 2025 06:46:45 GMT
      Pragma:
      - no-cache
      RequestId:
      - e1090a2e-71a4-49ca-8e62-8d5cba3a16e8
      Strict-Transport-Security:
      - max-age=31536000; includeSubDomains
      X-Content-Type-Options:
      - nosniff
      X-Frame-Options:
      - deny
      home-cluster-uri:
      - https://wabi-west-europe-redirect.analysis.windows.net/
      request-redirected:
      - 'true'
    status:
      code: 200
      message: OK
- request:
    body: null
    headers:
      Accept:
      - '*/*'
      Accept-Encoding:
      - gzip, deflate
      Connection:
      - keep-alive
      Content-Type:
      - application/json
      User-Agent:
      - ms-fabric-cli-test/1.1.0
    method: GET
    uri: https://api.fabric.microsoft.com/v1/workspaces/c2994b45-b913-433f-965e-bb7a6d8d012a/items
  response:
    body:
      string: '{"value": [{"id": "3afcf9cd-bcf4-4296-b909-2e2fa577cc70", "type": "Report",
        "displayName": "fabcli000001_new_6", "description": "Imported from fab", "workspaceId":
        "c2994b45-b913-433f-965e-bb7a6d8d012a"}, {"id": "ac301525-6707-43f5-b6ce-4a4f2ef78a10",
        "type": "SemanticModel", "displayName": "fabcli000001_auto", "description":
        "", "workspaceId": "c2994b45-b913-433f-965e-bb7a6d8d012a"}, {"id": "16e2b876-d40b-4005-a2b8-41d141a3c621",
        "type": "SemanticModel", "displayName": "fabcli000001_auto", "description":
        "", "workspaceId": "c2994b45-b913-433f-965e-bb7a6d8d012a"}, {"id": "6e734d42-3753-48bd-b846-cccc16cfd7c2",
        "type": "SemanticModel", "displayName": "fabcli000001_new_7", "description":
        "", "workspaceId": "c2994b45-b913-433f-965e-bb7a6d8d012a"}, {"id": "e6e830c2-8123-4374-8c58-83c807221427",
        "type": "SQLEndpoint", "displayName": "fabcli000001_new_11", "description":
        "", "workspaceId": "c2994b45-b913-433f-965e-bb7a6d8d012a"}, {"id": "dbd1c269-5c83-4fb0-95a1-610355d1b2a2",
        "type": "Eventhouse", "displayName": "fabcli000001_auto", "description": "Created
        by fab", "workspaceId": "c2994b45-b913-433f-965e-bb7a6d8d012a"}, {"id": "1023e97d-59eb-4474-8bfb-1c9db4be6711",
        "type": "KQLDatabase", "displayName": "fabcli000001_auto", "description":
        "fabcli000001_auto", "workspaceId": "c2994b45-b913-433f-965e-bb7a6d8d012a"},
        {"id": "ef777dad-3690-4a87-9b4a-acdc408acad3", "type": "Notebook", "displayName":
        "fabcli000001_new_2", "description": "Imported from fab", "workspaceId": "c2994b45-b913-433f-965e-bb7a6d8d012a"},
        {"id": "d5d99570-7a98-4d00-b823-d69d338be445", "type": "Notebook", "displayName":
        "fabcli000001_new_3", "description": "Imported from fab", "workspaceId": "c2994b45-b913-433f-965e-bb7a6d8d012a"},
        {"id": "6ae73e56-b93f-4dd9-851b-f7ffa4768f68", "type": "SparkJobDefinition",
        "displayName": "fabcli000001_new_4", "description": "Imported from fab", "workspaceId":
        "c2994b45-b913-433f-965e-bb7a6d8d012a"}, {"id": "00cc62bf-e98f-4707-83c6-acd3e762bf18",
        "type": "DataPipeline", "displayName": "fabcli000001_new_5", "description":
        "Imported from fab", "workspaceId": "c2994b45-b913-433f-965e-bb7a6d8d012a"},
        {"id": "790e5d08-014b-451e-b917-bb9c6d3229cd", "type": "Eventhouse", "displayName":
        "fabcli000001_auto", "description": "Created by fab", "workspaceId": "c2994b45-b913-433f-965e-bb7a6d8d012a"},
        {"id": "5ae81f1a-6a15-45b3-ac91-0c85ed6d8d88", "type": "KQLDatabase", "displayName":
        "fabcli000001_auto_1", "description": "fabcli000001_auto_1", "workspaceId":
        "c2994b45-b913-433f-965e-bb7a6d8d012a"}, {"id": "c0e21fa1-4675-47e9-ab34-f8d9e5b4317c",
        "type": "KQLDatabase", "displayName": "fabcli000001_new_8", "description":
        "Imported from fab", "workspaceId": "c2994b45-b913-433f-965e-bb7a6d8d012a"},
        {"id": "a4e67df9-720c-4aa9-9042-d39c5ce7df20", "type": "KQLQueryset", "displayName":
        "fabcli000001_new_9", "description": "Imported from fab", "workspaceId": "c2994b45-b913-433f-965e-bb7a6d8d012a"},
        {"id": "605d8b31-e398-44d3-9838-1715b65a9382", "type": "Eventhouse", "displayName":
        "fabcli000001_new_10", "description": "Imported from fab", "workspaceId":
        "c2994b45-b913-433f-965e-bb7a6d8d012a"}, {"id": "607c71be-92f7-4f0e-a47c-fd719d9cbccf",
        "type": "MirroredDatabase", "displayName": "fabcli000001_new_11", "description":
        "Imported from fab", "workspaceId": "c2994b45-b913-433f-965e-bb7a6d8d012a"},
        {"id": "099d334e-9601-404d-a53e-42f34a6e451b", "type": "Reflex", "displayName":
        "fabcli000001_new_12", "description": "Imported from fab", "workspaceId":
        "c2994b45-b913-433f-965e-bb7a6d8d012a"}, {"id": "637e153a-305f-4ff2-b5f8-a63d97bc77b8",
        "type": "KQLDashboard", "displayName": "fabcli000001_new_13", "description":
        "Imported from fab", "workspaceId": "c2994b45-b913-433f-965e-bb7a6d8d012a"}]}'
    headers:
      Access-Control-Expose-Headers:
      - RequestId
      Cache-Control:
      - no-store, must-revalidate, no-cache
      Content-Encoding:
      - gzip
      Content-Length:
      - '951'
      Content-Type:
      - application/json; charset=utf-8
      Date:
      - Sun, 14 Sep 2025 06:46:45 GMT
      Pragma:
      - no-cache
      RequestId:
      - afb53ae2-2f8f-4850-96cc-3a148fa0d9ba
      Strict-Transport-Security:
      - max-age=31536000; includeSubDomains
      X-Content-Type-Options:
      - nosniff
      X-Frame-Options:
      - deny
      home-cluster-uri:
      - https://wabi-west-europe-redirect.analysis.windows.net/
      request-redirected:
      - 'true'
    status:
      code: 200
      message: OK
- request:
    body: '{"description": "Created by fab", "displayName": "fabcli000001", "type":
      "Lakehouse", "folderId": null}'
    headers:
      Accept:
      - '*/*'
      Accept-Encoding:
      - gzip, deflate
      Connection:
      - keep-alive
      Content-Length:
      - '107'
      Content-Type:
      - application/json
      User-Agent:
      - ms-fabric-cli-test/1.1.0
    method: POST
    uri: https://api.fabric.microsoft.com/v1/workspaces/c2994b45-b913-433f-965e-bb7a6d8d012a/lakehouses
  response:
    body:
      string: '{"id": "3d0b8a7b-21aa-42eb-9331-27d5084f212e", "type": "Lakehouse",
        "displayName": "fabcli000001", "description": "Created by fab", "workspaceId":
        "c2994b45-b913-433f-965e-bb7a6d8d012a"}'
    headers:
      Access-Control-Expose-Headers:
      - RequestId,ETag
      Cache-Control:
      - no-store, must-revalidate, no-cache
      Content-Encoding:
      - gzip
      Content-Length:
      - '168'
      Content-Type:
      - application/json; charset=utf-8
      Date:
      - Sun, 14 Sep 2025 06:46:49 GMT
      ETag:
      - '""'
      Pragma:
      - no-cache
      RequestId:
      - 6a6add73-d0c3-463f-b9be-49fe1c3c08a8
      Strict-Transport-Security:
      - max-age=31536000; includeSubDomains
      X-Content-Type-Options:
      - nosniff
      X-Frame-Options:
      - deny
      home-cluster-uri:
      - https://wabi-west-europe-redirect.analysis.windows.net/
      request-redirected:
      - 'true'
    status:
      code: 201
      message: Created
- request:
    body: null
    headers:
      Accept:
      - '*/*'
      Accept-Encoding:
      - gzip, deflate
      Connection:
      - keep-alive
      Content-Type:
      - application/json
      User-Agent:
      - ms-fabric-cli-test/1.1.0
    method: GET
    uri: https://api.fabric.microsoft.com/v1/workspaces
  response:
    body:
      string: '{"value": [{"id": "94da8ea5-0bd6-4a9e-b717-5fdb482f4c71", "displayName":
        "My workspace", "description": "", "type": "Personal"}, {"id": "c2994b45-b913-433f-965e-bb7a6d8d012a",
        "displayName": "fabriccli_WorkspacePerTestclass_000001", "description": "Created
        by fab", "type": "Workspace", "capacityId": "00000000-0000-0000-0000-000000000004"}]}'
    headers:
      Access-Control-Expose-Headers:
      - RequestId
      Cache-Control:
      - no-store, must-revalidate, no-cache
      Content-Encoding:
      - gzip
      Content-Length:
      - '567'
      Content-Type:
      - application/json; charset=utf-8
      Date:
      - Sun, 14 Sep 2025 06:46:48 GMT
      Pragma:
      - no-cache
      RequestId:
      - 55afce04-8f4e-46a1-bff0-67f2e41689f5
      Strict-Transport-Security:
      - max-age=31536000; includeSubDomains
      X-Content-Type-Options:
      - nosniff
      X-Frame-Options:
      - deny
      home-cluster-uri:
      - https://wabi-west-europe-redirect.analysis.windows.net/
      request-redirected:
      - 'true'
    status:
      code: 200
      message: OK
- request:
    body: null
    headers:
      Accept:
      - '*/*'
      Accept-Encoding:
      - gzip, deflate
      Connection:
      - keep-alive
      Content-Type:
      - application/json
      User-Agent:
      - ms-fabric-cli-test/1.1.0
    method: GET
    uri: https://api.fabric.microsoft.com/v1/workspaces/c2994b45-b913-433f-965e-bb7a6d8d012a/items
  response:
    body:
      string: '{"value": [{"id": "3afcf9cd-bcf4-4296-b909-2e2fa577cc70", "type": "Report",
        "displayName": "fabcli000001_new_6", "description": "Imported from fab", "workspaceId":
        "c2994b45-b913-433f-965e-bb7a6d8d012a"}, {"id": "ac301525-6707-43f5-b6ce-4a4f2ef78a10",
        "type": "SemanticModel", "displayName": "fabcli000001_auto", "description":
        "", "workspaceId": "c2994b45-b913-433f-965e-bb7a6d8d012a"}, {"id": "16e2b876-d40b-4005-a2b8-41d141a3c621",
        "type": "SemanticModel", "displayName": "fabcli000001_auto", "description":
        "", "workspaceId": "c2994b45-b913-433f-965e-bb7a6d8d012a"}, {"id": "6e734d42-3753-48bd-b846-cccc16cfd7c2",
        "type": "SemanticModel", "displayName": "fabcli000001_new_7", "description":
        "", "workspaceId": "c2994b45-b913-433f-965e-bb7a6d8d012a"}, {"id": "e6e830c2-8123-4374-8c58-83c807221427",
        "type": "SQLEndpoint", "displayName": "fabcli000001_new_11", "description":
        "", "workspaceId": "c2994b45-b913-433f-965e-bb7a6d8d012a"}, {"id": "dbd1c269-5c83-4fb0-95a1-610355d1b2a2",
        "type": "Eventhouse", "displayName": "fabcli000001_auto", "description": "Created
        by fab", "workspaceId": "c2994b45-b913-433f-965e-bb7a6d8d012a"}, {"id": "1023e97d-59eb-4474-8bfb-1c9db4be6711",
        "type": "KQLDatabase", "displayName": "fabcli000001_auto", "description":
        "fabcli000001_auto", "workspaceId": "c2994b45-b913-433f-965e-bb7a6d8d012a"},
        {"id": "ef777dad-3690-4a87-9b4a-acdc408acad3", "type": "Notebook", "displayName":
        "fabcli000001_new_2", "description": "Imported from fab", "workspaceId": "c2994b45-b913-433f-965e-bb7a6d8d012a"},
        {"id": "d5d99570-7a98-4d00-b823-d69d338be445", "type": "Notebook", "displayName":
        "fabcli000001_new_3", "description": "Imported from fab", "workspaceId": "c2994b45-b913-433f-965e-bb7a6d8d012a"},
        {"id": "6ae73e56-b93f-4dd9-851b-f7ffa4768f68", "type": "SparkJobDefinition",
        "displayName": "fabcli000001_new_4", "description": "Imported from fab", "workspaceId":
        "c2994b45-b913-433f-965e-bb7a6d8d012a"}, {"id": "00cc62bf-e98f-4707-83c6-acd3e762bf18",
        "type": "DataPipeline", "displayName": "fabcli000001_new_5", "description":
        "Imported from fab", "workspaceId": "c2994b45-b913-433f-965e-bb7a6d8d012a"},
        {"id": "790e5d08-014b-451e-b917-bb9c6d3229cd", "type": "Eventhouse", "displayName":
        "fabcli000001_auto", "description": "Created by fab", "workspaceId": "c2994b45-b913-433f-965e-bb7a6d8d012a"},
        {"id": "5ae81f1a-6a15-45b3-ac91-0c85ed6d8d88", "type": "KQLDatabase", "displayName":
        "fabcli000001_auto_1", "description": "fabcli000001_auto_1", "workspaceId":
        "c2994b45-b913-433f-965e-bb7a6d8d012a"}, {"id": "c0e21fa1-4675-47e9-ab34-f8d9e5b4317c",
        "type": "KQLDatabase", "displayName": "fabcli000001_new_8", "description":
        "Imported from fab", "workspaceId": "c2994b45-b913-433f-965e-bb7a6d8d012a"},
        {"id": "a4e67df9-720c-4aa9-9042-d39c5ce7df20", "type": "KQLQueryset", "displayName":
        "fabcli000001_new_9", "description": "Imported from fab", "workspaceId": "c2994b45-b913-433f-965e-bb7a6d8d012a"},
        {"id": "605d8b31-e398-44d3-9838-1715b65a9382", "type": "Eventhouse", "displayName":
        "fabcli000001_new_10", "description": "Imported from fab", "workspaceId":
        "c2994b45-b913-433f-965e-bb7a6d8d012a"}, {"id": "607c71be-92f7-4f0e-a47c-fd719d9cbccf",
        "type": "MirroredDatabase", "displayName": "fabcli000001_new_11", "description":
        "Imported from fab", "workspaceId": "c2994b45-b913-433f-965e-bb7a6d8d012a"},
        {"id": "099d334e-9601-404d-a53e-42f34a6e451b", "type": "Reflex", "displayName":
        "fabcli000001_new_12", "description": "Imported from fab", "workspaceId":
        "c2994b45-b913-433f-965e-bb7a6d8d012a"}, {"id": "637e153a-305f-4ff2-b5f8-a63d97bc77b8",
        "type": "KQLDashboard", "displayName": "fabcli000001_new_13", "description":
        "Imported from fab", "workspaceId": "c2994b45-b913-433f-965e-bb7a6d8d012a"},
        {"id": "3d0b8a7b-21aa-42eb-9331-27d5084f212e", "type": "Lakehouse", "displayName":
        "fabcli000001", "description": "Created by fab", "workspaceId": "c2994b45-b913-433f-965e-bb7a6d8d012a"}]}'
    headers:
      Access-Control-Expose-Headers:
      - RequestId
      Cache-Control:
      - no-store, must-revalidate, no-cache
      Content-Encoding:
      - gzip
      Content-Length:
      - '994'
      Content-Type:
      - application/json; charset=utf-8
      Date:
      - Sun, 14 Sep 2025 06:46:49 GMT
      Pragma:
      - no-cache
      RequestId:
      - a9a71f03-22ce-471c-817d-841868a92e70
      Strict-Transport-Security:
      - max-age=31536000; includeSubDomains
      X-Content-Type-Options:
      - nosniff
      X-Frame-Options:
      - deny
      home-cluster-uri:
      - https://wabi-west-europe-redirect.analysis.windows.net/
      request-redirected:
      - 'true'
    status:
      code: 200
      message: OK
- request:
    body: null
    headers:
      Accept:
      - '*/*'
      Accept-Encoding:
      - gzip, deflate
      Connection:
      - keep-alive
      Content-Type:
      - application/json
      User-Agent:
      - ms-fabric-cli-test/1.1.0
    method: GET
    uri: https://api.fabric.microsoft.com/v1/workspaces/c2994b45-b913-433f-965e-bb7a6d8d012a/items
  response:
    body:
      string: '{"value": [{"id": "3afcf9cd-bcf4-4296-b909-2e2fa577cc70", "type": "Report",
        "displayName": "fabcli000001_new_6", "description": "Imported from fab", "workspaceId":
        "c2994b45-b913-433f-965e-bb7a6d8d012a"}, {"id": "ac301525-6707-43f5-b6ce-4a4f2ef78a10",
        "type": "SemanticModel", "displayName": "fabcli000001_auto", "description":
        "", "workspaceId": "c2994b45-b913-433f-965e-bb7a6d8d012a"}, {"id": "16e2b876-d40b-4005-a2b8-41d141a3c621",
        "type": "SemanticModel", "displayName": "fabcli000001_auto", "description":
        "", "workspaceId": "c2994b45-b913-433f-965e-bb7a6d8d012a"}, {"id": "6e734d42-3753-48bd-b846-cccc16cfd7c2",
        "type": "SemanticModel", "displayName": "fabcli000001_new_7", "description":
        "", "workspaceId": "c2994b45-b913-433f-965e-bb7a6d8d012a"}, {"id": "e6e830c2-8123-4374-8c58-83c807221427",
        "type": "SQLEndpoint", "displayName": "fabcli000001_new_11", "description":
        "", "workspaceId": "c2994b45-b913-433f-965e-bb7a6d8d012a"}, {"id": "dbd1c269-5c83-4fb0-95a1-610355d1b2a2",
        "type": "Eventhouse", "displayName": "fabcli000001_auto", "description": "Created
        by fab", "workspaceId": "c2994b45-b913-433f-965e-bb7a6d8d012a"}, {"id": "1023e97d-59eb-4474-8bfb-1c9db4be6711",
        "type": "KQLDatabase", "displayName": "fabcli000001_auto", "description":
        "fabcli000001_auto", "workspaceId": "c2994b45-b913-433f-965e-bb7a6d8d012a"},
        {"id": "ef777dad-3690-4a87-9b4a-acdc408acad3", "type": "Notebook", "displayName":
        "fabcli000001_new_2", "description": "Imported from fab", "workspaceId": "c2994b45-b913-433f-965e-bb7a6d8d012a"},
        {"id": "d5d99570-7a98-4d00-b823-d69d338be445", "type": "Notebook", "displayName":
        "fabcli000001_new_3", "description": "Imported from fab", "workspaceId": "c2994b45-b913-433f-965e-bb7a6d8d012a"},
        {"id": "6ae73e56-b93f-4dd9-851b-f7ffa4768f68", "type": "SparkJobDefinition",
        "displayName": "fabcli000001_new_4", "description": "Imported from fab", "workspaceId":
        "c2994b45-b913-433f-965e-bb7a6d8d012a"}, {"id": "00cc62bf-e98f-4707-83c6-acd3e762bf18",
        "type": "DataPipeline", "displayName": "fabcli000001_new_5", "description":
        "Imported from fab", "workspaceId": "c2994b45-b913-433f-965e-bb7a6d8d012a"},
        {"id": "790e5d08-014b-451e-b917-bb9c6d3229cd", "type": "Eventhouse", "displayName":
        "fabcli000001_auto", "description": "Created by fab", "workspaceId": "c2994b45-b913-433f-965e-bb7a6d8d012a"},
        {"id": "5ae81f1a-6a15-45b3-ac91-0c85ed6d8d88", "type": "KQLDatabase", "displayName":
        "fabcli000001_auto_1", "description": "fabcli000001_auto_1", "workspaceId":
        "c2994b45-b913-433f-965e-bb7a6d8d012a"}, {"id": "c0e21fa1-4675-47e9-ab34-f8d9e5b4317c",
        "type": "KQLDatabase", "displayName": "fabcli000001_new_8", "description":
        "Imported from fab", "workspaceId": "c2994b45-b913-433f-965e-bb7a6d8d012a"},
        {"id": "a4e67df9-720c-4aa9-9042-d39c5ce7df20", "type": "KQLQueryset", "displayName":
        "fabcli000001_new_9", "description": "Imported from fab", "workspaceId": "c2994b45-b913-433f-965e-bb7a6d8d012a"},
        {"id": "605d8b31-e398-44d3-9838-1715b65a9382", "type": "Eventhouse", "displayName":
        "fabcli000001_new_10", "description": "Imported from fab", "workspaceId":
        "c2994b45-b913-433f-965e-bb7a6d8d012a"}, {"id": "607c71be-92f7-4f0e-a47c-fd719d9cbccf",
        "type": "MirroredDatabase", "displayName": "fabcli000001_new_11", "description":
        "Imported from fab", "workspaceId": "c2994b45-b913-433f-965e-bb7a6d8d012a"},
        {"id": "099d334e-9601-404d-a53e-42f34a6e451b", "type": "Reflex", "displayName":
        "fabcli000001_new_12", "description": "Imported from fab", "workspaceId":
        "c2994b45-b913-433f-965e-bb7a6d8d012a"}, {"id": "637e153a-305f-4ff2-b5f8-a63d97bc77b8",
        "type": "KQLDashboard", "displayName": "fabcli000001_new_13", "description":
        "Imported from fab", "workspaceId": "c2994b45-b913-433f-965e-bb7a6d8d012a"},
        {"id": "3d0b8a7b-21aa-42eb-9331-27d5084f212e", "type": "Lakehouse", "displayName":
        "fabcli000001", "description": "Created by fab", "workspaceId": "c2994b45-b913-433f-965e-bb7a6d8d012a"}]}'
    headers:
      Access-Control-Expose-Headers:
      - RequestId
      Cache-Control:
      - no-store, must-revalidate, no-cache
      Content-Encoding:
      - gzip
      Content-Length:
      - '994'
      Content-Type:
      - application/json; charset=utf-8
      Date:
      - Sun, 14 Sep 2025 06:46:49 GMT
      Pragma:
      - no-cache
      RequestId:
      - e98584f3-c845-4ee5-b3bd-e0b98616f2f4
      Strict-Transport-Security:
      - max-age=31536000; includeSubDomains
      X-Content-Type-Options:
      - nosniff
      X-Frame-Options:
      - deny
      home-cluster-uri:
      - https://wabi-west-europe-redirect.analysis.windows.net/
      request-redirected:
      - 'true'
    status:
      code: 200
      message: OK
- request:
    body: null
    headers:
      Accept:
      - '*/*'
      Accept-Encoding:
      - gzip, deflate
      Connection:
      - keep-alive
      Content-Type:
      - application/json
      User-Agent:
      - ms-fabric-cli-test/1.1.0
    method: GET
    uri: https://api.fabric.microsoft.com/v1/workspaces
  response:
    body:
      string: '{"value": [{"id": "94da8ea5-0bd6-4a9e-b717-5fdb482f4c71", "displayName":
        "My workspace", "description": "", "type": "Personal"}, {"id": "c2994b45-b913-433f-965e-bb7a6d8d012a",
        "displayName": "fabriccli_WorkspacePerTestclass_000001", "description": "Created
        by fab", "type": "Workspace", "capacityId": "00000000-0000-0000-0000-000000000004"}]}'
    headers:
      Access-Control-Expose-Headers:
      - RequestId
      Cache-Control:
      - no-store, must-revalidate, no-cache
      Content-Encoding:
      - gzip
      Content-Length:
      - '567'
      Content-Type:
      - application/json; charset=utf-8
      Date:
      - Sun, 14 Sep 2025 06:46:50 GMT
      Pragma:
      - no-cache
      RequestId:
      - 606d140f-399a-4c40-8800-b7520852726d
      Strict-Transport-Security:
      - max-age=31536000; includeSubDomains
      X-Content-Type-Options:
      - nosniff
      X-Frame-Options:
      - deny
      home-cluster-uri:
      - https://wabi-west-europe-redirect.analysis.windows.net/
      request-redirected:
      - 'true'
    status:
      code: 200
      message: OK
- request:
    body: null
    headers:
      Accept:
      - '*/*'
      Accept-Encoding:
      - gzip, deflate
      Connection:
      - keep-alive
      Content-Type:
      - application/json
      User-Agent:
      - ms-fabric-cli-test/1.1.0
    method: GET
    uri: https://api.fabric.microsoft.com/v1/workspaces/c2994b45-b913-433f-965e-bb7a6d8d012a/items
  response:
    body:
      string: '{"value": [{"id": "3afcf9cd-bcf4-4296-b909-2e2fa577cc70", "type": "Report",
        "displayName": "fabcli000001_new_6", "description": "Imported from fab", "workspaceId":
        "c2994b45-b913-433f-965e-bb7a6d8d012a"}, {"id": "ac301525-6707-43f5-b6ce-4a4f2ef78a10",
        "type": "SemanticModel", "displayName": "fabcli000001_auto", "description":
        "", "workspaceId": "c2994b45-b913-433f-965e-bb7a6d8d012a"}, {"id": "16e2b876-d40b-4005-a2b8-41d141a3c621",
        "type": "SemanticModel", "displayName": "fabcli000001_auto", "description":
        "", "workspaceId": "c2994b45-b913-433f-965e-bb7a6d8d012a"}, {"id": "6e734d42-3753-48bd-b846-cccc16cfd7c2",
        "type": "SemanticModel", "displayName": "fabcli000001_new_7", "description":
        "", "workspaceId": "c2994b45-b913-433f-965e-bb7a6d8d012a"}, {"id": "e6e830c2-8123-4374-8c58-83c807221427",
        "type": "SQLEndpoint", "displayName": "fabcli000001_new_11", "description":
        "", "workspaceId": "c2994b45-b913-433f-965e-bb7a6d8d012a"}, {"id": "dbd1c269-5c83-4fb0-95a1-610355d1b2a2",
        "type": "Eventhouse", "displayName": "fabcli000001_auto", "description": "Created
        by fab", "workspaceId": "c2994b45-b913-433f-965e-bb7a6d8d012a"}, {"id": "1023e97d-59eb-4474-8bfb-1c9db4be6711",
        "type": "KQLDatabase", "displayName": "fabcli000001_auto", "description":
        "fabcli000001_auto", "workspaceId": "c2994b45-b913-433f-965e-bb7a6d8d012a"},
        {"id": "ef777dad-3690-4a87-9b4a-acdc408acad3", "type": "Notebook", "displayName":
        "fabcli000001_new_2", "description": "Imported from fab", "workspaceId": "c2994b45-b913-433f-965e-bb7a6d8d012a"},
        {"id": "d5d99570-7a98-4d00-b823-d69d338be445", "type": "Notebook", "displayName":
        "fabcli000001_new_3", "description": "Imported from fab", "workspaceId": "c2994b45-b913-433f-965e-bb7a6d8d012a"},
        {"id": "6ae73e56-b93f-4dd9-851b-f7ffa4768f68", "type": "SparkJobDefinition",
        "displayName": "fabcli000001_new_4", "description": "Imported from fab", "workspaceId":
        "c2994b45-b913-433f-965e-bb7a6d8d012a"}, {"id": "00cc62bf-e98f-4707-83c6-acd3e762bf18",
        "type": "DataPipeline", "displayName": "fabcli000001_new_5", "description":
        "Imported from fab", "workspaceId": "c2994b45-b913-433f-965e-bb7a6d8d012a"},
        {"id": "790e5d08-014b-451e-b917-bb9c6d3229cd", "type": "Eventhouse", "displayName":
        "fabcli000001_auto", "description": "Created by fab", "workspaceId": "c2994b45-b913-433f-965e-bb7a6d8d012a"},
        {"id": "5ae81f1a-6a15-45b3-ac91-0c85ed6d8d88", "type": "KQLDatabase", "displayName":
        "fabcli000001_auto_1", "description": "fabcli000001_auto_1", "workspaceId":
        "c2994b45-b913-433f-965e-bb7a6d8d012a"}, {"id": "c0e21fa1-4675-47e9-ab34-f8d9e5b4317c",
        "type": "KQLDatabase", "displayName": "fabcli000001_new_8", "description":
        "Imported from fab", "workspaceId": "c2994b45-b913-433f-965e-bb7a6d8d012a"},
        {"id": "a4e67df9-720c-4aa9-9042-d39c5ce7df20", "type": "KQLQueryset", "displayName":
        "fabcli000001_new_9", "description": "Imported from fab", "workspaceId": "c2994b45-b913-433f-965e-bb7a6d8d012a"},
        {"id": "605d8b31-e398-44d3-9838-1715b65a9382", "type": "Eventhouse", "displayName":
        "fabcli000001_new_10", "description": "Imported from fab", "workspaceId":
        "c2994b45-b913-433f-965e-bb7a6d8d012a"}, {"id": "607c71be-92f7-4f0e-a47c-fd719d9cbccf",
        "type": "MirroredDatabase", "displayName": "fabcli000001_new_11", "description":
        "Imported from fab", "workspaceId": "c2994b45-b913-433f-965e-bb7a6d8d012a"},
        {"id": "099d334e-9601-404d-a53e-42f34a6e451b", "type": "Reflex", "displayName":
        "fabcli000001_new_12", "description": "Imported from fab", "workspaceId":
        "c2994b45-b913-433f-965e-bb7a6d8d012a"}, {"id": "637e153a-305f-4ff2-b5f8-a63d97bc77b8",
        "type": "KQLDashboard", "displayName": "fabcli000001_new_13", "description":
        "Imported from fab", "workspaceId": "c2994b45-b913-433f-965e-bb7a6d8d012a"},
        {"id": "3d0b8a7b-21aa-42eb-9331-27d5084f212e", "type": "Lakehouse", "displayName":
        "fabcli000001", "description": "Created by fab", "workspaceId": "c2994b45-b913-433f-965e-bb7a6d8d012a"}]}'
    headers:
      Access-Control-Expose-Headers:
      - RequestId
      Cache-Control:
      - no-store, must-revalidate, no-cache
      Content-Encoding:
      - gzip
      Content-Length:
      - '994'
      Content-Type:
      - application/json; charset=utf-8
      Date:
      - Sun, 14 Sep 2025 06:46:50 GMT
      Pragma:
      - no-cache
      RequestId:
      - e8c7b0ff-687c-4d11-ad42-0ee08121a6b8
      Strict-Transport-Security:
      - max-age=31536000; includeSubDomains
      X-Content-Type-Options:
      - nosniff
      X-Frame-Options:
      - deny
      home-cluster-uri:
      - https://wabi-west-europe-redirect.analysis.windows.net/
      request-redirected:
      - 'true'
    status:
      code: 200
      message: OK
- request:
    body: null
    headers:
      Accept:
      - '*/*'
      Accept-Encoding:
      - gzip, deflate
      Connection:
      - keep-alive
      Content-Type:
      - application/json
      User-Agent:
      - ms-fabric-cli-test/1.1.0
    method: GET
    uri: https://api.fabric.microsoft.com/v1/workspaces
  response:
    body:
      string: '{"value": [{"id": "94da8ea5-0bd6-4a9e-b717-5fdb482f4c71", "displayName":
        "My workspace", "description": "", "type": "Personal"}, {"id": "c2994b45-b913-433f-965e-bb7a6d8d012a",
        "displayName": "fabriccli_WorkspacePerTestclass_000001", "description": "Created
        by fab", "type": "Workspace", "capacityId": "00000000-0000-0000-0000-000000000004"}]}'
    headers:
      Access-Control-Expose-Headers:
      - RequestId
      Cache-Control:
      - no-store, must-revalidate, no-cache
      Content-Encoding:
      - gzip
      Content-Length:
      - '567'
      Content-Type:
      - application/json; charset=utf-8
      Date:
      - Sun, 14 Sep 2025 06:46:49 GMT
      Pragma:
      - no-cache
      RequestId:
      - 76578db8-beca-4de6-acde-f6023ff47f37
      Strict-Transport-Security:
      - max-age=31536000; includeSubDomains
      X-Content-Type-Options:
      - nosniff
      X-Frame-Options:
      - deny
      home-cluster-uri:
      - https://wabi-west-europe-redirect.analysis.windows.net/
      request-redirected:
      - 'true'
    status:
      code: 200
      message: OK
- request:
    body: null
    headers:
      Accept:
      - '*/*'
      Accept-Encoding:
      - gzip, deflate
      Connection:
      - keep-alive
      Content-Type:
      - application/json
      User-Agent:
      - ms-fabric-cli-test/1.1.0
    method: GET
    uri: https://api.fabric.microsoft.com/v1/workspaces/c2994b45-b913-433f-965e-bb7a6d8d012a/items
  response:
    body:
      string: '{"value": [{"id": "3afcf9cd-bcf4-4296-b909-2e2fa577cc70", "type": "Report",
        "displayName": "fabcli000001_new_6", "description": "Imported from fab", "workspaceId":
        "c2994b45-b913-433f-965e-bb7a6d8d012a"}, {"id": "ac301525-6707-43f5-b6ce-4a4f2ef78a10",
        "type": "SemanticModel", "displayName": "fabcli000001_auto", "description":
        "", "workspaceId": "c2994b45-b913-433f-965e-bb7a6d8d012a"}, {"id": "16e2b876-d40b-4005-a2b8-41d141a3c621",
        "type": "SemanticModel", "displayName": "fabcli000001_auto", "description":
        "", "workspaceId": "c2994b45-b913-433f-965e-bb7a6d8d012a"}, {"id": "6e734d42-3753-48bd-b846-cccc16cfd7c2",
        "type": "SemanticModel", "displayName": "fabcli000001_new_7", "description":
        "", "workspaceId": "c2994b45-b913-433f-965e-bb7a6d8d012a"}, {"id": "e6e830c2-8123-4374-8c58-83c807221427",
        "type": "SQLEndpoint", "displayName": "fabcli000001_new_11", "description":
        "", "workspaceId": "c2994b45-b913-433f-965e-bb7a6d8d012a"}, {"id": "dbd1c269-5c83-4fb0-95a1-610355d1b2a2",
        "type": "Eventhouse", "displayName": "fabcli000001_auto", "description": "Created
        by fab", "workspaceId": "c2994b45-b913-433f-965e-bb7a6d8d012a"}, {"id": "1023e97d-59eb-4474-8bfb-1c9db4be6711",
        "type": "KQLDatabase", "displayName": "fabcli000001_auto", "description":
        "fabcli000001_auto", "workspaceId": "c2994b45-b913-433f-965e-bb7a6d8d012a"},
        {"id": "ef777dad-3690-4a87-9b4a-acdc408acad3", "type": "Notebook", "displayName":
        "fabcli000001_new_2", "description": "Imported from fab", "workspaceId": "c2994b45-b913-433f-965e-bb7a6d8d012a"},
        {"id": "d5d99570-7a98-4d00-b823-d69d338be445", "type": "Notebook", "displayName":
        "fabcli000001_new_3", "description": "Imported from fab", "workspaceId": "c2994b45-b913-433f-965e-bb7a6d8d012a"},
        {"id": "6ae73e56-b93f-4dd9-851b-f7ffa4768f68", "type": "SparkJobDefinition",
        "displayName": "fabcli000001_new_4", "description": "Imported from fab", "workspaceId":
        "c2994b45-b913-433f-965e-bb7a6d8d012a"}, {"id": "00cc62bf-e98f-4707-83c6-acd3e762bf18",
        "type": "DataPipeline", "displayName": "fabcli000001_new_5", "description":
        "Imported from fab", "workspaceId": "c2994b45-b913-433f-965e-bb7a6d8d012a"},
        {"id": "790e5d08-014b-451e-b917-bb9c6d3229cd", "type": "Eventhouse", "displayName":
        "fabcli000001_auto", "description": "Created by fab", "workspaceId": "c2994b45-b913-433f-965e-bb7a6d8d012a"},
        {"id": "5ae81f1a-6a15-45b3-ac91-0c85ed6d8d88", "type": "KQLDatabase", "displayName":
        "fabcli000001_auto_1", "description": "fabcli000001_auto_1", "workspaceId":
        "c2994b45-b913-433f-965e-bb7a6d8d012a"}, {"id": "c0e21fa1-4675-47e9-ab34-f8d9e5b4317c",
        "type": "KQLDatabase", "displayName": "fabcli000001_new_8", "description":
        "Imported from fab", "workspaceId": "c2994b45-b913-433f-965e-bb7a6d8d012a"},
        {"id": "a4e67df9-720c-4aa9-9042-d39c5ce7df20", "type": "KQLQueryset", "displayName":
        "fabcli000001_new_9", "description": "Imported from fab", "workspaceId": "c2994b45-b913-433f-965e-bb7a6d8d012a"},
        {"id": "605d8b31-e398-44d3-9838-1715b65a9382", "type": "Eventhouse", "displayName":
        "fabcli000001_new_10", "description": "Imported from fab", "workspaceId":
        "c2994b45-b913-433f-965e-bb7a6d8d012a"}, {"id": "607c71be-92f7-4f0e-a47c-fd719d9cbccf",
        "type": "MirroredDatabase", "displayName": "fabcli000001_new_11", "description":
        "Imported from fab", "workspaceId": "c2994b45-b913-433f-965e-bb7a6d8d012a"},
        {"id": "099d334e-9601-404d-a53e-42f34a6e451b", "type": "Reflex", "displayName":
        "fabcli000001_new_12", "description": "Imported from fab", "workspaceId":
        "c2994b45-b913-433f-965e-bb7a6d8d012a"}, {"id": "637e153a-305f-4ff2-b5f8-a63d97bc77b8",
        "type": "KQLDashboard", "displayName": "fabcli000001_new_13", "description":
        "Imported from fab", "workspaceId": "c2994b45-b913-433f-965e-bb7a6d8d012a"},
        {"id": "3d0b8a7b-21aa-42eb-9331-27d5084f212e", "type": "Lakehouse", "displayName":
        "fabcli000001", "description": "Created by fab", "workspaceId": "c2994b45-b913-433f-965e-bb7a6d8d012a"}]}'
    headers:
      Access-Control-Expose-Headers:
      - RequestId
      Cache-Control:
      - no-store, must-revalidate, no-cache
      Content-Encoding:
      - gzip
      Content-Length:
      - '994'
      Content-Type:
      - application/json; charset=utf-8
      Date:
      - Sun, 14 Sep 2025 06:46:50 GMT
      Pragma:
      - no-cache
      RequestId:
      - 1ad965e3-2932-4267-809a-d3951c64a61a
      Strict-Transport-Security:
      - max-age=31536000; includeSubDomains
      X-Content-Type-Options:
      - nosniff
      X-Frame-Options:
      - deny
      home-cluster-uri:
      - https://wabi-west-europe-redirect.analysis.windows.net/
      request-redirected:
      - 'true'
    status:
      code: 200
      message: OK
- request:
    body: null
    headers:
      Accept:
      - '*/*'
      Accept-Encoding:
      - gzip, deflate
      Connection:
      - keep-alive
      Content-Length:
      - '0'
      Content-Type:
      - application/json
      User-Agent:
      - ms-fabric-cli-test/1.1.0
    method: DELETE
    uri: https://api.fabric.microsoft.com/v1/workspaces/c2994b45-b913-433f-965e-bb7a6d8d012a/items/3d0b8a7b-21aa-42eb-9331-27d5084f212e
  response:
    body:
      string: ''
    headers:
      Access-Control-Expose-Headers:
      - RequestId
      Cache-Control:
      - no-store, must-revalidate, no-cache
      Content-Encoding:
      - gzip
      Content-Length:
      - '0'
      Content-Type:
      - application/octet-stream
      Date:
      - Sun, 14 Sep 2025 06:46:50 GMT
      Pragma:
      - no-cache
      RequestId:
      - 140802a6-3bb5-4d57-a628-214a1db047be
      Strict-Transport-Security:
      - max-age=31536000; includeSubDomains
      X-Content-Type-Options:
      - nosniff
      X-Frame-Options:
      - deny
      home-cluster-uri:
      - https://wabi-west-europe-redirect.analysis.windows.net/
      request-redirected:
      - 'true'
    status:
      code: 200
      message: OK
version: 1
