interactions:
- request:
    body: null
    headers:
      Accept:
      - '*/*'
      Accept-Encoding:
      - gzip, deflate
      Connection:
      - keep-alive
      Content-Type:
      - application/json
      User-Agent:
      - ms-fabric-cli-test/1.2.0
    method: GET
    uri: https://api.fabric.microsoft.com/v1/workspaces
  response:
    body:
      string: '{"value": [{"id": "3634a139-2c9e-4205-910b-3b089a31be47", "displayName":
        "My workspace", "description": "", "type": "Personal"}, {"id": "704a31b2-abd1-4aac-863d-ba2cdf6527d9",
        "displayName": "fabriccli_WorkspacePerTestclass_000001", "description": "Created
        by fab", "type": "Workspace", "capacityId": "00000000-0000-0000-0000-000000000004"}]}'
    headers:
      Access-Control-Expose-Headers:
      - RequestId
      Cache-Control:
      - no-store, must-revalidate, no-cache
      Content-Encoding:
      - gzip
      Content-Length:
      - '1185'
      Content-Type:
      - application/json; charset=utf-8
      Date:
      - Mon, 15 Dec 2025 07:49:18 GMT
      Pragma:
      - no-cache
      RequestId:
      - ec75eb83-bb5d-4764-bf4e-e193f46fc4f9
      Strict-Transport-Security:
      - max-age=31536000; includeSubDomains
      X-Content-Type-Options:
      - nosniff
      X-Frame-Options:
      - deny
      home-cluster-uri:
      - https://wabi-us-central-b-primary-redirect.analysis.windows.net/
      request-redirected:
      - 'true'
    status:
      code: 200
      message: OK
- request:
    body: null
    headers:
      Accept:
      - '*/*'
      Accept-Encoding:
      - gzip, deflate
      Connection:
      - keep-alive
      Content-Type:
      - application/json
      User-Agent:
      - ms-fabric-cli-test/1.2.0
    method: GET
    uri: https://api.fabric.microsoft.com/v1/workspaces/704a31b2-abd1-4aac-863d-ba2cdf6527d9/items
  response:
    body:
      string: '{"value": [{"id": "ef224172-91fb-4295-bc00-4952ff1b854e", "type": "Report",
        "displayName": "fabcli000001_new_7", "description": "Imported from fab", "workspaceId":
        "704a31b2-abd1-4aac-863d-ba2cdf6527d9"}, {"id": "63297299-d084-4676-92ca-91cc20fcbc14",
        "type": "SemanticModel", "displayName": "fabcli000001_auto", "description":
        "", "workspaceId": "704a31b2-abd1-4aac-863d-ba2cdf6527d9"}, {"id": "9389fc55-164e-41c0-bbb1-b70897d466a7",
        "type": "SemanticModel", "displayName": "fabcli000001_auto", "description":
        "", "workspaceId": "704a31b2-abd1-4aac-863d-ba2cdf6527d9"}, {"id": "309aee93-1d79-4ac2-b4fb-b963c640af34",
        "type": "SemanticModel", "displayName": "fabcli000001_new_8", "description":
        "", "workspaceId": "704a31b2-abd1-4aac-863d-ba2cdf6527d9"}, {"id": "5abac0b4-f94b-4706-bc7d-e37f2a801f47",
        "type": "SQLEndpoint", "displayName": "fabcli000001_new_3", "description":
        "", "workspaceId": "704a31b2-abd1-4aac-863d-ba2cdf6527d9"}, {"id": "9065f1b3-34d8-4104-bf19-847b3c724abe",
        "type": "Eventhouse", "displayName": "fabcli000001_auto", "description": "Created
        by fab", "workspaceId": "704a31b2-abd1-4aac-863d-ba2cdf6527d9"}, {"id": "9fe7ca9d-f5be-4fd3-9035-42e383715b55",
        "type": "KQLDatabase", "displayName": "fabcli000001_auto", "description":
        "fabcli000001_auto", "workspaceId": "704a31b2-abd1-4aac-863d-ba2cdf6527d9"},
        {"id": "33a0ac87-ec7b-4e59-a4ab-64ad7464bb6d", "type": "Notebook", "displayName":
        "fabcli000001_new_2", "description": "Imported from fab", "workspaceId": "704a31b2-abd1-4aac-863d-ba2cdf6527d9"},
        {"id": "aeb6809c-186c-49ee-89cf-de9c31add7e4", "type": "SQLDatabase", "displayName":
        "fabcli000001_new_3", "description": "Imported from fab", "workspaceId": "704a31b2-abd1-4aac-863d-ba2cdf6527d9"},
        {"id": "54348fe3-cd4d-474d-bcef-0f73d485bbbb", "type": "Notebook", "displayName":
        "fabcli000001_new_4", "description": "Imported from fab", "workspaceId": "704a31b2-abd1-4aac-863d-ba2cdf6527d9"},
        {"id": "8b29373d-0d70-447c-bec2-c0f0e9cea264", "type": "SparkJobDefinition",
        "displayName": "fabcli000001_new_5", "description": "Imported from fab", "workspaceId":
        "704a31b2-abd1-4aac-863d-ba2cdf6527d9"}, {"id": "0b6ce5dc-a292-47c8-97f5-2b3bb71f65e5",
        "type": "DataPipeline", "displayName": "fabcli000001_new_6", "description":
        "Imported from fab", "workspaceId": "704a31b2-abd1-4aac-863d-ba2cdf6527d9"},
        {"id": "5be6b544-a146-4c9d-aeed-2b9298bc7c01", "type": "Eventhouse", "displayName":
        "fabcli000001_auto", "description": "Created by fab", "workspaceId": "704a31b2-abd1-4aac-863d-ba2cdf6527d9"},
        {"id": "1db579d8-027d-4e49-976a-5d1ca2ea5b1c", "type": "KQLDatabase", "displayName":
        "fabcli000001_auto", "description": "fabcli000001_auto", "workspaceId": "704a31b2-abd1-4aac-863d-ba2cdf6527d9"},
        {"id": "9799c9a4-f352-44f3-bb17-9de430177021", "type": "KQLDatabase", "displayName":
        "fabcli000001_new_9", "description": "Imported from fab", "workspaceId": "704a31b2-abd1-4aac-863d-ba2cdf6527d9"}]}'
    headers:
      Access-Control-Expose-Headers:
      - RequestId
      Cache-Control:
      - no-store, must-revalidate, no-cache
      Content-Encoding:
      - gzip
      Content-Length:
      - '779'
      Content-Type:
      - application/json; charset=utf-8
      Date:
      - Mon, 15 Dec 2025 07:49:19 GMT
      Pragma:
      - no-cache
      RequestId:
      - 08d3586d-c022-4043-be70-674ab14ca597
      Strict-Transport-Security:
      - max-age=31536000; includeSubDomains
      X-Content-Type-Options:
      - nosniff
      X-Frame-Options:
      - deny
      home-cluster-uri:
      - https://wabi-us-central-b-primary-redirect.analysis.windows.net/
      request-redirected:
      - 'true'
    status:
      code: 200
      message: OK
- request:
    body: null
    headers:
      Accept:
      - '*/*'
      Accept-Encoding:
      - gzip, deflate
      Connection:
      - keep-alive
      Content-Type:
      - application/json
      User-Agent:
      - ms-fabric-cli-test/1.2.0
    method: GET
    uri: https://api.fabric.microsoft.com/v1/workspaces/704a31b2-abd1-4aac-863d-ba2cdf6527d9/items
  response:
    body:
      string: '{"value": [{"id": "ef224172-91fb-4295-bc00-4952ff1b854e", "type": "Report",
        "displayName": "fabcli000001_new_7", "description": "Imported from fab", "workspaceId":
        "704a31b2-abd1-4aac-863d-ba2cdf6527d9"}, {"id": "63297299-d084-4676-92ca-91cc20fcbc14",
        "type": "SemanticModel", "displayName": "fabcli000001_auto", "description":
        "", "workspaceId": "704a31b2-abd1-4aac-863d-ba2cdf6527d9"}, {"id": "9389fc55-164e-41c0-bbb1-b70897d466a7",
        "type": "SemanticModel", "displayName": "fabcli000001_auto", "description":
        "", "workspaceId": "704a31b2-abd1-4aac-863d-ba2cdf6527d9"}, {"id": "309aee93-1d79-4ac2-b4fb-b963c640af34",
        "type": "SemanticModel", "displayName": "fabcli000001_new_8", "description":
        "", "workspaceId": "704a31b2-abd1-4aac-863d-ba2cdf6527d9"}, {"id": "5abac0b4-f94b-4706-bc7d-e37f2a801f47",
        "type": "SQLEndpoint", "displayName": "fabcli000001_new_3", "description":
        "", "workspaceId": "704a31b2-abd1-4aac-863d-ba2cdf6527d9"}, {"id": "9065f1b3-34d8-4104-bf19-847b3c724abe",
        "type": "Eventhouse", "displayName": "fabcli000001_auto", "description": "Created
        by fab", "workspaceId": "704a31b2-abd1-4aac-863d-ba2cdf6527d9"}, {"id": "9fe7ca9d-f5be-4fd3-9035-42e383715b55",
        "type": "KQLDatabase", "displayName": "fabcli000001_auto", "description":
        "fabcli000001_auto", "workspaceId": "704a31b2-abd1-4aac-863d-ba2cdf6527d9"},
        {"id": "33a0ac87-ec7b-4e59-a4ab-64ad7464bb6d", "type": "Notebook", "displayName":
        "fabcli000001_new_2", "description": "Imported from fab", "workspaceId": "704a31b2-abd1-4aac-863d-ba2cdf6527d9"},
        {"id": "aeb6809c-186c-49ee-89cf-de9c31add7e4", "type": "SQLDatabase", "displayName":
        "fabcli000001_new_3", "description": "Imported from fab", "workspaceId": "704a31b2-abd1-4aac-863d-ba2cdf6527d9"},
        {"id": "54348fe3-cd4d-474d-bcef-0f73d485bbbb", "type": "Notebook", "displayName":
        "fabcli000001_new_4", "description": "Imported from fab", "workspaceId": "704a31b2-abd1-4aac-863d-ba2cdf6527d9"},
        {"id": "8b29373d-0d70-447c-bec2-c0f0e9cea264", "type": "SparkJobDefinition",
        "displayName": "fabcli000001_new_5", "description": "Imported from fab", "workspaceId":
        "704a31b2-abd1-4aac-863d-ba2cdf6527d9"}, {"id": "0b6ce5dc-a292-47c8-97f5-2b3bb71f65e5",
        "type": "DataPipeline", "displayName": "fabcli000001_new_6", "description":
        "Imported from fab", "workspaceId": "704a31b2-abd1-4aac-863d-ba2cdf6527d9"},
        {"id": "5be6b544-a146-4c9d-aeed-2b9298bc7c01", "type": "Eventhouse", "displayName":
        "fabcli000001_auto", "description": "Created by fab", "workspaceId": "704a31b2-abd1-4aac-863d-ba2cdf6527d9"},
        {"id": "1db579d8-027d-4e49-976a-5d1ca2ea5b1c", "type": "KQLDatabase", "displayName":
        "fabcli000001_auto", "description": "fabcli000001_auto", "workspaceId": "704a31b2-abd1-4aac-863d-ba2cdf6527d9"},
        {"id": "9799c9a4-f352-44f3-bb17-9de430177021", "type": "KQLDatabase", "displayName":
        "fabcli000001_new_9", "description": "Imported from fab", "workspaceId": "704a31b2-abd1-4aac-863d-ba2cdf6527d9"}]}'
    headers:
      Access-Control-Expose-Headers:
      - RequestId
      Cache-Control:
      - no-store, must-revalidate, no-cache
      Content-Encoding:
      - gzip
      Content-Length:
      - '779'
      Content-Type:
      - application/json; charset=utf-8
      Date:
      - Mon, 15 Dec 2025 07:49:20 GMT
      Pragma:
      - no-cache
      RequestId:
      - dcce34d0-201a-46ad-a98d-dff5343052be
      Strict-Transport-Security:
      - max-age=31536000; includeSubDomains
      X-Content-Type-Options:
      - nosniff
      X-Frame-Options:
      - deny
      home-cluster-uri:
      - https://wabi-us-central-b-primary-redirect.analysis.windows.net/
      request-redirected:
      - 'true'
    status:
      code: 200
      message: OK
- request:
    body: '{"description": "Created by fab", "displayName": "fabcli000001", "type":
      "KQLQueryset", "folderId": null}'
    headers:
      Accept:
      - '*/*'
      Accept-Encoding:
      - gzip, deflate
      Connection:
      - keep-alive
      Content-Length:
      - '109'
      Content-Type:
      - application/json
      User-Agent:
      - ms-fabric-cli-test/1.2.0
    method: POST
    uri: https://api.fabric.microsoft.com/v1/workspaces/704a31b2-abd1-4aac-863d-ba2cdf6527d9/kqlQuerysets
  response:
    body:
      string: '{"id": "f874fe8c-8306-49d7-bc19-277412731932", "type": "KQLQueryset",
        "displayName": "fabcli000001", "description": "Created by fab", "workspaceId":
        "704a31b2-abd1-4aac-863d-ba2cdf6527d9"}'
    headers:
      Access-Control-Expose-Headers:
      - RequestId,ETag
      Cache-Control:
      - no-store, must-revalidate, no-cache
      Content-Encoding:
      - gzip
      Content-Length:
      - '170'
      Content-Type:
      - application/json; charset=utf-8
      Date:
      - Mon, 15 Dec 2025 07:49:21 GMT
      ETag:
      - '""'
      Pragma:
      - no-cache
      RequestId:
      - 1423767d-203b-4fbd-964c-867b10d10963
      Strict-Transport-Security:
      - max-age=31536000; includeSubDomains
      X-Content-Type-Options:
      - nosniff
      X-Frame-Options:
      - deny
      home-cluster-uri:
      - https://wabi-us-central-b-primary-redirect.analysis.windows.net/
      request-redirected:
      - 'true'
    status:
      code: 201
      message: Created
- request:
    body: null
    headers:
      Accept:
      - '*/*'
      Accept-Encoding:
      - gzip, deflate
      Connection:
      - keep-alive
      Content-Type:
      - application/json
      User-Agent:
      - ms-fabric-cli-test/1.2.0
    method: GET
    uri: https://api.fabric.microsoft.com/v1/workspaces
  response:
    body:
      string: '{"value": [{"id": "3634a139-2c9e-4205-910b-3b089a31be47", "displayName":
        "My workspace", "description": "", "type": "Personal"}, {"id": "704a31b2-abd1-4aac-863d-ba2cdf6527d9",
        "displayName": "fabriccli_WorkspacePerTestclass_000001", "description": "Created
        by fab", "type": "Workspace", "capacityId": "00000000-0000-0000-0000-000000000004"}]}'
    headers:
      Access-Control-Expose-Headers:
      - RequestId
      Cache-Control:
      - no-store, must-revalidate, no-cache
      Content-Encoding:
      - gzip
      Content-Length:
      - '1185'
      Content-Type:
      - application/json; charset=utf-8
      Date:
      - Mon, 15 Dec 2025 07:49:21 GMT
      Pragma:
      - no-cache
      RequestId:
      - 6458471b-21a5-457b-b46b-b703309b6925
      Strict-Transport-Security:
      - max-age=31536000; includeSubDomains
      X-Content-Type-Options:
      - nosniff
      X-Frame-Options:
      - deny
      home-cluster-uri:
      - https://wabi-us-central-b-primary-redirect.analysis.windows.net/
      request-redirected:
      - 'true'
    status:
      code: 200
      message: OK
- request:
    body: null
    headers:
      Accept:
      - '*/*'
      Accept-Encoding:
      - gzip, deflate
      Connection:
      - keep-alive
      Content-Type:
      - application/json
      User-Agent:
      - ms-fabric-cli-test/1.2.0
    method: GET
    uri: https://api.fabric.microsoft.com/v1/workspaces/704a31b2-abd1-4aac-863d-ba2cdf6527d9/items
  response:
    body:
      string: '{"value": [{"id": "ef224172-91fb-4295-bc00-4952ff1b854e", "type": "Report",
        "displayName": "fabcli000001_new_7", "description": "Imported from fab", "workspaceId":
        "704a31b2-abd1-4aac-863d-ba2cdf6527d9"}, {"id": "63297299-d084-4676-92ca-91cc20fcbc14",
        "type": "SemanticModel", "displayName": "fabcli000001_auto", "description":
        "", "workspaceId": "704a31b2-abd1-4aac-863d-ba2cdf6527d9"}, {"id": "9389fc55-164e-41c0-bbb1-b70897d466a7",
        "type": "SemanticModel", "displayName": "fabcli000001_auto", "description":
        "", "workspaceId": "704a31b2-abd1-4aac-863d-ba2cdf6527d9"}, {"id": "309aee93-1d79-4ac2-b4fb-b963c640af34",
        "type": "SemanticModel", "displayName": "fabcli000001_new_8", "description":
        "", "workspaceId": "704a31b2-abd1-4aac-863d-ba2cdf6527d9"}, {"id": "5abac0b4-f94b-4706-bc7d-e37f2a801f47",
        "type": "SQLEndpoint", "displayName": "fabcli000001_new_3", "description":
        "", "workspaceId": "704a31b2-abd1-4aac-863d-ba2cdf6527d9"}, {"id": "9065f1b3-34d8-4104-bf19-847b3c724abe",
        "type": "Eventhouse", "displayName": "fabcli000001_auto", "description": "Created
        by fab", "workspaceId": "704a31b2-abd1-4aac-863d-ba2cdf6527d9"}, {"id": "9fe7ca9d-f5be-4fd3-9035-42e383715b55",
        "type": "KQLDatabase", "displayName": "fabcli000001_auto", "description":
        "fabcli000001_auto", "workspaceId": "704a31b2-abd1-4aac-863d-ba2cdf6527d9"},
        {"id": "33a0ac87-ec7b-4e59-a4ab-64ad7464bb6d", "type": "Notebook", "displayName":
        "fabcli000001_new_2", "description": "Imported from fab", "workspaceId": "704a31b2-abd1-4aac-863d-ba2cdf6527d9"},
        {"id": "aeb6809c-186c-49ee-89cf-de9c31add7e4", "type": "SQLDatabase", "displayName":
        "fabcli000001_new_3", "description": "Imported from fab", "workspaceId": "704a31b2-abd1-4aac-863d-ba2cdf6527d9"},
        {"id": "54348fe3-cd4d-474d-bcef-0f73d485bbbb", "type": "Notebook", "displayName":
        "fabcli000001_new_4", "description": "Imported from fab", "workspaceId": "704a31b2-abd1-4aac-863d-ba2cdf6527d9"},
        {"id": "8b29373d-0d70-447c-bec2-c0f0e9cea264", "type": "SparkJobDefinition",
        "displayName": "fabcli000001_new_5", "description": "Imported from fab", "workspaceId":
        "704a31b2-abd1-4aac-863d-ba2cdf6527d9"}, {"id": "0b6ce5dc-a292-47c8-97f5-2b3bb71f65e5",
        "type": "DataPipeline", "displayName": "fabcli000001_new_6", "description":
        "Imported from fab", "workspaceId": "704a31b2-abd1-4aac-863d-ba2cdf6527d9"},
        {"id": "5be6b544-a146-4c9d-aeed-2b9298bc7c01", "type": "Eventhouse", "displayName":
        "fabcli000001_auto", "description": "Created by fab", "workspaceId": "704a31b2-abd1-4aac-863d-ba2cdf6527d9"},
        {"id": "1db579d8-027d-4e49-976a-5d1ca2ea5b1c", "type": "KQLDatabase", "displayName":
        "fabcli000001_auto", "description": "fabcli000001_auto", "workspaceId": "704a31b2-abd1-4aac-863d-ba2cdf6527d9"},
        {"id": "9799c9a4-f352-44f3-bb17-9de430177021", "type": "KQLDatabase", "displayName":
        "fabcli000001_new_9", "description": "Imported from fab", "workspaceId": "704a31b2-abd1-4aac-863d-ba2cdf6527d9"},
        {"id": "f874fe8c-8306-49d7-bc19-277412731932", "type": "KQLQueryset", "displayName":
        "fabcli000001", "description": "Created by fab", "workspaceId": "704a31b2-abd1-4aac-863d-ba2cdf6527d9"}]}'
    headers:
      Access-Control-Expose-Headers:
      - RequestId
      Cache-Control:
      - no-store, must-revalidate, no-cache
      Content-Encoding:
      - gzip
      Content-Length:
      - '823'
      Content-Type:
      - application/json; charset=utf-8
      Date:
      - Mon, 15 Dec 2025 07:49:22 GMT
      Pragma:
      - no-cache
      RequestId:
      - e48d26b9-d167-41d3-9db8-24123364e42a
      Strict-Transport-Security:
      - max-age=31536000; includeSubDomains
      X-Content-Type-Options:
      - nosniff
      X-Frame-Options:
      - deny
      home-cluster-uri:
      - https://wabi-us-central-b-primary-redirect.analysis.windows.net/
      request-redirected:
      - 'true'
    status:
      code: 200
      message: OK
- request:
    body: null
    headers:
      Accept:
      - '*/*'
      Accept-Encoding:
      - gzip, deflate
      Connection:
      - keep-alive
      Content-Type:
      - application/json
      User-Agent:
      - ms-fabric-cli-test/1.2.0
    method: GET
    uri: https://api.fabric.microsoft.com/v1/workspaces/704a31b2-abd1-4aac-863d-ba2cdf6527d9/items/f874fe8c-8306-49d7-bc19-277412731932
  response:
    body:
      string: '{"id": "f874fe8c-8306-49d7-bc19-277412731932", "type": "KQLQueryset",
        "displayName": "fabcli000001", "description": "Created by fab", "workspaceId":
        "704a31b2-abd1-4aac-863d-ba2cdf6527d9"}'
    headers:
      Access-Control-Expose-Headers:
      - RequestId,ETag
      Cache-Control:
      - no-store, must-revalidate, no-cache
      Content-Encoding:
      - gzip
      Content-Length:
      - '170'
      Content-Type:
      - application/json; charset=utf-8
      Date:
      - Mon, 15 Dec 2025 07:49:23 GMT
      ETag:
      - '""'
      Pragma:
      - no-cache
      RequestId:
      - 282b9674-ceac-4a04-8e63-2b4615976d9e
      Strict-Transport-Security:
      - max-age=31536000; includeSubDomains
      X-Content-Type-Options:
      - nosniff
      X-Frame-Options:
      - deny
      home-cluster-uri:
      - https://wabi-us-central-b-primary-redirect.analysis.windows.net/
      request-redirected:
      - 'true'
    status:
      code: 200
      message: OK
- request:
    body: null
    headers:
      Accept:
      - '*/*'
      Accept-Encoding:
      - gzip, deflate
      Connection:
      - keep-alive
      Content-Length:
      - '0'
      Content-Type:
      - application/json
      User-Agent:
      - ms-fabric-cli-test/1.2.0
    method: POST
    uri: https://api.fabric.microsoft.com/v1/workspaces/704a31b2-abd1-4aac-863d-ba2cdf6527d9/items/f874fe8c-8306-49d7-bc19-277412731932/getDefinition
  response:
    body:
      string: '{"definition": {"parts": [{"path": "RealTimeQueryset.json", "payload":
        "e30=", "payloadType": "InlineBase64"}, {"path": ".platform", "payload": "ewogICIkc2NoZW1hIjogImh0dHBzOi8vZGV2ZWxvcGVyLm1pY3Jvc29mdC5jb20vanNvbi1zY2hlbWFzL2ZhYnJpYy9naXRJbnRlZ3JhdGlvbi9wbGF0Zm9ybVByb3BlcnRpZXMvMi4wLjAvc2NoZW1hLmpzb24iLAogICJtZXRhZGF0YSI6IHsKICAgICJ0eXBlIjogIktRTFF1ZXJ5c2V0IiwKICAgICJkaXNwbGF5TmFtZSI6ICJmYWJjbGkwMDAwMDEiLAogICAgImRlc2NyaXB0aW9uIjogIkNyZWF0ZWQgYnkgZmFiIgogIH0sCiAgImNvbmZpZyI6IHsKICAgICJ2ZXJzaW9uIjogIjIuMCIsCiAgICAibG9naWNhbElkIjogIjAwMDAwMDAwLTAwMDAtMDAwMC0wMDAwLTAwMDAwMDAwMDAwMCIKICB9Cn0=",
        "payloadType": "InlineBase64"}]}}'
    headers:
      Access-Control-Expose-Headers:
      - RequestId
      Cache-Control:
      - no-store, must-revalidate, no-cache
      Content-Encoding:
      - gzip
      Content-Length:
      - '427'
      Content-Type:
      - application/json; charset=utf-8
      Date:
      - Mon, 15 Dec 2025 07:49:24 GMT
      Pragma:
      - no-cache
      RequestId:
      - a77752d5-7ec5-4dc2-b4d0-e5b8a7be7671
      Strict-Transport-Security:
      - max-age=31536000; includeSubDomains
      X-Content-Type-Options:
      - nosniff
      X-Frame-Options:
      - deny
      home-cluster-uri:
      - https://wabi-us-central-b-primary-redirect.analysis.windows.net/
      request-redirected:
      - 'true'
    status:
      code: 200
      message: OK
- request:
    body: null
    headers:
      Accept:
      - '*/*'
      Accept-Encoding:
      - gzip, deflate
      Connection:
      - keep-alive
      Content-Type:
      - application/json
      User-Agent:
      - ms-fabric-cli-test/1.2.0
    method: GET
    uri: https://api.fabric.microsoft.com/v1/workspaces
  response:
    body:
      string: '{"value": [{"id": "3634a139-2c9e-4205-910b-3b089a31be47", "displayName":
        "My workspace", "description": "", "type": "Personal"}, {"id": "704a31b2-abd1-4aac-863d-ba2cdf6527d9",
        "displayName": "fabriccli_WorkspacePerTestclass_000001", "description": "Created
        by fab", "type": "Workspace", "capacityId": "00000000-0000-0000-0000-000000000004"}]}'
    headers:
      Access-Control-Expose-Headers:
      - RequestId
      Cache-Control:
      - no-store, must-revalidate, no-cache
      Content-Encoding:
      - gzip
      Content-Length:
      - '1185'
      Content-Type:
      - application/json; charset=utf-8
      Date:
      - Mon, 15 Dec 2025 07:49:25 GMT
      Pragma:
      - no-cache
      RequestId:
      - f503d04f-1a22-4361-8871-30722022538e
      Strict-Transport-Security:
      - max-age=31536000; includeSubDomains
      X-Content-Type-Options:
      - nosniff
      X-Frame-Options:
      - deny
      home-cluster-uri:
      - https://wabi-us-central-b-primary-redirect.analysis.windows.net/
      request-redirected:
      - 'true'
    status:
      code: 200
      message: OK
- request:
    body: null
    headers:
      Accept:
      - '*/*'
      Accept-Encoding:
      - gzip, deflate
      Connection:
      - keep-alive
      Content-Type:
      - application/json
      User-Agent:
      - ms-fabric-cli-test/1.2.0
    method: GET
    uri: https://api.fabric.microsoft.com/v1/workspaces/704a31b2-abd1-4aac-863d-ba2cdf6527d9/items
  response:
    body:
      string: '{"value": [{"id": "ef224172-91fb-4295-bc00-4952ff1b854e", "type": "Report",
        "displayName": "fabcli000001_new_7", "description": "Imported from fab", "workspaceId":
        "704a31b2-abd1-4aac-863d-ba2cdf6527d9"}, {"id": "63297299-d084-4676-92ca-91cc20fcbc14",
        "type": "SemanticModel", "displayName": "fabcli000001_auto", "description":
        "", "workspaceId": "704a31b2-abd1-4aac-863d-ba2cdf6527d9"}, {"id": "9389fc55-164e-41c0-bbb1-b70897d466a7",
        "type": "SemanticModel", "displayName": "fabcli000001_auto", "description":
        "", "workspaceId": "704a31b2-abd1-4aac-863d-ba2cdf6527d9"}, {"id": "309aee93-1d79-4ac2-b4fb-b963c640af34",
        "type": "SemanticModel", "displayName": "fabcli000001_new_8", "description":
        "", "workspaceId": "704a31b2-abd1-4aac-863d-ba2cdf6527d9"}, {"id": "5abac0b4-f94b-4706-bc7d-e37f2a801f47",
        "type": "SQLEndpoint", "displayName": "fabcli000001_new_3", "description":
        "", "workspaceId": "704a31b2-abd1-4aac-863d-ba2cdf6527d9"}, {"id": "9065f1b3-34d8-4104-bf19-847b3c724abe",
        "type": "Eventhouse", "displayName": "fabcli000001_auto", "description": "Created
        by fab", "workspaceId": "704a31b2-abd1-4aac-863d-ba2cdf6527d9"}, {"id": "9fe7ca9d-f5be-4fd3-9035-42e383715b55",
        "type": "KQLDatabase", "displayName": "fabcli000001_auto", "description":
        "fabcli000001_auto", "workspaceId": "704a31b2-abd1-4aac-863d-ba2cdf6527d9"},
        {"id": "33a0ac87-ec7b-4e59-a4ab-64ad7464bb6d", "type": "Notebook", "displayName":
        "fabcli000001_new_2", "description": "Imported from fab", "workspaceId": "704a31b2-abd1-4aac-863d-ba2cdf6527d9"},
        {"id": "aeb6809c-186c-49ee-89cf-de9c31add7e4", "type": "SQLDatabase", "displayName":
        "fabcli000001_new_3", "description": "Imported from fab", "workspaceId": "704a31b2-abd1-4aac-863d-ba2cdf6527d9"},
        {"id": "54348fe3-cd4d-474d-bcef-0f73d485bbbb", "type": "Notebook", "displayName":
        "fabcli000001_new_4", "description": "Imported from fab", "workspaceId": "704a31b2-abd1-4aac-863d-ba2cdf6527d9"},
        {"id": "8b29373d-0d70-447c-bec2-c0f0e9cea264", "type": "SparkJobDefinition",
        "displayName": "fabcli000001_new_5", "description": "Imported from fab", "workspaceId":
        "704a31b2-abd1-4aac-863d-ba2cdf6527d9"}, {"id": "0b6ce5dc-a292-47c8-97f5-2b3bb71f65e5",
        "type": "DataPipeline", "displayName": "fabcli000001_new_6", "description":
        "Imported from fab", "workspaceId": "704a31b2-abd1-4aac-863d-ba2cdf6527d9"},
        {"id": "5be6b544-a146-4c9d-aeed-2b9298bc7c01", "type": "Eventhouse", "displayName":
        "fabcli000001_auto", "description": "Created by fab", "workspaceId": "704a31b2-abd1-4aac-863d-ba2cdf6527d9"},
        {"id": "1db579d8-027d-4e49-976a-5d1ca2ea5b1c", "type": "KQLDatabase", "displayName":
        "fabcli000001_auto", "description": "fabcli000001_auto", "workspaceId": "704a31b2-abd1-4aac-863d-ba2cdf6527d9"},
        {"id": "9799c9a4-f352-44f3-bb17-9de430177021", "type": "KQLDatabase", "displayName":
        "fabcli000001_new_9", "description": "Imported from fab", "workspaceId": "704a31b2-abd1-4aac-863d-ba2cdf6527d9"},
        {"id": "f874fe8c-8306-49d7-bc19-277412731932", "type": "KQLQueryset", "displayName":
        "fabcli000001", "description": "Created by fab", "workspaceId": "704a31b2-abd1-4aac-863d-ba2cdf6527d9"}]}'
    headers:
      Access-Control-Expose-Headers:
      - RequestId
      Cache-Control:
      - no-store, must-revalidate, no-cache
      Content-Encoding:
      - gzip
      Content-Length:
      - '823'
      Content-Type:
      - application/json; charset=utf-8
      Date:
      - Mon, 15 Dec 2025 07:49:25 GMT
      Pragma:
      - no-cache
      RequestId:
      - bee9f88e-2472-4107-ab1c-db82186a37a7
      Strict-Transport-Security:
      - max-age=31536000; includeSubDomains
      X-Content-Type-Options:
      - nosniff
      X-Frame-Options:
      - deny
      home-cluster-uri:
      - https://wabi-us-central-b-primary-redirect.analysis.windows.net/
      request-redirected:
      - 'true'
    status:
      code: 200
      message: OK
- request:
    body: null
    headers:
      Accept:
      - '*/*'
      Accept-Encoding:
      - gzip, deflate
      Connection:
      - keep-alive
      Content-Type:
      - application/json
      User-Agent:
      - ms-fabric-cli-test/1.2.0
    method: GET
    uri: https://api.fabric.microsoft.com/v1/workspaces/704a31b2-abd1-4aac-863d-ba2cdf6527d9/items
  response:
    body:
      string: '{"value": [{"id": "ef224172-91fb-4295-bc00-4952ff1b854e", "type": "Report",
        "displayName": "fabcli000001_new_7", "description": "Imported from fab", "workspaceId":
        "704a31b2-abd1-4aac-863d-ba2cdf6527d9"}, {"id": "63297299-d084-4676-92ca-91cc20fcbc14",
        "type": "SemanticModel", "displayName": "fabcli000001_auto", "description":
        "", "workspaceId": "704a31b2-abd1-4aac-863d-ba2cdf6527d9"}, {"id": "9389fc55-164e-41c0-bbb1-b70897d466a7",
        "type": "SemanticModel", "displayName": "fabcli000001_auto", "description":
        "", "workspaceId": "704a31b2-abd1-4aac-863d-ba2cdf6527d9"}, {"id": "309aee93-1d79-4ac2-b4fb-b963c640af34",
        "type": "SemanticModel", "displayName": "fabcli000001_new_8", "description":
        "", "workspaceId": "704a31b2-abd1-4aac-863d-ba2cdf6527d9"}, {"id": "5abac0b4-f94b-4706-bc7d-e37f2a801f47",
        "type": "SQLEndpoint", "displayName": "fabcli000001_new_3", "description":
        "", "workspaceId": "704a31b2-abd1-4aac-863d-ba2cdf6527d9"}, {"id": "9065f1b3-34d8-4104-bf19-847b3c724abe",
        "type": "Eventhouse", "displayName": "fabcli000001_auto", "description": "Created
        by fab", "workspaceId": "704a31b2-abd1-4aac-863d-ba2cdf6527d9"}, {"id": "9fe7ca9d-f5be-4fd3-9035-42e383715b55",
        "type": "KQLDatabase", "displayName": "fabcli000001_auto", "description":
        "fabcli000001_auto", "workspaceId": "704a31b2-abd1-4aac-863d-ba2cdf6527d9"},
        {"id": "33a0ac87-ec7b-4e59-a4ab-64ad7464bb6d", "type": "Notebook", "displayName":
        "fabcli000001_new_2", "description": "Imported from fab", "workspaceId": "704a31b2-abd1-4aac-863d-ba2cdf6527d9"},
        {"id": "aeb6809c-186c-49ee-89cf-de9c31add7e4", "type": "SQLDatabase", "displayName":
        "fabcli000001_new_3", "description": "Imported from fab", "workspaceId": "704a31b2-abd1-4aac-863d-ba2cdf6527d9"},
        {"id": "54348fe3-cd4d-474d-bcef-0f73d485bbbb", "type": "Notebook", "displayName":
        "fabcli000001_new_4", "description": "Imported from fab", "workspaceId": "704a31b2-abd1-4aac-863d-ba2cdf6527d9"},
        {"id": "8b29373d-0d70-447c-bec2-c0f0e9cea264", "type": "SparkJobDefinition",
        "displayName": "fabcli000001_new_5", "description": "Imported from fab", "workspaceId":
        "704a31b2-abd1-4aac-863d-ba2cdf6527d9"}, {"id": "0b6ce5dc-a292-47c8-97f5-2b3bb71f65e5",
        "type": "DataPipeline", "displayName": "fabcli000001_new_6", "description":
        "Imported from fab", "workspaceId": "704a31b2-abd1-4aac-863d-ba2cdf6527d9"},
        {"id": "5be6b544-a146-4c9d-aeed-2b9298bc7c01", "type": "Eventhouse", "displayName":
        "fabcli000001_auto", "description": "Created by fab", "workspaceId": "704a31b2-abd1-4aac-863d-ba2cdf6527d9"},
        {"id": "1db579d8-027d-4e49-976a-5d1ca2ea5b1c", "type": "KQLDatabase", "displayName":
        "fabcli000001_auto", "description": "fabcli000001_auto", "workspaceId": "704a31b2-abd1-4aac-863d-ba2cdf6527d9"},
        {"id": "9799c9a4-f352-44f3-bb17-9de430177021", "type": "KQLDatabase", "displayName":
        "fabcli000001_new_9", "description": "Imported from fab", "workspaceId": "704a31b2-abd1-4aac-863d-ba2cdf6527d9"},
        {"id": "f874fe8c-8306-49d7-bc19-277412731932", "type": "KQLQueryset", "displayName":
        "fabcli000001", "description": "Created by fab", "workspaceId": "704a31b2-abd1-4aac-863d-ba2cdf6527d9"}]}'
    headers:
      Access-Control-Expose-Headers:
      - RequestId
      Cache-Control:
      - no-store, must-revalidate, no-cache
      Content-Encoding:
      - gzip
      Content-Length:
      - '823'
      Content-Type:
      - application/json; charset=utf-8
      Date:
      - Mon, 15 Dec 2025 07:49:26 GMT
      Pragma:
      - no-cache
      RequestId:
      - 978859f4-8c28-4333-933e-71904931c0e6
      Strict-Transport-Security:
      - max-age=31536000; includeSubDomains
      X-Content-Type-Options:
      - nosniff
      X-Frame-Options:
      - deny
      home-cluster-uri:
      - https://wabi-us-central-b-primary-redirect.analysis.windows.net/
      request-redirected:
      - 'true'
    status:
      code: 200
      message: OK
- request:
    body: '{"type": "KQLQueryset", "description": "Imported from fab", "folderId":
      null, "displayName": "fabcli000001_new_10", "definition": {"parts": [{"path":
      ".platform", "payload": "ewogICAgIiRzY2hlbWEiOiAiaHR0cHM6Ly9kZXZlbG9wZXIubWljcm9zb2Z0LmNvbS9qc29uLXNjaGVtYXMvZmFicmljL2dpdEludGVncmF0aW9uL3BsYXRmb3JtUHJvcGVydGllcy8yLjAuMC9zY2hlbWEuanNvbiIsCiAgICAibWV0YWRhdGEiOiB7CiAgICAgICAgInR5cGUiOiAiS1FMUXVlcnlzZXQiLAogICAgICAgICJkaXNwbGF5TmFtZSI6ICJmYWJjbGkwMDAwMDEiLAogICAgICAgICJkZXNjcmlwdGlvbiI6ICJDcmVhdGVkIGJ5IGZhYiIKICAgIH0sCiAgICAiY29uZmlnIjogewogICAgICAgICJ2ZXJzaW9uIjogIjIuMCIsCiAgICAgICAgImxvZ2ljYWxJZCI6ICIwMDAwMDAwMC0wMDAwLTAwMDAtMDAwMC0wMDAwMDAwMDAwMDAiCiAgICB9Cn0=",
      "payloadType": "InlineBase64"}, {"path": "RealTimeQueryset.json", "payload":
      "e30=", "payloadType": "InlineBase64"}]}}'
    headers:
      Accept:
      - '*/*'
      Accept-Encoding:
      - gzip, deflate
      Connection:
      - keep-alive
      Content-Length:
      - '796'
      Content-Type:
      - application/json
      User-Agent:
      - ms-fabric-cli-test/1.2.0
    method: POST
    uri: https://api.fabric.microsoft.com/v1/workspaces/704a31b2-abd1-4aac-863d-ba2cdf6527d9/items
  response:
    body:
      string: '{"id": "88a6829e-23b5-4201-aafd-b44815bf55b1", "type": "KQLQueryset",
        "displayName": "fabcli000001_new_10", "description": "Imported from fab",
        "workspaceId": "704a31b2-abd1-4aac-863d-ba2cdf6527d9"}'
    headers:
      Access-Control-Expose-Headers:
      - RequestId,ETag
      Cache-Control:
      - no-store, must-revalidate, no-cache
      Content-Encoding:
      - gzip
      Content-Length:
      - '177'
      Content-Type:
      - application/json; charset=utf-8
      Date:
      - Mon, 15 Dec 2025 07:49:27 GMT
      ETag:
      - '""'
      Pragma:
      - no-cache
      RequestId:
      - 3e275a99-06a6-480b-8066-e85c54cb8cf8
      Strict-Transport-Security:
      - max-age=31536000; includeSubDomains
      X-Content-Type-Options:
      - nosniff
      X-Frame-Options:
      - deny
      home-cluster-uri:
      - https://wabi-us-central-b-primary-redirect.analysis.windows.net/
      request-redirected:
      - 'true'
    status:
      code: 201
      message: Created
- request:
    body: null
    headers:
      Accept:
      - '*/*'
      Accept-Encoding:
      - gzip, deflate
      Connection:
      - keep-alive
      Content-Type:
      - application/json
      User-Agent:
      - ms-fabric-cli-test/1.2.0
    method: GET
    uri: https://api.fabric.microsoft.com/v1/workspaces
  response:
    body:
      string: '{"value": [{"id": "3634a139-2c9e-4205-910b-3b089a31be47", "displayName":
        "My workspace", "description": "", "type": "Personal"}, {"id": "704a31b2-abd1-4aac-863d-ba2cdf6527d9",
        "displayName": "fabriccli_WorkspacePerTestclass_000001", "description": "Created
        by fab", "type": "Workspace", "capacityId": "00000000-0000-0000-0000-000000000004"}]}'
    headers:
      Access-Control-Expose-Headers:
      - RequestId
      Cache-Control:
      - no-store, must-revalidate, no-cache
      Content-Encoding:
      - gzip
      Content-Length:
      - '1185'
      Content-Type:
      - application/json; charset=utf-8
      Date:
      - Mon, 15 Dec 2025 07:49:28 GMT
      Pragma:
      - no-cache
      RequestId:
      - 031525de-a488-4b28-ba53-eec66f263454
      Strict-Transport-Security:
      - max-age=31536000; includeSubDomains
      X-Content-Type-Options:
      - nosniff
      X-Frame-Options:
      - deny
      home-cluster-uri:
      - https://wabi-us-central-b-primary-redirect.analysis.windows.net/
      request-redirected:
      - 'true'
    status:
      code: 200
      message: OK
- request:
    body: null
    headers:
      Accept:
      - '*/*'
      Accept-Encoding:
      - gzip, deflate
      Connection:
      - keep-alive
      Content-Type:
      - application/json
      User-Agent:
      - ms-fabric-cli-test/1.2.0
    method: GET
    uri: https://api.fabric.microsoft.com/v1/workspaces/704a31b2-abd1-4aac-863d-ba2cdf6527d9/items
  response:
    body:
      string: '{"value": [{"id": "ef224172-91fb-4295-bc00-4952ff1b854e", "type": "Report",
        "displayName": "fabcli000001_new_7", "description": "Imported from fab", "workspaceId":
        "704a31b2-abd1-4aac-863d-ba2cdf6527d9"}, {"id": "63297299-d084-4676-92ca-91cc20fcbc14",
        "type": "SemanticModel", "displayName": "fabcli000001_auto", "description":
        "", "workspaceId": "704a31b2-abd1-4aac-863d-ba2cdf6527d9"}, {"id": "9389fc55-164e-41c0-bbb1-b70897d466a7",
        "type": "SemanticModel", "displayName": "fabcli000001_auto", "description":
        "", "workspaceId": "704a31b2-abd1-4aac-863d-ba2cdf6527d9"}, {"id": "309aee93-1d79-4ac2-b4fb-b963c640af34",
        "type": "SemanticModel", "displayName": "fabcli000001_new_8", "description":
        "", "workspaceId": "704a31b2-abd1-4aac-863d-ba2cdf6527d9"}, {"id": "5abac0b4-f94b-4706-bc7d-e37f2a801f47",
        "type": "SQLEndpoint", "displayName": "fabcli000001_new_3", "description":
        "", "workspaceId": "704a31b2-abd1-4aac-863d-ba2cdf6527d9"}, {"id": "9065f1b3-34d8-4104-bf19-847b3c724abe",
        "type": "Eventhouse", "displayName": "fabcli000001_auto", "description": "Created
        by fab", "workspaceId": "704a31b2-abd1-4aac-863d-ba2cdf6527d9"}, {"id": "9fe7ca9d-f5be-4fd3-9035-42e383715b55",
        "type": "KQLDatabase", "displayName": "fabcli000001_auto", "description":
        "fabcli000001_auto", "workspaceId": "704a31b2-abd1-4aac-863d-ba2cdf6527d9"},
        {"id": "33a0ac87-ec7b-4e59-a4ab-64ad7464bb6d", "type": "Notebook", "displayName":
        "fabcli000001_new_2", "description": "Imported from fab", "workspaceId": "704a31b2-abd1-4aac-863d-ba2cdf6527d9"},
        {"id": "aeb6809c-186c-49ee-89cf-de9c31add7e4", "type": "SQLDatabase", "displayName":
        "fabcli000001_new_3", "description": "Imported from fab", "workspaceId": "704a31b2-abd1-4aac-863d-ba2cdf6527d9"},
        {"id": "54348fe3-cd4d-474d-bcef-0f73d485bbbb", "type": "Notebook", "displayName":
        "fabcli000001_new_4", "description": "Imported from fab", "workspaceId": "704a31b2-abd1-4aac-863d-ba2cdf6527d9"},
        {"id": "8b29373d-0d70-447c-bec2-c0f0e9cea264", "type": "SparkJobDefinition",
        "displayName": "fabcli000001_new_5", "description": "Imported from fab", "workspaceId":
        "704a31b2-abd1-4aac-863d-ba2cdf6527d9"}, {"id": "0b6ce5dc-a292-47c8-97f5-2b3bb71f65e5",
        "type": "DataPipeline", "displayName": "fabcli000001_new_6", "description":
        "Imported from fab", "workspaceId": "704a31b2-abd1-4aac-863d-ba2cdf6527d9"},
        {"id": "5be6b544-a146-4c9d-aeed-2b9298bc7c01", "type": "Eventhouse", "displayName":
        "fabcli000001_auto", "description": "Created by fab", "workspaceId": "704a31b2-abd1-4aac-863d-ba2cdf6527d9"},
        {"id": "1db579d8-027d-4e49-976a-5d1ca2ea5b1c", "type": "KQLDatabase", "displayName":
        "fabcli000001_auto", "description": "fabcli000001_auto", "workspaceId": "704a31b2-abd1-4aac-863d-ba2cdf6527d9"},
        {"id": "9799c9a4-f352-44f3-bb17-9de430177021", "type": "KQLDatabase", "displayName":
        "fabcli000001_new_9", "description": "Imported from fab", "workspaceId": "704a31b2-abd1-4aac-863d-ba2cdf6527d9"},
        {"id": "f874fe8c-8306-49d7-bc19-277412731932", "type": "KQLQueryset", "displayName":
        "fabcli000001", "description": "Created by fab", "workspaceId": "704a31b2-abd1-4aac-863d-ba2cdf6527d9"},
        {"id": "88a6829e-23b5-4201-aafd-b44815bf55b1", "type": "KQLQueryset", "displayName":
        "fabcli000001_new_10", "description": "Imported from fab", "workspaceId":
        "704a31b2-abd1-4aac-863d-ba2cdf6527d9"}]}'
    headers:
      Access-Control-Expose-Headers:
      - RequestId
      Cache-Control:
      - no-store, must-revalidate, no-cache
      Content-Encoding:
      - gzip
      Content-Length:
      - '852'
      Content-Type:
      - application/json; charset=utf-8
      Date:
      - Mon, 15 Dec 2025 07:49:28 GMT
      Pragma:
      - no-cache
      RequestId:
      - 0aa4f6ef-80e5-49d5-8ec6-41494c2edb68
      Strict-Transport-Security:
      - max-age=31536000; includeSubDomains
      X-Content-Type-Options:
      - nosniff
      X-Frame-Options:
      - deny
      home-cluster-uri:
      - https://wabi-us-central-b-primary-redirect.analysis.windows.net/
      request-redirected:
      - 'true'
    status:
      code: 200
      message: OK
- request:
    body: null
    headers:
      Accept:
      - '*/*'
      Accept-Encoding:
      - gzip, deflate
      Connection:
      - keep-alive
      Content-Length:
      - '0'
      Content-Type:
      - application/json
      User-Agent:
      - ms-fabric-cli-test/1.2.0
    method: DELETE
    uri: https://api.fabric.microsoft.com/v1/workspaces/704a31b2-abd1-4aac-863d-ba2cdf6527d9/items/f874fe8c-8306-49d7-bc19-277412731932
  response:
    body:
      string: ''
    headers:
      Access-Control-Expose-Headers:
      - RequestId
      Cache-Control:
      - no-store, must-revalidate, no-cache
      Content-Encoding:
      - gzip
      Content-Length:
      - '0'
      Content-Type:
      - application/octet-stream
      Date:
      - Mon, 15 Dec 2025 07:49:28 GMT
      Pragma:
      - no-cache
      RequestId:
      - 149cbba2-a382-491f-94bd-d24a2b037122
      Strict-Transport-Security:
      - max-age=31536000; includeSubDomains
      X-Content-Type-Options:
      - nosniff
      X-Frame-Options:
      - deny
      home-cluster-uri:
      - https://wabi-us-central-b-primary-redirect.analysis.windows.net/
      request-redirected:
      - 'true'
    status:
      code: 200
      message: OK
version: 1
