interactions:
- request:
    body: null
    headers:
      Accept:
      - '*/*'
      Accept-Encoding:
      - gzip, deflate
      Connection:
      - keep-alive
      Content-Type:
      - application/json
      User-Agent:
      - ms-fabric-cli-test/1.1.0
    method: GET
    uri: https://api.fabric.microsoft.com/v1/workspaces
  response:
    body:
      string: '{"value": [{"id": "94da8ea5-0bd6-4a9e-b717-5fdb482f4c71", "displayName":
        "My workspace", "description": "", "type": "Personal"}, {"id": "c2994b45-b913-433f-965e-bb7a6d8d012a",
        "displayName": "fabriccli_WorkspacePerTestclass_000001", "description": "Created
        by fab", "type": "Workspace", "capacityId": "00000000-0000-0000-0000-000000000004"}]}'
    headers:
      Access-Control-Expose-Headers:
      - RequestId
      Cache-Control:
      - no-store, must-revalidate, no-cache
      Content-Encoding:
      - gzip
      Content-Length:
      - '567'
      Content-Type:
      - application/json; charset=utf-8
      Date:
      - Sun, 14 Sep 2025 06:44:11 GMT
      Pragma:
      - no-cache
      RequestId:
      - b114c391-eee2-4bca-aea1-f0a85e095304
      Strict-Transport-Security:
      - max-age=31536000; includeSubDomains
      X-Content-Type-Options:
      - nosniff
      X-Frame-Options:
      - deny
      home-cluster-uri:
      - https://wabi-west-europe-redirect.analysis.windows.net/
      request-redirected:
      - 'true'
    status:
      code: 200
      message: OK
- request:
    body: null
    headers:
      Accept:
      - '*/*'
      Accept-Encoding:
      - gzip, deflate
      Connection:
      - keep-alive
      Content-Type:
      - application/json
      User-Agent:
      - ms-fabric-cli-test/1.1.0
    method: GET
    uri: https://api.fabric.microsoft.com/v1/workspaces/c2994b45-b913-433f-965e-bb7a6d8d012a/items
  response:
    body:
      string: '{"value": [{"id": "3afcf9cd-bcf4-4296-b909-2e2fa577cc70", "type": "Report",
        "displayName": "fabcli000001_new_6", "description": "Imported from fab", "workspaceId":
        "c2994b45-b913-433f-965e-bb7a6d8d012a"}, {"id": "ac301525-6707-43f5-b6ce-4a4f2ef78a10",
        "type": "SemanticModel", "displayName": "fabcli000001_auto", "description":
        "", "workspaceId": "c2994b45-b913-433f-965e-bb7a6d8d012a"}, {"id": "16e2b876-d40b-4005-a2b8-41d141a3c621",
        "type": "SemanticModel", "displayName": "fabcli000001_auto", "description":
        "", "workspaceId": "c2994b45-b913-433f-965e-bb7a6d8d012a"}, {"id": "6e734d42-3753-48bd-b846-cccc16cfd7c2",
        "type": "SemanticModel", "displayName": "fabcli000001_new_7", "description":
        "", "workspaceId": "c2994b45-b913-433f-965e-bb7a6d8d012a"}, {"id": "dbd1c269-5c83-4fb0-95a1-610355d1b2a2",
        "type": "Eventhouse", "displayName": "fabcli000001_auto", "description": "Created
        by fab", "workspaceId": "c2994b45-b913-433f-965e-bb7a6d8d012a"}, {"id": "1023e97d-59eb-4474-8bfb-1c9db4be6711",
        "type": "KQLDatabase", "displayName": "fabcli000001_auto", "description":
        "fabcli000001_auto", "workspaceId": "c2994b45-b913-433f-965e-bb7a6d8d012a"},
        {"id": "ef777dad-3690-4a87-9b4a-acdc408acad3", "type": "Notebook", "displayName":
        "fabcli000001_new_2", "description": "Imported from fab", "workspaceId": "c2994b45-b913-433f-965e-bb7a6d8d012a"},
        {"id": "d5d99570-7a98-4d00-b823-d69d338be445", "type": "Notebook", "displayName":
        "fabcli000001_new_3", "description": "Imported from fab", "workspaceId": "c2994b45-b913-433f-965e-bb7a6d8d012a"},
        {"id": "6ae73e56-b93f-4dd9-851b-f7ffa4768f68", "type": "SparkJobDefinition",
        "displayName": "fabcli000001_new_4", "description": "Imported from fab", "workspaceId":
        "c2994b45-b913-433f-965e-bb7a6d8d012a"}, {"id": "00cc62bf-e98f-4707-83c6-acd3e762bf18",
        "type": "DataPipeline", "displayName": "fabcli000001_new_5", "description":
        "Imported from fab", "workspaceId": "c2994b45-b913-433f-965e-bb7a6d8d012a"}]}'
    headers:
      Access-Control-Expose-Headers:
      - RequestId
      Cache-Control:
      - no-store, must-revalidate, no-cache
      Content-Encoding:
      - gzip
      Content-Length:
      - '592'
      Content-Type:
      - application/json; charset=utf-8
      Date:
      - Sun, 14 Sep 2025 06:44:11 GMT
      Pragma:
      - no-cache
      RequestId:
      - 8bfea5f0-0fa1-4b6a-ae1a-35f1124dde9b
      Strict-Transport-Security:
      - max-age=31536000; includeSubDomains
      X-Content-Type-Options:
      - nosniff
      X-Frame-Options:
      - deny
      home-cluster-uri:
      - https://wabi-west-europe-redirect.analysis.windows.net/
      request-redirected:
      - 'true'
    status:
      code: 200
      message: OK
- request:
    body: null
    headers:
      Accept:
      - '*/*'
      Accept-Encoding:
      - gzip, deflate
      Connection:
      - keep-alive
      Content-Type:
      - application/json
      User-Agent:
      - ms-fabric-cli-test/1.1.0
    method: GET
    uri: https://api.fabric.microsoft.com/v1/workspaces/c2994b45-b913-433f-965e-bb7a6d8d012a/items
  response:
    body:
      string: '{"value": [{"id": "3afcf9cd-bcf4-4296-b909-2e2fa577cc70", "type": "Report",
        "displayName": "fabcli000001_new_6", "description": "Imported from fab", "workspaceId":
        "c2994b45-b913-433f-965e-bb7a6d8d012a"}, {"id": "ac301525-6707-43f5-b6ce-4a4f2ef78a10",
        "type": "SemanticModel", "displayName": "fabcli000001_auto", "description":
        "", "workspaceId": "c2994b45-b913-433f-965e-bb7a6d8d012a"}, {"id": "16e2b876-d40b-4005-a2b8-41d141a3c621",
        "type": "SemanticModel", "displayName": "fabcli000001_auto", "description":
        "", "workspaceId": "c2994b45-b913-433f-965e-bb7a6d8d012a"}, {"id": "6e734d42-3753-48bd-b846-cccc16cfd7c2",
        "type": "SemanticModel", "displayName": "fabcli000001_new_7", "description":
        "", "workspaceId": "c2994b45-b913-433f-965e-bb7a6d8d012a"}, {"id": "dbd1c269-5c83-4fb0-95a1-610355d1b2a2",
        "type": "Eventhouse", "displayName": "fabcli000001_auto", "description": "Created
        by fab", "workspaceId": "c2994b45-b913-433f-965e-bb7a6d8d012a"}, {"id": "1023e97d-59eb-4474-8bfb-1c9db4be6711",
        "type": "KQLDatabase", "displayName": "fabcli000001_auto", "description":
        "fabcli000001_auto", "workspaceId": "c2994b45-b913-433f-965e-bb7a6d8d012a"},
        {"id": "ef777dad-3690-4a87-9b4a-acdc408acad3", "type": "Notebook", "displayName":
        "fabcli000001_new_2", "description": "Imported from fab", "workspaceId": "c2994b45-b913-433f-965e-bb7a6d8d012a"},
        {"id": "d5d99570-7a98-4d00-b823-d69d338be445", "type": "Notebook", "displayName":
        "fabcli000001_new_3", "description": "Imported from fab", "workspaceId": "c2994b45-b913-433f-965e-bb7a6d8d012a"},
        {"id": "6ae73e56-b93f-4dd9-851b-f7ffa4768f68", "type": "SparkJobDefinition",
        "displayName": "fabcli000001_new_4", "description": "Imported from fab", "workspaceId":
        "c2994b45-b913-433f-965e-bb7a6d8d012a"}, {"id": "00cc62bf-e98f-4707-83c6-acd3e762bf18",
        "type": "DataPipeline", "displayName": "fabcli000001_new_5", "description":
        "Imported from fab", "workspaceId": "c2994b45-b913-433f-965e-bb7a6d8d012a"}]}'
    headers:
      Access-Control-Expose-Headers:
      - RequestId
      Cache-Control:
      - no-store, must-revalidate, no-cache
      Content-Encoding:
      - gzip
      Content-Length:
      - '592'
      Content-Type:
      - application/json; charset=utf-8
      Date:
      - Sun, 14 Sep 2025 06:44:11 GMT
      Pragma:
      - no-cache
      RequestId:
      - 5507c7dc-d8c6-47df-b299-fbd15b53dd7d
      Strict-Transport-Security:
      - max-age=31536000; includeSubDomains
      X-Content-Type-Options:
      - nosniff
      X-Frame-Options:
      - deny
      home-cluster-uri:
      - https://wabi-west-europe-redirect.analysis.windows.net/
      request-redirected:
      - 'true'
    status:
      code: 200
      message: OK
- request:
    body: '{"description": "Created by fab", "displayName": "fabcli000001_auto", "type":
      "Eventhouse", "folderId": null}'
    headers:
      Accept:
      - '*/*'
      Accept-Encoding:
      - gzip, deflate
      Connection:
      - keep-alive
      Content-Length:
      - '113'
      Content-Type:
      - application/json
      User-Agent:
      - ms-fabric-cli-test/1.1.0
    method: POST
    uri: https://api.fabric.microsoft.com/v1/workspaces/c2994b45-b913-433f-965e-bb7a6d8d012a/eventhouses
  response:
    body:
      string: '{"id": "790e5d08-014b-451e-b917-bb9c6d3229cd", "type": "Eventhouse",
        "displayName": "fabcli000001_auto", "description": "Created by fab", "workspaceId":
        "c2994b45-b913-433f-965e-bb7a6d8d012a"}'
    headers:
      Access-Control-Expose-Headers:
      - RequestId,ETag
      Cache-Control:
      - no-store, must-revalidate, no-cache
      Content-Encoding:
      - gzip
      Content-Length:
      - '172'
      Content-Type:
      - application/json; charset=utf-8
      Date:
      - Sun, 14 Sep 2025 06:44:20 GMT
      ETag:
      - '""'
      Pragma:
      - no-cache
      RequestId:
      - 69160900-86ff-4880-b054-5203a5f0fd8d
      Strict-Transport-Security:
      - max-age=31536000; includeSubDomains
      X-Content-Type-Options:
      - nosniff
      X-Frame-Options:
      - deny
      home-cluster-uri:
      - https://wabi-west-europe-redirect.analysis.windows.net/
      request-redirected:
      - 'true'
    status:
      code: 201
      message: Created
- request:
    body: '{"description": "Created by fab", "displayName": "fabcli000001", "type":
      "KQLDatabase", "folderId": null, "creationPayload": {"databaseType": "ReadWrite",
      "parentEventhouseItemId": "790e5d08-014b-451e-b917-bb9c6d3229cd"}}'
    headers:
      Accept:
      - '*/*'
      Accept-Encoding:
      - gzip, deflate
      Connection:
      - keep-alive
      Content-Length:
      - '225'
      Content-Type:
      - application/json
      User-Agent:
      - ms-fabric-cli-test/1.1.0
    method: POST
    uri: https://api.fabric.microsoft.com/v1/workspaces/c2994b45-b913-433f-965e-bb7a6d8d012a/kqlDatabases
  response:
    body:
      string: 'null'
    headers:
      Access-Control-Expose-Headers:
      - RequestId,Location,Retry-After,ETag,x-ms-operation-id
      Cache-Control:
      - no-store, must-revalidate, no-cache
      Content-Encoding:
      - gzip
      Content-Length:
      - '24'
      Content-Type:
      - application/json; charset=utf-8
      Date:
      - Sun, 14 Sep 2025 06:44:20 GMT
      ETag:
      - '""'
      Location:
      - https://wabi-west-europe-redirect.analysis.windows.net/v1/operations/8900745a-83e1-4a7b-a3ee-3c71dcd0a086
      Pragma:
      - no-cache
      RequestId:
      - 29eaddba-f831-4537-a5fc-9b369f38548f
      Retry-After:
      - '20'
      Strict-Transport-Security:
      - max-age=31536000; includeSubDomains
      X-Content-Type-Options:
      - nosniff
      X-Frame-Options:
      - deny
      home-cluster-uri:
      - https://wabi-west-europe-redirect.analysis.windows.net/
      request-redirected:
      - 'true'
      x-ms-operation-id:
      - 8900745a-83e1-4a7b-a3ee-3c71dcd0a086
    status:
      code: 202
      message: Accepted
- request:
    body: null
    headers:
      Accept:
      - '*/*'
      Accept-Encoding:
      - gzip, deflate
      Connection:
      - keep-alive
      Content-Type:
      - application/json
      User-Agent:
      - ms-fabric-cli-test/1.1.0
    method: GET
    uri: https://wabi-west-europe-redirect.analysis.windows.net/v1/operations/8900745a-83e1-4a7b-a3ee-3c71dcd0a086
  response:
    body:
      string: '{"status": "Succeeded", "createdTimeUtc": "2025-09-14T06:44:21.1708219",
        "lastUpdatedTimeUtc": "2025-09-14T06:44:26.6552579", "percentComplete": 100,
        "error": null}'
    headers:
      Access-Control-Expose-Headers:
      - RequestId,Location,x-ms-operation-id
      Cache-Control:
      - no-store, must-revalidate, no-cache
      Content-Encoding:
      - gzip
      Content-Length:
      - '131'
      Content-Type:
      - application/json; charset=utf-8
      Date:
      - Sun, 14 Sep 2025 06:44:41 GMT
      Location:
      - https://wabi-west-europe-redirect.analysis.windows.net/v1/operations/8900745a-83e1-4a7b-a3ee-3c71dcd0a086/result
      Pragma:
      - no-cache
      RequestId:
      - f8c83a21-a1f7-4191-ba07-3b8f80ef9772
      Strict-Transport-Security:
      - max-age=31536000; includeSubDomains
      X-Content-Type-Options:
      - nosniff
      X-Frame-Options:
      - deny
      x-ms-operation-id:
      - 8900745a-83e1-4a7b-a3ee-3c71dcd0a086
    status:
      code: 200
      message: OK
- request:
    body: null
    headers:
      Accept:
      - '*/*'
      Accept-Encoding:
      - gzip, deflate
      Connection:
      - keep-alive
      Content-Type:
      - application/json
      User-Agent:
      - ms-fabric-cli-test/1.1.0
    method: GET
    uri: https://wabi-west-europe-redirect.analysis.windows.net/v1/operations/8900745a-83e1-4a7b-a3ee-3c71dcd0a086/result
  response:
    body:
      string: '{"id": "146dba66-2a7a-44e6-8727-9bb706f608c2", "type": "KQLDatabase",
        "displayName": "fabcli000001", "description": "Created by fab", "workspaceId":
        "c2994b45-b913-433f-965e-bb7a6d8d012a"}'
    headers:
      Access-Control-Expose-Headers:
      - RequestId
      Cache-Control:
      - no-store, must-revalidate, no-cache
      Content-Encoding:
      - gzip
      Content-Type:
      - application/json
      Date:
      - Sun, 14 Sep 2025 06:44:41 GMT
      Pragma:
      - no-cache
      RequestId:
      - cbde15f5-2fe2-4565-abb4-182ccf336749
      Strict-Transport-Security:
      - max-age=31536000; includeSubDomains
      Transfer-Encoding:
      - chunked
      X-Content-Type-Options:
      - nosniff
      X-Frame-Options:
      - deny
    status:
      code: 200
      message: OK
- request:
    body: null
    headers:
      Accept:
      - '*/*'
      Accept-Encoding:
      - gzip, deflate
      Connection:
      - keep-alive
      Content-Type:
      - application/json
      User-Agent:
      - ms-fabric-cli-test/1.1.0
    method: GET
    uri: https://api.fabric.microsoft.com/v1/workspaces
  response:
    body:
      string: '{"value": [{"id": "94da8ea5-0bd6-4a9e-b717-5fdb482f4c71", "displayName":
        "My workspace", "description": "", "type": "Personal"}, {"id": "c2994b45-b913-433f-965e-bb7a6d8d012a",
        "displayName": "fabriccli_WorkspacePerTestclass_000001", "description": "Created
        by fab", "type": "Workspace", "capacityId": "00000000-0000-0000-0000-000000000004"}]}'
    headers:
      Access-Control-Expose-Headers:
      - RequestId
      Cache-Control:
      - no-store, must-revalidate, no-cache
      Content-Encoding:
      - gzip
      Content-Length:
      - '567'
      Content-Type:
      - application/json; charset=utf-8
      Date:
      - Sun, 14 Sep 2025 06:44:41 GMT
      Pragma:
      - no-cache
      RequestId:
      - 91cae9c4-f1db-4b51-b9a5-e300b6f47f03
      Strict-Transport-Security:
      - max-age=31536000; includeSubDomains
      X-Content-Type-Options:
      - nosniff
      X-Frame-Options:
      - deny
      home-cluster-uri:
      - https://wabi-west-europe-redirect.analysis.windows.net/
      request-redirected:
      - 'true'
    status:
      code: 200
      message: OK
- request:
    body: null
    headers:
      Accept:
      - '*/*'
      Accept-Encoding:
      - gzip, deflate
      Connection:
      - keep-alive
      Content-Type:
      - application/json
      User-Agent:
      - ms-fabric-cli-test/1.1.0
    method: GET
    uri: https://api.fabric.microsoft.com/v1/workspaces/c2994b45-b913-433f-965e-bb7a6d8d012a/items
  response:
    body:
      string: '{"value": [{"id": "3afcf9cd-bcf4-4296-b909-2e2fa577cc70", "type": "Report",
        "displayName": "fabcli000001_new_6", "description": "Imported from fab", "workspaceId":
        "c2994b45-b913-433f-965e-bb7a6d8d012a"}, {"id": "ac301525-6707-43f5-b6ce-4a4f2ef78a10",
        "type": "SemanticModel", "displayName": "fabcli000001_auto", "description":
        "", "workspaceId": "c2994b45-b913-433f-965e-bb7a6d8d012a"}, {"id": "16e2b876-d40b-4005-a2b8-41d141a3c621",
        "type": "SemanticModel", "displayName": "fabcli000001_auto", "description":
        "", "workspaceId": "c2994b45-b913-433f-965e-bb7a6d8d012a"}, {"id": "6e734d42-3753-48bd-b846-cccc16cfd7c2",
        "type": "SemanticModel", "displayName": "fabcli000001_new_7", "description":
        "", "workspaceId": "c2994b45-b913-433f-965e-bb7a6d8d012a"}, {"id": "dbd1c269-5c83-4fb0-95a1-610355d1b2a2",
        "type": "Eventhouse", "displayName": "fabcli000001_auto", "description": "Created
        by fab", "workspaceId": "c2994b45-b913-433f-965e-bb7a6d8d012a"}, {"id": "1023e97d-59eb-4474-8bfb-1c9db4be6711",
        "type": "KQLDatabase", "displayName": "fabcli000001_auto", "description":
        "fabcli000001_auto", "workspaceId": "c2994b45-b913-433f-965e-bb7a6d8d012a"},
        {"id": "ef777dad-3690-4a87-9b4a-acdc408acad3", "type": "Notebook", "displayName":
        "fabcli000001_new_2", "description": "Imported from fab", "workspaceId": "c2994b45-b913-433f-965e-bb7a6d8d012a"},
        {"id": "d5d99570-7a98-4d00-b823-d69d338be445", "type": "Notebook", "displayName":
        "fabcli000001_new_3", "description": "Imported from fab", "workspaceId": "c2994b45-b913-433f-965e-bb7a6d8d012a"},
        {"id": "6ae73e56-b93f-4dd9-851b-f7ffa4768f68", "type": "SparkJobDefinition",
        "displayName": "fabcli000001_new_4", "description": "Imported from fab", "workspaceId":
        "c2994b45-b913-433f-965e-bb7a6d8d012a"}, {"id": "00cc62bf-e98f-4707-83c6-acd3e762bf18",
        "type": "DataPipeline", "displayName": "fabcli000001_new_5", "description":
        "Imported from fab", "workspaceId": "c2994b45-b913-433f-965e-bb7a6d8d012a"},
        {"id": "790e5d08-014b-451e-b917-bb9c6d3229cd", "type": "Eventhouse", "displayName":
        "fabcli000001_auto", "description": "Created by fab", "workspaceId": "c2994b45-b913-433f-965e-bb7a6d8d012a"},
        {"id": "5ae81f1a-6a15-45b3-ac91-0c85ed6d8d88", "type": "KQLDatabase", "displayName":
        "fabcli000001_auto_1", "description": "fabcli000001_auto_1", "workspaceId":
        "c2994b45-b913-433f-965e-bb7a6d8d012a"}, {"id": "146dba66-2a7a-44e6-8727-9bb706f608c2",
        "type": "KQLDatabase", "displayName": "fabcli000001", "description": "Created
        by fab", "workspaceId": "c2994b45-b913-433f-965e-bb7a6d8d012a"}]}'
    headers:
      Access-Control-Expose-Headers:
      - RequestId
      Cache-Control:
      - no-store, must-revalidate, no-cache
      Content-Encoding:
      - gzip
      Content-Length:
      - '695'
      Content-Type:
      - application/json; charset=utf-8
      Date:
      - Sun, 14 Sep 2025 06:44:41 GMT
      Pragma:
      - no-cache
      RequestId:
      - 5f2728db-b0bb-4dc3-a10b-61ca9b3e9915
      Strict-Transport-Security:
      - max-age=31536000; includeSubDomains
      X-Content-Type-Options:
      - nosniff
      X-Frame-Options:
      - deny
      home-cluster-uri:
      - https://wabi-west-europe-redirect.analysis.windows.net/
      request-redirected:
      - 'true'
    status:
      code: 200
      message: OK
- request:
    body: null
    headers:
      Accept:
      - '*/*'
      Accept-Encoding:
      - gzip, deflate
      Connection:
      - keep-alive
      Content-Type:
      - application/json
      User-Agent:
      - ms-fabric-cli-test/1.1.0
    method: GET
    uri: https://api.fabric.microsoft.com/v1/workspaces/c2994b45-b913-433f-965e-bb7a6d8d012a/items/146dba66-2a7a-44e6-8727-9bb706f608c2
  response:
    body:
      string: '{"id": "146dba66-2a7a-44e6-8727-9bb706f608c2", "type": "KQLDatabase",
        "displayName": "fabcli000001", "description": "Created by fab", "workspaceId":
        "c2994b45-b913-433f-965e-bb7a6d8d012a"}'
    headers:
      Access-Control-Expose-Headers:
      - RequestId,ETag
      Cache-Control:
      - no-store, must-revalidate, no-cache
      Content-Encoding:
      - gzip
      Content-Length:
      - '170'
      Content-Type:
      - application/json; charset=utf-8
      Date:
      - Sun, 14 Sep 2025 06:44:41 GMT
      ETag:
      - '""'
      Pragma:
      - no-cache
      RequestId:
      - 1ce7760e-151a-4aac-8aab-c1ca2e749713
      Strict-Transport-Security:
      - max-age=31536000; includeSubDomains
      X-Content-Type-Options:
      - nosniff
      X-Frame-Options:
      - deny
      home-cluster-uri:
      - https://wabi-west-europe-redirect.analysis.windows.net/
      request-redirected:
      - 'true'
    status:
      code: 200
      message: OK
- request:
    body: null
    headers:
      Accept:
      - '*/*'
      Accept-Encoding:
      - gzip, deflate
      Connection:
      - keep-alive
      Content-Length:
      - '0'
      Content-Type:
      - application/json
      User-Agent:
      - ms-fabric-cli-test/1.1.0
    method: POST
    uri: https://api.fabric.microsoft.com/v1/workspaces/c2994b45-b913-433f-965e-bb7a6d8d012a/items/146dba66-2a7a-44e6-8727-9bb706f608c2/getDefinition
  response:
    body:
      string: 'null'
    headers:
      Access-Control-Expose-Headers:
      - RequestId,Location,Retry-After,x-ms-operation-id
      Cache-Control:
      - no-store, must-revalidate, no-cache
      Content-Encoding:
      - gzip
      Content-Length:
      - '24'
      Content-Type:
      - application/json; charset=utf-8
      Date:
      - Sun, 14 Sep 2025 06:44:42 GMT
      Location:
      - https://wabi-west-europe-redirect.analysis.windows.net/v1/operations/972889a3-f1a5-459a-82cc-460f745caa02
      Pragma:
      - no-cache
      RequestId:
      - deb6b46b-0e83-44d4-9275-1a23ebef093f
      Retry-After:
      - '20'
      Strict-Transport-Security:
      - max-age=31536000; includeSubDomains
      X-Content-Type-Options:
      - nosniff
      X-Frame-Options:
      - deny
      home-cluster-uri:
      - https://wabi-west-europe-redirect.analysis.windows.net/
      request-redirected:
      - 'true'
      x-ms-operation-id:
      - 972889a3-f1a5-459a-82cc-460f745caa02
    status:
      code: 202
      message: Accepted
- request:
    body: null
    headers:
      Accept:
      - '*/*'
      Accept-Encoding:
      - gzip, deflate
      Connection:
      - keep-alive
      Content-Type:
      - application/json
      User-Agent:
      - ms-fabric-cli-test/1.1.0
    method: GET
    uri: https://wabi-west-europe-redirect.analysis.windows.net/v1/operations/972889a3-f1a5-459a-82cc-460f745caa02
  response:
    body:
      string: '{"status": "Succeeded", "createdTimeUtc": "2025-09-14T06:44:42.7358683",
        "lastUpdatedTimeUtc": "2025-09-14T06:45:01.8790557", "percentComplete": 100,
        "error": null}'
    headers:
      Access-Control-Expose-Headers:
      - RequestId,Location,x-ms-operation-id
      Cache-Control:
      - no-store, must-revalidate, no-cache
      Content-Encoding:
      - gzip
      Content-Length:
      - '133'
      Content-Type:
      - application/json; charset=utf-8
      Date:
      - Sun, 14 Sep 2025 06:45:02 GMT
      Location:
      - https://wabi-west-europe-redirect.analysis.windows.net/v1/operations/972889a3-f1a5-459a-82cc-460f745caa02/result
      Pragma:
      - no-cache
      RequestId:
      - 0e957a54-8c1a-4fa2-8516-7ea9d3f27ad3
      Strict-Transport-Security:
      - max-age=31536000; includeSubDomains
      X-Content-Type-Options:
      - nosniff
      X-Frame-Options:
      - deny
      x-ms-operation-id:
      - 972889a3-f1a5-459a-82cc-460f745caa02
    status:
      code: 200
      message: OK
- request:
    body: null
    headers:
      Accept:
      - '*/*'
      Accept-Encoding:
      - gzip, deflate
      Connection:
      - keep-alive
      Content-Type:
      - application/json
      User-Agent:
      - ms-fabric-cli-test/1.1.0
    method: GET
    uri: https://wabi-west-europe-redirect.analysis.windows.net/v1/operations/972889a3-f1a5-459a-82cc-460f745caa02/result
  response:
    body:
      string: '{"definition": {"parts": [{"path": "DatabaseProperties.json", "payload":
        "ew0KICAiZGF0YWJhc2VUeXBlIjogIlJlYWRXcml0ZSIsDQogICJwYXJlbnRFdmVudGhvdXNlSXRlbUlkIjogIjc5MGU1ZDA4LTAxNGItNDUxZS1iOTE3LWJiOWM2ZDMyMjljZCIsDQogICJvbmVMYWtlQ2FjaGluZ1BlcmlvZCI6ICJQMzY1MDAwRCIsDQogICJvbmVMYWtlU3RhbmRhcmRTdG9yYWdlUGVyaW9kIjogIlAzNjUwMDBEIg0KfQ==",
        "payloadType": "InlineBase64"}, {"path": "DatabaseSchema.kql", "payload":
        "Ly8gS1FMIHNjcmlwdA0KLy8gVXNlIG1hbmFnZW1lbnQgY29tbWFuZHMgaW4gdGhpcyBzY3JpcHQgdG8gY29uZmlndXJlIHlvdXIgZGF0YWJhc2UgaXRlbXMsIHN1Y2ggYXMgdGFibGVzLCBmdW5jdGlvbnMsIG1hdGVyaWFsaXplZCB2aWV3cywgYW5kIG1vcmUuDQoNCg0K",
        "payloadType": "InlineBase64"}, {"path": ".platform", "payload": "ewogICIkc2NoZW1hIjogImh0dHBzOi8vZGV2ZWxvcGVyLm1pY3Jvc29mdC5jb20vanNvbi1zY2hlbWFzL2ZhYnJpYy9naXRJbnRlZ3JhdGlvbi9wbGF0Zm9ybVByb3BlcnRpZXMvMi4wLjAvc2NoZW1hLmpzb24iLAogICJtZXRhZGF0YSI6IHsKICAgICJ0eXBlIjogIktRTERhdGFiYXNlIiwKICAgICJkaXNwbGF5TmFtZSI6ICJmYWJjbGkwMDAwMDEiLAogICAgImRlc2NyaXB0aW9uIjogIkNyZWF0ZWQgYnkgZmFiIgogIH0sCiAgImNvbmZpZyI6IHsKICAgICJ2ZXJzaW9uIjogIjIuMCIsCiAgICAibG9naWNhbElkIjogIjAwMDAwMDAwLTAwMDAtMDAwMC0wMDAwLTAwMDAwMDAwMDAwMCIKICB9Cn0=",
        "payloadType": "InlineBase64"}]}}'
    headers:
      Access-Control-Expose-Headers:
      - RequestId
      Cache-Control:
      - no-store, must-revalidate, no-cache
      Content-Encoding:
      - gzip
      Content-Type:
      - application/json
      Date:
      - Sun, 14 Sep 2025 06:45:02 GMT
      Pragma:
      - no-cache
      RequestId:
      - 7b81faa5-1f52-464f-bdb4-b641ad9e2786
      Strict-Transport-Security:
      - max-age=31536000; includeSubDomains
      Transfer-Encoding:
      - chunked
      X-Content-Type-Options:
      - nosniff
      X-Frame-Options:
      - deny
    status:
      code: 200
      message: OK
- request:
    body: null
    headers:
      Accept:
      - '*/*'
      Accept-Encoding:
      - gzip, deflate
      Connection:
      - keep-alive
      Content-Type:
      - application/json
      User-Agent:
      - ms-fabric-cli-test/1.1.0
    method: GET
    uri: https://api.fabric.microsoft.com/v1/workspaces
  response:
    body:
      string: '{"value": [{"id": "94da8ea5-0bd6-4a9e-b717-5fdb482f4c71", "displayName":
        "My workspace", "description": "", "type": "Personal"}, {"id": "c2994b45-b913-433f-965e-bb7a6d8d012a",
        "displayName": "fabriccli_WorkspacePerTestclass_000001", "description": "Created
        by fab", "type": "Workspace", "capacityId": "00000000-0000-0000-0000-000000000004"}]}'
    headers:
      Access-Control-Expose-Headers:
      - RequestId
      Cache-Control:
      - no-store, must-revalidate, no-cache
      Content-Encoding:
      - gzip
      Content-Length:
      - '567'
      Content-Type:
      - application/json; charset=utf-8
      Date:
      - Sun, 14 Sep 2025 06:45:03 GMT
      Pragma:
      - no-cache
      RequestId:
      - 8be5dc2b-cc6a-45c6-bfd8-2c9b3e41a8ff
      Strict-Transport-Security:
      - max-age=31536000; includeSubDomains
      X-Content-Type-Options:
      - nosniff
      X-Frame-Options:
      - deny
      home-cluster-uri:
      - https://wabi-west-europe-redirect.analysis.windows.net/
      request-redirected:
      - 'true'
    status:
      code: 200
      message: OK
- request:
    body: null
    headers:
      Accept:
      - '*/*'
      Accept-Encoding:
      - gzip, deflate
      Connection:
      - keep-alive
      Content-Type:
      - application/json
      User-Agent:
      - ms-fabric-cli-test/1.1.0
    method: GET
    uri: https://api.fabric.microsoft.com/v1/workspaces/c2994b45-b913-433f-965e-bb7a6d8d012a/items
  response:
    body:
      string: '{"value": [{"id": "3afcf9cd-bcf4-4296-b909-2e2fa577cc70", "type": "Report",
        "displayName": "fabcli000001_new_6", "description": "Imported from fab", "workspaceId":
        "c2994b45-b913-433f-965e-bb7a6d8d012a"}, {"id": "ac301525-6707-43f5-b6ce-4a4f2ef78a10",
        "type": "SemanticModel", "displayName": "fabcli000001_auto", "description":
        "", "workspaceId": "c2994b45-b913-433f-965e-bb7a6d8d012a"}, {"id": "16e2b876-d40b-4005-a2b8-41d141a3c621",
        "type": "SemanticModel", "displayName": "fabcli000001_auto", "description":
        "", "workspaceId": "c2994b45-b913-433f-965e-bb7a6d8d012a"}, {"id": "6e734d42-3753-48bd-b846-cccc16cfd7c2",
        "type": "SemanticModel", "displayName": "fabcli000001_new_7", "description":
        "", "workspaceId": "c2994b45-b913-433f-965e-bb7a6d8d012a"}, {"id": "dbd1c269-5c83-4fb0-95a1-610355d1b2a2",
        "type": "Eventhouse", "displayName": "fabcli000001_auto", "description": "Created
        by fab", "workspaceId": "c2994b45-b913-433f-965e-bb7a6d8d012a"}, {"id": "1023e97d-59eb-4474-8bfb-1c9db4be6711",
        "type": "KQLDatabase", "displayName": "fabcli000001_auto", "description":
        "fabcli000001_auto", "workspaceId": "c2994b45-b913-433f-965e-bb7a6d8d012a"},
        {"id": "ef777dad-3690-4a87-9b4a-acdc408acad3", "type": "Notebook", "displayName":
        "fabcli000001_new_2", "description": "Imported from fab", "workspaceId": "c2994b45-b913-433f-965e-bb7a6d8d012a"},
        {"id": "d5d99570-7a98-4d00-b823-d69d338be445", "type": "Notebook", "displayName":
        "fabcli000001_new_3", "description": "Imported from fab", "workspaceId": "c2994b45-b913-433f-965e-bb7a6d8d012a"},
        {"id": "6ae73e56-b93f-4dd9-851b-f7ffa4768f68", "type": "SparkJobDefinition",
        "displayName": "fabcli000001_new_4", "description": "Imported from fab", "workspaceId":
        "c2994b45-b913-433f-965e-bb7a6d8d012a"}, {"id": "00cc62bf-e98f-4707-83c6-acd3e762bf18",
        "type": "DataPipeline", "displayName": "fabcli000001_new_5", "description":
        "Imported from fab", "workspaceId": "c2994b45-b913-433f-965e-bb7a6d8d012a"},
        {"id": "790e5d08-014b-451e-b917-bb9c6d3229cd", "type": "Eventhouse", "displayName":
        "fabcli000001_auto", "description": "Created by fab", "workspaceId": "c2994b45-b913-433f-965e-bb7a6d8d012a"},
        {"id": "5ae81f1a-6a15-45b3-ac91-0c85ed6d8d88", "type": "KQLDatabase", "displayName":
        "fabcli000001_auto_1", "description": "fabcli000001_auto_1", "workspaceId":
        "c2994b45-b913-433f-965e-bb7a6d8d012a"}, {"id": "146dba66-2a7a-44e6-8727-9bb706f608c2",
        "type": "KQLDatabase", "displayName": "fabcli000001", "description": "Created
        by fab", "workspaceId": "c2994b45-b913-433f-965e-bb7a6d8d012a"}]}'
    headers:
      Access-Control-Expose-Headers:
      - RequestId
      Cache-Control:
      - no-store, must-revalidate, no-cache
      Content-Encoding:
      - gzip
      Content-Length:
      - '695'
      Content-Type:
      - application/json; charset=utf-8
      Date:
      - Sun, 14 Sep 2025 06:45:03 GMT
      Pragma:
      - no-cache
      RequestId:
      - 3aa1b6f1-1484-4da7-a008-cea655006540
      Strict-Transport-Security:
      - max-age=31536000; includeSubDomains
      X-Content-Type-Options:
      - nosniff
      X-Frame-Options:
      - deny
      home-cluster-uri:
      - https://wabi-west-europe-redirect.analysis.windows.net/
      request-redirected:
      - 'true'
    status:
      code: 200
      message: OK
- request:
    body: null
    headers:
      Accept:
      - '*/*'
      Accept-Encoding:
      - gzip, deflate
      Connection:
      - keep-alive
      Content-Type:
      - application/json
      User-Agent:
      - ms-fabric-cli-test/1.1.0
    method: GET
    uri: https://api.fabric.microsoft.com/v1/workspaces/c2994b45-b913-433f-965e-bb7a6d8d012a/items
  response:
    body:
      string: '{"value": [{"id": "3afcf9cd-bcf4-4296-b909-2e2fa577cc70", "type": "Report",
        "displayName": "fabcli000001_new_6", "description": "Imported from fab", "workspaceId":
        "c2994b45-b913-433f-965e-bb7a6d8d012a"}, {"id": "ac301525-6707-43f5-b6ce-4a4f2ef78a10",
        "type": "SemanticModel", "displayName": "fabcli000001_auto", "description":
        "", "workspaceId": "c2994b45-b913-433f-965e-bb7a6d8d012a"}, {"id": "16e2b876-d40b-4005-a2b8-41d141a3c621",
        "type": "SemanticModel", "displayName": "fabcli000001_auto", "description":
        "", "workspaceId": "c2994b45-b913-433f-965e-bb7a6d8d012a"}, {"id": "6e734d42-3753-48bd-b846-cccc16cfd7c2",
        "type": "SemanticModel", "displayName": "fabcli000001_new_7", "description":
        "", "workspaceId": "c2994b45-b913-433f-965e-bb7a6d8d012a"}, {"id": "dbd1c269-5c83-4fb0-95a1-610355d1b2a2",
        "type": "Eventhouse", "displayName": "fabcli000001_auto", "description": "Created
        by fab", "workspaceId": "c2994b45-b913-433f-965e-bb7a6d8d012a"}, {"id": "1023e97d-59eb-4474-8bfb-1c9db4be6711",
        "type": "KQLDatabase", "displayName": "fabcli000001_auto", "description":
        "fabcli000001_auto", "workspaceId": "c2994b45-b913-433f-965e-bb7a6d8d012a"},
        {"id": "ef777dad-3690-4a87-9b4a-acdc408acad3", "type": "Notebook", "displayName":
        "fabcli000001_new_2", "description": "Imported from fab", "workspaceId": "c2994b45-b913-433f-965e-bb7a6d8d012a"},
        {"id": "d5d99570-7a98-4d00-b823-d69d338be445", "type": "Notebook", "displayName":
        "fabcli000001_new_3", "description": "Imported from fab", "workspaceId": "c2994b45-b913-433f-965e-bb7a6d8d012a"},
        {"id": "6ae73e56-b93f-4dd9-851b-f7ffa4768f68", "type": "SparkJobDefinition",
        "displayName": "fabcli000001_new_4", "description": "Imported from fab", "workspaceId":
        "c2994b45-b913-433f-965e-bb7a6d8d012a"}, {"id": "00cc62bf-e98f-4707-83c6-acd3e762bf18",
        "type": "DataPipeline", "displayName": "fabcli000001_new_5", "description":
        "Imported from fab", "workspaceId": "c2994b45-b913-433f-965e-bb7a6d8d012a"},
        {"id": "790e5d08-014b-451e-b917-bb9c6d3229cd", "type": "Eventhouse", "displayName":
        "fabcli000001_auto", "description": "Created by fab", "workspaceId": "c2994b45-b913-433f-965e-bb7a6d8d012a"},
        {"id": "5ae81f1a-6a15-45b3-ac91-0c85ed6d8d88", "type": "KQLDatabase", "displayName":
        "fabcli000001_auto_1", "description": "fabcli000001_auto_1", "workspaceId":
        "c2994b45-b913-433f-965e-bb7a6d8d012a"}, {"id": "146dba66-2a7a-44e6-8727-9bb706f608c2",
        "type": "KQLDatabase", "displayName": "fabcli000001", "description": "Created
        by fab", "workspaceId": "c2994b45-b913-433f-965e-bb7a6d8d012a"}]}'
    headers:
      Access-Control-Expose-Headers:
      - RequestId
      Cache-Control:
      - no-store, must-revalidate, no-cache
      Content-Encoding:
      - gzip
      Content-Length:
      - '695'
      Content-Type:
      - application/json; charset=utf-8
      Date:
      - Sun, 14 Sep 2025 06:45:02 GMT
      Pragma:
      - no-cache
      RequestId:
      - 1994d144-631f-4b13-a6b8-f714ad145fad
      Strict-Transport-Security:
      - max-age=31536000; includeSubDomains
      X-Content-Type-Options:
      - nosniff
      X-Frame-Options:
      - deny
      home-cluster-uri:
      - https://wabi-west-europe-redirect.analysis.windows.net/
      request-redirected:
      - 'true'
    status:
      code: 200
      message: OK
- request:
    body: '{"type": "KQLDatabase", "description": "Imported from fab", "folderId":
      null, "displayName": "fabcli000001_new_8", "definition": {"parts": [{"path":
      "DatabaseProperties.json", "payload": "ewogICAgImRhdGFiYXNlVHlwZSI6ICJSZWFkV3JpdGUiLAogICAgInBhcmVudEV2ZW50aG91c2VJdGVtSWQiOiAiNzkwZTVkMDgtMDE0Yi00NTFlLWI5MTctYmI5YzZkMzIyOWNkIiwKICAgICJvbmVMYWtlQ2FjaGluZ1BlcmlvZCI6ICJQMzY1MDAwRCIsCiAgICAib25lTGFrZVN0YW5kYXJkU3RvcmFnZVBlcmlvZCI6ICJQMzY1MDAwRCIKfQ==",
      "payloadType": "InlineBase64"}, {"path": ".platform", "payload": "ewogICAgIiRzY2hlbWEiOiAiaHR0cHM6Ly9kZXZlbG9wZXIubWljcm9zb2Z0LmNvbS9qc29uLXNjaGVtYXMvZmFicmljL2dpdEludGVncmF0aW9uL3BsYXRmb3JtUHJvcGVydGllcy8yLjAuMC9zY2hlbWEuanNvbiIsCiAgICAibWV0YWRhdGEiOiB7CiAgICAgICAgInR5cGUiOiAiS1FMRGF0YWJhc2UiLAogICAgICAgICJkaXNwbGF5TmFtZSI6ICJmYWJjbGkwMDAwMDEiLAogICAgICAgICJkZXNjcmlwdGlvbiI6ICJDcmVhdGVkIGJ5IGZhYiIKICAgIH0sCiAgICAiY29uZmlnIjogewogICAgICAgICJ2ZXJzaW9uIjogIjIuMCIsCiAgICAgICAgImxvZ2ljYWxJZCI6ICIwMDAwMDAwMC0wMDAwLTAwMDAtMDAwMC0wMDAwMDAwMDAwMDAiCiAgICB9Cn0=",
      "payloadType": "InlineBase64"}, {"path": "DatabaseSchema.kql", "payload": "Ly8gS1FMIHNjcmlwdA0KLy8gVXNlIG1hbmFnZW1lbnQgY29tbWFuZHMgaW4gdGhpcyBzY3JpcHQgdG8gY29uZmlndXJlIHlvdXIgZGF0YWJhc2UgaXRlbXMsIHN1Y2ggYXMgdGFibGVzLCBmdW5jdGlvbnMsIG1hdGVyaWFsaXplZCB2aWV3cywgYW5kIG1vcmUuDQoNCg0K",
      "payloadType": "InlineBase64"}]}}'
    headers:
      Accept:
      - '*/*'
      Accept-Encoding:
      - gzip, deflate
      Connection:
      - keep-alive
      Content-Length:
      - '1335'
      Content-Type:
      - application/json
      User-Agent:
      - ms-fabric-cli-test/1.1.0
    method: POST
    uri: https://api.fabric.microsoft.com/v1/workspaces/c2994b45-b913-433f-965e-bb7a6d8d012a/items
  response:
    body:
      string: 'null'
    headers:
      Access-Control-Expose-Headers:
      - RequestId,Location,Retry-After,ETag,x-ms-operation-id
      Cache-Control:
      - no-store, must-revalidate, no-cache
      Content-Encoding:
      - gzip
      Content-Length:
      - '24'
      Content-Type:
      - application/json; charset=utf-8
      Date:
      - Sun, 14 Sep 2025 06:45:04 GMT
      ETag:
      - '""'
      Location:
      - https://wabi-west-europe-redirect.analysis.windows.net/v1/operations/0408f438-7e44-4b8d-84d5-2de8234e1976
      Pragma:
      - no-cache
      RequestId:
      - 998a83e6-a103-4786-bb85-0c8dfec141f8
      Retry-After:
      - '20'
      Strict-Transport-Security:
      - max-age=31536000; includeSubDomains
      X-Content-Type-Options:
      - nosniff
      X-Frame-Options:
      - deny
      home-cluster-uri:
      - https://wabi-west-europe-redirect.analysis.windows.net/
      request-redirected:
      - 'true'
      x-ms-operation-id:
      - 0408f438-7e44-4b8d-84d5-2de8234e1976
    status:
      code: 202
      message: Accepted
- request:
    body: null
    headers:
      Accept:
      - '*/*'
      Accept-Encoding:
      - gzip, deflate
      Connection:
      - keep-alive
      Content-Type:
      - application/json
      User-Agent:
      - ms-fabric-cli-test/1.1.0
    method: GET
    uri: https://wabi-west-europe-redirect.analysis.windows.net/v1/operations/0408f438-7e44-4b8d-84d5-2de8234e1976
  response:
    body:
      string: '{"status": "Succeeded", "createdTimeUtc": "2025-09-14T06:45:04.3478154",
        "lastUpdatedTimeUtc": "2025-09-14T06:45:13.9753079", "percentComplete": 100,
        "error": null}'
    headers:
      Access-Control-Expose-Headers:
      - RequestId,Location,x-ms-operation-id
      Cache-Control:
      - no-store, must-revalidate, no-cache
      Content-Encoding:
      - gzip
      Content-Length:
      - '132'
      Content-Type:
      - application/json; charset=utf-8
      Date:
      - Sun, 14 Sep 2025 06:45:24 GMT
      Location:
      - https://wabi-west-europe-redirect.analysis.windows.net/v1/operations/0408f438-7e44-4b8d-84d5-2de8234e1976/result
      Pragma:
      - no-cache
      RequestId:
      - 014832b7-931b-4289-bf1d-afbb5a6afa2f
      Strict-Transport-Security:
      - max-age=31536000; includeSubDomains
      X-Content-Type-Options:
      - nosniff
      X-Frame-Options:
      - deny
      x-ms-operation-id:
      - 0408f438-7e44-4b8d-84d5-2de8234e1976
    status:
      code: 200
      message: OK
- request:
    body: null
    headers:
      Accept:
      - '*/*'
      Accept-Encoding:
      - gzip, deflate
      Connection:
      - keep-alive
      Content-Type:
      - application/json
      User-Agent:
      - ms-fabric-cli-test/1.1.0
    method: GET
    uri: https://wabi-west-europe-redirect.analysis.windows.net/v1/operations/0408f438-7e44-4b8d-84d5-2de8234e1976/result
  response:
    body:
      string: '{"id": "c0e21fa1-4675-47e9-ab34-f8d9e5b4317c", "type": "KQLDatabase",
        "displayName": "fabcli000001_new_8", "description": "Imported from fab", "workspaceId":
        "c2994b45-b913-433f-965e-bb7a6d8d012a"}'
    headers:
      Access-Control-Expose-Headers:
      - RequestId
      Cache-Control:
      - no-store, must-revalidate, no-cache
      Content-Encoding:
      - gzip
      Content-Type:
      - application/json
      Date:
      - Sun, 14 Sep 2025 06:45:24 GMT
      Pragma:
      - no-cache
      RequestId:
      - e71f8ed9-fb1c-4a8d-b9d1-00cc350f144f
      Strict-Transport-Security:
      - max-age=31536000; includeSubDomains
      Transfer-Encoding:
      - chunked
      X-Content-Type-Options:
      - nosniff
      X-Frame-Options:
      - deny
    status:
      code: 200
      message: OK
- request:
    body: null
    headers:
      Accept:
      - '*/*'
      Accept-Encoding:
      - gzip, deflate
      Connection:
      - keep-alive
      Content-Type:
      - application/json
      User-Agent:
      - ms-fabric-cli-test/1.1.0
    method: GET
    uri: https://api.fabric.microsoft.com/v1/workspaces
  response:
    body:
      string: '{"value": [{"id": "94da8ea5-0bd6-4a9e-b717-5fdb482f4c71", "displayName":
        "My workspace", "description": "", "type": "Personal"}, {"id": "c2994b45-b913-433f-965e-bb7a6d8d012a",
        "displayName": "fabriccli_WorkspacePerTestclass_000001", "description": "Created
        by fab", "type": "Workspace", "capacityId": "00000000-0000-0000-0000-000000000004"}]}'
    headers:
      Access-Control-Expose-Headers:
      - RequestId
      Cache-Control:
      - no-store, must-revalidate, no-cache
      Content-Encoding:
      - gzip
      Content-Length:
      - '567'
      Content-Type:
      - application/json; charset=utf-8
      Date:
      - Sun, 14 Sep 2025 06:45:24 GMT
      Pragma:
      - no-cache
      RequestId:
      - 1b693dd9-0d20-4331-a51a-9bed97154476
      Strict-Transport-Security:
      - max-age=31536000; includeSubDomains
      X-Content-Type-Options:
      - nosniff
      X-Frame-Options:
      - deny
      home-cluster-uri:
      - https://wabi-west-europe-redirect.analysis.windows.net/
      request-redirected:
      - 'true'
    status:
      code: 200
      message: OK
- request:
    body: null
    headers:
      Accept:
      - '*/*'
      Accept-Encoding:
      - gzip, deflate
      Connection:
      - keep-alive
      Content-Type:
      - application/json
      User-Agent:
      - ms-fabric-cli-test/1.1.0
    method: GET
    uri: https://api.fabric.microsoft.com/v1/workspaces/c2994b45-b913-433f-965e-bb7a6d8d012a/items
  response:
    body:
      string: '{"value": [{"id": "3afcf9cd-bcf4-4296-b909-2e2fa577cc70", "type": "Report",
        "displayName": "fabcli000001_new_6", "description": "Imported from fab", "workspaceId":
        "c2994b45-b913-433f-965e-bb7a6d8d012a"}, {"id": "ac301525-6707-43f5-b6ce-4a4f2ef78a10",
        "type": "SemanticModel", "displayName": "fabcli000001_auto", "description":
        "", "workspaceId": "c2994b45-b913-433f-965e-bb7a6d8d012a"}, {"id": "16e2b876-d40b-4005-a2b8-41d141a3c621",
        "type": "SemanticModel", "displayName": "fabcli000001_auto", "description":
        "", "workspaceId": "c2994b45-b913-433f-965e-bb7a6d8d012a"}, {"id": "6e734d42-3753-48bd-b846-cccc16cfd7c2",
        "type": "SemanticModel", "displayName": "fabcli000001_new_7", "description":
        "", "workspaceId": "c2994b45-b913-433f-965e-bb7a6d8d012a"}, {"id": "dbd1c269-5c83-4fb0-95a1-610355d1b2a2",
        "type": "Eventhouse", "displayName": "fabcli000001_auto", "description": "Created
        by fab", "workspaceId": "c2994b45-b913-433f-965e-bb7a6d8d012a"}, {"id": "1023e97d-59eb-4474-8bfb-1c9db4be6711",
        "type": "KQLDatabase", "displayName": "fabcli000001_auto", "description":
        "fabcli000001_auto", "workspaceId": "c2994b45-b913-433f-965e-bb7a6d8d012a"},
        {"id": "ef777dad-3690-4a87-9b4a-acdc408acad3", "type": "Notebook", "displayName":
        "fabcli000001_new_2", "description": "Imported from fab", "workspaceId": "c2994b45-b913-433f-965e-bb7a6d8d012a"},
        {"id": "d5d99570-7a98-4d00-b823-d69d338be445", "type": "Notebook", "displayName":
        "fabcli000001_new_3", "description": "Imported from fab", "workspaceId": "c2994b45-b913-433f-965e-bb7a6d8d012a"},
        {"id": "6ae73e56-b93f-4dd9-851b-f7ffa4768f68", "type": "SparkJobDefinition",
        "displayName": "fabcli000001_new_4", "description": "Imported from fab", "workspaceId":
        "c2994b45-b913-433f-965e-bb7a6d8d012a"}, {"id": "00cc62bf-e98f-4707-83c6-acd3e762bf18",
        "type": "DataPipeline", "displayName": "fabcli000001_new_5", "description":
        "Imported from fab", "workspaceId": "c2994b45-b913-433f-965e-bb7a6d8d012a"},
        {"id": "790e5d08-014b-451e-b917-bb9c6d3229cd", "type": "Eventhouse", "displayName":
        "fabcli000001_auto", "description": "Created by fab", "workspaceId": "c2994b45-b913-433f-965e-bb7a6d8d012a"},
        {"id": "5ae81f1a-6a15-45b3-ac91-0c85ed6d8d88", "type": "KQLDatabase", "displayName":
        "fabcli000001_auto_1", "description": "fabcli000001_auto_1", "workspaceId":
        "c2994b45-b913-433f-965e-bb7a6d8d012a"}, {"id": "146dba66-2a7a-44e6-8727-9bb706f608c2",
        "type": "KQLDatabase", "displayName": "fabcli000001", "description": "Created
        by fab", "workspaceId": "c2994b45-b913-433f-965e-bb7a6d8d012a"}, {"id": "c0e21fa1-4675-47e9-ab34-f8d9e5b4317c",
        "type": "KQLDatabase", "displayName": "fabcli000001_new_8", "description":
        "Imported from fab", "workspaceId": "c2994b45-b913-433f-965e-bb7a6d8d012a"}]}'
    headers:
      Access-Control-Expose-Headers:
      - RequestId
      Cache-Control:
      - no-store, must-revalidate, no-cache
      Content-Encoding:
      - gzip
      Content-Length:
      - '725'
      Content-Type:
      - application/json; charset=utf-8
      Date:
      - Sun, 14 Sep 2025 06:45:25 GMT
      Pragma:
      - no-cache
      RequestId:
      - fee33814-a044-4d13-8455-07279d9f543b
      Strict-Transport-Security:
      - max-age=31536000; includeSubDomains
      X-Content-Type-Options:
      - nosniff
      X-Frame-Options:
      - deny
      home-cluster-uri:
      - https://wabi-west-europe-redirect.analysis.windows.net/
      request-redirected:
      - 'true'
    status:
      code: 200
      message: OK
- request:
    body: null
    headers:
      Accept:
      - '*/*'
      Accept-Encoding:
      - gzip, deflate
      Connection:
      - keep-alive
      Content-Length:
      - '0'
      Content-Type:
      - application/json
      User-Agent:
      - ms-fabric-cli-test/1.1.0
    method: DELETE
    uri: https://api.fabric.microsoft.com/v1/workspaces/c2994b45-b913-433f-965e-bb7a6d8d012a/items/146dba66-2a7a-44e6-8727-9bb706f608c2
  response:
    body:
      string: ''
    headers:
      Access-Control-Expose-Headers:
      - RequestId
      Cache-Control:
      - no-store, must-revalidate, no-cache
      Content-Encoding:
      - gzip
      Content-Length:
      - '0'
      Content-Type:
      - application/octet-stream
      Date:
      - Sun, 14 Sep 2025 06:45:25 GMT
      Pragma:
      - no-cache
      RequestId:
      - baaef22a-e132-4182-ac33-1ceaf8410e68
      Strict-Transport-Security:
      - max-age=31536000; includeSubDomains
      X-Content-Type-Options:
      - nosniff
      X-Frame-Options:
      - deny
      home-cluster-uri:
      - https://wabi-west-europe-redirect.analysis.windows.net/
      request-redirected:
      - 'true'
    status:
      code: 200
      message: OK
version: 1
