interactions:
- request:
    body: null
    headers:
      Accept:
      - '*/*'
      Accept-Encoding:
      - gzip, deflate
      Connection:
      - keep-alive
      Content-Type:
      - application/json
      User-Agent:
      - ms-fabric-cli-test/1.3.1
    method: GET
    uri: https://api.fabric.microsoft.com/v1/workspaces
  response:
    body:
      string: '{"value": [{"id": "484c6223-5508-44c6-a29c-04d476af4d0a", "displayName":
        "fabriccli_WorkspacePerTestclass_000001", "description": "Created by fab",
        "type": "Workspace", "capacityId": "07b1fd56-9969-4ff5-a2c8-05df5f82759a"}]}'
    headers:
      Access-Control-Expose-Headers:
      - RequestId
      Cache-Control:
      - no-store, must-revalidate, no-cache
      Content-Encoding:
      - gzip
      Content-Length:
      - '6078'
      Content-Type:
      - application/json; charset=utf-8
      Date:
      - Mon, 19 Jan 2026 07:24:04 GMT
      Pragma:
      - no-cache
      RequestId:
      - b62eea50-bfe0-49e3-b4f4-92d38de0a8c0
      Strict-Transport-Security:
      - max-age=31536000; includeSubDomains
      X-Content-Type-Options:
      - nosniff
      X-Frame-Options:
      - deny
      home-cluster-uri:
      - https://wabi-us-central-b-primary-redirect.analysis.windows.net/
      request-redirected:
      - 'true'
    status:
      code: 200
      message: OK
- request:
    body: null
    headers:
      Accept:
      - '*/*'
      Accept-Encoding:
      - gzip, deflate
      Connection:
      - keep-alive
      Content-Type:
      - application/json
      User-Agent:
      - ms-fabric-cli-test/1.3.1
    method: GET
    uri: https://api.fabric.microsoft.com/v1/workspaces/484c6223-5508-44c6-a29c-04d476af4d0a/items
  response:
    body:
      string: '{"value": [{"id": "06d8d28e-6095-45f5-99bd-f59561fe7000", "type": "SQLEndpoint",
        "displayName": "fabcli000001", "description": "", "workspaceId": "484c6223-5508-44c6-a29c-04d476af4d0a"},
        {"id": "cf95db94-f350-4b3a-a6c6-2c70b0c14078", "type": "DataPipeline", "displayName":
        "fabcli000001", "description": "Created by fab", "workspaceId": "484c6223-5508-44c6-a29c-04d476af4d0a"},
        {"id": "69a9a0a4-9e15-4644-b467-61a4a19c43b6", "type": "Environment", "displayName":
        "fabcli000001", "description": "Created by fab", "workspaceId": "484c6223-5508-44c6-a29c-04d476af4d0a"},
        {"id": "579fbe20-71f3-4952-b129-1ffffb5f32d8", "type": "Eventhouse", "displayName":
        "fabcli000001", "description": "Created by fab", "workspaceId": "484c6223-5508-44c6-a29c-04d476af4d0a"},
        {"id": "13963829-92c5-4574-a66b-3f12b32d20bc", "type": "KQLDatabase", "displayName":
        "fabcli000001", "description": "fabcli000001", "workspaceId": "484c6223-5508-44c6-a29c-04d476af4d0a"},
        {"id": "5e0883d0-d117-4f10-a27a-5e036da6b7a0", "type": "Eventstream", "displayName":
        "fabcli000001", "description": "Created by fab", "workspaceId": "484c6223-5508-44c6-a29c-04d476af4d0a"},
        {"id": "33f0c55d-fcbf-4cd8-8991-4389e09d4d35", "type": "KQLDashboard", "displayName":
        "fabcli000001", "description": "Created by fab", "workspaceId": "484c6223-5508-44c6-a29c-04d476af4d0a"},
        {"id": "edc2f22b-2d7d-4040-82e2-7201e098f969", "type": "KQLQueryset", "displayName":
        "fabcli000001", "description": "Created by fab", "workspaceId": "484c6223-5508-44c6-a29c-04d476af4d0a"},
        {"id": "621651fd-1f08-4d2c-90ff-3c8ec48a91b5", "type": "Lakehouse", "displayName":
        "fabcli000001", "description": "Created by fab", "workspaceId": "484c6223-5508-44c6-a29c-04d476af4d0a"},
        {"id": "6ac12e59-5f41-4be6-8a66-24be9d50f4fd", "type": "MLExperiment", "displayName":
        "fabcli000001", "description": "Created by fab", "workspaceId": "484c6223-5508-44c6-a29c-04d476af4d0a"},
        {"id": "b98df3fd-e1c7-4918-bd51-25a824a60882", "type": "MLModel", "displayName":
        "fabcli000001", "description": "Created by fab", "workspaceId": "484c6223-5508-44c6-a29c-04d476af4d0a"}]}'
    headers:
      Access-Control-Expose-Headers:
      - RequestId
      Cache-Control:
      - no-store, must-revalidate, no-cache
      Content-Encoding:
      - gzip
      Content-Length:
      - '613'
      Content-Type:
      - application/json; charset=utf-8
      Date:
      - Mon, 19 Jan 2026 07:24:05 GMT
      Pragma:
      - no-cache
      RequestId:
      - 5bd069c9-9a93-4861-a755-79e385a355c8
      Strict-Transport-Security:
      - max-age=31536000; includeSubDomains
      X-Content-Type-Options:
      - nosniff
      X-Frame-Options:
      - deny
      home-cluster-uri:
      - https://wabi-us-central-b-primary-redirect.analysis.windows.net/
      request-redirected:
      - 'true'
    status:
      code: 200
      message: OK
- request:
    body: null
    headers:
      Accept:
      - '*/*'
      Accept-Encoding:
      - gzip, deflate
      Connection:
      - keep-alive
      Content-Type:
      - application/json
      User-Agent:
      - ms-fabric-cli-test/1.3.1
    method: GET
    uri: https://api.fabric.microsoft.com/v1/workspaces/484c6223-5508-44c6-a29c-04d476af4d0a/items
  response:
    body:
      string: '{"value": [{"id": "06d8d28e-6095-45f5-99bd-f59561fe7000", "type": "SQLEndpoint",
        "displayName": "fabcli000001", "description": "", "workspaceId": "484c6223-5508-44c6-a29c-04d476af4d0a"},
        {"id": "cf95db94-f350-4b3a-a6c6-2c70b0c14078", "type": "DataPipeline", "displayName":
        "fabcli000001", "description": "Created by fab", "workspaceId": "484c6223-5508-44c6-a29c-04d476af4d0a"},
        {"id": "69a9a0a4-9e15-4644-b467-61a4a19c43b6", "type": "Environment", "displayName":
        "fabcli000001", "description": "Created by fab", "workspaceId": "484c6223-5508-44c6-a29c-04d476af4d0a"},
        {"id": "579fbe20-71f3-4952-b129-1ffffb5f32d8", "type": "Eventhouse", "displayName":
        "fabcli000001", "description": "Created by fab", "workspaceId": "484c6223-5508-44c6-a29c-04d476af4d0a"},
        {"id": "13963829-92c5-4574-a66b-3f12b32d20bc", "type": "KQLDatabase", "displayName":
        "fabcli000001", "description": "fabcli000001", "workspaceId": "484c6223-5508-44c6-a29c-04d476af4d0a"},
        {"id": "5e0883d0-d117-4f10-a27a-5e036da6b7a0", "type": "Eventstream", "displayName":
        "fabcli000001", "description": "Created by fab", "workspaceId": "484c6223-5508-44c6-a29c-04d476af4d0a"},
        {"id": "33f0c55d-fcbf-4cd8-8991-4389e09d4d35", "type": "KQLDashboard", "displayName":
        "fabcli000001", "description": "Created by fab", "workspaceId": "484c6223-5508-44c6-a29c-04d476af4d0a"},
        {"id": "edc2f22b-2d7d-4040-82e2-7201e098f969", "type": "KQLQueryset", "displayName":
        "fabcli000001", "description": "Created by fab", "workspaceId": "484c6223-5508-44c6-a29c-04d476af4d0a"},
        {"id": "621651fd-1f08-4d2c-90ff-3c8ec48a91b5", "type": "Lakehouse", "displayName":
        "fabcli000001", "description": "Created by fab", "workspaceId": "484c6223-5508-44c6-a29c-04d476af4d0a"},
        {"id": "6ac12e59-5f41-4be6-8a66-24be9d50f4fd", "type": "MLExperiment", "displayName":
        "fabcli000001", "description": "Created by fab", "workspaceId": "484c6223-5508-44c6-a29c-04d476af4d0a"},
        {"id": "b98df3fd-e1c7-4918-bd51-25a824a60882", "type": "MLModel", "displayName":
        "fabcli000001", "description": "Created by fab", "workspaceId": "484c6223-5508-44c6-a29c-04d476af4d0a"}]}'
    headers:
      Access-Control-Expose-Headers:
      - RequestId
      Cache-Control:
      - no-store, must-revalidate, no-cache
      Content-Encoding:
      - gzip
      Content-Length:
      - '613'
      Content-Type:
      - application/json; charset=utf-8
      Date:
      - Mon, 19 Jan 2026 07:24:06 GMT
      Pragma:
      - no-cache
      RequestId:
      - 7ad7fe5f-5701-4740-a6d6-89efec26b372
      Strict-Transport-Security:
      - max-age=31536000; includeSubDomains
      X-Content-Type-Options:
      - nosniff
      X-Frame-Options:
      - deny
      home-cluster-uri:
      - https://wabi-us-central-b-primary-redirect.analysis.windows.net/
      request-redirected:
      - 'true'
    status:
      code: 200
      message: OK
- request:
    body: '{"description": "Created by fab", "displayName": "fabcli000001", "type":
      "MirroredDatabase", "folderId": null, "definition": {"parts": [{"path": "mirroring.json",
      "payload": "ewogICAgInByb3BlcnRpZXMiOiB7CiAgICAgICAgInNvdXJjZSI6IHsKICAgICAgICAgICAgInR5cGUiOiAiR2VuZXJpY01pcnJvciIsCiAgICAgICAgICAgICJ0eXBlUHJvcGVydGllcyI6IHt9CiAgICAgICAgfSwKICAgICAgICAidGFyZ2V0IjogewogICAgICAgICAgICAidHlwZSI6ICJNb3VudGVkUmVsYXRpb25hbERhdGFiYXNlIiwKICAgICAgICAgICAgInR5cGVQcm9wZXJ0aWVzIjogewogICAgICAgICAgICAgICAgImZvcm1hdCI6ICJEZWx0YSIKICAgICAgICAgICAgfQogICAgICAgIH0KICAgIH0KfQ==",
      "payloadType": "InlineBase64"}]}}'
    headers:
      Accept:
      - '*/*'
      Accept-Encoding:
      - gzip, deflate
      Connection:
      - keep-alive
      Content-Length:
      - '603'
      Content-Type:
      - application/json
      User-Agent:
      - ms-fabric-cli-test/1.3.1
    method: POST
    uri: https://api.fabric.microsoft.com/v1/workspaces/484c6223-5508-44c6-a29c-04d476af4d0a/mirroredDatabases
  response:
    body:
      string: '{"id": "a18171d5-fd45-4103-9a91-eef8fa3e169e", "type": "MirroredDatabase",
        "displayName": "fabcli000001", "description": "Created by fab", "workspaceId":
        "484c6223-5508-44c6-a29c-04d476af4d0a"}'
    headers:
      Access-Control-Expose-Headers:
      - RequestId,ETag
      Cache-Control:
      - no-store, must-revalidate, no-cache
      Content-Encoding:
      - gzip
      Content-Length:
      - '170'
      Content-Type:
      - application/json; charset=utf-8
      Date:
      - Mon, 19 Jan 2026 07:24:08 GMT
      ETag:
      - '""'
      Pragma:
      - no-cache
      RequestId:
      - db7fed8d-d041-4097-82ff-64d4932ae6e4
      Strict-Transport-Security:
      - max-age=31536000; includeSubDomains
      X-Content-Type-Options:
      - nosniff
      X-Frame-Options:
      - deny
      home-cluster-uri:
      - https://wabi-us-central-b-primary-redirect.analysis.windows.net/
      request-redirected:
      - 'true'
    status:
      code: 201
      message: Created
- request:
    body: null
    headers:
      Accept:
      - '*/*'
      Accept-Encoding:
      - gzip, deflate
      Connection:
      - keep-alive
      Content-Type:
      - application/json
      User-Agent:
      - ms-fabric-cli-test/1.3.1
    method: GET
    uri: https://api.fabric.microsoft.com/v1/workspaces
  response:
    body:
      string: '{"value": [{"id": "484c6223-5508-44c6-a29c-04d476af4d0a", "displayName":
        "fabriccli_WorkspacePerTestclass_000001", "description": "Created by fab",
        "type": "Workspace", "capacityId": "07b1fd56-9969-4ff5-a2c8-05df5f82759a"}]}'
    headers:
      Access-Control-Expose-Headers:
      - RequestId
      Cache-Control:
      - no-store, must-revalidate, no-cache
      Content-Encoding:
      - gzip
      Content-Length:
      - '6078'
      Content-Type:
      - application/json; charset=utf-8
      Date:
      - Mon, 19 Jan 2026 07:24:09 GMT
      Pragma:
      - no-cache
      RequestId:
      - 7b45ce4b-01a3-4041-9166-78b72a2bcef4
      Strict-Transport-Security:
      - max-age=31536000; includeSubDomains
      X-Content-Type-Options:
      - nosniff
      X-Frame-Options:
      - deny
      home-cluster-uri:
      - https://wabi-us-central-b-primary-redirect.analysis.windows.net/
      request-redirected:
      - 'true'
    status:
      code: 200
      message: OK
- request:
    body: null
    headers:
      Accept:
      - '*/*'
      Accept-Encoding:
      - gzip, deflate
      Connection:
      - keep-alive
      Content-Type:
      - application/json
      User-Agent:
      - ms-fabric-cli-test/1.3.1
    method: GET
    uri: https://api.fabric.microsoft.com/v1/workspaces/484c6223-5508-44c6-a29c-04d476af4d0a/items
  response:
    body:
      string: '{"value": [{"id": "06d8d28e-6095-45f5-99bd-f59561fe7000", "type": "SQLEndpoint",
        "displayName": "fabcli000001", "description": "", "workspaceId": "484c6223-5508-44c6-a29c-04d476af4d0a"},
        {"id": "cf95db94-f350-4b3a-a6c6-2c70b0c14078", "type": "DataPipeline", "displayName":
        "fabcli000001", "description": "Created by fab", "workspaceId": "484c6223-5508-44c6-a29c-04d476af4d0a"},
        {"id": "69a9a0a4-9e15-4644-b467-61a4a19c43b6", "type": "Environment", "displayName":
        "fabcli000001", "description": "Created by fab", "workspaceId": "484c6223-5508-44c6-a29c-04d476af4d0a"},
        {"id": "579fbe20-71f3-4952-b129-1ffffb5f32d8", "type": "Eventhouse", "displayName":
        "fabcli000001", "description": "Created by fab", "workspaceId": "484c6223-5508-44c6-a29c-04d476af4d0a"},
        {"id": "13963829-92c5-4574-a66b-3f12b32d20bc", "type": "KQLDatabase", "displayName":
        "fabcli000001", "description": "fabcli000001", "workspaceId": "484c6223-5508-44c6-a29c-04d476af4d0a"},
        {"id": "5e0883d0-d117-4f10-a27a-5e036da6b7a0", "type": "Eventstream", "displayName":
        "fabcli000001", "description": "Created by fab", "workspaceId": "484c6223-5508-44c6-a29c-04d476af4d0a"},
        {"id": "33f0c55d-fcbf-4cd8-8991-4389e09d4d35", "type": "KQLDashboard", "displayName":
        "fabcli000001", "description": "Created by fab", "workspaceId": "484c6223-5508-44c6-a29c-04d476af4d0a"},
        {"id": "edc2f22b-2d7d-4040-82e2-7201e098f969", "type": "KQLQueryset", "displayName":
        "fabcli000001", "description": "Created by fab", "workspaceId": "484c6223-5508-44c6-a29c-04d476af4d0a"},
        {"id": "621651fd-1f08-4d2c-90ff-3c8ec48a91b5", "type": "Lakehouse", "displayName":
        "fabcli000001", "description": "Created by fab", "workspaceId": "484c6223-5508-44c6-a29c-04d476af4d0a"},
        {"id": "6ac12e59-5f41-4be6-8a66-24be9d50f4fd", "type": "MLExperiment", "displayName":
        "fabcli000001", "description": "Created by fab", "workspaceId": "484c6223-5508-44c6-a29c-04d476af4d0a"},
        {"id": "b98df3fd-e1c7-4918-bd51-25a824a60882", "type": "MLModel", "displayName":
        "fabcli000001", "description": "Created by fab", "workspaceId": "484c6223-5508-44c6-a29c-04d476af4d0a"},
        {"id": "a18171d5-fd45-4103-9a91-eef8fa3e169e", "type": "MirroredDatabase",
        "displayName": "fabcli000001", "description": "Created by fab", "workspaceId":
        "484c6223-5508-44c6-a29c-04d476af4d0a"}]}'
    headers:
      Access-Control-Expose-Headers:
      - RequestId
      Cache-Control:
      - no-store, must-revalidate, no-cache
      Content-Encoding:
      - gzip
      Content-Length:
      - '655'
      Content-Type:
      - application/json; charset=utf-8
      Date:
      - Mon, 19 Jan 2026 07:24:09 GMT
      Pragma:
      - no-cache
      RequestId:
      - ea3cb839-21e5-4d03-bf6e-c3d849a24021
      Strict-Transport-Security:
      - max-age=31536000; includeSubDomains
      X-Content-Type-Options:
      - nosniff
      X-Frame-Options:
      - deny
      home-cluster-uri:
      - https://wabi-us-central-b-primary-redirect.analysis.windows.net/
      request-redirected:
      - 'true'
    status:
      code: 200
      message: OK
version: 1
