interactions:
- request:
    body: null
    headers:
      Accept:
      - '*/*'
      Accept-Encoding:
      - gzip, deflate
      Connection:
      - keep-alive
      Content-Type:
      - application/json
      User-Agent:
      - ms-fabric-cli-test/1.3.1
    method: GET
    uri: https://api.fabric.microsoft.com/v1/workspaces
  response:
    body:
      string: '{"value": [{"id": "3634a139-2c9e-4205-910b-3b089a31be47", "displayName":
        "My workspace", "description": "", "type": "Personal"}, {"id": "20e4c8f8-f961-49fd-947f-28f477f881fb",
        "displayName": "fabriccli_WorkspacePerTestclass_000001", "description": "Created
        by fab", "type": "Workspace", "capacityId": "00000000-0000-0000-0000-000000000004"}]}'
    headers:
      Access-Control-Expose-Headers:
      - RequestId
      Cache-Control:
      - no-store, must-revalidate, no-cache
      Content-Encoding:
      - gzip
      Content-Length:
      - '2460'
      Content-Type:
      - application/json; charset=utf-8
      Date:
      - Tue, 03 Feb 2026 13:08:31 GMT
      Pragma:
      - no-cache
      RequestId:
      - 5a2b3626-5b85-40d2-af30-b01563414da2
      Strict-Transport-Security:
      - max-age=31536000; includeSubDomains
      X-Content-Type-Options:
      - nosniff
      X-Frame-Options:
      - deny
      home-cluster-uri:
      - https://wabi-us-central-b-primary-redirect.analysis.windows.net/
      request-redirected:
      - 'true'
    status:
      code: 200
      message: OK
- request:
    body: null
    headers:
      Accept:
      - '*/*'
      Accept-Encoding:
      - gzip, deflate
      Connection:
      - keep-alive
      Content-Type:
      - application/json
      User-Agent:
      - ms-fabric-cli-test/1.3.1
    method: GET
    uri: https://api.fabric.microsoft.com/v1/workspaces/20e4c8f8-f961-49fd-947f-28f477f881fb/items
  response:
    body:
      string: '{"value": [{"id": "58b90332-8f80-43e4-b2bb-ef3986a3a85e", "type": "SQLEndpoint",
        "displayName": "fabcli000001dtdm", "description": "", "workspaceId": "20e4c8f8-f961-49fd-947f-28f477f881fb"},
        {"id": "fa36ad95-cc47-4107-93e5-07acdf481a96", "type": "SQLEndpoint", "displayName":
        "fabcli000001dtdm", "description": "", "workspaceId": "20e4c8f8-f961-49fd-947f-28f477f881fb"},
        {"id": "9d0b70c5-f3a8-4a74-86d3-29fa9a218e7c", "type": "Lakehouse", "displayName":
        "fabcli000001dtdm", "description": "", "workspaceId": "20e4c8f8-f961-49fd-947f-28f477f881fb"},
        {"id": "5947c048-e82e-4d9d-8050-9784d7a1ee8f", "type": "DigitalTwinBuilder",
        "displayName": "fabcli000001", "description": "Created by fab", "workspaceId":
        "20e4c8f8-f961-49fd-947f-28f477f881fb"}, {"id": "6bf98cf6-6c84-490c-8737-eaa4901fe6ec",
        "type": "Lakehouse", "displayName": "fabcli000001dtdm", "description": "",
        "workspaceId": "20e4c8f8-f961-49fd-947f-28f477f881fb"}, {"id": "ab1ef74a-0d46-4cb6-9b0a-d87992b43278",
        "type": "DigitalTwinBuilderFlow", "displayName": "fabcli000001OnDemand", "description":
        "", "workspaceId": "20e4c8f8-f961-49fd-947f-28f477f881fb"}, {"id": "908b2795-d84e-4e0a-9f41-bdc1e6471582",
        "type": "GraphQuerySet", "displayName": "fabcli000001", "description": "Created
        by fab", "workspaceId": "20e4c8f8-f961-49fd-947f-28f477f881fb"}, {"id": "0950972e-2faa-4809-8944-e227912b77d2",
        "type": "UserDataFunction", "displayName": "fabcli000001", "description":
        "Created by fab", "workspaceId": "20e4c8f8-f961-49fd-947f-28f477f881fb"},
        {"id": "0b658f74-106b-4eab-aca1-fc1313324744", "type": "CosmosDBDatabase",
        "displayName": "fabcli000001", "description": "Created by fab", "workspaceId":
        "20e4c8f8-f961-49fd-947f-28f477f881fb"}]}'
    headers:
      Access-Control-Expose-Headers:
      - RequestId
      Cache-Control:
      - no-store, must-revalidate, no-cache
      Content-Encoding:
      - gzip
      Content-Length:
      - '526'
      Content-Type:
      - application/json; charset=utf-8
      Date:
      - Tue, 03 Feb 2026 13:08:32 GMT
      Pragma:
      - no-cache
      RequestId:
      - a1cd9204-5529-4eb9-b3c1-09f43bfd5095
      Strict-Transport-Security:
      - max-age=31536000; includeSubDomains
      X-Content-Type-Options:
      - nosniff
      X-Frame-Options:
      - deny
      home-cluster-uri:
      - https://wabi-us-central-b-primary-redirect.analysis.windows.net/
      request-redirected:
      - 'true'
    status:
      code: 200
      message: OK
- request:
    body: null
    headers:
      Accept:
      - '*/*'
      Accept-Encoding:
      - gzip, deflate
      Connection:
      - keep-alive
      Content-Type:
      - application/json
      User-Agent:
      - ms-fabric-cli-test/1.3.1
    method: GET
    uri: https://api.fabric.microsoft.com/v1/workspaces/20e4c8f8-f961-49fd-947f-28f477f881fb/items
  response:
    body:
      string: '{"value": [{"id": "58b90332-8f80-43e4-b2bb-ef3986a3a85e", "type": "SQLEndpoint",
        "displayName": "fabcli000001dtdm", "description": "", "workspaceId": "20e4c8f8-f961-49fd-947f-28f477f881fb"},
        {"id": "fa36ad95-cc47-4107-93e5-07acdf481a96", "type": "SQLEndpoint", "displayName":
        "fabcli000001dtdm", "description": "", "workspaceId": "20e4c8f8-f961-49fd-947f-28f477f881fb"},
        {"id": "9d0b70c5-f3a8-4a74-86d3-29fa9a218e7c", "type": "Lakehouse", "displayName":
        "fabcli000001dtdm", "description": "", "workspaceId": "20e4c8f8-f961-49fd-947f-28f477f881fb"},
        {"id": "5947c048-e82e-4d9d-8050-9784d7a1ee8f", "type": "DigitalTwinBuilder",
        "displayName": "fabcli000001", "description": "Created by fab", "workspaceId":
        "20e4c8f8-f961-49fd-947f-28f477f881fb"}, {"id": "6bf98cf6-6c84-490c-8737-eaa4901fe6ec",
        "type": "Lakehouse", "displayName": "fabcli000001dtdm", "description": "",
        "workspaceId": "20e4c8f8-f961-49fd-947f-28f477f881fb"}, {"id": "ab1ef74a-0d46-4cb6-9b0a-d87992b43278",
        "type": "DigitalTwinBuilderFlow", "displayName": "fabcli000001OnDemand", "description":
        "", "workspaceId": "20e4c8f8-f961-49fd-947f-28f477f881fb"}, {"id": "908b2795-d84e-4e0a-9f41-bdc1e6471582",
        "type": "GraphQuerySet", "displayName": "fabcli000001", "description": "Created
        by fab", "workspaceId": "20e4c8f8-f961-49fd-947f-28f477f881fb"}, {"id": "0950972e-2faa-4809-8944-e227912b77d2",
        "type": "UserDataFunction", "displayName": "fabcli000001", "description":
        "Created by fab", "workspaceId": "20e4c8f8-f961-49fd-947f-28f477f881fb"},
        {"id": "0b658f74-106b-4eab-aca1-fc1313324744", "type": "CosmosDBDatabase",
        "displayName": "fabcli000001", "description": "Created by fab", "workspaceId":
        "20e4c8f8-f961-49fd-947f-28f477f881fb"}]}'
    headers:
      Access-Control-Expose-Headers:
      - RequestId
      Cache-Control:
      - no-store, must-revalidate, no-cache
      Content-Encoding:
      - gzip
      Content-Length:
      - '526'
      Content-Type:
      - application/json; charset=utf-8
      Date:
      - Tue, 03 Feb 2026 13:08:33 GMT
      Pragma:
      - no-cache
      RequestId:
      - 3e8a415e-0b06-4d2d-b3df-952c3280a860
      Strict-Transport-Security:
      - max-age=31536000; includeSubDomains
      X-Content-Type-Options:
      - nosniff
      X-Frame-Options:
      - deny
      home-cluster-uri:
      - https://wabi-us-central-b-primary-redirect.analysis.windows.net/
      request-redirected:
      - 'true'
    status:
      code: 200
      message: OK
- request:
    body: '{"description": "Created by fab", "displayName": "fabcli000001", "type":
      "DigitalTwinBuilder", "folderId": null}'
    headers:
      Accept:
      - '*/*'
      Accept-Encoding:
      - gzip, deflate
      Connection:
      - keep-alive
      Content-Length:
      - '116'
      Content-Type:
      - application/json
      User-Agent:
      - ms-fabric-cli-test/1.3.1
    method: POST
    uri: https://api.fabric.microsoft.com/v1/workspaces/20e4c8f8-f961-49fd-947f-28f477f881fb/digitalTwinBuilders
  response:
    body:
      string: 'null'
    headers:
      Access-Control-Expose-Headers:
      - RequestId,Location,Retry-After,ETag,x-ms-operation-id
      Cache-Control:
      - no-store, must-revalidate, no-cache
      Content-Encoding:
      - gzip
      Content-Length:
      - '24'
      Content-Type:
      - application/json; charset=utf-8
      Date:
      - Tue, 03 Feb 2026 13:08:35 GMT
      ETag:
      - '""'
      Location:
      - https://wabi-us-central-b-primary-redirect.analysis.windows.net/v1/operations/2216f92a-337c-4ad6-b6f1-19b006b9440a
      Pragma:
      - no-cache
      RequestId:
      - 37a711c6-da46-4278-a9f5-f01c6b06bf63
      Retry-After:
      - '20'
      Strict-Transport-Security:
      - max-age=31536000; includeSubDomains
      X-Content-Type-Options:
      - nosniff
      X-Frame-Options:
      - deny
      home-cluster-uri:
      - https://wabi-us-central-b-primary-redirect.analysis.windows.net/
      request-redirected:
      - 'true'
      x-ms-operation-id:
      - 2216f92a-337c-4ad6-b6f1-19b006b9440a
    status:
      code: 202
      message: Accepted
- request:
    body: null
    headers:
      Accept:
      - '*/*'
      Accept-Encoding:
      - gzip, deflate
      Connection:
      - keep-alive
      Content-Type:
      - application/json
      User-Agent:
      - ms-fabric-cli-test/1.3.1
    method: GET
    uri: https://wabi-us-central-b-primary-redirect.analysis.windows.net/v1/operations/2216f92a-337c-4ad6-b6f1-19b006b9440a
  response:
    body:
      string: '{"status": "Succeeded", "createdTimeUtc": "2026-02-03T13:08:34.7907676",
        "lastUpdatedTimeUtc": "2026-02-03T13:08:41.3384383", "percentComplete": 100,
        "error": null}'
    headers:
      Access-Control-Expose-Headers:
      - RequestId,Location,x-ms-operation-id
      Cache-Control:
      - no-store, must-revalidate, no-cache
      Content-Encoding:
      - gzip
      Content-Length:
      - '131'
      Content-Type:
      - application/json; charset=utf-8
      Date:
      - Tue, 03 Feb 2026 13:08:56 GMT
      Location:
      - https://wabi-us-central-b-primary-redirect.analysis.windows.net/v1/operations/2216f92a-337c-4ad6-b6f1-19b006b9440a/result
      Pragma:
      - no-cache
      RequestId:
      - 04e5d97a-1853-42e5-aa6d-0dcaf77a9917
      Strict-Transport-Security:
      - max-age=31536000; includeSubDomains
      X-Content-Type-Options:
      - nosniff
      X-Frame-Options:
      - deny
      x-ms-operation-id:
      - 2216f92a-337c-4ad6-b6f1-19b006b9440a
    status:
      code: 200
      message: OK
- request:
    body: null
    headers:
      Accept:
      - '*/*'
      Accept-Encoding:
      - gzip, deflate
      Connection:
      - keep-alive
      Content-Type:
      - application/json
      User-Agent:
      - ms-fabric-cli-test/1.3.1
    method: GET
    uri: https://wabi-us-central-b-primary-redirect.analysis.windows.net/v1/operations/2216f92a-337c-4ad6-b6f1-19b006b9440a/result
  response:
    body:
      string: '{"id": "b47eaf57-12e4-41b1-b98f-760323736b3d", "type": "DigitalTwinBuilder",
        "displayName": "fabcli000001", "description": "Created by fab", "workspaceId":
        "20e4c8f8-f961-49fd-947f-28f477f881fb"}'
    headers:
      Access-Control-Expose-Headers:
      - RequestId
      Cache-Control:
      - no-store, must-revalidate, no-cache
      Content-Encoding:
      - gzip
      Content-Type:
      - application/json
      Date:
      - Tue, 03 Feb 2026 13:08:57 GMT
      Pragma:
      - no-cache
      RequestId:
      - 753e8bfd-8acd-402f-bbc8-27837fd1b371
      Strict-Transport-Security:
      - max-age=31536000; includeSubDomains
      Transfer-Encoding:
      - chunked
      X-Content-Type-Options:
      - nosniff
      X-Frame-Options:
      - deny
    status:
      code: 200
      message: OK
- request:
    body: null
    headers:
      Accept:
      - '*/*'
      Accept-Encoding:
      - gzip, deflate
      Connection:
      - keep-alive
      Content-Type:
      - application/json
      User-Agent:
      - ms-fabric-cli-test/1.3.1
    method: GET
    uri: https://api.fabric.microsoft.com/v1/workspaces
  response:
    body:
      string: '{"value": [{"id": "3634a139-2c9e-4205-910b-3b089a31be47", "displayName":
        "My workspace", "description": "", "type": "Personal"}, {"id": "20e4c8f8-f961-49fd-947f-28f477f881fb",
        "displayName": "fabriccli_WorkspacePerTestclass_000001", "description": "Created
        by fab", "type": "Workspace", "capacityId": "00000000-0000-0000-0000-000000000004"}]}'
    headers:
      Access-Control-Expose-Headers:
      - RequestId
      Cache-Control:
      - no-store, must-revalidate, no-cache
      Content-Encoding:
      - gzip
      Content-Length:
      - '2460'
      Content-Type:
      - application/json; charset=utf-8
      Date:
      - Tue, 03 Feb 2026 13:08:58 GMT
      Pragma:
      - no-cache
      RequestId:
      - 319caa64-3761-457d-8e0b-a74f0aa4127f
      Strict-Transport-Security:
      - max-age=31536000; includeSubDomains
      X-Content-Type-Options:
      - nosniff
      X-Frame-Options:
      - deny
      home-cluster-uri:
      - https://wabi-us-central-b-primary-redirect.analysis.windows.net/
      request-redirected:
      - 'true'
    status:
      code: 200
      message: OK
- request:
    body: null
    headers:
      Accept:
      - '*/*'
      Accept-Encoding:
      - gzip, deflate
      Connection:
      - keep-alive
      Content-Type:
      - application/json
      User-Agent:
      - ms-fabric-cli-test/1.3.1
    method: GET
    uri: https://api.fabric.microsoft.com/v1/workspaces/20e4c8f8-f961-49fd-947f-28f477f881fb/items
  response:
    body:
      string: '{"value": [{"id": "58b90332-8f80-43e4-b2bb-ef3986a3a85e", "type": "SQLEndpoint",
        "displayName": "fabcli000001dtdm", "description": "", "workspaceId": "20e4c8f8-f961-49fd-947f-28f477f881fb"},
        {"id": "fa36ad95-cc47-4107-93e5-07acdf481a96", "type": "SQLEndpoint", "displayName":
        "fabcli000001dtdm", "description": "", "workspaceId": "20e4c8f8-f961-49fd-947f-28f477f881fb"},
        {"id": "c369e379-7161-4048-86ec-47aa9b144d84", "type": "SQLEndpoint", "displayName":
        "fabcli000001", "description": "", "workspaceId": "20e4c8f8-f961-49fd-947f-28f477f881fb"},
        {"id": "a654c2e9-b856-46a5-a713-03db7d9bf9aa", "type": "SQLEndpoint", "displayName":
        "fabcli000001dtdm", "description": "", "workspaceId": "20e4c8f8-f961-49fd-947f-28f477f881fb"},
        {"id": "9d0b70c5-f3a8-4a74-86d3-29fa9a218e7c", "type": "Lakehouse", "displayName":
        "fabcli000001dtdm", "description": "", "workspaceId": "20e4c8f8-f961-49fd-947f-28f477f881fb"},
        {"id": "5947c048-e82e-4d9d-8050-9784d7a1ee8f", "type": "DigitalTwinBuilder",
        "displayName": "fabcli000001", "description": "Created by fab", "workspaceId":
        "20e4c8f8-f961-49fd-947f-28f477f881fb"}, {"id": "6bf98cf6-6c84-490c-8737-eaa4901fe6ec",
        "type": "Lakehouse", "displayName": "fabcli000001dtdm", "description": "",
        "workspaceId": "20e4c8f8-f961-49fd-947f-28f477f881fb"}, {"id": "ab1ef74a-0d46-4cb6-9b0a-d87992b43278",
        "type": "DigitalTwinBuilderFlow", "displayName": "fabcli000001OnDemand", "description":
        "", "workspaceId": "20e4c8f8-f961-49fd-947f-28f477f881fb"}, {"id": "908b2795-d84e-4e0a-9f41-bdc1e6471582",
        "type": "GraphQuerySet", "displayName": "fabcli000001", "description": "Created
        by fab", "workspaceId": "20e4c8f8-f961-49fd-947f-28f477f881fb"}, {"id": "0950972e-2faa-4809-8944-e227912b77d2",
        "type": "UserDataFunction", "displayName": "fabcli000001", "description":
        "Created by fab", "workspaceId": "20e4c8f8-f961-49fd-947f-28f477f881fb"},
        {"id": "0b658f74-106b-4eab-aca1-fc1313324744", "type": "CosmosDBDatabase",
        "displayName": "fabcli000001", "description": "Created by fab", "workspaceId":
        "20e4c8f8-f961-49fd-947f-28f477f881fb"}, {"id": "b47eaf57-12e4-41b1-b98f-760323736b3d",
        "type": "DigitalTwinBuilder", "displayName": "fabcli000001", "description":
        "Created by fab", "workspaceId": "20e4c8f8-f961-49fd-947f-28f477f881fb"},
        {"id": "153da9cc-563c-4a2d-a6bc-014156b62e9f", "type": "Lakehouse", "displayName":
        "fabcli000001dtdm", "description": "", "workspaceId": "20e4c8f8-f961-49fd-947f-28f477f881fb"},
        {"id": "f3ecc607-2ae9-4ff2-ab01-cd622c06016e", "type": "DigitalTwinBuilderFlow",
        "displayName": "fabcli000001OnDemand", "description": "", "workspaceId": "20e4c8f8-f961-49fd-947f-28f477f881fb"}]}'
    headers:
      Access-Control-Expose-Headers:
      - RequestId
      Cache-Control:
      - no-store, must-revalidate, no-cache
      Content-Encoding:
      - gzip
      Content-Length:
      - '680'
      Content-Type:
      - application/json; charset=utf-8
      Date:
      - Tue, 03 Feb 2026 13:08:58 GMT
      Pragma:
      - no-cache
      RequestId:
      - 160dd5cf-5298-42f7-8dba-edc5a83d9508
      Strict-Transport-Security:
      - max-age=31536000; includeSubDomains
      X-Content-Type-Options:
      - nosniff
      X-Frame-Options:
      - deny
      home-cluster-uri:
      - https://wabi-us-central-b-primary-redirect.analysis.windows.net/
      request-redirected:
      - 'true'
    status:
      code: 200
      message: OK
- request:
    body: null
    headers:
      Accept:
      - '*/*'
      Accept-Encoding:
      - gzip, deflate
      Connection:
      - keep-alive
      Content-Length:
      - '0'
      Content-Type:
      - application/json
      User-Agent:
      - ms-fabric-cli-test/1.3.1
    method: DELETE
    uri: https://api.fabric.microsoft.com/v1/workspaces/20e4c8f8-f961-49fd-947f-28f477f881fb/items/b47eaf57-12e4-41b1-b98f-760323736b3d
  response:
    body:
      string: ''
    headers:
      Access-Control-Expose-Headers:
      - RequestId
      Cache-Control:
      - no-store, must-revalidate, no-cache
      Content-Encoding:
      - gzip
      Content-Length:
      - '0'
      Content-Type:
      - application/octet-stream
      Date:
      - Tue, 03 Feb 2026 13:08:59 GMT
      Pragma:
      - no-cache
      RequestId:
      - 7bdd68ae-a4e7-46ce-a055-0d68d8ddddfa
      Strict-Transport-Security:
      - max-age=31536000; includeSubDomains
      X-Content-Type-Options:
      - nosniff
      X-Frame-Options:
      - deny
      home-cluster-uri:
      - https://wabi-us-central-b-primary-redirect.analysis.windows.net/
      request-redirected:
      - 'true'
    status:
      code: 200
      message: OK
- request:
    body: null
    headers:
      Accept:
      - '*/*'
      Accept-Encoding:
      - gzip, deflate
      Connection:
      - keep-alive
      Content-Type:
      - application/json
      User-Agent:
      - ms-fabric-cli-test/1.3.1
    method: GET
    uri: https://api.fabric.microsoft.com/v1/workspaces
  response:
    body:
      string: '{"value": [{"id": "3634a139-2c9e-4205-910b-3b089a31be47", "displayName":
        "My workspace", "description": "", "type": "Personal"}, {"id": "20e4c8f8-f961-49fd-947f-28f477f881fb",
        "displayName": "fabriccli_WorkspacePerTestclass_000001", "description": "Created
        by fab", "type": "Workspace", "capacityId": "00000000-0000-0000-0000-000000000004"}]}'
    headers:
      Access-Control-Expose-Headers:
      - RequestId
      Cache-Control:
      - no-store, must-revalidate, no-cache
      Content-Encoding:
      - gzip
      Content-Length:
      - '2460'
      Content-Type:
      - application/json; charset=utf-8
      Date:
      - Tue, 03 Feb 2026 13:09:01 GMT
      Pragma:
      - no-cache
      RequestId:
      - 680222f0-6f7e-416b-8459-9c7f043f849b
      Strict-Transport-Security:
      - max-age=31536000; includeSubDomains
      X-Content-Type-Options:
      - nosniff
      X-Frame-Options:
      - deny
      home-cluster-uri:
      - https://wabi-us-central-b-primary-redirect.analysis.windows.net/
      request-redirected:
      - 'true'
    status:
      code: 200
      message: OK
- request:
    body: null
    headers:
      Accept:
      - '*/*'
      Accept-Encoding:
      - gzip, deflate
      Connection:
      - keep-alive
      Content-Type:
      - application/json
      User-Agent:
      - ms-fabric-cli-test/1.3.1
    method: GET
    uri: https://api.fabric.microsoft.com/v1/workspaces/20e4c8f8-f961-49fd-947f-28f477f881fb/items
  response:
    body:
      string: '{"value": [{"id": "58b90332-8f80-43e4-b2bb-ef3986a3a85e", "type": "SQLEndpoint",
        "displayName": "fabcli000001dtdm", "description": "", "workspaceId": "20e4c8f8-f961-49fd-947f-28f477f881fb"},
        {"id": "fa36ad95-cc47-4107-93e5-07acdf481a96", "type": "SQLEndpoint", "displayName":
        "fabcli000001dtdm", "description": "", "workspaceId": "20e4c8f8-f961-49fd-947f-28f477f881fb"},
        {"id": "c369e379-7161-4048-86ec-47aa9b144d84", "type": "SQLEndpoint", "displayName":
        "fabcli000001", "description": "", "workspaceId": "20e4c8f8-f961-49fd-947f-28f477f881fb"},
        {"id": "a654c2e9-b856-46a5-a713-03db7d9bf9aa", "type": "SQLEndpoint", "displayName":
        "fabcli000001dtdm", "description": "", "workspaceId": "20e4c8f8-f961-49fd-947f-28f477f881fb"},
        {"id": "9d0b70c5-f3a8-4a74-86d3-29fa9a218e7c", "type": "Lakehouse", "displayName":
        "fabcli000001dtdm", "description": "", "workspaceId": "20e4c8f8-f961-49fd-947f-28f477f881fb"},
        {"id": "5947c048-e82e-4d9d-8050-9784d7a1ee8f", "type": "DigitalTwinBuilder",
        "displayName": "fabcli000001", "description": "Created by fab", "workspaceId":
        "20e4c8f8-f961-49fd-947f-28f477f881fb"}, {"id": "6bf98cf6-6c84-490c-8737-eaa4901fe6ec",
        "type": "Lakehouse", "displayName": "fabcli000001dtdm", "description": "",
        "workspaceId": "20e4c8f8-f961-49fd-947f-28f477f881fb"}, {"id": "ab1ef74a-0d46-4cb6-9b0a-d87992b43278",
        "type": "DigitalTwinBuilderFlow", "displayName": "fabcli000001OnDemand", "description":
        "", "workspaceId": "20e4c8f8-f961-49fd-947f-28f477f881fb"}, {"id": "908b2795-d84e-4e0a-9f41-bdc1e6471582",
        "type": "GraphQuerySet", "displayName": "fabcli000001", "description": "Created
        by fab", "workspaceId": "20e4c8f8-f961-49fd-947f-28f477f881fb"}, {"id": "0950972e-2faa-4809-8944-e227912b77d2",
        "type": "UserDataFunction", "displayName": "fabcli000001", "description":
        "Created by fab", "workspaceId": "20e4c8f8-f961-49fd-947f-28f477f881fb"},
        {"id": "0b658f74-106b-4eab-aca1-fc1313324744", "type": "CosmosDBDatabase",
        "displayName": "fabcli000001", "description": "Created by fab", "workspaceId":
        "20e4c8f8-f961-49fd-947f-28f477f881fb"}, {"id": "153da9cc-563c-4a2d-a6bc-014156b62e9f",
        "type": "Lakehouse", "displayName": "fabcli000001dtdm", "description": "",
        "workspaceId": "20e4c8f8-f961-49fd-947f-28f477f881fb"}]}'
    headers:
      Access-Control-Expose-Headers:
      - RequestId
      Cache-Control:
      - no-store, must-revalidate, no-cache
      Content-Encoding:
      - gzip
      Content-Length:
      - '619'
      Content-Type:
      - application/json; charset=utf-8
      Date:
      - Tue, 03 Feb 2026 13:09:00 GMT
      Pragma:
      - no-cache
      RequestId:
      - 6c47bdec-6549-4d82-a4e5-ad30527e8f1e
      Strict-Transport-Security:
      - max-age=31536000; includeSubDomains
      X-Content-Type-Options:
      - nosniff
      X-Frame-Options:
      - deny
      home-cluster-uri:
      - https://wabi-us-central-b-primary-redirect.analysis.windows.net/
      request-redirected:
      - 'true'
    status:
      code: 200
      message: OK
- request:
    body: null
    headers:
      Accept:
      - '*/*'
      Accept-Encoding:
      - gzip, deflate
      Connection:
      - keep-alive
      Content-Type:
      - application/json
      User-Agent:
      - ms-fabric-cli-test/1.3.1
    method: GET
    uri: https://api.fabric.microsoft.com/v1/workspaces/20e4c8f8-f961-49fd-947f-28f477f881fb/items
  response:
    body:
      string: '{"value": [{"id": "58b90332-8f80-43e4-b2bb-ef3986a3a85e", "type": "SQLEndpoint",
        "displayName": "fabcli000001dtdm", "description": "", "workspaceId": "20e4c8f8-f961-49fd-947f-28f477f881fb"},
        {"id": "fa36ad95-cc47-4107-93e5-07acdf481a96", "type": "SQLEndpoint", "displayName":
        "fabcli000001dtdm", "description": "", "workspaceId": "20e4c8f8-f961-49fd-947f-28f477f881fb"},
        {"id": "c369e379-7161-4048-86ec-47aa9b144d84", "type": "SQLEndpoint", "displayName":
        "fabcli000001", "description": "", "workspaceId": "20e4c8f8-f961-49fd-947f-28f477f881fb"},
        {"id": "a654c2e9-b856-46a5-a713-03db7d9bf9aa", "type": "SQLEndpoint", "displayName":
        "fabcli000001dtdm", "description": "", "workspaceId": "20e4c8f8-f961-49fd-947f-28f477f881fb"},
        {"id": "9d0b70c5-f3a8-4a74-86d3-29fa9a218e7c", "type": "Lakehouse", "displayName":
        "fabcli000001dtdm", "description": "", "workspaceId": "20e4c8f8-f961-49fd-947f-28f477f881fb"},
        {"id": "5947c048-e82e-4d9d-8050-9784d7a1ee8f", "type": "DigitalTwinBuilder",
        "displayName": "fabcli000001", "description": "Created by fab", "workspaceId":
        "20e4c8f8-f961-49fd-947f-28f477f881fb"}, {"id": "6bf98cf6-6c84-490c-8737-eaa4901fe6ec",
        "type": "Lakehouse", "displayName": "fabcli000001dtdm", "description": "",
        "workspaceId": "20e4c8f8-f961-49fd-947f-28f477f881fb"}, {"id": "ab1ef74a-0d46-4cb6-9b0a-d87992b43278",
        "type": "DigitalTwinBuilderFlow", "displayName": "fabcli000001OnDemand", "description":
        "", "workspaceId": "20e4c8f8-f961-49fd-947f-28f477f881fb"}, {"id": "908b2795-d84e-4e0a-9f41-bdc1e6471582",
        "type": "GraphQuerySet", "displayName": "fabcli000001", "description": "Created
        by fab", "workspaceId": "20e4c8f8-f961-49fd-947f-28f477f881fb"}, {"id": "0950972e-2faa-4809-8944-e227912b77d2",
        "type": "UserDataFunction", "displayName": "fabcli000001", "description":
        "Created by fab", "workspaceId": "20e4c8f8-f961-49fd-947f-28f477f881fb"},
        {"id": "0b658f74-106b-4eab-aca1-fc1313324744", "type": "CosmosDBDatabase",
        "displayName": "fabcli000001", "description": "Created by fab", "workspaceId":
        "20e4c8f8-f961-49fd-947f-28f477f881fb"}, {"id": "153da9cc-563c-4a2d-a6bc-014156b62e9f",
        "type": "Lakehouse", "displayName": "fabcli000001dtdm", "description": "",
        "workspaceId": "20e4c8f8-f961-49fd-947f-28f477f881fb"}]}'
    headers:
      Access-Control-Expose-Headers:
      - RequestId
      Cache-Control:
      - no-store, must-revalidate, no-cache
      Content-Encoding:
      - gzip
      Content-Length:
      - '619'
      Content-Type:
      - application/json; charset=utf-8
      Date:
      - Tue, 03 Feb 2026 13:09:02 GMT
      Pragma:
      - no-cache
      RequestId:
      - f70c4f98-2906-46e5-8077-2b243efff566
      Strict-Transport-Security:
      - max-age=31536000; includeSubDomains
      X-Content-Type-Options:
      - nosniff
      X-Frame-Options:
      - deny
      home-cluster-uri:
      - https://wabi-us-central-b-primary-redirect.analysis.windows.net/
      request-redirected:
      - 'true'
    status:
      code: 200
      message: OK
version: 1
