interactions:
- request:
    body: null
    headers:
      Accept:
      - '*/*'
      Accept-Encoding:
      - gzip, deflate
      Connection:
      - keep-alive
      Content-Type:
      - application/json
      User-Agent:
      - ms-fabric-cli-test/1.3.1
    method: GET
    uri: https://api.fabric.microsoft.com/v1/workspaces
  response:
    body:
      string: '{"value": [{"id": "3634a139-2c9e-4205-910b-3b089a31be47", "displayName":
        "My workspace", "description": "", "type": "Personal"}, {"id": "adb8fb8e-54a1-4e39-927a-c4d65c660745",
        "displayName": "fabriccli_WorkspacePerTestclass_000001", "description": "Created
        by fab", "type": "Workspace", "capacityId": "00000000-0000-0000-0000-000000000004"}]}'
    headers:
      Access-Control-Expose-Headers:
      - RequestId
      Cache-Control:
      - no-store, must-revalidate, no-cache
      Content-Encoding:
      - gzip
      Content-Length:
      - '2803'
      Content-Type:
      - application/json; charset=utf-8
      Date:
      - Thu, 05 Feb 2026 07:47:42 GMT
      Pragma:
      - no-cache
      RequestId:
      - b235c4d1-c0ae-47e5-abaf-6c9db52c8319
      Strict-Transport-Security:
      - max-age=31536000; includeSubDomains
      X-Content-Type-Options:
      - nosniff
      X-Frame-Options:
      - deny
      home-cluster-uri:
      - https://wabi-us-central-b-primary-redirect.analysis.windows.net/
      request-redirected:
      - 'true'
    status:
      code: 200
      message: OK
- request:
    body: null
    headers:
      Accept:
      - '*/*'
      Accept-Encoding:
      - gzip, deflate
      Connection:
      - keep-alive
      Content-Type:
      - application/json
      User-Agent:
      - ms-fabric-cli-test/1.3.1
    method: GET
    uri: https://api.fabric.microsoft.com/v1/workspaces/adb8fb8e-54a1-4e39-927a-c4d65c660745/items
  response:
    body:
      string: '{"value": [{"id": "3ae126fe-eac8-4a53-a751-2fa6d72e643a", "type": "SemanticModel",
        "displayName": "fabcli000001_auto", "description": "", "workspaceId": "adb8fb8e-54a1-4e39-927a-c4d65c660745"}]}'
    headers:
      Access-Control-Expose-Headers:
      - RequestId
      Cache-Control:
      - no-store, must-revalidate, no-cache
      Content-Encoding:
      - gzip
      Content-Length:
      - '174'
      Content-Type:
      - application/json; charset=utf-8
      Date:
      - Thu, 05 Feb 2026 07:47:42 GMT
      Pragma:
      - no-cache
      RequestId:
      - ff3d7742-da94-47a4-bb2e-f24bb4a101bc
      Strict-Transport-Security:
      - max-age=31536000; includeSubDomains
      X-Content-Type-Options:
      - nosniff
      X-Frame-Options:
      - deny
      home-cluster-uri:
      - https://wabi-us-central-b-primary-redirect.analysis.windows.net/
      request-redirected:
      - 'true'
    status:
      code: 200
      message: OK
- request:
    body: null
    headers:
      Accept:
      - '*/*'
      Accept-Encoding:
      - gzip, deflate
      Connection:
      - keep-alive
      Content-Type:
      - application/json
      User-Agent:
      - ms-fabric-cli-test/1.3.1
    method: GET
    uri: https://api.fabric.microsoft.com/v1/workspaces/adb8fb8e-54a1-4e39-927a-c4d65c660745/items
  response:
    body:
      string: '{"value": [{"id": "3ae126fe-eac8-4a53-a751-2fa6d72e643a", "type": "SemanticModel",
        "displayName": "fabcli000001_auto", "description": "", "workspaceId": "adb8fb8e-54a1-4e39-927a-c4d65c660745"}]}'
    headers:
      Access-Control-Expose-Headers:
      - RequestId
      Cache-Control:
      - no-store, must-revalidate, no-cache
      Content-Encoding:
      - gzip
      Content-Length:
      - '174'
      Content-Type:
      - application/json; charset=utf-8
      Date:
      - Thu, 05 Feb 2026 07:47:42 GMT
      Pragma:
      - no-cache
      RequestId:
      - 9238ebaf-81b8-4de8-8f9c-c8a78ca9f58d
      Strict-Transport-Security:
      - max-age=31536000; includeSubDomains
      X-Content-Type-Options:
      - nosniff
      X-Frame-Options:
      - deny
      home-cluster-uri:
      - https://wabi-us-central-b-primary-redirect.analysis.windows.net/
      request-redirected:
      - 'true'
    status:
      code: 200
      message: OK
- request:
    body: '{"description": "Created by fab", "displayName": "fabcli000001", "type":
      "Dataflow", "folderId": null}'
    headers:
      Accept:
      - '*/*'
      Accept-Encoding:
      - gzip, deflate
      Connection:
      - keep-alive
      Content-Length:
      - '106'
      Content-Type:
      - application/json
      User-Agent:
      - ms-fabric-cli-test/1.3.1
    method: POST
    uri: https://api.fabric.microsoft.com/v1/workspaces/adb8fb8e-54a1-4e39-927a-c4d65c660745/dataflows
  response:
    body:
      string: '{"id": "f81ddded-5c03-41ac-8d60-44d7cb5363a1", "type": "Dataflow",
        "displayName": "fabcli000001", "description": "Created by fab", "workspaceId":
        "adb8fb8e-54a1-4e39-927a-c4d65c660745"}'
    headers:
      Access-Control-Expose-Headers:
      - RequestId,ETag
      Cache-Control:
      - no-store, must-revalidate, no-cache
      Content-Encoding:
      - gzip
      Content-Length:
      - '166'
      Content-Type:
      - application/json; charset=utf-8
      Date:
      - Thu, 05 Feb 2026 07:47:45 GMT
      ETag:
      - '""'
      Pragma:
      - no-cache
      RequestId:
      - a50320dd-f034-47b5-ae0a-ce26f8bc5c75
      Strict-Transport-Security:
      - max-age=31536000; includeSubDomains
      X-Content-Type-Options:
      - nosniff
      X-Frame-Options:
      - deny
      home-cluster-uri:
      - https://wabi-us-central-b-primary-redirect.analysis.windows.net/
      request-redirected:
      - 'true'
    status:
      code: 201
      message: Created
- request:
    body: null
    headers:
      Accept:
      - '*/*'
      Accept-Encoding:
      - gzip, deflate
      Connection:
      - keep-alive
      Content-Type:
      - application/json
      User-Agent:
      - ms-fabric-cli-test/1.3.1
    method: GET
    uri: https://api.fabric.microsoft.com/v1/workspaces
  response:
    body:
      string: '{"value": [{"id": "3634a139-2c9e-4205-910b-3b089a31be47", "displayName":
        "My workspace", "description": "", "type": "Personal"}, {"id": "adb8fb8e-54a1-4e39-927a-c4d65c660745",
        "displayName": "fabriccli_WorkspacePerTestclass_000001", "description": "Created
        by fab", "type": "Workspace", "capacityId": "00000000-0000-0000-0000-000000000004"}]}'
    headers:
      Access-Control-Expose-Headers:
      - RequestId
      Cache-Control:
      - no-store, must-revalidate, no-cache
      Content-Encoding:
      - gzip
      Content-Length:
      - '2803'
      Content-Type:
      - application/json; charset=utf-8
      Date:
      - Thu, 05 Feb 2026 07:47:46 GMT
      Pragma:
      - no-cache
      RequestId:
      - a5912e5c-3768-46e8-ab3f-0df649151842
      Strict-Transport-Security:
      - max-age=31536000; includeSubDomains
      X-Content-Type-Options:
      - nosniff
      X-Frame-Options:
      - deny
      home-cluster-uri:
      - https://wabi-us-central-b-primary-redirect.analysis.windows.net/
      request-redirected:
      - 'true'
    status:
      code: 200
      message: OK
- request:
    body: null
    headers:
      Accept:
      - '*/*'
      Accept-Encoding:
      - gzip, deflate
      Connection:
      - keep-alive
      Content-Type:
      - application/json
      User-Agent:
      - ms-fabric-cli-test/1.3.1
    method: GET
    uri: https://api.fabric.microsoft.com/v1/workspaces/adb8fb8e-54a1-4e39-927a-c4d65c660745/items
  response:
    body:
      string: '{"value": [{"id": "3ae126fe-eac8-4a53-a751-2fa6d72e643a", "type": "SemanticModel",
        "displayName": "fabcli000001_auto", "description": "", "workspaceId": "adb8fb8e-54a1-4e39-927a-c4d65c660745"},
        {"id": "f81ddded-5c03-41ac-8d60-44d7cb5363a1", "type": "Dataflow", "displayName":
        "fabcli000001", "description": "Created by fab", "workspaceId": "adb8fb8e-54a1-4e39-927a-c4d65c660745"}]}'
    headers:
      Access-Control-Expose-Headers:
      - RequestId
      Cache-Control:
      - no-store, must-revalidate, no-cache
      Content-Encoding:
      - gzip
      Content-Length:
      - '241'
      Content-Type:
      - application/json; charset=utf-8
      Date:
      - Thu, 05 Feb 2026 07:47:46 GMT
      Pragma:
      - no-cache
      RequestId:
      - 8eff66a6-2a0f-43b9-9157-13af67a7052e
      Strict-Transport-Security:
      - max-age=31536000; includeSubDomains
      X-Content-Type-Options:
      - nosniff
      X-Frame-Options:
      - deny
      home-cluster-uri:
      - https://wabi-us-central-b-primary-redirect.analysis.windows.net/
      request-redirected:
      - 'true'
    status:
      code: 200
      message: OK
- request:
    body: null
    headers:
      Accept:
      - '*/*'
      Accept-Encoding:
      - gzip, deflate
      Connection:
      - keep-alive
      Content-Length:
      - '0'
      Content-Type:
      - application/json
      User-Agent:
      - ms-fabric-cli-test/1.3.1
    method: DELETE
    uri: https://api.fabric.microsoft.com/v1/workspaces/adb8fb8e-54a1-4e39-927a-c4d65c660745/items/f81ddded-5c03-41ac-8d60-44d7cb5363a1
  response:
    body:
      string: ''
    headers:
      Access-Control-Expose-Headers:
      - RequestId
      Cache-Control:
      - no-store, must-revalidate, no-cache
      Content-Encoding:
      - gzip
      Content-Length:
      - '0'
      Content-Type:
      - application/octet-stream
      Date:
      - Thu, 05 Feb 2026 07:47:48 GMT
      Pragma:
      - no-cache
      RequestId:
      - a67eef2d-ed8e-429e-a072-7ad685861f1d
      Strict-Transport-Security:
      - max-age=31536000; includeSubDomains
      X-Content-Type-Options:
      - nosniff
      X-Frame-Options:
      - deny
      home-cluster-uri:
      - https://wabi-us-central-b-primary-redirect.analysis.windows.net/
      request-redirected:
      - 'true'
    status:
      code: 200
      message: OK
- request:
    body: null
    headers:
      Accept:
      - '*/*'
      Accept-Encoding:
      - gzip, deflate
      Connection:
      - keep-alive
      Content-Type:
      - application/json
      User-Agent:
      - ms-fabric-cli-test/1.3.1
    method: GET
    uri: https://api.fabric.microsoft.com/v1/workspaces
  response:
    body:
      string: '{"value": [{"id": "3634a139-2c9e-4205-910b-3b089a31be47", "displayName":
        "My workspace", "description": "", "type": "Personal"}, {"id": "adb8fb8e-54a1-4e39-927a-c4d65c660745",
        "displayName": "fabriccli_WorkspacePerTestclass_000001", "description": "Created
        by fab", "type": "Workspace", "capacityId": "00000000-0000-0000-0000-000000000004"}]}'
    headers:
      Access-Control-Expose-Headers:
      - RequestId
      Cache-Control:
      - no-store, must-revalidate, no-cache
      Content-Encoding:
      - gzip
      Content-Length:
      - '2803'
      Content-Type:
      - application/json; charset=utf-8
      Date:
      - Thu, 05 Feb 2026 07:47:48 GMT
      Pragma:
      - no-cache
      RequestId:
      - 5ccfdb79-b36a-4124-9e2e-e8de0220a39a
      Strict-Transport-Security:
      - max-age=31536000; includeSubDomains
      X-Content-Type-Options:
      - nosniff
      X-Frame-Options:
      - deny
      home-cluster-uri:
      - https://wabi-us-central-b-primary-redirect.analysis.windows.net/
      request-redirected:
      - 'true'
    status:
      code: 200
      message: OK
- request:
    body: null
    headers:
      Accept:
      - '*/*'
      Accept-Encoding:
      - gzip, deflate
      Connection:
      - keep-alive
      Content-Type:
      - application/json
      User-Agent:
      - ms-fabric-cli-test/1.3.1
    method: GET
    uri: https://api.fabric.microsoft.com/v1/workspaces/adb8fb8e-54a1-4e39-927a-c4d65c660745/items
  response:
    body:
      string: '{"value": [{"id": "3ae126fe-eac8-4a53-a751-2fa6d72e643a", "type": "SemanticModel",
        "displayName": "fabcli000001_auto", "description": "", "workspaceId": "adb8fb8e-54a1-4e39-927a-c4d65c660745"},
        {"id": "40f22982-bb05-4403-9ffc-a76e8a7e3051", "type": "Lakehouse", "displayName":
        "StagingLakehouseForDataflows_20260205074746", "description": "", "workspaceId":
        "adb8fb8e-54a1-4e39-927a-c4d65c660745"}]}'
    headers:
      Access-Control-Expose-Headers:
      - RequestId
      Cache-Control:
      - no-store, must-revalidate, no-cache
      Content-Encoding:
      - gzip
      Content-Length:
      - '248'
      Content-Type:
      - application/json; charset=utf-8
      Date:
      - Thu, 05 Feb 2026 07:47:49 GMT
      Pragma:
      - no-cache
      RequestId:
      - 9435beff-8281-4b19-8c9a-3ef3d04fb705
      Strict-Transport-Security:
      - max-age=31536000; includeSubDomains
      X-Content-Type-Options:
      - nosniff
      X-Frame-Options:
      - deny
      home-cluster-uri:
      - https://wabi-us-central-b-primary-redirect.analysis.windows.net/
      request-redirected:
      - 'true'
    status:
      code: 200
      message: OK
- request:
    body: null
    headers:
      Accept:
      - '*/*'
      Accept-Encoding:
      - gzip, deflate
      Connection:
      - keep-alive
      Content-Type:
      - application/json
      User-Agent:
      - ms-fabric-cli-test/1.3.1
    method: GET
    uri: https://api.fabric.microsoft.com/v1/workspaces/adb8fb8e-54a1-4e39-927a-c4d65c660745/items
  response:
    body:
      string: '{"value": [{"id": "3ae126fe-eac8-4a53-a751-2fa6d72e643a", "type": "SemanticModel",
        "displayName": "fabcli000001_auto", "description": "", "workspaceId": "adb8fb8e-54a1-4e39-927a-c4d65c660745"},
        {"id": "40f22982-bb05-4403-9ffc-a76e8a7e3051", "type": "Lakehouse", "displayName":
        "StagingLakehouseForDataflows_20260205074746", "description": "", "workspaceId":
        "adb8fb8e-54a1-4e39-927a-c4d65c660745"}]}'
    headers:
      Access-Control-Expose-Headers:
      - RequestId
      Cache-Control:
      - no-store, must-revalidate, no-cache
      Content-Encoding:
      - gzip
      Content-Length:
      - '248'
      Content-Type:
      - application/json; charset=utf-8
      Date:
      - Thu, 05 Feb 2026 07:47:50 GMT
      Pragma:
      - no-cache
      RequestId:
      - 3bea8ffe-54b5-4497-a597-87426d4f544e
      Strict-Transport-Security:
      - max-age=31536000; includeSubDomains
      X-Content-Type-Options:
      - nosniff
      X-Frame-Options:
      - deny
      home-cluster-uri:
      - https://wabi-us-central-b-primary-redirect.analysis.windows.net/
      request-redirected:
      - 'true'
    status:
      code: 200
      message: OK
version: 1
