interactions:
- request:
    body: null
    headers:
      Accept:
      - '*/*'
      Accept-Encoding:
      - gzip, deflate
      Connection:
      - keep-alive
      Content-Type:
      - application/json
      User-Agent:
      - ms-fabric-cli-test/1.3.1
    method: GET
    uri: https://api.fabric.microsoft.com/v1/workspaces
  response:
    body:
      string: '{"value": [{"id": "3634a139-2c9e-4205-910b-3b089a31be47", "displayName":
        "My workspace", "description": "", "type": "Personal"}, {"id": "adb8fb8e-54a1-4e39-927a-c4d65c660745",
        "displayName": "fabriccli_WorkspacePerTestclass_000001", "description": "Created
        by fab", "type": "Workspace", "capacityId": "00000000-0000-0000-0000-000000000004"}]}'
    headers:
      Access-Control-Expose-Headers:
      - RequestId
      Cache-Control:
      - no-store, must-revalidate, no-cache
      Content-Encoding:
      - gzip
      Content-Length:
      - '2803'
      Content-Type:
      - application/json; charset=utf-8
      Date:
      - Thu, 05 Feb 2026 07:42:02 GMT
      Pragma:
      - no-cache
      RequestId:
      - d587ab78-dd89-4b85-8586-c892b86bab73
      Strict-Transport-Security:
      - max-age=31536000; includeSubDomains
      X-Content-Type-Options:
      - nosniff
      X-Frame-Options:
      - deny
      home-cluster-uri:
      - https://wabi-us-central-b-primary-redirect.analysis.windows.net/
      request-redirected:
      - 'true'
    status:
      code: 200
      message: OK
- request:
    body: null
    headers:
      Accept:
      - '*/*'
      Accept-Encoding:
      - gzip, deflate
      Connection:
      - keep-alive
      Content-Type:
      - application/json
      User-Agent:
      - ms-fabric-cli-test/1.3.1
    method: GET
    uri: https://api.fabric.microsoft.com/v1/workspaces/adb8fb8e-54a1-4e39-927a-c4d65c660745/items
  response:
    body:
      string: '{"value": []}'
    headers:
      Access-Control-Expose-Headers:
      - RequestId
      Cache-Control:
      - no-store, must-revalidate, no-cache
      Content-Encoding:
      - gzip
      Content-Length:
      - '32'
      Content-Type:
      - application/json; charset=utf-8
      Date:
      - Thu, 05 Feb 2026 07:42:02 GMT
      Pragma:
      - no-cache
      RequestId:
      - 8a7860b0-b828-4fd7-9446-8a7bb051ed46
      Strict-Transport-Security:
      - max-age=31536000; includeSubDomains
      X-Content-Type-Options:
      - nosniff
      X-Frame-Options:
      - deny
      home-cluster-uri:
      - https://wabi-us-central-b-primary-redirect.analysis.windows.net/
      request-redirected:
      - 'true'
    status:
      code: 200
      message: OK
- request:
    body: null
    headers:
      Accept:
      - '*/*'
      Accept-Encoding:
      - gzip, deflate
      Connection:
      - keep-alive
      Content-Type:
      - application/json
      User-Agent:
      - ms-fabric-cli-test/1.3.1
    method: GET
    uri: https://api.fabric.microsoft.com/v1/workspaces/adb8fb8e-54a1-4e39-927a-c4d65c660745/items
  response:
    body:
      string: '{"value": []}'
    headers:
      Access-Control-Expose-Headers:
      - RequestId
      Cache-Control:
      - no-store, must-revalidate, no-cache
      Content-Encoding:
      - gzip
      Content-Length:
      - '32'
      Content-Type:
      - application/json; charset=utf-8
      Date:
      - Thu, 05 Feb 2026 07:42:03 GMT
      Pragma:
      - no-cache
      RequestId:
      - e7f63a57-a69a-4e02-b169-1a4a7188ff7d
      Strict-Transport-Security:
      - max-age=31536000; includeSubDomains
      X-Content-Type-Options:
      - nosniff
      X-Frame-Options:
      - deny
      home-cluster-uri:
      - https://wabi-us-central-b-primary-redirect.analysis.windows.net/
      request-redirected:
      - 'true'
    status:
      code: 200
      message: OK
- request:
    body: '{"description": "Created by fab", "displayName": "fabcli000001", "type":
      "Eventstream", "folderId": null}'
    headers:
      Accept:
      - '*/*'
      Accept-Encoding:
      - gzip, deflate
      Connection:
      - keep-alive
      Content-Length:
      - '109'
      Content-Type:
      - application/json
      User-Agent:
      - ms-fabric-cli-test/1.3.1
    method: POST
    uri: https://api.fabric.microsoft.com/v1/workspaces/adb8fb8e-54a1-4e39-927a-c4d65c660745/eventstreams
  response:
    body:
      string: 'null'
    headers:
      Access-Control-Expose-Headers:
      - RequestId,Location,Retry-After,ETag,x-ms-operation-id
      Cache-Control:
      - no-store, must-revalidate, no-cache
      Content-Encoding:
      - gzip
      Content-Length:
      - '24'
      Content-Type:
      - application/json; charset=utf-8
      Date:
      - Thu, 05 Feb 2026 07:42:03 GMT
      ETag:
      - '""'
      Location:
      - https://wabi-us-central-b-primary-redirect.analysis.windows.net/v1/operations/05485416-2ae4-4f84-a648-79bb874b5534
      Pragma:
      - no-cache
      RequestId:
      - 8c2332f6-51e4-41e3-9b34-ebae0e094099
      Retry-After:
      - '20'
      Strict-Transport-Security:
      - max-age=31536000; includeSubDomains
      X-Content-Type-Options:
      - nosniff
      X-Frame-Options:
      - deny
      home-cluster-uri:
      - https://wabi-us-central-b-primary-redirect.analysis.windows.net/
      request-redirected:
      - 'true'
      x-ms-operation-id:
      - 05485416-2ae4-4f84-a648-79bb874b5534
    status:
      code: 202
      message: Accepted
- request:
    body: null
    headers:
      Accept:
      - '*/*'
      Accept-Encoding:
      - gzip, deflate
      Connection:
      - keep-alive
      Content-Type:
      - application/json
      User-Agent:
      - ms-fabric-cli-test/1.3.1
    method: GET
    uri: https://wabi-us-central-b-primary-redirect.analysis.windows.net/v1/operations/05485416-2ae4-4f84-a648-79bb874b5534
  response:
    body:
      string: '{"status": "Succeeded", "createdTimeUtc": "2026-02-05T07:42:04.1554426",
        "lastUpdatedTimeUtc": "2026-02-05T07:42:09.0936477", "percentComplete": 100,
        "error": null}'
    headers:
      Access-Control-Expose-Headers:
      - RequestId,Location,x-ms-operation-id
      Cache-Control:
      - no-store, must-revalidate, no-cache
      Content-Encoding:
      - gzip
      Content-Length:
      - '131'
      Content-Type:
      - application/json; charset=utf-8
      Date:
      - Thu, 05 Feb 2026 07:42:25 GMT
      Location:
      - https://wabi-us-central-b-primary-redirect.analysis.windows.net/v1/operations/05485416-2ae4-4f84-a648-79bb874b5534/result
      Pragma:
      - no-cache
      RequestId:
      - 80de9fec-16ed-474a-a551-e50a4588f4c1
      Strict-Transport-Security:
      - max-age=31536000; includeSubDomains
      X-Content-Type-Options:
      - nosniff
      X-Frame-Options:
      - deny
      x-ms-operation-id:
      - 05485416-2ae4-4f84-a648-79bb874b5534
    status:
      code: 200
      message: OK
- request:
    body: null
    headers:
      Accept:
      - '*/*'
      Accept-Encoding:
      - gzip, deflate
      Connection:
      - keep-alive
      Content-Type:
      - application/json
      User-Agent:
      - ms-fabric-cli-test/1.3.1
    method: GET
    uri: https://wabi-us-central-b-primary-redirect.analysis.windows.net/v1/operations/05485416-2ae4-4f84-a648-79bb874b5534/result
  response:
    body:
      string: '{"id": "b8c7c6ad-8a72-4161-b578-2e77d089fb69", "type": "Eventstream",
        "displayName": "fabcli000001", "description": "Created by fab", "workspaceId":
        "adb8fb8e-54a1-4e39-927a-c4d65c660745"}'
    headers:
      Access-Control-Expose-Headers:
      - RequestId
      Cache-Control:
      - no-store, must-revalidate, no-cache
      Content-Encoding:
      - gzip
      Content-Type:
      - application/json
      Date:
      - Thu, 05 Feb 2026 07:42:26 GMT
      Pragma:
      - no-cache
      RequestId:
      - 74ae2c76-8f92-4206-b17a-a6bad2f60c45
      Strict-Transport-Security:
      - max-age=31536000; includeSubDomains
      Transfer-Encoding:
      - chunked
      X-Content-Type-Options:
      - nosniff
      X-Frame-Options:
      - deny
    status:
      code: 200
      message: OK
- request:
    body: null
    headers:
      Accept:
      - '*/*'
      Accept-Encoding:
      - gzip, deflate
      Connection:
      - keep-alive
      Content-Type:
      - application/json
      User-Agent:
      - ms-fabric-cli-test/1.3.1
    method: GET
    uri: https://api.fabric.microsoft.com/v1/workspaces
  response:
    body:
      string: '{"value": [{"id": "3634a139-2c9e-4205-910b-3b089a31be47", "displayName":
        "My workspace", "description": "", "type": "Personal"}, {"id": "adb8fb8e-54a1-4e39-927a-c4d65c660745",
        "displayName": "fabriccli_WorkspacePerTestclass_000001", "description": "Created
        by fab", "type": "Workspace", "capacityId": "00000000-0000-0000-0000-000000000004"}]}'
    headers:
      Access-Control-Expose-Headers:
      - RequestId
      Cache-Control:
      - no-store, must-revalidate, no-cache
      Content-Encoding:
      - gzip
      Content-Length:
      - '2803'
      Content-Type:
      - application/json; charset=utf-8
      Date:
      - Thu, 05 Feb 2026 07:42:27 GMT
      Pragma:
      - no-cache
      RequestId:
      - 6c078d28-79dd-4698-ac1d-974caf67b9ac
      Strict-Transport-Security:
      - max-age=31536000; includeSubDomains
      X-Content-Type-Options:
      - nosniff
      X-Frame-Options:
      - deny
      home-cluster-uri:
      - https://wabi-us-central-b-primary-redirect.analysis.windows.net/
      request-redirected:
      - 'true'
    status:
      code: 200
      message: OK
- request:
    body: null
    headers:
      Accept:
      - '*/*'
      Accept-Encoding:
      - gzip, deflate
      Connection:
      - keep-alive
      Content-Type:
      - application/json
      User-Agent:
      - ms-fabric-cli-test/1.3.1
    method: GET
    uri: https://api.fabric.microsoft.com/v1/workspaces/adb8fb8e-54a1-4e39-927a-c4d65c660745/items
  response:
    body:
      string: '{"value": [{"id": "b8c7c6ad-8a72-4161-b578-2e77d089fb69", "type": "Eventstream",
        "displayName": "fabcli000001", "description": "Created by fab", "workspaceId":
        "adb8fb8e-54a1-4e39-927a-c4d65c660745"}]}'
    headers:
      Access-Control-Expose-Headers:
      - RequestId
      Cache-Control:
      - no-store, must-revalidate, no-cache
      Content-Encoding:
      - gzip
      Content-Length:
      - '180'
      Content-Type:
      - application/json; charset=utf-8
      Date:
      - Thu, 05 Feb 2026 07:42:28 GMT
      Pragma:
      - no-cache
      RequestId:
      - bba65bb2-04d8-4cf7-83b1-6f3357135477
      Strict-Transport-Security:
      - max-age=31536000; includeSubDomains
      X-Content-Type-Options:
      - nosniff
      X-Frame-Options:
      - deny
      home-cluster-uri:
      - https://wabi-us-central-b-primary-redirect.analysis.windows.net/
      request-redirected:
      - 'true'
    status:
      code: 200
      message: OK
- request:
    body: null
    headers:
      Accept:
      - '*/*'
      Accept-Encoding:
      - gzip, deflate
      Connection:
      - keep-alive
      Content-Length:
      - '0'
      Content-Type:
      - application/json
      User-Agent:
      - ms-fabric-cli-test/1.3.1
    method: DELETE
    uri: https://api.fabric.microsoft.com/v1/workspaces/adb8fb8e-54a1-4e39-927a-c4d65c660745/items/b8c7c6ad-8a72-4161-b578-2e77d089fb69
  response:
    body:
      string: ''
    headers:
      Access-Control-Expose-Headers:
      - RequestId
      Cache-Control:
      - no-store, must-revalidate, no-cache
      Content-Encoding:
      - gzip
      Content-Length:
      - '0'
      Content-Type:
      - application/octet-stream
      Date:
      - Thu, 05 Feb 2026 07:42:28 GMT
      Pragma:
      - no-cache
      RequestId:
      - 8b59d43f-c768-4b5c-933f-dde81bc9a55e
      Strict-Transport-Security:
      - max-age=31536000; includeSubDomains
      X-Content-Type-Options:
      - nosniff
      X-Frame-Options:
      - deny
      home-cluster-uri:
      - https://wabi-us-central-b-primary-redirect.analysis.windows.net/
      request-redirected:
      - 'true'
    status:
      code: 200
      message: OK
- request:
    body: null
    headers:
      Accept:
      - '*/*'
      Accept-Encoding:
      - gzip, deflate
      Connection:
      - keep-alive
      Content-Type:
      - application/json
      User-Agent:
      - ms-fabric-cli-test/1.3.1
    method: GET
    uri: https://api.fabric.microsoft.com/v1/workspaces
  response:
    body:
      string: '{"value": [{"id": "3634a139-2c9e-4205-910b-3b089a31be47", "displayName":
        "My workspace", "description": "", "type": "Personal"}, {"id": "adb8fb8e-54a1-4e39-927a-c4d65c660745",
        "displayName": "fabriccli_WorkspacePerTestclass_000001", "description": "Created
        by fab", "type": "Workspace", "capacityId": "00000000-0000-0000-0000-000000000004"}]}'
    headers:
      Access-Control-Expose-Headers:
      - RequestId
      Cache-Control:
      - no-store, must-revalidate, no-cache
      Content-Encoding:
      - gzip
      Content-Length:
      - '2803'
      Content-Type:
      - application/json; charset=utf-8
      Date:
      - Thu, 05 Feb 2026 07:42:28 GMT
      Pragma:
      - no-cache
      RequestId:
      - df4ecb15-6bd6-43d7-8807-7086207e7436
      Strict-Transport-Security:
      - max-age=31536000; includeSubDomains
      X-Content-Type-Options:
      - nosniff
      X-Frame-Options:
      - deny
      home-cluster-uri:
      - https://wabi-us-central-b-primary-redirect.analysis.windows.net/
      request-redirected:
      - 'true'
    status:
      code: 200
      message: OK
- request:
    body: null
    headers:
      Accept:
      - '*/*'
      Accept-Encoding:
      - gzip, deflate
      Connection:
      - keep-alive
      Content-Type:
      - application/json
      User-Agent:
      - ms-fabric-cli-test/1.3.1
    method: GET
    uri: https://api.fabric.microsoft.com/v1/workspaces/adb8fb8e-54a1-4e39-927a-c4d65c660745/items
  response:
    body:
      string: '{"value": []}'
    headers:
      Access-Control-Expose-Headers:
      - RequestId
      Cache-Control:
      - no-store, must-revalidate, no-cache
      Content-Encoding:
      - gzip
      Content-Length:
      - '32'
      Content-Type:
      - application/json; charset=utf-8
      Date:
      - Thu, 05 Feb 2026 07:42:29 GMT
      Pragma:
      - no-cache
      RequestId:
      - 204d2a24-23e7-4a8d-ab48-042da997c196
      Strict-Transport-Security:
      - max-age=31536000; includeSubDomains
      X-Content-Type-Options:
      - nosniff
      X-Frame-Options:
      - deny
      home-cluster-uri:
      - https://wabi-us-central-b-primary-redirect.analysis.windows.net/
      request-redirected:
      - 'true'
    status:
      code: 200
      message: OK
- request:
    body: null
    headers:
      Accept:
      - '*/*'
      Accept-Encoding:
      - gzip, deflate
      Connection:
      - keep-alive
      Content-Type:
      - application/json
      User-Agent:
      - ms-fabric-cli-test/1.3.1
    method: GET
    uri: https://api.fabric.microsoft.com/v1/workspaces/adb8fb8e-54a1-4e39-927a-c4d65c660745/items
  response:
    body:
      string: '{"value": []}'
    headers:
      Access-Control-Expose-Headers:
      - RequestId
      Cache-Control:
      - no-store, must-revalidate, no-cache
      Content-Encoding:
      - gzip
      Content-Length:
      - '32'
      Content-Type:
      - application/json; charset=utf-8
      Date:
      - Thu, 05 Feb 2026 07:42:30 GMT
      Pragma:
      - no-cache
      RequestId:
      - d6394ca0-aba5-4631-b7ce-65d79c5343be
      Strict-Transport-Security:
      - max-age=31536000; includeSubDomains
      X-Content-Type-Options:
      - nosniff
      X-Frame-Options:
      - deny
      home-cluster-uri:
      - https://wabi-us-central-b-primary-redirect.analysis.windows.net/
      request-redirected:
      - 'true'
    status:
      code: 200
      message: OK
version: 1
