interactions:
- request:
    body: null
    headers:
      Accept:
      - '*/*'
      Accept-Encoding:
      - gzip, deflate
      Connection:
      - keep-alive
      Content-Type:
      - application/json
      User-Agent:
      - ms-fabric-cli-test/1.3.1
    method: GET
    uri: https://api.fabric.microsoft.com/v1/workspaces
  response:
    body:
      string: '{"value": [{"id": "484c6223-5508-44c6-a29c-04d476af4d0a", "displayName":
        "fabriccli_WorkspacePerTestclass_000001", "description": "Created by fab",
        "type": "Workspace", "capacityId": "07b1fd56-9969-4ff5-a2c8-05df5f82759a"}]}'
    headers:
      Access-Control-Expose-Headers:
      - RequestId
      Cache-Control:
      - no-store, must-revalidate, no-cache
      Content-Encoding:
      - gzip
      Content-Length:
      - '6078'
      Content-Type:
      - application/json; charset=utf-8
      Date:
      - Mon, 19 Jan 2026 07:24:38 GMT
      Pragma:
      - no-cache
      RequestId:
      - 93e52903-9f94-46a4-8ba4-2e848fa7c3fe
      Strict-Transport-Security:
      - max-age=31536000; includeSubDomains
      X-Content-Type-Options:
      - nosniff
      X-Frame-Options:
      - deny
      home-cluster-uri:
      - https://wabi-us-central-b-primary-redirect.analysis.windows.net/
      request-redirected:
      - 'true'
    status:
      code: 200
      message: OK
- request:
    body: null
    headers:
      Accept:
      - '*/*'
      Accept-Encoding:
      - gzip, deflate
      Connection:
      - keep-alive
      Content-Type:
      - application/json
      User-Agent:
      - ms-fabric-cli-test/1.3.1
    method: GET
    uri: https://api.fabric.microsoft.com/v1/workspaces/484c6223-5508-44c6-a29c-04d476af4d0a/items
  response:
    body:
      string: '{"value": [{"id": "06d8d28e-6095-45f5-99bd-f59561fe7000", "type": "SQLEndpoint",
        "displayName": "fabcli000001", "description": "", "workspaceId": "484c6223-5508-44c6-a29c-04d476af4d0a"},
        {"id": "03846232-095c-4336-8b99-b4f4983a9cf4", "type": "SQLEndpoint", "displayName":
        "fabcli000001", "description": "", "workspaceId": "484c6223-5508-44c6-a29c-04d476af4d0a"},
        {"id": "cf95db94-f350-4b3a-a6c6-2c70b0c14078", "type": "DataPipeline", "displayName":
        "fabcli000001", "description": "Created by fab", "workspaceId": "484c6223-5508-44c6-a29c-04d476af4d0a"},
        {"id": "69a9a0a4-9e15-4644-b467-61a4a19c43b6", "type": "Environment", "displayName":
        "fabcli000001", "description": "Created by fab", "workspaceId": "484c6223-5508-44c6-a29c-04d476af4d0a"},
        {"id": "579fbe20-71f3-4952-b129-1ffffb5f32d8", "type": "Eventhouse", "displayName":
        "fabcli000001", "description": "Created by fab", "workspaceId": "484c6223-5508-44c6-a29c-04d476af4d0a"},
        {"id": "13963829-92c5-4574-a66b-3f12b32d20bc", "type": "KQLDatabase", "displayName":
        "fabcli000001", "description": "fabcli000001", "workspaceId": "484c6223-5508-44c6-a29c-04d476af4d0a"},
        {"id": "5e0883d0-d117-4f10-a27a-5e036da6b7a0", "type": "Eventstream", "displayName":
        "fabcli000001", "description": "Created by fab", "workspaceId": "484c6223-5508-44c6-a29c-04d476af4d0a"},
        {"id": "33f0c55d-fcbf-4cd8-8991-4389e09d4d35", "type": "KQLDashboard", "displayName":
        "fabcli000001", "description": "Created by fab", "workspaceId": "484c6223-5508-44c6-a29c-04d476af4d0a"},
        {"id": "edc2f22b-2d7d-4040-82e2-7201e098f969", "type": "KQLQueryset", "displayName":
        "fabcli000001", "description": "Created by fab", "workspaceId": "484c6223-5508-44c6-a29c-04d476af4d0a"},
        {"id": "621651fd-1f08-4d2c-90ff-3c8ec48a91b5", "type": "Lakehouse", "displayName":
        "fabcli000001", "description": "Created by fab", "workspaceId": "484c6223-5508-44c6-a29c-04d476af4d0a"},
        {"id": "6ac12e59-5f41-4be6-8a66-24be9d50f4fd", "type": "MLExperiment", "displayName":
        "fabcli000001", "description": "Created by fab", "workspaceId": "484c6223-5508-44c6-a29c-04d476af4d0a"},
        {"id": "b98df3fd-e1c7-4918-bd51-25a824a60882", "type": "MLModel", "displayName":
        "fabcli000001", "description": "Created by fab", "workspaceId": "484c6223-5508-44c6-a29c-04d476af4d0a"},
        {"id": "a18171d5-fd45-4103-9a91-eef8fa3e169e", "type": "MirroredDatabase",
        "displayName": "fabcli000001", "description": "Created by fab", "workspaceId":
        "484c6223-5508-44c6-a29c-04d476af4d0a"}, {"id": "2a1f5d9b-36f6-4f5c-870b-463dc633e72b",
        "type": "Notebook", "displayName": "fabcli000001", "description": "Created
        by fab", "workspaceId": "484c6223-5508-44c6-a29c-04d476af4d0a"}]}'
    headers:
      Access-Control-Expose-Headers:
      - RequestId
      Cache-Control:
      - no-store, must-revalidate, no-cache
      Content-Encoding:
      - gzip
      Content-Length:
      - '731'
      Content-Type:
      - application/json; charset=utf-8
      Date:
      - Mon, 19 Jan 2026 07:24:39 GMT
      Pragma:
      - no-cache
      RequestId:
      - 1cafbbdf-f3b3-442f-a8a6-1afa397849c6
      Strict-Transport-Security:
      - max-age=31536000; includeSubDomains
      X-Content-Type-Options:
      - nosniff
      X-Frame-Options:
      - deny
      home-cluster-uri:
      - https://wabi-us-central-b-primary-redirect.analysis.windows.net/
      request-redirected:
      - 'true'
    status:
      code: 200
      message: OK
- request:
    body: null
    headers:
      Accept:
      - '*/*'
      Accept-Encoding:
      - gzip, deflate
      Connection:
      - keep-alive
      Content-Type:
      - application/json
      User-Agent:
      - ms-fabric-cli-test/1.3.1
    method: GET
    uri: https://api.fabric.microsoft.com/v1/workspaces/484c6223-5508-44c6-a29c-04d476af4d0a/items
  response:
    body:
      string: '{"value": [{"id": "06d8d28e-6095-45f5-99bd-f59561fe7000", "type": "SQLEndpoint",
        "displayName": "fabcli000001", "description": "", "workspaceId": "484c6223-5508-44c6-a29c-04d476af4d0a"},
        {"id": "03846232-095c-4336-8b99-b4f4983a9cf4", "type": "SQLEndpoint", "displayName":
        "fabcli000001", "description": "", "workspaceId": "484c6223-5508-44c6-a29c-04d476af4d0a"},
        {"id": "cf95db94-f350-4b3a-a6c6-2c70b0c14078", "type": "DataPipeline", "displayName":
        "fabcli000001", "description": "Created by fab", "workspaceId": "484c6223-5508-44c6-a29c-04d476af4d0a"},
        {"id": "69a9a0a4-9e15-4644-b467-61a4a19c43b6", "type": "Environment", "displayName":
        "fabcli000001", "description": "Created by fab", "workspaceId": "484c6223-5508-44c6-a29c-04d476af4d0a"},
        {"id": "579fbe20-71f3-4952-b129-1ffffb5f32d8", "type": "Eventhouse", "displayName":
        "fabcli000001", "description": "Created by fab", "workspaceId": "484c6223-5508-44c6-a29c-04d476af4d0a"},
        {"id": "13963829-92c5-4574-a66b-3f12b32d20bc", "type": "KQLDatabase", "displayName":
        "fabcli000001", "description": "fabcli000001", "workspaceId": "484c6223-5508-44c6-a29c-04d476af4d0a"},
        {"id": "5e0883d0-d117-4f10-a27a-5e036da6b7a0", "type": "Eventstream", "displayName":
        "fabcli000001", "description": "Created by fab", "workspaceId": "484c6223-5508-44c6-a29c-04d476af4d0a"},
        {"id": "33f0c55d-fcbf-4cd8-8991-4389e09d4d35", "type": "KQLDashboard", "displayName":
        "fabcli000001", "description": "Created by fab", "workspaceId": "484c6223-5508-44c6-a29c-04d476af4d0a"},
        {"id": "edc2f22b-2d7d-4040-82e2-7201e098f969", "type": "KQLQueryset", "displayName":
        "fabcli000001", "description": "Created by fab", "workspaceId": "484c6223-5508-44c6-a29c-04d476af4d0a"},
        {"id": "621651fd-1f08-4d2c-90ff-3c8ec48a91b5", "type": "Lakehouse", "displayName":
        "fabcli000001", "description": "Created by fab", "workspaceId": "484c6223-5508-44c6-a29c-04d476af4d0a"},
        {"id": "6ac12e59-5f41-4be6-8a66-24be9d50f4fd", "type": "MLExperiment", "displayName":
        "fabcli000001", "description": "Created by fab", "workspaceId": "484c6223-5508-44c6-a29c-04d476af4d0a"},
        {"id": "b98df3fd-e1c7-4918-bd51-25a824a60882", "type": "MLModel", "displayName":
        "fabcli000001", "description": "Created by fab", "workspaceId": "484c6223-5508-44c6-a29c-04d476af4d0a"},
        {"id": "a18171d5-fd45-4103-9a91-eef8fa3e169e", "type": "MirroredDatabase",
        "displayName": "fabcli000001", "description": "Created by fab", "workspaceId":
        "484c6223-5508-44c6-a29c-04d476af4d0a"}, {"id": "2a1f5d9b-36f6-4f5c-870b-463dc633e72b",
        "type": "Notebook", "displayName": "fabcli000001", "description": "Created
        by fab", "workspaceId": "484c6223-5508-44c6-a29c-04d476af4d0a"}]}'
    headers:
      Access-Control-Expose-Headers:
      - RequestId
      Cache-Control:
      - no-store, must-revalidate, no-cache
      Content-Encoding:
      - gzip
      Content-Length:
      - '731'
      Content-Type:
      - application/json; charset=utf-8
      Date:
      - Mon, 19 Jan 2026 07:24:39 GMT
      Pragma:
      - no-cache
      RequestId:
      - 39f936c1-cdf1-42f6-9137-753fe7a44b25
      Strict-Transport-Security:
      - max-age=31536000; includeSubDomains
      X-Content-Type-Options:
      - nosniff
      X-Frame-Options:
      - deny
      home-cluster-uri:
      - https://wabi-us-central-b-primary-redirect.analysis.windows.net/
      request-redirected:
      - 'true'
    status:
      code: 200
      message: OK
- request:
    body: '{"description": "Created by fab", "displayName": "fabcli000001", "type":
      "Reflex", "folderId": null}'
    headers:
      Accept:
      - '*/*'
      Accept-Encoding:
      - gzip, deflate
      Connection:
      - keep-alive
      Content-Length:
      - '104'
      Content-Type:
      - application/json
      User-Agent:
      - ms-fabric-cli-test/1.3.1
    method: POST
    uri: https://api.fabric.microsoft.com/v1/workspaces/484c6223-5508-44c6-a29c-04d476af4d0a/reflexes
  response:
    body:
      string: '{"id": "0d9356f8-543e-453c-bbdd-bf3fec5c090f", "type": "Reflex", "displayName":
        "fabcli000001", "description": "Created by fab", "workspaceId": "484c6223-5508-44c6-a29c-04d476af4d0a"}'
    headers:
      Access-Control-Expose-Headers:
      - RequestId,ETag
      Cache-Control:
      - no-store, must-revalidate, no-cache
      Content-Encoding:
      - gzip
      Content-Length:
      - '166'
      Content-Type:
      - application/json; charset=utf-8
      Date:
      - Mon, 19 Jan 2026 07:24:41 GMT
      ETag:
      - '""'
      Pragma:
      - no-cache
      RequestId:
      - 5793b8de-e872-486a-9d07-aa84d52899b2
      Strict-Transport-Security:
      - max-age=31536000; includeSubDomains
      X-Content-Type-Options:
      - nosniff
      X-Frame-Options:
      - deny
      home-cluster-uri:
      - https://wabi-us-central-b-primary-redirect.analysis.windows.net/
      request-redirected:
      - 'true'
    status:
      code: 201
      message: Created
- request:
    body: null
    headers:
      Accept:
      - '*/*'
      Accept-Encoding:
      - gzip, deflate
      Connection:
      - keep-alive
      Content-Type:
      - application/json
      User-Agent:
      - ms-fabric-cli-test/1.3.1
    method: GET
    uri: https://api.fabric.microsoft.com/v1/workspaces
  response:
    body:
      string: '{"value": [{"id": "484c6223-5508-44c6-a29c-04d476af4d0a", "displayName":
        "fabriccli_WorkspacePerTestclass_000001", "description": "Created by fab",
        "type": "Workspace", "capacityId": "07b1fd56-9969-4ff5-a2c8-05df5f82759a"}]}'
    headers:
      Access-Control-Expose-Headers:
      - RequestId
      Cache-Control:
      - no-store, must-revalidate, no-cache
      Content-Encoding:
      - gzip
      Content-Length:
      - '6078'
      Content-Type:
      - application/json; charset=utf-8
      Date:
      - Mon, 19 Jan 2026 07:24:42 GMT
      Pragma:
      - no-cache
      RequestId:
      - be155063-2b41-4091-acef-fd2f31c216a1
      Strict-Transport-Security:
      - max-age=31536000; includeSubDomains
      X-Content-Type-Options:
      - nosniff
      X-Frame-Options:
      - deny
      home-cluster-uri:
      - https://wabi-us-central-b-primary-redirect.analysis.windows.net/
      request-redirected:
      - 'true'
    status:
      code: 200
      message: OK
- request:
    body: null
    headers:
      Accept:
      - '*/*'
      Accept-Encoding:
      - gzip, deflate
      Connection:
      - keep-alive
      Content-Type:
      - application/json
      User-Agent:
      - ms-fabric-cli-test/1.3.1
    method: GET
    uri: https://api.fabric.microsoft.com/v1/workspaces/484c6223-5508-44c6-a29c-04d476af4d0a/items
  response:
    body:
      string: '{"value": [{"id": "06d8d28e-6095-45f5-99bd-f59561fe7000", "type": "SQLEndpoint",
        "displayName": "fabcli000001", "description": "", "workspaceId": "484c6223-5508-44c6-a29c-04d476af4d0a"},
        {"id": "03846232-095c-4336-8b99-b4f4983a9cf4", "type": "SQLEndpoint", "displayName":
        "fabcli000001", "description": "", "workspaceId": "484c6223-5508-44c6-a29c-04d476af4d0a"},
        {"id": "cf95db94-f350-4b3a-a6c6-2c70b0c14078", "type": "DataPipeline", "displayName":
        "fabcli000001", "description": "Created by fab", "workspaceId": "484c6223-5508-44c6-a29c-04d476af4d0a"},
        {"id": "69a9a0a4-9e15-4644-b467-61a4a19c43b6", "type": "Environment", "displayName":
        "fabcli000001", "description": "Created by fab", "workspaceId": "484c6223-5508-44c6-a29c-04d476af4d0a"},
        {"id": "579fbe20-71f3-4952-b129-1ffffb5f32d8", "type": "Eventhouse", "displayName":
        "fabcli000001", "description": "Created by fab", "workspaceId": "484c6223-5508-44c6-a29c-04d476af4d0a"},
        {"id": "13963829-92c5-4574-a66b-3f12b32d20bc", "type": "KQLDatabase", "displayName":
        "fabcli000001", "description": "fabcli000001", "workspaceId": "484c6223-5508-44c6-a29c-04d476af4d0a"},
        {"id": "5e0883d0-d117-4f10-a27a-5e036da6b7a0", "type": "Eventstream", "displayName":
        "fabcli000001", "description": "Created by fab", "workspaceId": "484c6223-5508-44c6-a29c-04d476af4d0a"},
        {"id": "33f0c55d-fcbf-4cd8-8991-4389e09d4d35", "type": "KQLDashboard", "displayName":
        "fabcli000001", "description": "Created by fab", "workspaceId": "484c6223-5508-44c6-a29c-04d476af4d0a"},
        {"id": "edc2f22b-2d7d-4040-82e2-7201e098f969", "type": "KQLQueryset", "displayName":
        "fabcli000001", "description": "Created by fab", "workspaceId": "484c6223-5508-44c6-a29c-04d476af4d0a"},
        {"id": "621651fd-1f08-4d2c-90ff-3c8ec48a91b5", "type": "Lakehouse", "displayName":
        "fabcli000001", "description": "Created by fab", "workspaceId": "484c6223-5508-44c6-a29c-04d476af4d0a"},
        {"id": "6ac12e59-5f41-4be6-8a66-24be9d50f4fd", "type": "MLExperiment", "displayName":
        "fabcli000001", "description": "Created by fab", "workspaceId": "484c6223-5508-44c6-a29c-04d476af4d0a"},
        {"id": "b98df3fd-e1c7-4918-bd51-25a824a60882", "type": "MLModel", "displayName":
        "fabcli000001", "description": "Created by fab", "workspaceId": "484c6223-5508-44c6-a29c-04d476af4d0a"},
        {"id": "a18171d5-fd45-4103-9a91-eef8fa3e169e", "type": "MirroredDatabase",
        "displayName": "fabcli000001", "description": "Created by fab", "workspaceId":
        "484c6223-5508-44c6-a29c-04d476af4d0a"}, {"id": "2a1f5d9b-36f6-4f5c-870b-463dc633e72b",
        "type": "Notebook", "displayName": "fabcli000001", "description": "Created
        by fab", "workspaceId": "484c6223-5508-44c6-a29c-04d476af4d0a"}, {"id": "0d9356f8-543e-453c-bbdd-bf3fec5c090f",
        "type": "Reflex", "displayName": "fabcli000001", "description": "Created by
        fab", "workspaceId": "484c6223-5508-44c6-a29c-04d476af4d0a"}]}'
    headers:
      Access-Control-Expose-Headers:
      - RequestId
      Cache-Control:
      - no-store, must-revalidate, no-cache
      Content-Encoding:
      - gzip
      Content-Length:
      - '772'
      Content-Type:
      - application/json; charset=utf-8
      Date:
      - Mon, 19 Jan 2026 07:24:43 GMT
      Pragma:
      - no-cache
      RequestId:
      - 364cee80-7182-4aff-823c-82b889df1b4e
      Strict-Transport-Security:
      - max-age=31536000; includeSubDomains
      X-Content-Type-Options:
      - nosniff
      X-Frame-Options:
      - deny
      home-cluster-uri:
      - https://wabi-us-central-b-primary-redirect.analysis.windows.net/
      request-redirected:
      - 'true'
    status:
      code: 200
      message: OK
version: 1
