interactions:
- request:
    body: null
    headers:
      Accept:
      - '*/*'
      Accept-Encoding:
      - gzip, deflate
      Connection:
      - keep-alive
      Content-Type:
      - application/json
      User-Agent:
      - ms-fabric-cli-test/1.3.1
    method: GET
    uri: https://api.fabric.microsoft.com/v1/workspaces
  response:
    body:
      string: '{"value": [{"id": "3634a139-2c9e-4205-910b-3b089a31be47", "displayName":
        "My workspace", "description": "", "type": "Personal"}, {"id": "5bf49d41-ccf2-4662-872c-a1d794eb7eba",
        "displayName": "fabriccli_WorkspacePerTestclass_000001", "description": "Created
        by fab", "type": "Workspace", "capacityId": "00000000-0000-0000-0000-000000000004"}]}'
    headers:
      Access-Control-Expose-Headers:
      - RequestId
      Cache-Control:
      - no-store, must-revalidate, no-cache
      Content-Encoding:
      - gzip
      Content-Length:
      - '2303'
      Content-Type:
      - application/json; charset=utf-8
      Date:
      - Thu, 29 Jan 2026 09:41:41 GMT
      Pragma:
      - no-cache
      RequestId:
      - 79cc2cf9-0320-4a7e-8a1d-34a07a87bbeb
      Strict-Transport-Security:
      - max-age=31536000; includeSubDomains
      X-Content-Type-Options:
      - nosniff
      X-Frame-Options:
      - deny
      home-cluster-uri:
      - https://wabi-us-central-b-primary-redirect.analysis.windows.net/
      request-redirected:
      - 'true'
    status:
      code: 200
      message: OK
- request:
    body: null
    headers:
      Accept:
      - '*/*'
      Accept-Encoding:
      - gzip, deflate
      Connection:
      - keep-alive
      Content-Type:
      - application/json
      User-Agent:
      - ms-fabric-cli-test/1.3.1
    method: GET
    uri: https://api.fabric.microsoft.com/v1/workspaces/5bf49d41-ccf2-4662-872c-a1d794eb7eba/items
  response:
    body:
      string: '{"value": [{"id": "0be7fbeb-7129-459c-802c-9768da9fee82", "type": "SemanticModel",
        "displayName": "fabcli000001_auto", "description": "", "workspaceId": "5bf49d41-ccf2-4662-872c-a1d794eb7eba"},
        {"id": "63e713bb-d4c4-439f-aac5-e4e9e2f53e6a", "type": "SQLEndpoint", "displayName":
        "StagingLakehouseForDataflows_20260129093902", "description": "", "workspaceId":
        "5bf49d41-ccf2-4662-872c-a1d794eb7eba"}, {"id": "001625fe-8bfb-4e1d-8160-efdb693837e9",
        "type": "Warehouse", "displayName": "StagingWarehouseForDataflows_20260129093925",
        "description": "", "workspaceId": "5bf49d41-ccf2-4662-872c-a1d794eb7eba"},
        {"id": "22b02bed-33cc-4ed1-9310-fa75c52c8392", "type": "SQLEndpoint", "displayName":
        "fabcli000001", "description": "", "workspaceId": "5bf49d41-ccf2-4662-872c-a1d794eb7eba"},
        {"id": "a0d992db-d3dd-455c-8611-9219db7dcd3d", "type": "SQLEndpoint", "displayName":
        "fabcli000001", "description": "", "workspaceId": "5bf49d41-ccf2-4662-872c-a1d794eb7eba"},
        {"id": "eb7b9d42-9795-4ba1-a826-19e0428ead6f", "type": "Lakehouse", "displayName":
        "StagingLakehouseForDataflows_20260129093902", "description": "", "workspaceId":
        "5bf49d41-ccf2-4662-872c-a1d794eb7eba"}, {"id": "bb27247d-5842-4280-bc11-ece193543087",
        "type": "DataPipeline", "displayName": "fabcli000001", "description": "Created
        by fab", "workspaceId": "5bf49d41-ccf2-4662-872c-a1d794eb7eba"}, {"id": "70355090-c46a-477d-b112-0c71bc845076",
        "type": "Environment", "displayName": "fabcli000001", "description": "Created
        by fab", "workspaceId": "5bf49d41-ccf2-4662-872c-a1d794eb7eba"}, {"id": "3937bde7-a583-44d3-a080-c450e6b73eff",
        "type": "Eventhouse", "displayName": "fabcli000001", "description": "Created
        by fab", "workspaceId": "5bf49d41-ccf2-4662-872c-a1d794eb7eba"}, {"id": "6c0968ea-d88f-44be-aecc-879af2eb47dd",
        "type": "KQLDatabase", "displayName": "fabcli000001", "description": "fabcli000001",
        "workspaceId": "5bf49d41-ccf2-4662-872c-a1d794eb7eba"}, {"id": "70a5f712-b36b-4075-9496-4abdbc9e99c2",
        "type": "Eventstream", "displayName": "fabcli000001", "description": "Created
        by fab", "workspaceId": "5bf49d41-ccf2-4662-872c-a1d794eb7eba"}, {"id": "18f3fd81-30ba-4eea-a774-ebcceba0aff9",
        "type": "KQLDashboard", "displayName": "fabcli000001", "description": "Created
        by fab", "workspaceId": "5bf49d41-ccf2-4662-872c-a1d794eb7eba"}, {"id": "4f67d819-5ef3-496d-90fd-8488da2eec6b",
        "type": "KQLQueryset", "displayName": "fabcli000001", "description": "Created
        by fab", "workspaceId": "5bf49d41-ccf2-4662-872c-a1d794eb7eba"}, {"id": "dfe52a7d-e782-4672-bbf5-a30a043360e8",
        "type": "Lakehouse", "displayName": "fabcli000001", "description": "Created
        by fab", "workspaceId": "5bf49d41-ccf2-4662-872c-a1d794eb7eba"}, {"id": "8a6bc503-5d1c-4a70-ad5c-4b517816303f",
        "type": "MLExperiment", "displayName": "fabcli000001", "description": "Created
        by fab", "workspaceId": "5bf49d41-ccf2-4662-872c-a1d794eb7eba"}, {"id": "71e75847-dec3-4d9f-8f7d-28682de67b25",
        "type": "MLModel", "displayName": "fabcli000001", "description": "Created
        by fab", "workspaceId": "5bf49d41-ccf2-4662-872c-a1d794eb7eba"}, {"id": "ee621e14-0464-4a9a-8dc4-31dc9ae4352c",
        "type": "MirroredDatabase", "displayName": "fabcli000001", "description":
        "Created by fab", "workspaceId": "5bf49d41-ccf2-4662-872c-a1d794eb7eba"},
        {"id": "83f68cc5-a668-4447-ac04-f1467f4a6a2e", "type": "Notebook", "displayName":
        "fabcli000001", "description": "Created by fab", "workspaceId": "5bf49d41-ccf2-4662-872c-a1d794eb7eba"}]}'
    headers:
      Access-Control-Expose-Headers:
      - RequestId
      Cache-Control:
      - no-store, must-revalidate, no-cache
      Content-Encoding:
      - gzip
      Content-Length:
      - '910'
      Content-Type:
      - application/json; charset=utf-8
      Date:
      - Thu, 29 Jan 2026 09:41:41 GMT
      Pragma:
      - no-cache
      RequestId:
      - 441edee9-0b9a-4ee4-ac7c-43b35953a048
      Strict-Transport-Security:
      - max-age=31536000; includeSubDomains
      X-Content-Type-Options:
      - nosniff
      X-Frame-Options:
      - deny
      home-cluster-uri:
      - https://wabi-us-central-b-primary-redirect.analysis.windows.net/
      request-redirected:
      - 'true'
    status:
      code: 200
      message: OK
- request:
    body: null
    headers:
      Accept:
      - '*/*'
      Accept-Encoding:
      - gzip, deflate
      Connection:
      - keep-alive
      Content-Type:
      - application/json
      User-Agent:
      - ms-fabric-cli-test/1.3.1
    method: GET
    uri: https://api.fabric.microsoft.com/v1/workspaces/5bf49d41-ccf2-4662-872c-a1d794eb7eba/items
  response:
    body:
      string: '{"value": [{"id": "0be7fbeb-7129-459c-802c-9768da9fee82", "type": "SemanticModel",
        "displayName": "fabcli000001_auto", "description": "", "workspaceId": "5bf49d41-ccf2-4662-872c-a1d794eb7eba"},
        {"id": "63e713bb-d4c4-439f-aac5-e4e9e2f53e6a", "type": "SQLEndpoint", "displayName":
        "StagingLakehouseForDataflows_20260129093902", "description": "", "workspaceId":
        "5bf49d41-ccf2-4662-872c-a1d794eb7eba"}, {"id": "001625fe-8bfb-4e1d-8160-efdb693837e9",
        "type": "Warehouse", "displayName": "StagingWarehouseForDataflows_20260129093925",
        "description": "", "workspaceId": "5bf49d41-ccf2-4662-872c-a1d794eb7eba"},
        {"id": "22b02bed-33cc-4ed1-9310-fa75c52c8392", "type": "SQLEndpoint", "displayName":
        "fabcli000001", "description": "", "workspaceId": "5bf49d41-ccf2-4662-872c-a1d794eb7eba"},
        {"id": "a0d992db-d3dd-455c-8611-9219db7dcd3d", "type": "SQLEndpoint", "displayName":
        "fabcli000001", "description": "", "workspaceId": "5bf49d41-ccf2-4662-872c-a1d794eb7eba"},
        {"id": "eb7b9d42-9795-4ba1-a826-19e0428ead6f", "type": "Lakehouse", "displayName":
        "StagingLakehouseForDataflows_20260129093902", "description": "", "workspaceId":
        "5bf49d41-ccf2-4662-872c-a1d794eb7eba"}, {"id": "bb27247d-5842-4280-bc11-ece193543087",
        "type": "DataPipeline", "displayName": "fabcli000001", "description": "Created
        by fab", "workspaceId": "5bf49d41-ccf2-4662-872c-a1d794eb7eba"}, {"id": "70355090-c46a-477d-b112-0c71bc845076",
        "type": "Environment", "displayName": "fabcli000001", "description": "Created
        by fab", "workspaceId": "5bf49d41-ccf2-4662-872c-a1d794eb7eba"}, {"id": "3937bde7-a583-44d3-a080-c450e6b73eff",
        "type": "Eventhouse", "displayName": "fabcli000001", "description": "Created
        by fab", "workspaceId": "5bf49d41-ccf2-4662-872c-a1d794eb7eba"}, {"id": "6c0968ea-d88f-44be-aecc-879af2eb47dd",
        "type": "KQLDatabase", "displayName": "fabcli000001", "description": "fabcli000001",
        "workspaceId": "5bf49d41-ccf2-4662-872c-a1d794eb7eba"}, {"id": "70a5f712-b36b-4075-9496-4abdbc9e99c2",
        "type": "Eventstream", "displayName": "fabcli000001", "description": "Created
        by fab", "workspaceId": "5bf49d41-ccf2-4662-872c-a1d794eb7eba"}, {"id": "18f3fd81-30ba-4eea-a774-ebcceba0aff9",
        "type": "KQLDashboard", "displayName": "fabcli000001", "description": "Created
        by fab", "workspaceId": "5bf49d41-ccf2-4662-872c-a1d794eb7eba"}, {"id": "4f67d819-5ef3-496d-90fd-8488da2eec6b",
        "type": "KQLQueryset", "displayName": "fabcli000001", "description": "Created
        by fab", "workspaceId": "5bf49d41-ccf2-4662-872c-a1d794eb7eba"}, {"id": "dfe52a7d-e782-4672-bbf5-a30a043360e8",
        "type": "Lakehouse", "displayName": "fabcli000001", "description": "Created
        by fab", "workspaceId": "5bf49d41-ccf2-4662-872c-a1d794eb7eba"}, {"id": "8a6bc503-5d1c-4a70-ad5c-4b517816303f",
        "type": "MLExperiment", "displayName": "fabcli000001", "description": "Created
        by fab", "workspaceId": "5bf49d41-ccf2-4662-872c-a1d794eb7eba"}, {"id": "71e75847-dec3-4d9f-8f7d-28682de67b25",
        "type": "MLModel", "displayName": "fabcli000001", "description": "Created
        by fab", "workspaceId": "5bf49d41-ccf2-4662-872c-a1d794eb7eba"}, {"id": "ee621e14-0464-4a9a-8dc4-31dc9ae4352c",
        "type": "MirroredDatabase", "displayName": "fabcli000001", "description":
        "Created by fab", "workspaceId": "5bf49d41-ccf2-4662-872c-a1d794eb7eba"},
        {"id": "83f68cc5-a668-4447-ac04-f1467f4a6a2e", "type": "Notebook", "displayName":
        "fabcli000001", "description": "Created by fab", "workspaceId": "5bf49d41-ccf2-4662-872c-a1d794eb7eba"}]}'
    headers:
      Access-Control-Expose-Headers:
      - RequestId
      Cache-Control:
      - no-store, must-revalidate, no-cache
      Content-Encoding:
      - gzip
      Content-Length:
      - '910'
      Content-Type:
      - application/json; charset=utf-8
      Date:
      - Thu, 29 Jan 2026 09:41:42 GMT
      Pragma:
      - no-cache
      RequestId:
      - c630f656-a77c-47ee-9bb2-7c1f91dccfe5
      Strict-Transport-Security:
      - max-age=31536000; includeSubDomains
      X-Content-Type-Options:
      - nosniff
      X-Frame-Options:
      - deny
      home-cluster-uri:
      - https://wabi-us-central-b-primary-redirect.analysis.windows.net/
      request-redirected:
      - 'true'
    status:
      code: 200
      message: OK
- request:
    body: '{"description": "Created by fab", "displayName": "fabcli000001", "type":
      "Reflex", "folderId": null}'
    headers:
      Accept:
      - '*/*'
      Accept-Encoding:
      - gzip, deflate
      Connection:
      - keep-alive
      Content-Length:
      - '104'
      Content-Type:
      - application/json
      User-Agent:
      - ms-fabric-cli-test/1.3.1
    method: POST
    uri: https://api.fabric.microsoft.com/v1/workspaces/5bf49d41-ccf2-4662-872c-a1d794eb7eba/reflexes
  response:
    body:
      string: '{"id": "b36ffe74-f3a3-4cdd-912a-2b6c6cc129bf", "type": "Reflex", "displayName":
        "fabcli000001", "description": "Created by fab", "workspaceId": "5bf49d41-ccf2-4662-872c-a1d794eb7eba"}'
    headers:
      Access-Control-Expose-Headers:
      - RequestId,ETag
      Cache-Control:
      - no-store, must-revalidate, no-cache
      Content-Encoding:
      - gzip
      Content-Length:
      - '164'
      Content-Type:
      - application/json; charset=utf-8
      Date:
      - Thu, 29 Jan 2026 09:41:45 GMT
      ETag:
      - '""'
      Pragma:
      - no-cache
      RequestId:
      - 019242f6-9471-40a7-ad1b-3ad0f5bb9911
      Strict-Transport-Security:
      - max-age=31536000; includeSubDomains
      X-Content-Type-Options:
      - nosniff
      X-Frame-Options:
      - deny
      home-cluster-uri:
      - https://wabi-us-central-b-primary-redirect.analysis.windows.net/
      request-redirected:
      - 'true'
    status:
      code: 201
      message: Created
- request:
    body: null
    headers:
      Accept:
      - '*/*'
      Accept-Encoding:
      - gzip, deflate
      Connection:
      - keep-alive
      Content-Type:
      - application/json
      User-Agent:
      - ms-fabric-cli-test/1.3.1
    method: GET
    uri: https://api.fabric.microsoft.com/v1/workspaces
  response:
    body:
      string: '{"value": [{"id": "3634a139-2c9e-4205-910b-3b089a31be47", "displayName":
        "My workspace", "description": "", "type": "Personal"}, {"id": "5bf49d41-ccf2-4662-872c-a1d794eb7eba",
        "displayName": "fabriccli_WorkspacePerTestclass_000001", "description": "Created
        by fab", "type": "Workspace", "capacityId": "00000000-0000-0000-0000-000000000004"}]}'
    headers:
      Access-Control-Expose-Headers:
      - RequestId
      Cache-Control:
      - no-store, must-revalidate, no-cache
      Content-Encoding:
      - gzip
      Content-Length:
      - '2303'
      Content-Type:
      - application/json; charset=utf-8
      Date:
      - Thu, 29 Jan 2026 09:41:45 GMT
      Pragma:
      - no-cache
      RequestId:
      - faeb7a46-cf0c-4a3d-90a9-c4b5886e8815
      Strict-Transport-Security:
      - max-age=31536000; includeSubDomains
      X-Content-Type-Options:
      - nosniff
      X-Frame-Options:
      - deny
      home-cluster-uri:
      - https://wabi-us-central-b-primary-redirect.analysis.windows.net/
      request-redirected:
      - 'true'
    status:
      code: 200
      message: OK
- request:
    body: null
    headers:
      Accept:
      - '*/*'
      Accept-Encoding:
      - gzip, deflate
      Connection:
      - keep-alive
      Content-Type:
      - application/json
      User-Agent:
      - ms-fabric-cli-test/1.3.1
    method: GET
    uri: https://api.fabric.microsoft.com/v1/workspaces/5bf49d41-ccf2-4662-872c-a1d794eb7eba/items
  response:
    body:
      string: '{"value": [{"id": "0be7fbeb-7129-459c-802c-9768da9fee82", "type": "SemanticModel",
        "displayName": "fabcli000001_auto", "description": "", "workspaceId": "5bf49d41-ccf2-4662-872c-a1d794eb7eba"},
        {"id": "63e713bb-d4c4-439f-aac5-e4e9e2f53e6a", "type": "SQLEndpoint", "displayName":
        "StagingLakehouseForDataflows_20260129093902", "description": "", "workspaceId":
        "5bf49d41-ccf2-4662-872c-a1d794eb7eba"}, {"id": "001625fe-8bfb-4e1d-8160-efdb693837e9",
        "type": "Warehouse", "displayName": "StagingWarehouseForDataflows_20260129093925",
        "description": "", "workspaceId": "5bf49d41-ccf2-4662-872c-a1d794eb7eba"},
        {"id": "22b02bed-33cc-4ed1-9310-fa75c52c8392", "type": "SQLEndpoint", "displayName":
        "fabcli000001", "description": "", "workspaceId": "5bf49d41-ccf2-4662-872c-a1d794eb7eba"},
        {"id": "a0d992db-d3dd-455c-8611-9219db7dcd3d", "type": "SQLEndpoint", "displayName":
        "fabcli000001", "description": "", "workspaceId": "5bf49d41-ccf2-4662-872c-a1d794eb7eba"},
        {"id": "eb7b9d42-9795-4ba1-a826-19e0428ead6f", "type": "Lakehouse", "displayName":
        "StagingLakehouseForDataflows_20260129093902", "description": "", "workspaceId":
        "5bf49d41-ccf2-4662-872c-a1d794eb7eba"}, {"id": "bb27247d-5842-4280-bc11-ece193543087",
        "type": "DataPipeline", "displayName": "fabcli000001", "description": "Created
        by fab", "workspaceId": "5bf49d41-ccf2-4662-872c-a1d794eb7eba"}, {"id": "70355090-c46a-477d-b112-0c71bc845076",
        "type": "Environment", "displayName": "fabcli000001", "description": "Created
        by fab", "workspaceId": "5bf49d41-ccf2-4662-872c-a1d794eb7eba"}, {"id": "3937bde7-a583-44d3-a080-c450e6b73eff",
        "type": "Eventhouse", "displayName": "fabcli000001", "description": "Created
        by fab", "workspaceId": "5bf49d41-ccf2-4662-872c-a1d794eb7eba"}, {"id": "6c0968ea-d88f-44be-aecc-879af2eb47dd",
        "type": "KQLDatabase", "displayName": "fabcli000001", "description": "fabcli000001",
        "workspaceId": "5bf49d41-ccf2-4662-872c-a1d794eb7eba"}, {"id": "70a5f712-b36b-4075-9496-4abdbc9e99c2",
        "type": "Eventstream", "displayName": "fabcli000001", "description": "Created
        by fab", "workspaceId": "5bf49d41-ccf2-4662-872c-a1d794eb7eba"}, {"id": "18f3fd81-30ba-4eea-a774-ebcceba0aff9",
        "type": "KQLDashboard", "displayName": "fabcli000001", "description": "Created
        by fab", "workspaceId": "5bf49d41-ccf2-4662-872c-a1d794eb7eba"}, {"id": "4f67d819-5ef3-496d-90fd-8488da2eec6b",
        "type": "KQLQueryset", "displayName": "fabcli000001", "description": "Created
        by fab", "workspaceId": "5bf49d41-ccf2-4662-872c-a1d794eb7eba"}, {"id": "dfe52a7d-e782-4672-bbf5-a30a043360e8",
        "type": "Lakehouse", "displayName": "fabcli000001", "description": "Created
        by fab", "workspaceId": "5bf49d41-ccf2-4662-872c-a1d794eb7eba"}, {"id": "8a6bc503-5d1c-4a70-ad5c-4b517816303f",
        "type": "MLExperiment", "displayName": "fabcli000001", "description": "Created
        by fab", "workspaceId": "5bf49d41-ccf2-4662-872c-a1d794eb7eba"}, {"id": "71e75847-dec3-4d9f-8f7d-28682de67b25",
        "type": "MLModel", "displayName": "fabcli000001", "description": "Created
        by fab", "workspaceId": "5bf49d41-ccf2-4662-872c-a1d794eb7eba"}, {"id": "ee621e14-0464-4a9a-8dc4-31dc9ae4352c",
        "type": "MirroredDatabase", "displayName": "fabcli000001", "description":
        "Created by fab", "workspaceId": "5bf49d41-ccf2-4662-872c-a1d794eb7eba"},
        {"id": "83f68cc5-a668-4447-ac04-f1467f4a6a2e", "type": "Notebook", "displayName":
        "fabcli000001", "description": "Created by fab", "workspaceId": "5bf49d41-ccf2-4662-872c-a1d794eb7eba"},
        {"id": "b36ffe74-f3a3-4cdd-912a-2b6c6cc129bf", "type": "Reflex", "displayName":
        "fabcli000001", "description": "Created by fab", "workspaceId": "5bf49d41-ccf2-4662-872c-a1d794eb7eba"}]}'
    headers:
      Access-Control-Expose-Headers:
      - RequestId
      Cache-Control:
      - no-store, must-revalidate, no-cache
      Content-Encoding:
      - gzip
      Content-Length:
      - '951'
      Content-Type:
      - application/json; charset=utf-8
      Date:
      - Thu, 29 Jan 2026 09:41:46 GMT
      Pragma:
      - no-cache
      RequestId:
      - 398c7faf-de77-4dae-8303-4fe7e4e019d6
      Strict-Transport-Security:
      - max-age=31536000; includeSubDomains
      X-Content-Type-Options:
      - nosniff
      X-Frame-Options:
      - deny
      home-cluster-uri:
      - https://wabi-us-central-b-primary-redirect.analysis.windows.net/
      request-redirected:
      - 'true'
    status:
      code: 200
      message: OK
version: 1
