interactions:
- request:
    body: null
    headers:
      Accept:
      - '*/*'
      Accept-Encoding:
      - gzip, deflate
      Connection:
      - keep-alive
      Content-Type:
      - application/json
      User-Agent:
      - ms-fabric-cli-test/1.3.1
    method: GET
    uri: https://api.fabric.microsoft.com/v1/workspaces
  response:
    body:
      string: '{"value": [{"id": "3634a139-2c9e-4205-910b-3b089a31be47", "displayName":
        "My workspace", "description": "", "type": "Personal"}, {"id": "adb8fb8e-54a1-4e39-927a-c4d65c660745",
        "displayName": "fabriccli_WorkspacePerTestclass_000001", "description": "Created
        by fab", "type": "Workspace", "capacityId": "00000000-0000-0000-0000-000000000004"}]}'
    headers:
      Access-Control-Expose-Headers:
      - RequestId
      Cache-Control:
      - no-store, must-revalidate, no-cache
      Content-Encoding:
      - gzip
      Content-Length:
      - '2803'
      Content-Type:
      - application/json; charset=utf-8
      Date:
      - Thu, 05 Feb 2026 07:44:03 GMT
      Pragma:
      - no-cache
      RequestId:
      - d818d7fe-c21d-4276-bb6b-c78365a99aaa
      Strict-Transport-Security:
      - max-age=31536000; includeSubDomains
      X-Content-Type-Options:
      - nosniff
      X-Frame-Options:
      - deny
      home-cluster-uri:
      - https://wabi-us-central-b-primary-redirect.analysis.windows.net/
      request-redirected:
      - 'true'
    status:
      code: 200
      message: OK
- request:
    body: null
    headers:
      Accept:
      - '*/*'
      Accept-Encoding:
      - gzip, deflate
      Connection:
      - keep-alive
      Content-Type:
      - application/json
      User-Agent:
      - ms-fabric-cli-test/1.3.1
    method: GET
    uri: https://api.fabric.microsoft.com/v1/workspaces/adb8fb8e-54a1-4e39-927a-c4d65c660745/items
  response:
    body:
      string: '{"value": []}'
    headers:
      Access-Control-Expose-Headers:
      - RequestId
      Cache-Control:
      - no-store, must-revalidate, no-cache
      Content-Encoding:
      - gzip
      Content-Length:
      - '32'
      Content-Type:
      - application/json; charset=utf-8
      Date:
      - Thu, 05 Feb 2026 07:44:04 GMT
      Pragma:
      - no-cache
      RequestId:
      - d666c3a2-f05d-4cee-9bee-809e1d8dd596
      Strict-Transport-Security:
      - max-age=31536000; includeSubDomains
      X-Content-Type-Options:
      - nosniff
      X-Frame-Options:
      - deny
      home-cluster-uri:
      - https://wabi-us-central-b-primary-redirect.analysis.windows.net/
      request-redirected:
      - 'true'
    status:
      code: 200
      message: OK
- request:
    body: null
    headers:
      Accept:
      - '*/*'
      Accept-Encoding:
      - gzip, deflate
      Connection:
      - keep-alive
      Content-Type:
      - application/json
      User-Agent:
      - ms-fabric-cli-test/1.3.1
    method: GET
    uri: https://api.fabric.microsoft.com/v1/workspaces/adb8fb8e-54a1-4e39-927a-c4d65c660745/items
  response:
    body:
      string: '{"value": []}'
    headers:
      Access-Control-Expose-Headers:
      - RequestId
      Cache-Control:
      - no-store, must-revalidate, no-cache
      Content-Encoding:
      - gzip
      Content-Length:
      - '32'
      Content-Type:
      - application/json; charset=utf-8
      Date:
      - Thu, 05 Feb 2026 07:44:05 GMT
      Pragma:
      - no-cache
      RequestId:
      - e65bcc76-5209-46d4-97c3-83f20b22b2f0
      Strict-Transport-Security:
      - max-age=31536000; includeSubDomains
      X-Content-Type-Options:
      - nosniff
      X-Frame-Options:
      - deny
      home-cluster-uri:
      - https://wabi-us-central-b-primary-redirect.analysis.windows.net/
      request-redirected:
      - 'true'
    status:
      code: 200
      message: OK
- request:
    body: '{"description": "Created by fab", "displayName": "fabcli000001", "type":
      "Notebook", "folderId": null, "definition": {"parts": [{"path": "notebook-content.py",
      "payload": "IyBGYWJyaWMgbm90ZWJvb2sgc291cmNlCgojIE1FVEFEQVRBICoqKioqKioqKioqKioqKioqKioqCgojIE1FVEEgewojIE1FVEEgICAia2VybmVsX2luZm8iOiB7CiMgTUVUQSAgICAgIm5hbWUiOiAic3luYXBzZV9weXNwYXJrIgojIE1FVEEgICB9LAojIE1FVEEgICAiZGVwZW5kZW5jaWVzIjoge30KIyBNRVRBIH0KCiMgQ0VMTCAqKioqKioqKioqKioqKioqKioqKgoKIyBXZWxjb21lIHRvIHlvdXIgbmV3IG5vdGVib29rCiMgVHlwZSBoZXJlIGluIHRoZSBjZWxsIGVkaXRvciB0byBhZGQgY29kZSEKCgojIE1FVEFEQVRBICoqKioqKioqKioqKioqKioqKioqCgojIE1FVEEgewojIE1FVEEgICAibGFuZ3VhZ2UiOiAicHl0aG9uIiwKIyBNRVRBICAgImxhbmd1YWdlX2dyb3VwIjogInN5bmFwc2VfcHlzcGFyayIKIyBNRVRBIH0K",
      "payloadType": "InlineBase64"}]}}'
    headers:
      Accept:
      - '*/*'
      Accept-Encoding:
      - gzip, deflate
      Connection:
      - keep-alive
      Content-Length:
      - '764'
      Content-Type:
      - application/json
      User-Agent:
      - ms-fabric-cli-test/1.3.1
    method: POST
    uri: https://api.fabric.microsoft.com/v1/workspaces/adb8fb8e-54a1-4e39-927a-c4d65c660745/notebooks
  response:
    body:
      string: 'null'
    headers:
      Access-Control-Expose-Headers:
      - RequestId,Location,Retry-After,ETag,x-ms-operation-id
      Cache-Control:
      - no-store, must-revalidate, no-cache
      Content-Encoding:
      - gzip
      Content-Length:
      - '24'
      Content-Type:
      - application/json; charset=utf-8
      Date:
      - Thu, 05 Feb 2026 07:44:06 GMT
      ETag:
      - '""'
      Location:
      - https://wabi-us-central-b-primary-redirect.analysis.windows.net/v1/operations/469faed6-fb4a-48d1-8921-636c9106c7e2
      Pragma:
      - no-cache
      RequestId:
      - dcea55cb-f501-487b-b958-c2a747c277f5
      Retry-After:
      - '20'
      Strict-Transport-Security:
      - max-age=31536000; includeSubDomains
      X-Content-Type-Options:
      - nosniff
      X-Frame-Options:
      - deny
      home-cluster-uri:
      - https://wabi-us-central-b-primary-redirect.analysis.windows.net/
      request-redirected:
      - 'true'
      x-ms-operation-id:
      - 469faed6-fb4a-48d1-8921-636c9106c7e2
    status:
      code: 202
      message: Accepted
- request:
    body: null
    headers:
      Accept:
      - '*/*'
      Accept-Encoding:
      - gzip, deflate
      Connection:
      - keep-alive
      Content-Type:
      - application/json
      User-Agent:
      - ms-fabric-cli-test/1.3.1
    method: GET
    uri: https://wabi-us-central-b-primary-redirect.analysis.windows.net/v1/operations/469faed6-fb4a-48d1-8921-636c9106c7e2
  response:
    body:
      string: '{"status": "Succeeded", "createdTimeUtc": "2026-02-05T07:44:06.3008961",
        "lastUpdatedTimeUtc": "2026-02-05T07:44:07.3321576", "percentComplete": 100,
        "error": null}'
    headers:
      Access-Control-Expose-Headers:
      - RequestId,Location,x-ms-operation-id
      Cache-Control:
      - no-store, must-revalidate, no-cache
      Content-Encoding:
      - gzip
      Content-Length:
      - '131'
      Content-Type:
      - application/json; charset=utf-8
      Date:
      - Thu, 05 Feb 2026 07:44:27 GMT
      Location:
      - https://wabi-us-central-b-primary-redirect.analysis.windows.net/v1/operations/469faed6-fb4a-48d1-8921-636c9106c7e2/result
      Pragma:
      - no-cache
      RequestId:
      - 0225359a-d0c5-4adc-8b0a-7fbf9b892d2d
      Strict-Transport-Security:
      - max-age=31536000; includeSubDomains
      X-Content-Type-Options:
      - nosniff
      X-Frame-Options:
      - deny
      x-ms-operation-id:
      - 469faed6-fb4a-48d1-8921-636c9106c7e2
    status:
      code: 200
      message: OK
- request:
    body: null
    headers:
      Accept:
      - '*/*'
      Accept-Encoding:
      - gzip, deflate
      Connection:
      - keep-alive
      Content-Type:
      - application/json
      User-Agent:
      - ms-fabric-cli-test/1.3.1
    method: GET
    uri: https://wabi-us-central-b-primary-redirect.analysis.windows.net/v1/operations/469faed6-fb4a-48d1-8921-636c9106c7e2/result
  response:
    body:
      string: '{"id": "76c7fba3-61ac-467d-9923-ab6eeeb603e6", "type": "Notebook",
        "displayName": "fabcli000001", "description": "Created by fab", "workspaceId":
        "adb8fb8e-54a1-4e39-927a-c4d65c660745"}'
    headers:
      Access-Control-Expose-Headers:
      - RequestId
      Cache-Control:
      - no-store, must-revalidate, no-cache
      Content-Encoding:
      - gzip
      Content-Type:
      - application/json
      Date:
      - Thu, 05 Feb 2026 07:44:28 GMT
      Pragma:
      - no-cache
      RequestId:
      - c462f69f-3df7-4136-95d5-c52c9842ace3
      Strict-Transport-Security:
      - max-age=31536000; includeSubDomains
      Transfer-Encoding:
      - chunked
      X-Content-Type-Options:
      - nosniff
      X-Frame-Options:
      - deny
    status:
      code: 200
      message: OK
- request:
    body: null
    headers:
      Accept:
      - '*/*'
      Accept-Encoding:
      - gzip, deflate
      Connection:
      - keep-alive
      Content-Type:
      - application/json
      User-Agent:
      - ms-fabric-cli-test/1.3.1
    method: GET
    uri: https://api.fabric.microsoft.com/v1/workspaces
  response:
    body:
      string: '{"value": [{"id": "3634a139-2c9e-4205-910b-3b089a31be47", "displayName":
        "My workspace", "description": "", "type": "Personal"}, {"id": "adb8fb8e-54a1-4e39-927a-c4d65c660745",
        "displayName": "fabriccli_WorkspacePerTestclass_000001", "description": "Created
        by fab", "type": "Workspace", "capacityId": "00000000-0000-0000-0000-000000000004"}]}'
    headers:
      Access-Control-Expose-Headers:
      - RequestId
      Cache-Control:
      - no-store, must-revalidate, no-cache
      Content-Encoding:
      - gzip
      Content-Length:
      - '2803'
      Content-Type:
      - application/json; charset=utf-8
      Date:
      - Thu, 05 Feb 2026 07:44:29 GMT
      Pragma:
      - no-cache
      RequestId:
      - 97ae6b33-7da7-4508-b086-dedef9d8ee28
      Strict-Transport-Security:
      - max-age=31536000; includeSubDomains
      X-Content-Type-Options:
      - nosniff
      X-Frame-Options:
      - deny
      home-cluster-uri:
      - https://wabi-us-central-b-primary-redirect.analysis.windows.net/
      request-redirected:
      - 'true'
    status:
      code: 200
      message: OK
- request:
    body: null
    headers:
      Accept:
      - '*/*'
      Accept-Encoding:
      - gzip, deflate
      Connection:
      - keep-alive
      Content-Type:
      - application/json
      User-Agent:
      - ms-fabric-cli-test/1.3.1
    method: GET
    uri: https://api.fabric.microsoft.com/v1/workspaces/adb8fb8e-54a1-4e39-927a-c4d65c660745/items
  response:
    body:
      string: '{"value": [{"id": "76c7fba3-61ac-467d-9923-ab6eeeb603e6", "type": "Notebook",
        "displayName": "fabcli000001", "description": "Created by fab", "workspaceId":
        "adb8fb8e-54a1-4e39-927a-c4d65c660745"}]}'
    headers:
      Access-Control-Expose-Headers:
      - RequestId
      Cache-Control:
      - no-store, must-revalidate, no-cache
      Content-Encoding:
      - gzip
      Content-Length:
      - '177'
      Content-Type:
      - application/json; charset=utf-8
      Date:
      - Thu, 05 Feb 2026 07:44:30 GMT
      Pragma:
      - no-cache
      RequestId:
      - d45779cd-78e9-4652-ab09-62da07886fad
      Strict-Transport-Security:
      - max-age=31536000; includeSubDomains
      X-Content-Type-Options:
      - nosniff
      X-Frame-Options:
      - deny
      home-cluster-uri:
      - https://wabi-us-central-b-primary-redirect.analysis.windows.net/
      request-redirected:
      - 'true'
    status:
      code: 200
      message: OK
- request:
    body: null
    headers:
      Accept:
      - '*/*'
      Accept-Encoding:
      - gzip, deflate
      Connection:
      - keep-alive
      Content-Length:
      - '0'
      Content-Type:
      - application/json
      User-Agent:
      - ms-fabric-cli-test/1.3.1
    method: DELETE
    uri: https://api.fabric.microsoft.com/v1/workspaces/adb8fb8e-54a1-4e39-927a-c4d65c660745/items/76c7fba3-61ac-467d-9923-ab6eeeb603e6
  response:
    body:
      string: ''
    headers:
      Access-Control-Expose-Headers:
      - RequestId
      Cache-Control:
      - no-store, must-revalidate, no-cache
      Content-Encoding:
      - gzip
      Content-Length:
      - '0'
      Content-Type:
      - application/octet-stream
      Date:
      - Thu, 05 Feb 2026 07:44:31 GMT
      Pragma:
      - no-cache
      RequestId:
      - 6a619693-3471-45f9-8af9-04dd258ead43
      Strict-Transport-Security:
      - max-age=31536000; includeSubDomains
      X-Content-Type-Options:
      - nosniff
      X-Frame-Options:
      - deny
      home-cluster-uri:
      - https://wabi-us-central-b-primary-redirect.analysis.windows.net/
      request-redirected:
      - 'true'
    status:
      code: 200
      message: OK
- request:
    body: null
    headers:
      Accept:
      - '*/*'
      Accept-Encoding:
      - gzip, deflate
      Connection:
      - keep-alive
      Content-Type:
      - application/json
      User-Agent:
      - ms-fabric-cli-test/1.3.1
    method: GET
    uri: https://api.fabric.microsoft.com/v1/workspaces
  response:
    body:
      string: '{"value": [{"id": "3634a139-2c9e-4205-910b-3b089a31be47", "displayName":
        "My workspace", "description": "", "type": "Personal"}, {"id": "adb8fb8e-54a1-4e39-927a-c4d65c660745",
        "displayName": "fabriccli_WorkspacePerTestclass_000001", "description": "Created
        by fab", "type": "Workspace", "capacityId": "00000000-0000-0000-0000-000000000004"}]}'
    headers:
      Access-Control-Expose-Headers:
      - RequestId
      Cache-Control:
      - no-store, must-revalidate, no-cache
      Content-Encoding:
      - gzip
      Content-Length:
      - '2803'
      Content-Type:
      - application/json; charset=utf-8
      Date:
      - Thu, 05 Feb 2026 07:44:31 GMT
      Pragma:
      - no-cache
      RequestId:
      - 1c51521e-00bd-4c5c-b540-4556b03907e5
      Strict-Transport-Security:
      - max-age=31536000; includeSubDomains
      X-Content-Type-Options:
      - nosniff
      X-Frame-Options:
      - deny
      home-cluster-uri:
      - https://wabi-us-central-b-primary-redirect.analysis.windows.net/
      request-redirected:
      - 'true'
    status:
      code: 200
      message: OK
- request:
    body: null
    headers:
      Accept:
      - '*/*'
      Accept-Encoding:
      - gzip, deflate
      Connection:
      - keep-alive
      Content-Type:
      - application/json
      User-Agent:
      - ms-fabric-cli-test/1.3.1
    method: GET
    uri: https://api.fabric.microsoft.com/v1/workspaces/adb8fb8e-54a1-4e39-927a-c4d65c660745/items
  response:
    body:
      string: '{"value": []}'
    headers:
      Access-Control-Expose-Headers:
      - RequestId
      Cache-Control:
      - no-store, must-revalidate, no-cache
      Content-Encoding:
      - gzip
      Content-Length:
      - '32'
      Content-Type:
      - application/json; charset=utf-8
      Date:
      - Thu, 05 Feb 2026 07:44:33 GMT
      Pragma:
      - no-cache
      RequestId:
      - c40ddb0a-3323-4d66-96dd-db0b0198fe3d
      Strict-Transport-Security:
      - max-age=31536000; includeSubDomains
      X-Content-Type-Options:
      - nosniff
      X-Frame-Options:
      - deny
      home-cluster-uri:
      - https://wabi-us-central-b-primary-redirect.analysis.windows.net/
      request-redirected:
      - 'true'
    status:
      code: 200
      message: OK
- request:
    body: null
    headers:
      Accept:
      - '*/*'
      Accept-Encoding:
      - gzip, deflate
      Connection:
      - keep-alive
      Content-Type:
      - application/json
      User-Agent:
      - ms-fabric-cli-test/1.3.1
    method: GET
    uri: https://api.fabric.microsoft.com/v1/workspaces/adb8fb8e-54a1-4e39-927a-c4d65c660745/items
  response:
    body:
      string: '{"value": []}'
    headers:
      Access-Control-Expose-Headers:
      - RequestId
      Cache-Control:
      - no-store, must-revalidate, no-cache
      Content-Encoding:
      - gzip
      Content-Length:
      - '32'
      Content-Type:
      - application/json; charset=utf-8
      Date:
      - Thu, 05 Feb 2026 07:44:33 GMT
      Pragma:
      - no-cache
      RequestId:
      - 98321444-723a-4505-a845-d9942a113b37
      Strict-Transport-Security:
      - max-age=31536000; includeSubDomains
      X-Content-Type-Options:
      - nosniff
      X-Frame-Options:
      - deny
      home-cluster-uri:
      - https://wabi-us-central-b-primary-redirect.analysis.windows.net/
      request-redirected:
      - 'true'
    status:
      code: 200
      message: OK
version: 1
