interactions:
- request:
    body: null
    headers:
      Accept:
      - '*/*'
      Accept-Encoding:
      - gzip, deflate
      Connection:
      - keep-alive
      Content-Type:
      - application/json
      User-Agent:
      - ms-fabric-cli-test/1.3.1
    method: GET
    uri: https://api.fabric.microsoft.com/v1/workspaces
  response:
    body:
      string: '{"value": [{"id": "a427670c-4914-4767-a838-3c29aa028e24", "displayName":
        "fabriccli_WorkspacePerTestclass_000001", "description": "Created by fab",
        "type": "Workspace", "capacityId": "07b1fd56-9969-4ff5-a2c8-05df5f82759a"}]}'
    headers:
      Access-Control-Expose-Headers:
      - RequestId
      Cache-Control:
      - no-store, must-revalidate, no-cache
      Content-Encoding:
      - gzip
      Content-Length:
      - '6410'
      Content-Type:
      - application/json; charset=utf-8
      Date:
      - Tue, 20 Jan 2026 08:38:20 GMT
      Pragma:
      - no-cache
      RequestId:
      - 8b836b9f-7035-4a9c-8a0d-83da9fc72fa2
      Strict-Transport-Security:
      - max-age=31536000; includeSubDomains
      X-Content-Type-Options:
      - nosniff
      X-Frame-Options:
      - deny
      home-cluster-uri:
      - https://wabi-us-central-b-primary-redirect.analysis.windows.net/
      request-redirected:
      - 'true'
    status:
      code: 200
      message: OK
- request:
    body: null
    headers:
      Accept:
      - '*/*'
      Accept-Encoding:
      - gzip, deflate
      Connection:
      - keep-alive
      Content-Type:
      - application/json
      User-Agent:
      - ms-fabric-cli-test/1.3.1
    method: GET
    uri: https://api.fabric.microsoft.com/v1/workspaces/a427670c-4914-4767-a838-3c29aa028e24/items
  response:
    body:
      string: '{"value": []}'
    headers:
      Access-Control-Expose-Headers:
      - RequestId
      Cache-Control:
      - no-store, must-revalidate, no-cache
      Content-Encoding:
      - gzip
      Content-Length:
      - '32'
      Content-Type:
      - application/json; charset=utf-8
      Date:
      - Tue, 20 Jan 2026 08:38:21 GMT
      Pragma:
      - no-cache
      RequestId:
      - 72796b18-d43a-4c70-9aaf-58bf42c6a2d4
      Strict-Transport-Security:
      - max-age=31536000; includeSubDomains
      X-Content-Type-Options:
      - nosniff
      X-Frame-Options:
      - deny
      home-cluster-uri:
      - https://wabi-us-central-b-primary-redirect.analysis.windows.net/
      request-redirected:
      - 'true'
    status:
      code: 200
      message: OK
- request:
    body: null
    headers:
      Accept:
      - '*/*'
      Accept-Encoding:
      - gzip, deflate
      Connection:
      - keep-alive
      Content-Type:
      - application/json
      User-Agent:
      - ms-fabric-cli-test/1.3.1
    method: GET
    uri: https://api.fabric.microsoft.com/v1/workspaces/a427670c-4914-4767-a838-3c29aa028e24/items
  response:
    body:
      string: '{"value": []}'
    headers:
      Access-Control-Expose-Headers:
      - RequestId
      Cache-Control:
      - no-store, must-revalidate, no-cache
      Content-Encoding:
      - gzip
      Content-Length:
      - '32'
      Content-Type:
      - application/json; charset=utf-8
      Date:
      - Tue, 20 Jan 2026 08:38:22 GMT
      Pragma:
      - no-cache
      RequestId:
      - 2549d1f9-7aff-4888-aa8a-1a37eab9b05e
      Strict-Transport-Security:
      - max-age=31536000; includeSubDomains
      X-Content-Type-Options:
      - nosniff
      X-Frame-Options:
      - deny
      home-cluster-uri:
      - https://wabi-us-central-b-primary-redirect.analysis.windows.net/
      request-redirected:
      - 'true'
    status:
      code: 200
      message: OK
- request:
    body: '{"description": "Created by fab", "displayName": "fabcli000001", "type":
      "Lakehouse", "folderId": null}'
    headers:
      Accept:
      - '*/*'
      Accept-Encoding:
      - gzip, deflate
      Connection:
      - keep-alive
      Content-Length:
      - '107'
      Content-Type:
      - application/json
      User-Agent:
      - ms-fabric-cli-test/1.3.1
    method: POST
    uri: https://api.fabric.microsoft.com/v1/workspaces/a427670c-4914-4767-a838-3c29aa028e24/lakehouses
  response:
    body:
      string: '{"id": "e5e8e0d6-8493-4d46-afa6-076297a3579a", "type": "Lakehouse",
        "displayName": "fabcli000001", "description": "Created by fab", "workspaceId":
        "a427670c-4914-4767-a838-3c29aa028e24"}'
    headers:
      Access-Control-Expose-Headers:
      - RequestId,ETag
      Cache-Control:
      - no-store, must-revalidate, no-cache
      Content-Encoding:
      - gzip
      Content-Length:
      - '167'
      Content-Type:
      - application/json; charset=utf-8
      Date:
      - Tue, 20 Jan 2026 08:38:26 GMT
      ETag:
      - '""'
      Pragma:
      - no-cache
      RequestId:
      - c34ea949-72e2-41a2-8fd1-eee1b6456455
      Strict-Transport-Security:
      - max-age=31536000; includeSubDomains
      X-Content-Type-Options:
      - nosniff
      X-Frame-Options:
      - deny
      home-cluster-uri:
      - https://wabi-us-central-b-primary-redirect.analysis.windows.net/
      request-redirected:
      - 'true'
    status:
      code: 201
      message: Created
- request:
    body: null
    headers:
      Accept:
      - '*/*'
      Accept-Encoding:
      - gzip, deflate
      Connection:
      - keep-alive
      Content-Type:
      - application/json
      User-Agent:
      - ms-fabric-cli-test/1.3.1
    method: GET
    uri: https://api.fabric.microsoft.com/v1/capacities
  response:
    body:
      string: '{"value": []}'
    headers:
      Access-Control-Expose-Headers:
      - RequestId
      Cache-Control:
      - no-store, must-revalidate, no-cache
      Content-Encoding:
      - gzip
      Content-Length:
      - '272'
      Content-Type:
      - application/json; charset=utf-8
      Date:
      - Tue, 20 Jan 2026 08:38:32 GMT
      Pragma:
      - no-cache
      RequestId:
      - d8238788-1e87-4579-b027-583190db8057
      Strict-Transport-Security:
      - max-age=31536000; includeSubDomains
      X-Content-Type-Options:
      - nosniff
      X-Frame-Options:
      - deny
      home-cluster-uri:
      - https://wabi-us-central-b-primary-redirect.analysis.windows.net/
      request-redirected:
      - 'true'
    status:
      code: 200
      message: OK
- request:
    body: null
    headers:
      Accept:
      - '*/*'
      Accept-Encoding:
      - gzip, deflate
      Connection:
      - keep-alive
      Content-Type:
      - application/json
      User-Agent:
      - ms-fabric-cli-test/1.3.1
    method: GET
    uri: https://api.fabric.microsoft.com/v1/workspaces
  response:
    body:
      string: '{"value": [{"id": "a427670c-4914-4767-a838-3c29aa028e24", "displayName":
        "fabriccli_WorkspacePerTestclass_000001", "description": "Created by fab",
        "type": "Workspace", "capacityId": "07b1fd56-9969-4ff5-a2c8-05df5f82759a"}]}'
    headers:
      Access-Control-Expose-Headers:
      - RequestId
      Cache-Control:
      - no-store, must-revalidate, no-cache
      Content-Encoding:
      - gzip
      Content-Length:
      - '6410'
      Content-Type:
      - application/json; charset=utf-8
      Date:
      - Tue, 20 Jan 2026 08:38:33 GMT
      Pragma:
      - no-cache
      RequestId:
      - 9eb4ff21-6d5e-49ee-a13c-129f1990615d
      Strict-Transport-Security:
      - max-age=31536000; includeSubDomains
      X-Content-Type-Options:
      - nosniff
      X-Frame-Options:
      - deny
      home-cluster-uri:
      - https://wabi-us-central-b-primary-redirect.analysis.windows.net/
      request-redirected:
      - 'true'
    status:
      code: 200
      message: OK
- request:
    body: null
    headers:
      Accept:
      - '*/*'
      Accept-Encoding:
      - gzip, deflate
      Connection:
      - keep-alive
      Content-Type:
      - application/json
      User-Agent:
      - ms-fabric-cli-test/1.3.1
    method: GET
    uri: https://api.fabric.microsoft.com/v1/workspaces/a427670c-4914-4767-a838-3c29aa028e24/items
  response:
    body:
      string: '{"value": [{"id": "e5e8e0d6-8493-4d46-afa6-076297a3579a", "type": "Lakehouse",
        "displayName": "fabcli000001", "description": "Created by fab", "workspaceId":
        "a427670c-4914-4767-a838-3c29aa028e24"}]}'
    headers:
      Access-Control-Expose-Headers:
      - RequestId
      Cache-Control:
      - no-store, must-revalidate, no-cache
      Content-Encoding:
      - gzip
      Content-Length:
      - '179'
      Content-Type:
      - application/json; charset=utf-8
      Date:
      - Tue, 20 Jan 2026 08:38:34 GMT
      Pragma:
      - no-cache
      RequestId:
      - f963ef78-6e38-48c5-a71a-097d20630765
      Strict-Transport-Security:
      - max-age=31536000; includeSubDomains
      X-Content-Type-Options:
      - nosniff
      X-Frame-Options:
      - deny
      home-cluster-uri:
      - https://wabi-us-central-b-primary-redirect.analysis.windows.net/
      request-redirected:
      - 'true'
    status:
      code: 200
      message: OK
- request:
    body: null
    headers:
      Accept:
      - '*/*'
      Accept-Encoding:
      - gzip, deflate
      Connection:
      - keep-alive
      Content-Type:
      - application/json
      User-Agent:
      - ms-fabric-cli-test/1.3.1
    method: GET
    uri: https://api.fabric.microsoft.com/v1/workspaces
  response:
    body:
      string: '{"value": [{"id": "a427670c-4914-4767-a838-3c29aa028e24", "displayName":
        "fabriccli_WorkspacePerTestclass_000001", "description": "Created by fab",
        "type": "Workspace", "capacityId": "07b1fd56-9969-4ff5-a2c8-05df5f82759a"}]}'
    headers:
      Access-Control-Expose-Headers:
      - RequestId
      Cache-Control:
      - no-store, must-revalidate, no-cache
      Content-Encoding:
      - gzip
      Content-Length:
      - '6410'
      Content-Type:
      - application/json; charset=utf-8
      Date:
      - Tue, 20 Jan 2026 08:38:35 GMT
      Pragma:
      - no-cache
      RequestId:
      - d0a502e9-1d82-4a91-93a8-b39d6f516dc1
      Strict-Transport-Security:
      - max-age=31536000; includeSubDomains
      X-Content-Type-Options:
      - nosniff
      X-Frame-Options:
      - deny
      home-cluster-uri:
      - https://wabi-us-central-b-primary-redirect.analysis.windows.net/
      request-redirected:
      - 'true'
    status:
      code: 200
      message: OK
- request:
    body: null
    headers:
      Accept:
      - '*/*'
      Accept-Encoding:
      - gzip, deflate
      Connection:
      - keep-alive
      Content-Type:
      - application/json
      User-Agent:
      - ms-fabric-cli-test/1.3.1
    method: GET
    uri: https://api.fabric.microsoft.com/v1/workspaces/a427670c-4914-4767-a838-3c29aa028e24/items
  response:
    body:
      string: '{"value": [{"id": "e5e8e0d6-8493-4d46-afa6-076297a3579a", "type": "Lakehouse",
        "displayName": "fabcli000001", "description": "Created by fab", "workspaceId":
        "a427670c-4914-4767-a838-3c29aa028e24"}]}'
    headers:
      Access-Control-Expose-Headers:
      - RequestId
      Cache-Control:
      - no-store, must-revalidate, no-cache
      Content-Encoding:
      - gzip
      Content-Length:
      - '179'
      Content-Type:
      - application/json; charset=utf-8
      Date:
      - Tue, 20 Jan 2026 08:38:36 GMT
      Pragma:
      - no-cache
      RequestId:
      - 199cf276-7517-4ae4-9037-24c0c94ffe28
      Strict-Transport-Security:
      - max-age=31536000; includeSubDomains
      X-Content-Type-Options:
      - nosniff
      X-Frame-Options:
      - deny
      home-cluster-uri:
      - https://wabi-us-central-b-primary-redirect.analysis.windows.net/
      request-redirected:
      - 'true'
    status:
      code: 200
      message: OK
- request:
    body: null
    headers:
      Accept:
      - '*/*'
      Accept-Encoding:
      - gzip, deflate
      Connection:
      - keep-alive
      Content-Length:
      - '0'
      Content-Type:
      - application/json
      User-Agent:
      - ms-fabric-cli-test/1.3.1
    method: DELETE
    uri: https://api.fabric.microsoft.com/v1/workspaces/a427670c-4914-4767-a838-3c29aa028e24/items/e5e8e0d6-8493-4d46-afa6-076297a3579a
  response:
    body:
      string: ''
    headers:
      Access-Control-Expose-Headers:
      - RequestId
      Cache-Control:
      - no-store, must-revalidate, no-cache
      Content-Encoding:
      - gzip
      Content-Length:
      - '0'
      Content-Type:
      - application/octet-stream
      Date:
      - Tue, 20 Jan 2026 08:38:36 GMT
      Pragma:
      - no-cache
      RequestId:
      - 04c40bf0-26ea-41cb-872b-22bb5b577f44
      Strict-Transport-Security:
      - max-age=31536000; includeSubDomains
      X-Content-Type-Options:
      - nosniff
      X-Frame-Options:
      - deny
      home-cluster-uri:
      - https://wabi-us-central-b-primary-redirect.analysis.windows.net/
      request-redirected:
      - 'true'
    status:
      code: 200
      message: OK
version: 1
