interactions:
- request:
    body: null
    headers:
      Accept:
      - '*/*'
      Accept-Encoding:
      - gzip, deflate
      Connection:
      - keep-alive
      Content-Type:
      - application/json
      User-Agent:
      - ms-fabric-cli-test/1.3.1
    method: GET
    uri: https://api.fabric.microsoft.com/v1/workspaces
  response:
    body:
      string: '{"value": [{"id": "7e3650b4-b63b-41fb-bc4d-4a5ef5344ca1", "displayName":
        "fabriccli_WorkspacePerTestclass_000001", "description": "Created by fab",
        "type": "Workspace", "capacityId": "07b1fd56-9969-4ff5-a2c8-05df5f82759a"}]}'
    headers:
      Access-Control-Expose-Headers:
      - RequestId
      Cache-Control:
      - no-store, must-revalidate, no-cache
      Content-Encoding:
      - gzip
      Content-Length:
      - '6347'
      Content-Type:
      - application/json; charset=utf-8
      Date:
      - Tue, 20 Jan 2026 06:53:39 GMT
      Pragma:
      - no-cache
      RequestId:
      - d137acb2-b6fb-4664-a12d-ded776ca7371
      Strict-Transport-Security:
      - max-age=31536000; includeSubDomains
      X-Content-Type-Options:
      - nosniff
      X-Frame-Options:
      - deny
      home-cluster-uri:
      - https://wabi-us-central-b-primary-redirect.analysis.windows.net/
      request-redirected:
      - 'true'
    status:
      code: 200
      message: OK
- request:
    body: null
    headers:
      Accept:
      - '*/*'
      Accept-Encoding:
      - gzip, deflate
      Connection:
      - keep-alive
      Content-Type:
      - application/json
      User-Agent:
      - ms-fabric-cli-test/1.3.1
    method: GET
    uri: https://api.fabric.microsoft.com/v1/workspaces
  response:
    body:
      string: '{"value": [{"id": "7e3650b4-b63b-41fb-bc4d-4a5ef5344ca1", "displayName":
        "fabriccli_WorkspacePerTestclass_000001", "description": "Created by fab",
        "type": "Workspace", "capacityId": "07b1fd56-9969-4ff5-a2c8-05df5f82759a"}]}'
    headers:
      Access-Control-Expose-Headers:
      - RequestId
      Cache-Control:
      - no-store, must-revalidate, no-cache
      Content-Encoding:
      - gzip
      Content-Length:
      - '6347'
      Content-Type:
      - application/json; charset=utf-8
      Date:
      - Tue, 20 Jan 2026 06:53:40 GMT
      Pragma:
      - no-cache
      RequestId:
      - 2ec5474d-2509-4b62-84e4-f1df8141f1a3
      Strict-Transport-Security:
      - max-age=31536000; includeSubDomains
      X-Content-Type-Options:
      - nosniff
      X-Frame-Options:
      - deny
      home-cluster-uri:
      - https://wabi-us-central-b-primary-redirect.analysis.windows.net/
      request-redirected:
      - 'true'
    status:
      code: 200
      message: OK
- request:
    body: null
    headers:
      Accept:
      - '*/*'
      Accept-Encoding:
      - gzip, deflate
      Connection:
      - keep-alive
      Content-Type:
      - application/json
      User-Agent:
      - ms-fabric-cli-test/1.3.1
    method: GET
    uri: https://api.fabric.microsoft.com/v1/capacities
  response:
    body:
      string: '{"value": []}'
    headers:
      Access-Control-Expose-Headers:
      - RequestId
      Cache-Control:
      - no-store, must-revalidate, no-cache
      Content-Encoding:
      - gzip
      Content-Length:
      - '272'
      Content-Type:
      - application/json; charset=utf-8
      Date:
      - Tue, 20 Jan 2026 06:53:46 GMT
      Pragma:
      - no-cache
      RequestId:
      - 06287779-ede9-4699-a60f-803cca4759d9
      Strict-Transport-Security:
      - max-age=31536000; includeSubDomains
      X-Content-Type-Options:
      - nosniff
      X-Frame-Options:
      - deny
      home-cluster-uri:
      - https://wabi-us-central-b-primary-redirect.analysis.windows.net/
      request-redirected:
      - 'true'
    status:
      code: 200
      message: OK
- request:
    body: '{"description": "Created by fab", "displayName": "fabcli000001", "capacityId":
      "07b1fd56-9969-4ff5-a2c8-05df5f82759a"}'
    headers:
      Accept:
      - '*/*'
      Accept-Encoding:
      - gzip, deflate
      Connection:
      - keep-alive
      Content-Length:
      - '122'
      Content-Type:
      - application/json
      User-Agent:
      - ms-fabric-cli-test/1.3.1
    method: POST
    uri: https://api.fabric.microsoft.com/v1/workspaces
  response:
    body:
      string: '{"id": "804433e4-a116-43c0-97d7-f4c41b2a8ab9", "displayName": "fabcli000001",
        "description": "Created by fab", "type": "Workspace", "capacityId": "07b1fd56-9969-4ff5-a2c8-05df5f82759a"}'
    headers:
      Access-Control-Expose-Headers:
      - RequestId,Location
      Cache-Control:
      - no-store, must-revalidate, no-cache
      Content-Encoding:
      - gzip
      Content-Length:
      - '167'
      Content-Type:
      - application/json; charset=utf-8
      Date:
      - Tue, 20 Jan 2026 06:53:54 GMT
      Location:
      - https://api.fabric.microsoft.com/v1/workspaces/804433e4-a116-43c0-97d7-f4c41b2a8ab9
      Pragma:
      - no-cache
      RequestId:
      - 338dbe46-1627-488e-91fc-09741b219931
      Strict-Transport-Security:
      - max-age=31536000; includeSubDomains
      X-Content-Type-Options:
      - nosniff
      X-Frame-Options:
      - deny
      home-cluster-uri:
      - https://wabi-us-central-b-primary-redirect.analysis.windows.net/
      request-redirected:
      - 'true'
    status:
      code: 201
      message: Created
- request:
    body: null
    headers:
      Accept:
      - '*/*'
      Accept-Encoding:
      - gzip, deflate
      Connection:
      - keep-alive
      Content-Type:
      - application/json
      User-Agent:
      - ms-fabric-cli-test/1.3.1
    method: GET
    uri: https://api.fabric.microsoft.com/v1/workspaces
  response:
    body:
      string: '{"value": [{"id": "7e3650b4-b63b-41fb-bc4d-4a5ef5344ca1", "displayName":
        "fabriccli_WorkspacePerTestclass_000001", "description": "Created by fab",
        "type": "Workspace", "capacityId": "07b1fd56-9969-4ff5-a2c8-05df5f82759a"},
        {"id": "804433e4-a116-43c0-97d7-f4c41b2a8ab9", "displayName": "fabcli000001",
        "description": "Created by fab", "type": "Workspace", "capacityId": "07b1fd56-9969-4ff5-a2c8-05df5f82759a"}]}'
    headers:
      Access-Control-Expose-Headers:
      - RequestId
      Cache-Control:
      - no-store, must-revalidate, no-cache
      Content-Encoding:
      - gzip
      Content-Length:
      - '6384'
      Content-Type:
      - application/json; charset=utf-8
      Date:
      - Tue, 20 Jan 2026 06:53:55 GMT
      Pragma:
      - no-cache
      RequestId:
      - 600c330c-927e-41b2-afcc-04208597474e
      Strict-Transport-Security:
      - max-age=31536000; includeSubDomains
      X-Content-Type-Options:
      - nosniff
      X-Frame-Options:
      - deny
      home-cluster-uri:
      - https://wabi-us-central-b-primary-redirect.analysis.windows.net/
      request-redirected:
      - 'true'
    status:
      code: 200
      message: OK
- request:
    body: null
    headers:
      Accept:
      - '*/*'
      Accept-Encoding:
      - gzip, deflate
      Connection:
      - keep-alive
      Content-Type:
      - application/json
      User-Agent:
      - ms-fabric-cli-test/1.3.1
    method: GET
    uri: https://api.fabric.microsoft.com/v1/workspaces
  response:
    body:
      string: '{"value": [{"id": "7e3650b4-b63b-41fb-bc4d-4a5ef5344ca1", "displayName":
        "fabriccli_WorkspacePerTestclass_000001", "description": "Created by fab",
        "type": "Workspace", "capacityId": "07b1fd56-9969-4ff5-a2c8-05df5f82759a"},
        {"id": "804433e4-a116-43c0-97d7-f4c41b2a8ab9", "displayName": "fabcli000001",
        "description": "Created by fab", "type": "Workspace", "capacityId": "07b1fd56-9969-4ff5-a2c8-05df5f82759a"}]}'
    headers:
      Access-Control-Expose-Headers:
      - RequestId
      Cache-Control:
      - no-store, must-revalidate, no-cache
      Content-Encoding:
      - gzip
      Content-Length:
      - '6384'
      Content-Type:
      - application/json; charset=utf-8
      Date:
      - Tue, 20 Jan 2026 06:53:56 GMT
      Pragma:
      - no-cache
      RequestId:
      - bc7b0b2a-9271-4905-a561-0f7c8ed2f917
      Strict-Transport-Security:
      - max-age=31536000; includeSubDomains
      X-Content-Type-Options:
      - nosniff
      X-Frame-Options:
      - deny
      home-cluster-uri:
      - https://wabi-us-central-b-primary-redirect.analysis.windows.net/
      request-redirected:
      - 'true'
    status:
      code: 200
      message: OK
- request:
    body: null
    headers:
      Accept:
      - '*/*'
      Accept-Encoding:
      - gzip, deflate
      Connection:
      - keep-alive
      Content-Type:
      - application/json
      User-Agent:
      - ms-fabric-cli-test/1.3.1
    method: GET
    uri: https://api.fabric.microsoft.com/v1/capacities
  response:
    body:
      string: '{"value": []}'
    headers:
      Access-Control-Expose-Headers:
      - RequestId
      Cache-Control:
      - no-store, must-revalidate, no-cache
      Content-Encoding:
      - gzip
      Content-Length:
      - '272'
      Content-Type:
      - application/json; charset=utf-8
      Date:
      - Tue, 20 Jan 2026 06:54:00 GMT
      Pragma:
      - no-cache
      RequestId:
      - 7195a253-ef46-4ce5-a916-bd614bdfad54
      Strict-Transport-Security:
      - max-age=31536000; includeSubDomains
      X-Content-Type-Options:
      - nosniff
      X-Frame-Options:
      - deny
      home-cluster-uri:
      - https://wabi-us-central-b-primary-redirect.analysis.windows.net/
      request-redirected:
      - 'true'
    status:
      code: 200
      message: OK
- request:
    body: '{"description": "Created by fab", "displayName": "fabcli000002", "capacityId":
      "07b1fd56-9969-4ff5-a2c8-05df5f82759a"}'
    headers:
      Accept:
      - '*/*'
      Accept-Encoding:
      - gzip, deflate
      Connection:
      - keep-alive
      Content-Length:
      - '122'
      Content-Type:
      - application/json
      User-Agent:
      - ms-fabric-cli-test/1.3.1
    method: POST
    uri: https://api.fabric.microsoft.com/v1/workspaces
  response:
    body:
      string: '{"id": "977fb990-198b-4063-80b5-44cce0e14673", "displayName": "fabcli000002",
        "description": "Created by fab", "type": "Workspace", "capacityId": "07b1fd56-9969-4ff5-a2c8-05df5f82759a"}'
    headers:
      Access-Control-Expose-Headers:
      - RequestId,Location
      Cache-Control:
      - no-store, must-revalidate, no-cache
      Content-Encoding:
      - gzip
      Content-Length:
      - '167'
      Content-Type:
      - application/json; charset=utf-8
      Date:
      - Tue, 20 Jan 2026 06:54:08 GMT
      Location:
      - https://api.fabric.microsoft.com/v1/workspaces/977fb990-198b-4063-80b5-44cce0e14673
      Pragma:
      - no-cache
      RequestId:
      - 109e7b8d-3529-4a43-80ed-4c105ddc8453
      Strict-Transport-Security:
      - max-age=31536000; includeSubDomains
      X-Content-Type-Options:
      - nosniff
      X-Frame-Options:
      - deny
      home-cluster-uri:
      - https://wabi-us-central-b-primary-redirect.analysis.windows.net/
      request-redirected:
      - 'true'
    status:
      code: 201
      message: Created
- request:
    body: null
    headers:
      Accept:
      - '*/*'
      Accept-Encoding:
      - gzip, deflate
      Connection:
      - keep-alive
      Content-Type:
      - application/json
      User-Agent:
      - ms-fabric-cli-test/1.3.1
    method: GET
    uri: https://api.fabric.microsoft.com/v1/workspaces
  response:
    body:
      string: '{"value": [{"id": "7e3650b4-b63b-41fb-bc4d-4a5ef5344ca1", "displayName":
        "fabriccli_WorkspacePerTestclass_000001", "description": "Created by fab",
        "type": "Workspace", "capacityId": "07b1fd56-9969-4ff5-a2c8-05df5f82759a"},
        {"id": "804433e4-a116-43c0-97d7-f4c41b2a8ab9", "displayName": "fabcli000001",
        "description": "Created by fab", "type": "Workspace", "capacityId": "07b1fd56-9969-4ff5-a2c8-05df5f82759a"},
        {"id": "977fb990-198b-4063-80b5-44cce0e14673", "displayName": "fabcli000002",
        "description": "Created by fab", "type": "Workspace", "capacityId": "07b1fd56-9969-4ff5-a2c8-05df5f82759a"}]}'
    headers:
      Access-Control-Expose-Headers:
      - RequestId
      Cache-Control:
      - no-store, must-revalidate, no-cache
      Content-Encoding:
      - gzip
      Content-Length:
      - '6419'
      Content-Type:
      - application/json; charset=utf-8
      Date:
      - Tue, 20 Jan 2026 06:54:09 GMT
      Pragma:
      - no-cache
      RequestId:
      - 40176214-28bf-459f-bbaa-dd81d9122327
      Strict-Transport-Security:
      - max-age=31536000; includeSubDomains
      X-Content-Type-Options:
      - nosniff
      X-Frame-Options:
      - deny
      home-cluster-uri:
      - https://wabi-us-central-b-primary-redirect.analysis.windows.net/
      request-redirected:
      - 'true'
    status:
      code: 200
      message: OK
- request:
    body: null
    headers:
      Accept:
      - '*/*'
      Accept-Encoding:
      - gzip, deflate
      Connection:
      - keep-alive
      Content-Type:
      - application/json
      User-Agent:
      - ms-fabric-cli-test/1.3.1
    method: GET
    uri: https://api.fabric.microsoft.com/v1/workspaces/804433e4-a116-43c0-97d7-f4c41b2a8ab9/items
  response:
    body:
      string: '{"value": []}'
    headers:
      Access-Control-Expose-Headers:
      - RequestId
      Cache-Control:
      - no-store, must-revalidate, no-cache
      Content-Encoding:
      - gzip
      Content-Length:
      - '32'
      Content-Type:
      - application/json; charset=utf-8
      Date:
      - Tue, 20 Jan 2026 06:54:10 GMT
      Pragma:
      - no-cache
      RequestId:
      - ba434964-8df8-46c8-b330-72dd98cf24fe
      Strict-Transport-Security:
      - max-age=31536000; includeSubDomains
      X-Content-Type-Options:
      - nosniff
      X-Frame-Options:
      - deny
      home-cluster-uri:
      - https://wabi-us-central-b-primary-redirect.analysis.windows.net/
      request-redirected:
      - 'true'
    status:
      code: 200
      message: OK
- request:
    body: null
    headers:
      Accept:
      - '*/*'
      Accept-Encoding:
      - gzip, deflate
      Connection:
      - keep-alive
      Content-Type:
      - application/json
      User-Agent:
      - ms-fabric-cli-test/1.3.1
    method: GET
    uri: https://api.fabric.microsoft.com/v1/workspaces/804433e4-a116-43c0-97d7-f4c41b2a8ab9/items
  response:
    body:
      string: '{"value": []}'
    headers:
      Access-Control-Expose-Headers:
      - RequestId
      Cache-Control:
      - no-store, must-revalidate, no-cache
      Content-Encoding:
      - gzip
      Content-Length:
      - '32'
      Content-Type:
      - application/json; charset=utf-8
      Date:
      - Tue, 20 Jan 2026 06:54:11 GMT
      Pragma:
      - no-cache
      RequestId:
      - 80af1a8b-b3a9-4773-8e97-d7fc51183981
      Strict-Transport-Security:
      - max-age=31536000; includeSubDomains
      X-Content-Type-Options:
      - nosniff
      X-Frame-Options:
      - deny
      home-cluster-uri:
      - https://wabi-us-central-b-primary-redirect.analysis.windows.net/
      request-redirected:
      - 'true'
    status:
      code: 200
      message: OK
- request:
    body: '{"description": "Created by fab", "displayName": "fabcli000003", "type":
      "Eventhouse", "folderId": null}'
    headers:
      Accept:
      - '*/*'
      Accept-Encoding:
      - gzip, deflate
      Connection:
      - keep-alive
      Content-Length:
      - '108'
      Content-Type:
      - application/json
      User-Agent:
      - ms-fabric-cli-test/1.3.1
    method: POST
    uri: https://api.fabric.microsoft.com/v1/workspaces/804433e4-a116-43c0-97d7-f4c41b2a8ab9/eventhouses
  response:
    body:
      string: '{"id": "51256e51-fd76-4e1c-8e7e-8172ddef6f76", "type": "Eventhouse",
        "displayName": "fabcli000003", "description": "Created by fab", "workspaceId":
        "804433e4-a116-43c0-97d7-f4c41b2a8ab9"}'
    headers:
      Access-Control-Expose-Headers:
      - RequestId,ETag
      Cache-Control:
      - no-store, must-revalidate, no-cache
      Content-Encoding:
      - gzip
      Content-Length:
      - '169'
      Content-Type:
      - application/json; charset=utf-8
      Date:
      - Tue, 20 Jan 2026 06:54:14 GMT
      ETag:
      - '""'
      Pragma:
      - no-cache
      RequestId:
      - dfb25e85-56ee-48d5-b459-7de9fbbe25a1
      Strict-Transport-Security:
      - max-age=31536000; includeSubDomains
      X-Content-Type-Options:
      - nosniff
      X-Frame-Options:
      - deny
      home-cluster-uri:
      - https://wabi-us-central-b-primary-redirect.analysis.windows.net/
      request-redirected:
      - 'true'
    status:
      code: 201
      message: Created
- request:
    body: null
    headers:
      Accept:
      - '*/*'
      Accept-Encoding:
      - gzip, deflate
      Connection:
      - keep-alive
      Content-Type:
      - application/json
      User-Agent:
      - ms-fabric-cli-test/1.3.1
    method: GET
    uri: https://api.fabric.microsoft.com/v1/workspaces
  response:
    body:
      string: '{"value": [{"id": "7e3650b4-b63b-41fb-bc4d-4a5ef5344ca1", "displayName":
        "fabriccli_WorkspacePerTestclass_000001", "description": "Created by fab",
        "type": "Workspace", "capacityId": "07b1fd56-9969-4ff5-a2c8-05df5f82759a"},
        {"id": "804433e4-a116-43c0-97d7-f4c41b2a8ab9", "displayName": "fabcli000001",
        "description": "Created by fab", "type": "Workspace", "capacityId": "07b1fd56-9969-4ff5-a2c8-05df5f82759a"},
        {"id": "977fb990-198b-4063-80b5-44cce0e14673", "displayName": "fabcli000002",
        "description": "Created by fab", "type": "Workspace", "capacityId": "07b1fd56-9969-4ff5-a2c8-05df5f82759a"}]}'
    headers:
      Access-Control-Expose-Headers:
      - RequestId
      Cache-Control:
      - no-store, must-revalidate, no-cache
      Content-Encoding:
      - gzip
      Content-Length:
      - '6419'
      Content-Type:
      - application/json; charset=utf-8
      Date:
      - Tue, 20 Jan 2026 06:54:15 GMT
      Pragma:
      - no-cache
      RequestId:
      - 5e02c036-1213-45f6-85b9-e09f1ea10fd4
      Strict-Transport-Security:
      - max-age=31536000; includeSubDomains
      X-Content-Type-Options:
      - nosniff
      X-Frame-Options:
      - deny
      home-cluster-uri:
      - https://wabi-us-central-b-primary-redirect.analysis.windows.net/
      request-redirected:
      - 'true'
    status:
      code: 200
      message: OK
- request:
    body: null
    headers:
      Accept:
      - '*/*'
      Accept-Encoding:
      - gzip, deflate
      Connection:
      - keep-alive
      Content-Type:
      - application/json
      User-Agent:
      - ms-fabric-cli-test/1.3.1
    method: GET
    uri: https://api.fabric.microsoft.com/v1/workspaces/804433e4-a116-43c0-97d7-f4c41b2a8ab9/items
  response:
    body:
      string: '{"value": [{"id": "51256e51-fd76-4e1c-8e7e-8172ddef6f76", "type": "Eventhouse",
        "displayName": "fabcli000003", "description": "Created by fab", "workspaceId":
        "804433e4-a116-43c0-97d7-f4c41b2a8ab9"}, {"id": "93fe69a6-d006-4643-a316-03ce7eb322a5",
        "type": "KQLDatabase", "displayName": "fabcli000003", "description": "fabcli000003",
        "workspaceId": "804433e4-a116-43c0-97d7-f4c41b2a8ab9"}]}'
    headers:
      Access-Control-Expose-Headers:
      - RequestId
      Cache-Control:
      - no-store, must-revalidate, no-cache
      Content-Encoding:
      - gzip
      Content-Length:
      - '228'
      Content-Type:
      - application/json; charset=utf-8
      Date:
      - Tue, 20 Jan 2026 06:54:15 GMT
      Pragma:
      - no-cache
      RequestId:
      - c3871aa3-9c3e-4a70-8dbb-38bf3971b971
      Strict-Transport-Security:
      - max-age=31536000; includeSubDomains
      X-Content-Type-Options:
      - nosniff
      X-Frame-Options:
      - deny
      home-cluster-uri:
      - https://wabi-us-central-b-primary-redirect.analysis.windows.net/
      request-redirected:
      - 'true'
    status:
      code: 200
      message: OK
- request:
    body: null
    headers:
      Accept:
      - '*/*'
      Accept-Encoding:
      - gzip, deflate
      Connection:
      - keep-alive
      Content-Type:
      - application/json
      User-Agent:
      - ms-fabric-cli-test/1.3.1
    method: GET
    uri: https://api.fabric.microsoft.com/v1/workspaces
  response:
    body:
      string: '{"value": [{"id": "7e3650b4-b63b-41fb-bc4d-4a5ef5344ca1", "displayName":
        "fabriccli_WorkspacePerTestclass_000001", "description": "Created by fab",
        "type": "Workspace", "capacityId": "07b1fd56-9969-4ff5-a2c8-05df5f82759a"},
        {"id": "804433e4-a116-43c0-97d7-f4c41b2a8ab9", "displayName": "fabcli000001",
        "description": "Created by fab", "type": "Workspace", "capacityId": "07b1fd56-9969-4ff5-a2c8-05df5f82759a"},
        {"id": "977fb990-198b-4063-80b5-44cce0e14673", "displayName": "fabcli000002",
        "description": "Created by fab", "type": "Workspace", "capacityId": "07b1fd56-9969-4ff5-a2c8-05df5f82759a"}]}'
    headers:
      Access-Control-Expose-Headers:
      - RequestId
      Cache-Control:
      - no-store, must-revalidate, no-cache
      Content-Encoding:
      - gzip
      Content-Length:
      - '6419'
      Content-Type:
      - application/json; charset=utf-8
      Date:
      - Tue, 20 Jan 2026 06:54:17 GMT
      Pragma:
      - no-cache
      RequestId:
      - 7b389b4f-1a16-4c64-a0b9-3600e2385305
      Strict-Transport-Security:
      - max-age=31536000; includeSubDomains
      X-Content-Type-Options:
      - nosniff
      X-Frame-Options:
      - deny
      home-cluster-uri:
      - https://wabi-us-central-b-primary-redirect.analysis.windows.net/
      request-redirected:
      - 'true'
    status:
      code: 200
      message: OK
- request:
    body: null
    headers:
      Accept:
      - '*/*'
      Accept-Encoding:
      - gzip, deflate
      Connection:
      - keep-alive
      Content-Type:
      - application/json
      User-Agent:
      - ms-fabric-cli-test/1.3.1
    method: GET
    uri: https://api.fabric.microsoft.com/v1/workspaces/977fb990-198b-4063-80b5-44cce0e14673/items
  response:
    body:
      string: '{"value": []}'
    headers:
      Access-Control-Expose-Headers:
      - RequestId
      Cache-Control:
      - no-store, must-revalidate, no-cache
      Content-Encoding:
      - gzip
      Content-Length:
      - '32'
      Content-Type:
      - application/json; charset=utf-8
      Date:
      - Tue, 20 Jan 2026 06:54:18 GMT
      Pragma:
      - no-cache
      RequestId:
      - 6e5796e7-4cb9-45e8-a202-f5ed9f3920f8
      Strict-Transport-Security:
      - max-age=31536000; includeSubDomains
      X-Content-Type-Options:
      - nosniff
      X-Frame-Options:
      - deny
      home-cluster-uri:
      - https://wabi-us-central-b-primary-redirect.analysis.windows.net/
      request-redirected:
      - 'true'
    status:
      code: 200
      message: OK
- request:
    body: null
    headers:
      Accept:
      - '*/*'
      Accept-Encoding:
      - gzip, deflate
      Connection:
      - keep-alive
      Content-Type:
      - application/json
      User-Agent:
      - ms-fabric-cli-test/1.3.1
    method: GET
    uri: https://api.fabric.microsoft.com/v1/workspaces/977fb990-198b-4063-80b5-44cce0e14673/items
  response:
    body:
      string: '{"value": []}'
    headers:
      Access-Control-Expose-Headers:
      - RequestId
      Cache-Control:
      - no-store, must-revalidate, no-cache
      Content-Encoding:
      - gzip
      Content-Length:
      - '32'
      Content-Type:
      - application/json; charset=utf-8
      Date:
      - Tue, 20 Jan 2026 06:54:19 GMT
      Pragma:
      - no-cache
      RequestId:
      - 24d0901f-b7e0-43ad-8573-a51577016a61
      Strict-Transport-Security:
      - max-age=31536000; includeSubDomains
      X-Content-Type-Options:
      - nosniff
      X-Frame-Options:
      - deny
      home-cluster-uri:
      - https://wabi-us-central-b-primary-redirect.analysis.windows.net/
      request-redirected:
      - 'true'
    status:
      code: 200
      message: OK
- request:
    body: null
    headers:
      Accept:
      - '*/*'
      Accept-Encoding:
      - gzip, deflate
      Connection:
      - keep-alive
      Content-Type:
      - application/json
      User-Agent:
      - ms-fabric-cli-test/1.3.1
    method: GET
    uri: https://api.fabric.microsoft.com/v1/workspaces
  response:
    body:
      string: '{"value": [{"id": "7e3650b4-b63b-41fb-bc4d-4a5ef5344ca1", "displayName":
        "fabriccli_WorkspacePerTestclass_000001", "description": "Created by fab",
        "type": "Workspace", "capacityId": "07b1fd56-9969-4ff5-a2c8-05df5f82759a"},
        {"id": "804433e4-a116-43c0-97d7-f4c41b2a8ab9", "displayName": "fabcli000001",
        "description": "Created by fab", "type": "Workspace", "capacityId": "07b1fd56-9969-4ff5-a2c8-05df5f82759a"},
        {"id": "977fb990-198b-4063-80b5-44cce0e14673", "displayName": "fabcli000002",
        "description": "Created by fab", "type": "Workspace", "capacityId": "07b1fd56-9969-4ff5-a2c8-05df5f82759a"}]}'
    headers:
      Access-Control-Expose-Headers:
      - RequestId
      Cache-Control:
      - no-store, must-revalidate, no-cache
      Content-Encoding:
      - gzip
      Content-Length:
      - '6419'
      Content-Type:
      - application/json; charset=utf-8
      Date:
      - Tue, 20 Jan 2026 06:54:20 GMT
      Pragma:
      - no-cache
      RequestId:
      - a34b0010-81af-451f-993a-7c25c358ecf9
      Strict-Transport-Security:
      - max-age=31536000; includeSubDomains
      X-Content-Type-Options:
      - nosniff
      X-Frame-Options:
      - deny
      home-cluster-uri:
      - https://wabi-us-central-b-primary-redirect.analysis.windows.net/
      request-redirected:
      - 'true'
    status:
      code: 200
      message: OK
- request:
    body: null
    headers:
      Accept:
      - '*/*'
      Accept-Encoding:
      - gzip, deflate
      Connection:
      - keep-alive
      Content-Type:
      - application/json
      User-Agent:
      - ms-fabric-cli-test/1.3.1
    method: GET
    uri: https://api.fabric.microsoft.com/v1/workspaces/804433e4-a116-43c0-97d7-f4c41b2a8ab9/items
  response:
    body:
      string: '{"value": [{"id": "51256e51-fd76-4e1c-8e7e-8172ddef6f76", "type": "Eventhouse",
        "displayName": "fabcli000003", "description": "Created by fab", "workspaceId":
        "804433e4-a116-43c0-97d7-f4c41b2a8ab9"}, {"id": "93fe69a6-d006-4643-a316-03ce7eb322a5",
        "type": "KQLDatabase", "displayName": "fabcli000003", "description": "fabcli000003",
        "workspaceId": "804433e4-a116-43c0-97d7-f4c41b2a8ab9"}]}'
    headers:
      Access-Control-Expose-Headers:
      - RequestId
      Cache-Control:
      - no-store, must-revalidate, no-cache
      Content-Encoding:
      - gzip
      Content-Length:
      - '228'
      Content-Type:
      - application/json; charset=utf-8
      Date:
      - Tue, 20 Jan 2026 06:54:20 GMT
      Pragma:
      - no-cache
      RequestId:
      - 5962470b-f0df-4350-b857-3c2aa8d9a3b3
      Strict-Transport-Security:
      - max-age=31536000; includeSubDomains
      X-Content-Type-Options:
      - nosniff
      X-Frame-Options:
      - deny
      home-cluster-uri:
      - https://wabi-us-central-b-primary-redirect.analysis.windows.net/
      request-redirected:
      - 'true'
    status:
      code: 200
      message: OK
- request:
    body: null
    headers:
      Accept:
      - '*/*'
      Accept-Encoding:
      - gzip, deflate
      Connection:
      - keep-alive
      Content-Length:
      - '0'
      Content-Type:
      - application/json
      User-Agent:
      - ms-fabric-cli-test/1.3.1
    method: DELETE
    uri: https://api.fabric.microsoft.com/v1/workspaces/804433e4-a116-43c0-97d7-f4c41b2a8ab9/items/51256e51-fd76-4e1c-8e7e-8172ddef6f76
  response:
    body:
      string: ''
    headers:
      Access-Control-Expose-Headers:
      - RequestId
      Cache-Control:
      - no-store, must-revalidate, no-cache
      Content-Encoding:
      - gzip
      Content-Length:
      - '0'
      Content-Type:
      - application/octet-stream
      Date:
      - Tue, 20 Jan 2026 06:54:21 GMT
      Pragma:
      - no-cache
      RequestId:
      - ceff5981-8a0c-48d5-9286-96ebc6390ece
      Strict-Transport-Security:
      - max-age=31536000; includeSubDomains
      X-Content-Type-Options:
      - nosniff
      X-Frame-Options:
      - deny
      home-cluster-uri:
      - https://wabi-us-central-b-primary-redirect.analysis.windows.net/
      request-redirected:
      - 'true'
    status:
      code: 200
      message: OK
- request:
    body: null
    headers:
      Accept:
      - '*/*'
      Accept-Encoding:
      - gzip, deflate
      Connection:
      - keep-alive
      Content-Type:
      - application/json
      User-Agent:
      - ms-fabric-cli-test/1.3.1
    method: GET
    uri: https://api.fabric.microsoft.com/v1/workspaces
  response:
    body:
      string: '{"value": [{"id": "7e3650b4-b63b-41fb-bc4d-4a5ef5344ca1", "displayName":
        "fabriccli_WorkspacePerTestclass_000001", "description": "Created by fab",
        "type": "Workspace", "capacityId": "07b1fd56-9969-4ff5-a2c8-05df5f82759a"},
        {"id": "804433e4-a116-43c0-97d7-f4c41b2a8ab9", "displayName": "fabcli000001",
        "description": "Created by fab", "type": "Workspace", "capacityId": "07b1fd56-9969-4ff5-a2c8-05df5f82759a"},
        {"id": "977fb990-198b-4063-80b5-44cce0e14673", "displayName": "fabcli000002",
        "description": "Created by fab", "type": "Workspace", "capacityId": "07b1fd56-9969-4ff5-a2c8-05df5f82759a"}]}'
    headers:
      Access-Control-Expose-Headers:
      - RequestId
      Cache-Control:
      - no-store, must-revalidate, no-cache
      Content-Encoding:
      - gzip
      Content-Length:
      - '6419'
      Content-Type:
      - application/json; charset=utf-8
      Date:
      - Tue, 20 Jan 2026 06:54:22 GMT
      Pragma:
      - no-cache
      RequestId:
      - d663924c-1fdf-4b48-8beb-7c5953ca7814
      Strict-Transport-Security:
      - max-age=31536000; includeSubDomains
      X-Content-Type-Options:
      - nosniff
      X-Frame-Options:
      - deny
      home-cluster-uri:
      - https://wabi-us-central-b-primary-redirect.analysis.windows.net/
      request-redirected:
      - 'true'
    status:
      code: 200
      message: OK
- request:
    body: null
    headers:
      Accept:
      - '*/*'
      Accept-Encoding:
      - gzip, deflate
      Connection:
      - keep-alive
      Content-Type:
      - application/json
      User-Agent:
      - ms-fabric-cli-test/1.3.1
    method: GET
    uri: https://api.fabric.microsoft.com/v1/workspaces/804433e4-a116-43c0-97d7-f4c41b2a8ab9/items
  response:
    body:
      string: '{"value": []}'
    headers:
      Access-Control-Expose-Headers:
      - RequestId
      Cache-Control:
      - no-store, must-revalidate, no-cache
      Content-Encoding:
      - gzip
      Content-Length:
      - '32'
      Content-Type:
      - application/json; charset=utf-8
      Date:
      - Tue, 20 Jan 2026 06:54:22 GMT
      Pragma:
      - no-cache
      RequestId:
      - dff8cb3b-b023-470c-ba60-c8c960878f7e
      Strict-Transport-Security:
      - max-age=31536000; includeSubDomains
      X-Content-Type-Options:
      - nosniff
      X-Frame-Options:
      - deny
      home-cluster-uri:
      - https://wabi-us-central-b-primary-redirect.analysis.windows.net/
      request-redirected:
      - 'true'
    status:
      code: 200
      message: OK
- request:
    body: null
    headers:
      Accept:
      - '*/*'
      Accept-Encoding:
      - gzip, deflate
      Connection:
      - keep-alive
      Content-Length:
      - '0'
      Content-Type:
      - application/json
      User-Agent:
      - ms-fabric-cli-test/1.3.1
    method: DELETE
    uri: https://api.fabric.microsoft.com/v1/workspaces/804433e4-a116-43c0-97d7-f4c41b2a8ab9
  response:
    body:
      string: ''
    headers:
      Access-Control-Expose-Headers:
      - RequestId
      Cache-Control:
      - no-store, must-revalidate, no-cache
      Content-Encoding:
      - gzip
      Content-Length:
      - '0'
      Content-Type:
      - application/octet-stream
      Date:
      - Tue, 20 Jan 2026 06:54:24 GMT
      Pragma:
      - no-cache
      RequestId:
      - 19c15cb0-c227-4858-935d-9bada9c7ccaa
      Strict-Transport-Security:
      - max-age=31536000; includeSubDomains
      X-Content-Type-Options:
      - nosniff
      X-Frame-Options:
      - deny
      home-cluster-uri:
      - https://wabi-us-central-b-primary-redirect.analysis.windows.net/
      request-redirected:
      - 'true'
    status:
      code: 200
      message: OK
- request:
    body: null
    headers:
      Accept:
      - '*/*'
      Accept-Encoding:
      - gzip, deflate
      Connection:
      - keep-alive
      Content-Type:
      - application/json
      User-Agent:
      - ms-fabric-cli-test/1.3.1
    method: GET
    uri: https://api.fabric.microsoft.com/v1/workspaces
  response:
    body:
      string: '{"value": [{"id": "7e3650b4-b63b-41fb-bc4d-4a5ef5344ca1", "displayName":
        "fabriccli_WorkspacePerTestclass_000001", "description": "Created by fab",
        "type": "Workspace", "capacityId": "07b1fd56-9969-4ff5-a2c8-05df5f82759a"},
        {"id": "977fb990-198b-4063-80b5-44cce0e14673", "displayName": "fabcli000002",
        "description": "Created by fab", "type": "Workspace", "capacityId": "07b1fd56-9969-4ff5-a2c8-05df5f82759a"}]}'
    headers:
      Access-Control-Expose-Headers:
      - RequestId
      Cache-Control:
      - no-store, must-revalidate, no-cache
      Content-Encoding:
      - gzip
      Content-Length:
      - '6381'
      Content-Type:
      - application/json; charset=utf-8
      Date:
      - Tue, 20 Jan 2026 06:54:24 GMT
      Pragma:
      - no-cache
      RequestId:
      - f9e06dc7-4a8f-4fb6-b2f0-ce18143b0864
      Strict-Transport-Security:
      - max-age=31536000; includeSubDomains
      X-Content-Type-Options:
      - nosniff
      X-Frame-Options:
      - deny
      home-cluster-uri:
      - https://wabi-us-central-b-primary-redirect.analysis.windows.net/
      request-redirected:
      - 'true'
    status:
      code: 200
      message: OK
- request:
    body: null
    headers:
      Accept:
      - '*/*'
      Accept-Encoding:
      - gzip, deflate
      Connection:
      - keep-alive
      Content-Type:
      - application/json
      User-Agent:
      - ms-fabric-cli-test/1.3.1
    method: GET
    uri: https://api.fabric.microsoft.com/v1/workspaces/977fb990-198b-4063-80b5-44cce0e14673/items
  response:
    body:
      string: '{"value": []}'
    headers:
      Access-Control-Expose-Headers:
      - RequestId
      Cache-Control:
      - no-store, must-revalidate, no-cache
      Content-Encoding:
      - gzip
      Content-Length:
      - '32'
      Content-Type:
      - application/json; charset=utf-8
      Date:
      - Tue, 20 Jan 2026 06:54:25 GMT
      Pragma:
      - no-cache
      RequestId:
      - b03ad474-aa06-42f2-a20a-2cec198ee149
      Strict-Transport-Security:
      - max-age=31536000; includeSubDomains
      X-Content-Type-Options:
      - nosniff
      X-Frame-Options:
      - deny
      home-cluster-uri:
      - https://wabi-us-central-b-primary-redirect.analysis.windows.net/
      request-redirected:
      - 'true'
    status:
      code: 200
      message: OK
- request:
    body: null
    headers:
      Accept:
      - '*/*'
      Accept-Encoding:
      - gzip, deflate
      Connection:
      - keep-alive
      Content-Length:
      - '0'
      Content-Type:
      - application/json
      User-Agent:
      - ms-fabric-cli-test/1.3.1
    method: DELETE
    uri: https://api.fabric.microsoft.com/v1/workspaces/977fb990-198b-4063-80b5-44cce0e14673
  response:
    body:
      string: ''
    headers:
      Access-Control-Expose-Headers:
      - RequestId
      Cache-Control:
      - no-store, must-revalidate, no-cache
      Content-Encoding:
      - gzip
      Content-Length:
      - '0'
      Content-Type:
      - application/octet-stream
      Date:
      - Tue, 20 Jan 2026 06:54:26 GMT
      Pragma:
      - no-cache
      RequestId:
      - 2bc935f3-f4ea-4d50-b678-e88a1792aa20
      Strict-Transport-Security:
      - max-age=31536000; includeSubDomains
      X-Content-Type-Options:
      - nosniff
      X-Frame-Options:
      - deny
      home-cluster-uri:
      - https://wabi-us-central-b-primary-redirect.analysis.windows.net/
      request-redirected:
      - 'true'
    status:
      code: 200
      message: OK
version: 1
