interactions:
- request:
    body: null
    headers:
      Accept:
      - '*/*'
      Accept-Encoding:
      - gzip, deflate
      Connection:
      - keep-alive
      Content-Type:
      - application/json
      User-Agent:
      - ms-fabric-cli-test/1.0.0
    method: GET
    uri: https://api.fabric.microsoft.com/v1/admin/domains
  response:
    body:
      string: '{"domains": []}'
    headers:
      Access-Control-Expose-Headers:
      - RequestId
      Cache-Control:
      - no-store, must-revalidate, no-cache
      Content-Encoding:
      - gzip
      Content-Length:
      - '825'
      Content-Type:
      - application/json; charset=utf-8
      Date:
      - Wed, 03 Sep 2025 09:21:51 GMT
      Pragma:
      - no-cache
      RequestId:
      - d5db956e-4fd9-4ab5-8d2d-7dc1096bd530
      Strict-Transport-Security:
      - max-age=31536000; includeSubDomains
      X-Content-Type-Options:
      - nosniff
      X-Frame-Options:
      - deny
      home-cluster-uri:
      - https://wabi-west-europe-redirect.analysis.windows.net/
      request-redirected:
      - 'true'
    status:
      code: 200
      message: OK
- request:
    body: '{"displayName": "fabcli000001"}'
    headers:
      Accept:
      - '*/*'
      Accept-Encoding:
      - gzip, deflate
      Connection:
      - keep-alive
      Content-Length:
      - '35'
      Content-Type:
      - application/json
      User-Agent:
      - ms-fabric-cli-test/1.0.0
    method: POST
    uri: https://api.fabric.microsoft.com/v1/admin/domains
  response:
    body:
      string: '{"contributorsScope": "AllTenant", "id": "08e3b5e7-1521-4631-b0f8-54f73327c5f8",
        "displayName": "fabcli000001", "description": ""}'
    headers:
      Access-Control-Expose-Headers:
      - RequestId,Location
      Cache-Control:
      - no-store, must-revalidate, no-cache
      Content-Encoding:
      - gzip
      Content-Length:
      - '133'
      Content-Type:
      - application/json; charset=utf-8
      Date:
      - Wed, 03 Sep 2025 09:21:51 GMT
      Location:
      - https://api.fabric.microsoft.com/v1/admin/domains/08e3b5e7-1521-4631-b0f8-54f73327c5f8
      Pragma:
      - no-cache
      RequestId:
      - 4850300b-9340-407d-82d6-ba109e3633da
      Strict-Transport-Security:
      - max-age=31536000; includeSubDomains
      X-Content-Type-Options:
      - nosniff
      X-Frame-Options:
      - deny
      home-cluster-uri:
      - https://wabi-west-europe-redirect.analysis.windows.net/
      request-redirected:
      - 'true'
    status:
      code: 201
      message: Created
- request:
    body: null
    headers:
      Accept:
      - '*/*'
      Accept-Encoding:
      - gzip, deflate
      Connection:
      - keep-alive
      Content-Type:
      - application/json
      User-Agent:
      - ms-fabric-cli-test/1.0.0
    method: GET
    uri: https://api.fabric.microsoft.com/v1/admin/domains
  response:
    body:
      string: '{"domains": [{"contributorsScope": "AllTenant", "id": "08e3b5e7-1521-4631-b0f8-54f73327c5f8",
        "displayName": "fabcli000001", "description": ""}]}'
    headers:
      Access-Control-Expose-Headers:
      - RequestId
      Cache-Control:
      - no-store, must-revalidate, no-cache
      Content-Encoding:
      - gzip
      Content-Length:
      - '861'
      Content-Type:
      - application/json; charset=utf-8
      Date:
      - Wed, 03 Sep 2025 09:21:51 GMT
      Pragma:
      - no-cache
      RequestId:
      - 6f6f14c3-ed75-47c0-b15e-bbfa4d79071b
      Strict-Transport-Security:
      - max-age=31536000; includeSubDomains
      X-Content-Type-Options:
      - nosniff
      X-Frame-Options:
      - deny
      home-cluster-uri:
      - https://wabi-west-europe-redirect.analysis.windows.net/
      request-redirected:
      - 'true'
    status:
      code: 200
      message: OK
- request:
    body: null
    headers:
      Accept:
      - '*/*'
      Accept-Encoding:
      - gzip, deflate
      Connection:
      - keep-alive
      Content-Type:
      - application/json
      User-Agent:
      - ms-fabric-cli-test/1.0.0
    method: GET
    uri: https://api.fabric.microsoft.com/v1/admin/domains/08e3b5e7-1521-4631-b0f8-54f73327c5f8
  response:
    body:
      string: '{"contributorsScope": "AllTenant", "id": "08e3b5e7-1521-4631-b0f8-54f73327c5f8",
        "displayName": "fabcli000001", "description": ""}'
    headers:
      Access-Control-Expose-Headers:
      - RequestId
      Cache-Control:
      - no-store, must-revalidate, no-cache
      Content-Encoding:
      - gzip
      Content-Length:
      - '133'
      Content-Type:
      - application/json; charset=utf-8
      Date:
      - Wed, 03 Sep 2025 09:21:51 GMT
      Pragma:
      - no-cache
      RequestId:
      - cdfca432-6a22-4635-950f-becb542aceff
      Strict-Transport-Security:
      - max-age=31536000; includeSubDomains
      X-Content-Type-Options:
      - nosniff
      X-Frame-Options:
      - deny
      home-cluster-uri:
      - https://wabi-west-europe-redirect.analysis.windows.net/
      request-redirected:
      - 'true'
    status:
      code: 200
      message: OK
- request:
    body: null
    headers:
      Accept:
      - '*/*'
      Accept-Encoding:
      - gzip, deflate
      Connection:
      - keep-alive
      Content-Type:
      - application/json
      User-Agent:
      - ms-fabric-cli-test/1.0.0
    method: GET
    uri: https://api.fabric.microsoft.com/v1/admin/domains/08e3b5e7-1521-4631-b0f8-54f73327c5f8/workspaces
  response:
    body:
      string: '{"value": []}'
    headers:
      Access-Control-Expose-Headers:
      - RequestId
      Cache-Control:
      - no-store, must-revalidate, no-cache
      Content-Encoding:
      - gzip
      Content-Length:
      - '32'
      Content-Type:
      - application/json; charset=utf-8
      Date:
      - Wed, 03 Sep 2025 09:21:51 GMT
      Pragma:
      - no-cache
      RequestId:
      - 071b546b-a541-49bc-b317-81248e8098c0
      Strict-Transport-Security:
      - max-age=31536000; includeSubDomains
      X-Content-Type-Options:
      - nosniff
      X-Frame-Options:
      - deny
      home-cluster-uri:
      - https://wabi-west-europe-redirect.analysis.windows.net/
      request-redirected:
      - 'true'
    status:
      code: 200
      message: OK
- request:
    body: '{"contributorsScope": "AllTenant", "displayName": "fabcli000001", "description":
      "fabcli000002", "domainWorkspaces": []}'
    headers:
      Accept:
      - '*/*'
      Accept-Encoding:
      - gzip, deflate
      Connection:
      - keep-alive
      Content-Length:
      - '146'
      Content-Type:
      - application/json
      User-Agent:
      - ms-fabric-cli-test/1.0.0
    method: PATCH
    uri: https://api.fabric.microsoft.com/v1/admin/domains/08e3b5e7-1521-4631-b0f8-54f73327c5f8
  response:
    body:
      string: '{"contributorsScope": "AllTenant", "id": "08e3b5e7-1521-4631-b0f8-54f73327c5f8",
        "displayName": "fabcli000001", "description": "fabcli000002"}'
    headers:
      Access-Control-Expose-Headers:
      - RequestId
      Cache-Control:
      - no-store, must-revalidate, no-cache
      Content-Encoding:
      - gzip
      Content-Length:
      - '141'
      Content-Type:
      - application/json; charset=utf-8
      Date:
      - Wed, 03 Sep 2025 09:21:52 GMT
      Pragma:
      - no-cache
      RequestId:
      - 8faffe04-4e9e-443a-b2de-a41cbe2e8b85
      Strict-Transport-Security:
      - max-age=31536000; includeSubDomains
      X-Content-Type-Options:
      - nosniff
      X-Frame-Options:
      - deny
      home-cluster-uri:
      - https://wabi-west-europe-redirect.analysis.windows.net/
      request-redirected:
      - 'true'
    status:
      code: 200
      message: OK
- request:
    body: null
    headers:
      Accept:
      - '*/*'
      Accept-Encoding:
      - gzip, deflate
      Connection:
      - keep-alive
      Content-Type:
      - application/json
      User-Agent:
      - ms-fabric-cli-test/1.0.0
    method: GET
    uri: https://api.fabric.microsoft.com/v1/admin/domains
  response:
    body:
      string: '{"domains": [{"contributorsScope": "AllTenant", "id": "08e3b5e7-1521-4631-b0f8-54f73327c5f8",
        "displayName": "fabcli000001", "description": "fabcli000002"}]}'
    headers:
      Access-Control-Expose-Headers:
      - RequestId
      Cache-Control:
      - no-store, must-revalidate, no-cache
      Content-Encoding:
      - gzip
      Content-Length:
      - '872'
      Content-Type:
      - application/json; charset=utf-8
      Date:
      - Wed, 03 Sep 2025 09:21:52 GMT
      Pragma:
      - no-cache
      RequestId:
      - 3745fe24-ddf8-45c5-a906-5422315392e5
      Strict-Transport-Security:
      - max-age=31536000; includeSubDomains
      X-Content-Type-Options:
      - nosniff
      X-Frame-Options:
      - deny
      home-cluster-uri:
      - https://wabi-west-europe-redirect.analysis.windows.net/
      request-redirected:
      - 'true'
    status:
      code: 200
      message: OK
- request:
    body: null
    headers:
      Accept:
      - '*/*'
      Accept-Encoding:
      - gzip, deflate
      Connection:
      - keep-alive
      Content-Type:
      - application/json
      User-Agent:
      - ms-fabric-cli-test/1.0.0
    method: GET
    uri: https://api.fabric.microsoft.com/v1/admin/domains/08e3b5e7-1521-4631-b0f8-54f73327c5f8
  response:
    body:
      string: '{"contributorsScope": "AllTenant", "id": "08e3b5e7-1521-4631-b0f8-54f73327c5f8",
        "displayName": "fabcli000001", "description": "fabcli000002"}'
    headers:
      Access-Control-Expose-Headers:
      - RequestId
      Cache-Control:
      - no-store, must-revalidate, no-cache
      Content-Encoding:
      - gzip
      Content-Length:
      - '141'
      Content-Type:
      - application/json; charset=utf-8
      Date:
      - Wed, 03 Sep 2025 09:21:52 GMT
      Pragma:
      - no-cache
      RequestId:
      - 8a00a7b1-192c-4ca1-9105-67f8c94ce765
      Strict-Transport-Security:
      - max-age=31536000; includeSubDomains
      X-Content-Type-Options:
      - nosniff
      X-Frame-Options:
      - deny
      home-cluster-uri:
      - https://wabi-west-europe-redirect.analysis.windows.net/
      request-redirected:
      - 'true'
    status:
      code: 200
      message: OK
- request:
    body: null
    headers:
      Accept:
      - '*/*'
      Accept-Encoding:
      - gzip, deflate
      Connection:
      - keep-alive
      Content-Type:
      - application/json
      User-Agent:
      - ms-fabric-cli-test/1.0.0
    method: GET
    uri: https://api.fabric.microsoft.com/v1/admin/domains/08e3b5e7-1521-4631-b0f8-54f73327c5f8/workspaces
  response:
    body:
      string: '{"value": []}'
    headers:
      Access-Control-Expose-Headers:
      - RequestId
      Cache-Control:
      - no-store, must-revalidate, no-cache
      Content-Encoding:
      - gzip
      Content-Length:
      - '32'
      Content-Type:
      - application/json; charset=utf-8
      Date:
      - Wed, 03 Sep 2025 09:21:52 GMT
      Pragma:
      - no-cache
      RequestId:
      - dbceedd9-8a4d-43e1-848b-f47f41ab0000
      Strict-Transport-Security:
      - max-age=31536000; includeSubDomains
      X-Content-Type-Options:
      - nosniff
      X-Frame-Options:
      - deny
      home-cluster-uri:
      - https://wabi-west-europe-redirect.analysis.windows.net/
      request-redirected:
      - 'true'
    status:
      code: 200
      message: OK
- request:
    body: null
    headers:
      Accept:
      - '*/*'
      Accept-Encoding:
      - gzip, deflate
      Connection:
      - keep-alive
      Content-Type:
      - application/json
      User-Agent:
      - ms-fabric-cli-test/1.0.0
    method: GET
    uri: https://api.fabric.microsoft.com/v1/admin/domains
  response:
    body:
      string: '{"domains": [{"contributorsScope": "AllTenant", "id": "08e3b5e7-1521-4631-b0f8-54f73327c5f8",
        "displayName": "fabcli000001", "description": "fabcli000002"}]}'
    headers:
      Access-Control-Expose-Headers:
      - RequestId
      Cache-Control:
      - no-store, must-revalidate, no-cache
      Content-Encoding:
      - gzip
      Content-Length:
      - '872'
      Content-Type:
      - application/json; charset=utf-8
      Date:
      - Wed, 03 Sep 2025 09:21:52 GMT
      Pragma:
      - no-cache
      RequestId:
      - c5d6a52e-57fa-44ea-9a7e-4ccdd9f8b4a1
      Strict-Transport-Security:
      - max-age=31536000; includeSubDomains
      X-Content-Type-Options:
      - nosniff
      X-Frame-Options:
      - deny
      home-cluster-uri:
      - https://wabi-west-europe-redirect.analysis.windows.net/
      request-redirected:
      - 'true'
    status:
      code: 200
      message: OK
- request:
    body: null
    headers:
      Accept:
      - '*/*'
      Accept-Encoding:
      - gzip, deflate
      Connection:
      - keep-alive
      Content-Length:
      - '0'
      Content-Type:
      - application/json
      User-Agent:
      - ms-fabric-cli-test/1.0.0
    method: DELETE
    uri: https://api.fabric.microsoft.com/v1/admin/domains/08e3b5e7-1521-4631-b0f8-54f73327c5f8
  response:
    body:
      string: ''
    headers:
      Access-Control-Expose-Headers:
      - RequestId
      Cache-Control:
      - no-store, must-revalidate, no-cache
      Content-Encoding:
      - gzip
      Content-Length:
      - '0'
      Content-Type:
      - application/octet-stream
      Date:
      - Wed, 03 Sep 2025 09:21:52 GMT
      Pragma:
      - no-cache
      RequestId:
      - 11f60380-75c5-45ef-b170-6b818eb1b969
      Strict-Transport-Security:
      - max-age=31536000; includeSubDomains
      X-Content-Type-Options:
      - nosniff
      X-Frame-Options:
      - deny
      home-cluster-uri:
      - https://wabi-west-europe-redirect.analysis.windows.net/
      request-redirected:
      - 'true'
    status:
      code: 200
      message: OK
version: 1
