interactions:
- request:
    body: null
    headers:
      Accept:
      - '*/*'
      Accept-Encoding:
      - gzip, deflate
      Connection:
      - keep-alive
      Content-Type:
      - application/json
      User-Agent:
      - ms-fabric-cli-test/1.3.1
    method: GET
    uri: https://api.fabric.microsoft.com/v1/workspaces
  response:
    body:
      string: '{"value": [{"id": "3634a139-2c9e-4205-910b-3b089a31be47", "displayName":
        "My workspace", "description": "", "type": "Personal"}, {"id": "81065bd8-e334-4715-b170-dedb4cd514e6",
        "displayName": "fabriccli_WorkspacePerTestclass_000001", "description": "Created
        by fab", "type": "Workspace", "capacityId": "00000000-0000-0000-0000-000000000004"}]}'
    headers:
      Access-Control-Expose-Headers:
      - RequestId
      Cache-Control:
      - no-store, must-revalidate, no-cache
      Content-Encoding:
      - gzip
      Content-Length:
      - '2091'
      Content-Type:
      - application/json; charset=utf-8
      Date:
      - Wed, 31 Dec 2025 14:38:03 GMT
      Pragma:
      - no-cache
      RequestId:
      - 00a8d903-501f-4a56-b8fb-71e2f277f0f4
      Strict-Transport-Security:
      - max-age=31536000; includeSubDomains
      X-Content-Type-Options:
      - nosniff
      X-Frame-Options:
      - deny
      home-cluster-uri:
      - https://wabi-us-central-b-primary-redirect.analysis.windows.net/
      request-redirected:
      - 'true'
    status:
      code: 200
      message: OK
- request:
    body: null
    headers:
      Accept:
      - '*/*'
      Accept-Encoding:
      - gzip, deflate
      Connection:
      - keep-alive
      Content-Type:
      - application/json
      User-Agent:
      - ms-fabric-cli-test/1.3.1
    method: GET
    uri: https://api.fabric.microsoft.com/v1/workspaces/81065bd8-e334-4715-b170-dedb4cd514e6/items
  response:
    body:
      string: '{"value": [{"id": "3e75a415-b907-4295-b163-a746b3af88d1", "type": "SemanticModel",
        "displayName": "fabcli000001_auto", "description": "", "workspaceId": "81065bd8-e334-4715-b170-dedb4cd514e6"}]}'
    headers:
      Access-Control-Expose-Headers:
      - RequestId
      Cache-Control:
      - no-store, must-revalidate, no-cache
      Content-Encoding:
      - gzip
      Content-Length:
      - '176'
      Content-Type:
      - application/json; charset=utf-8
      Date:
      - Wed, 31 Dec 2025 14:38:03 GMT
      Pragma:
      - no-cache
      RequestId:
      - 9281dbb5-2b12-469e-8f24-95e3f2a41fca
      Strict-Transport-Security:
      - max-age=31536000; includeSubDomains
      X-Content-Type-Options:
      - nosniff
      X-Frame-Options:
      - deny
      home-cluster-uri:
      - https://wabi-us-central-b-primary-redirect.analysis.windows.net/
      request-redirected:
      - 'true'
    status:
      code: 200
      message: OK
- request:
    body: null
    headers:
      Accept:
      - '*/*'
      Accept-Encoding:
      - gzip, deflate
      Connection:
      - keep-alive
      Content-Type:
      - application/json
      User-Agent:
      - ms-fabric-cli-test/1.3.1
    method: GET
    uri: https://api.fabric.microsoft.com/v1/workspaces/81065bd8-e334-4715-b170-dedb4cd514e6/items
  response:
    body:
      string: '{"value": [{"id": "3e75a415-b907-4295-b163-a746b3af88d1", "type": "SemanticModel",
        "displayName": "fabcli000001_auto", "description": "", "workspaceId": "81065bd8-e334-4715-b170-dedb4cd514e6"}]}'
    headers:
      Access-Control-Expose-Headers:
      - RequestId
      Cache-Control:
      - no-store, must-revalidate, no-cache
      Content-Encoding:
      - gzip
      Content-Length:
      - '176'
      Content-Type:
      - application/json; charset=utf-8
      Date:
      - Wed, 31 Dec 2025 14:38:03 GMT
      Pragma:
      - no-cache
      RequestId:
      - 83e6f397-b822-415f-b0d5-1058ff83ad55
      Strict-Transport-Security:
      - max-age=31536000; includeSubDomains
      X-Content-Type-Options:
      - nosniff
      X-Frame-Options:
      - deny
      home-cluster-uri:
      - https://wabi-us-central-b-primary-redirect.analysis.windows.net/
      request-redirected:
      - 'true'
    status:
      code: 200
      message: OK
- request:
    body: '{"description": "Created by fab", "displayName": "fabcli000001", "type":
      "Lakehouse", "folderId": null}'
    headers:
      Accept:
      - '*/*'
      Accept-Encoding:
      - gzip, deflate
      Connection:
      - keep-alive
      Content-Length:
      - '107'
      Content-Type:
      - application/json
      User-Agent:
      - ms-fabric-cli-test/1.3.1
    method: POST
    uri: https://api.fabric.microsoft.com/v1/workspaces/81065bd8-e334-4715-b170-dedb4cd514e6/lakehouses
  response:
    body:
      string: '{"id": "ae8184b3-7d1b-4e58-b5a1-1dbc1eb89b47", "type": "Lakehouse",
        "displayName": "fabcli000001", "description": "Created by fab", "workspaceId":
        "81065bd8-e334-4715-b170-dedb4cd514e6"}'
    headers:
      Access-Control-Expose-Headers:
      - RequestId,ETag
      Cache-Control:
      - no-store, must-revalidate, no-cache
      Content-Encoding:
      - gzip
      Content-Length:
      - '165'
      Content-Type:
      - application/json; charset=utf-8
      Date:
      - Wed, 31 Dec 2025 14:38:05 GMT
      ETag:
      - '""'
      Pragma:
      - no-cache
      RequestId:
      - 5fff0398-ddb1-4258-8e1b-5896e827d941
      Strict-Transport-Security:
      - max-age=31536000; includeSubDomains
      X-Content-Type-Options:
      - nosniff
      X-Frame-Options:
      - deny
      home-cluster-uri:
      - https://wabi-us-central-b-primary-redirect.analysis.windows.net/
      request-redirected:
      - 'true'
    status:
      code: 201
      message: Created
- request:
    body: null
    headers:
      Accept:
      - '*/*'
      Accept-Encoding:
      - gzip, deflate
      Connection:
      - keep-alive
      Content-Type:
      - application/json
      User-Agent:
      - ms-fabric-cli-test/1.3.1
    method: GET
    uri: https://api.fabric.microsoft.com/v1/workspaces
  response:
    body:
      string: '{"value": [{"id": "3634a139-2c9e-4205-910b-3b089a31be47", "displayName":
        "My workspace", "description": "", "type": "Personal"}, {"id": "81065bd8-e334-4715-b170-dedb4cd514e6",
        "displayName": "fabriccli_WorkspacePerTestclass_000001", "description": "Created
        by fab", "type": "Workspace", "capacityId": "00000000-0000-0000-0000-000000000004"}]}'
    headers:
      Access-Control-Expose-Headers:
      - RequestId
      Cache-Control:
      - no-store, must-revalidate, no-cache
      Content-Encoding:
      - gzip
      Content-Length:
      - '2091'
      Content-Type:
      - application/json; charset=utf-8
      Date:
      - Wed, 31 Dec 2025 14:38:05 GMT
      Pragma:
      - no-cache
      RequestId:
      - cb60b43d-c902-4985-85b4-3e4170eb1a3f
      Strict-Transport-Security:
      - max-age=31536000; includeSubDomains
      X-Content-Type-Options:
      - nosniff
      X-Frame-Options:
      - deny
      home-cluster-uri:
      - https://wabi-us-central-b-primary-redirect.analysis.windows.net/
      request-redirected:
      - 'true'
    status:
      code: 200
      message: OK
- request:
    body: null
    headers:
      Accept:
      - '*/*'
      Accept-Encoding:
      - gzip, deflate
      Connection:
      - keep-alive
      Content-Type:
      - application/json
      User-Agent:
      - ms-fabric-cli-test/1.3.1
    method: GET
    uri: https://api.fabric.microsoft.com/v1/workspaces/81065bd8-e334-4715-b170-dedb4cd514e6/items
  response:
    body:
      string: '{"value": [{"id": "3e75a415-b907-4295-b163-a746b3af88d1", "type": "SemanticModel",
        "displayName": "fabcli000001_auto", "description": "", "workspaceId": "81065bd8-e334-4715-b170-dedb4cd514e6"},
        {"id": "ae8184b3-7d1b-4e58-b5a1-1dbc1eb89b47", "type": "Lakehouse", "displayName":
        "fabcli000001", "description": "Created by fab", "workspaceId": "81065bd8-e334-4715-b170-dedb4cd514e6"}]}'
    headers:
      Access-Control-Expose-Headers:
      - RequestId
      Cache-Control:
      - no-store, must-revalidate, no-cache
      Content-Encoding:
      - gzip
      Content-Length:
      - '241'
      Content-Type:
      - application/json; charset=utf-8
      Date:
      - Wed, 31 Dec 2025 14:38:05 GMT
      Pragma:
      - no-cache
      RequestId:
      - d0c07bfc-a42a-459c-8f7c-a1162cc48b0e
      Strict-Transport-Security:
      - max-age=31536000; includeSubDomains
      X-Content-Type-Options:
      - nosniff
      X-Frame-Options:
      - deny
      home-cluster-uri:
      - https://wabi-us-central-b-primary-redirect.analysis.windows.net/
      request-redirected:
      - 'true'
    status:
      code: 200
      message: OK
- request:
    body: null
    headers:
      Accept:
      - '*/*'
      Accept-Encoding:
      - gzip, deflate
      Connection:
      - keep-alive
      Content-Type:
      - application/json
      User-Agent:
      - ms-fabric-cli-test/1.3.1
    method: GET
    uri: https://api.fabric.microsoft.com/v1/workspaces/81065bd8-e334-4715-b170-dedb4cd514e6/items
  response:
    body:
      string: '{"value": [{"id": "3e75a415-b907-4295-b163-a746b3af88d1", "type": "SemanticModel",
        "displayName": "fabcli000001_auto", "description": "", "workspaceId": "81065bd8-e334-4715-b170-dedb4cd514e6"},
        {"id": "ae8184b3-7d1b-4e58-b5a1-1dbc1eb89b47", "type": "Lakehouse", "displayName":
        "fabcli000001", "description": "Created by fab", "workspaceId": "81065bd8-e334-4715-b170-dedb4cd514e6"}]}'
    headers:
      Access-Control-Expose-Headers:
      - RequestId
      Cache-Control:
      - no-store, must-revalidate, no-cache
      Content-Encoding:
      - gzip
      Content-Length:
      - '241'
      Content-Type:
      - application/json; charset=utf-8
      Date:
      - Wed, 31 Dec 2025 14:38:06 GMT
      Pragma:
      - no-cache
      RequestId:
      - 95c3bb1d-9d88-4646-bae6-fe695418df32
      Strict-Transport-Security:
      - max-age=31536000; includeSubDomains
      X-Content-Type-Options:
      - nosniff
      X-Frame-Options:
      - deny
      home-cluster-uri:
      - https://wabi-us-central-b-primary-redirect.analysis.windows.net/
      request-redirected:
      - 'true'
    status:
      code: 200
      message: OK
- request:
    body: '{"description": "Created by fab", "displayName": "fabcli000002", "type":
      "Lakehouse", "folderId": null}'
    headers:
      Accept:
      - '*/*'
      Accept-Encoding:
      - gzip, deflate
      Connection:
      - keep-alive
      Content-Length:
      - '107'
      Content-Type:
      - application/json
      User-Agent:
      - ms-fabric-cli-test/1.3.1
    method: POST
    uri: https://api.fabric.microsoft.com/v1/workspaces/81065bd8-e334-4715-b170-dedb4cd514e6/lakehouses
  response:
    body:
      string: '{"id": "6d583dee-3995-4593-9920-f58526b47dd5", "type": "Lakehouse",
        "displayName": "fabcli000002", "description": "Created by fab", "workspaceId":
        "81065bd8-e334-4715-b170-dedb4cd514e6"}'
    headers:
      Access-Control-Expose-Headers:
      - RequestId,ETag
      Cache-Control:
      - no-store, must-revalidate, no-cache
      Content-Encoding:
      - gzip
      Content-Length:
      - '167'
      Content-Type:
      - application/json; charset=utf-8
      Date:
      - Wed, 31 Dec 2025 14:38:07 GMT
      ETag:
      - '""'
      Pragma:
      - no-cache
      RequestId:
      - 238f936a-1b52-4231-8e56-96a47ea67fce
      Strict-Transport-Security:
      - max-age=31536000; includeSubDomains
      X-Content-Type-Options:
      - nosniff
      X-Frame-Options:
      - deny
      home-cluster-uri:
      - https://wabi-us-central-b-primary-redirect.analysis.windows.net/
      request-redirected:
      - 'true'
    status:
      code: 201
      message: Created
- request:
    body: null
    headers:
      Accept:
      - '*/*'
      Accept-Encoding:
      - gzip, deflate
      Connection:
      - keep-alive
      Content-Type:
      - application/json
      User-Agent:
      - ms-fabric-cli-test/1.3.1
    method: GET
    uri: https://api.fabric.microsoft.com/v1/workspaces
  response:
    body:
      string: '{"value": [{"id": "3634a139-2c9e-4205-910b-3b089a31be47", "displayName":
        "My workspace", "description": "", "type": "Personal"}, {"id": "81065bd8-e334-4715-b170-dedb4cd514e6",
        "displayName": "fabriccli_WorkspacePerTestclass_000001", "description": "Created
        by fab", "type": "Workspace", "capacityId": "00000000-0000-0000-0000-000000000004"}]}'
    headers:
      Access-Control-Expose-Headers:
      - RequestId
      Cache-Control:
      - no-store, must-revalidate, no-cache
      Content-Encoding:
      - gzip
      Content-Length:
      - '2091'
      Content-Type:
      - application/json; charset=utf-8
      Date:
      - Wed, 31 Dec 2025 14:38:08 GMT
      Pragma:
      - no-cache
      RequestId:
      - 345be560-1e02-4ac7-9bee-4012a18b5606
      Strict-Transport-Security:
      - max-age=31536000; includeSubDomains
      X-Content-Type-Options:
      - nosniff
      X-Frame-Options:
      - deny
      home-cluster-uri:
      - https://wabi-us-central-b-primary-redirect.analysis.windows.net/
      request-redirected:
      - 'true'
    status:
      code: 200
      message: OK
- request:
    body: null
    headers:
      Accept:
      - '*/*'
      Accept-Encoding:
      - gzip, deflate
      Connection:
      - keep-alive
      Content-Type:
      - application/json
      User-Agent:
      - ms-fabric-cli-test/1.3.1
    method: GET
    uri: https://api.fabric.microsoft.com/v1/workspaces/81065bd8-e334-4715-b170-dedb4cd514e6/items
  response:
    body:
      string: '{"value": [{"id": "3e75a415-b907-4295-b163-a746b3af88d1", "type": "SemanticModel",
        "displayName": "fabcli000001_auto", "description": "", "workspaceId": "81065bd8-e334-4715-b170-dedb4cd514e6"},
        {"id": "ae8184b3-7d1b-4e58-b5a1-1dbc1eb89b47", "type": "Lakehouse", "displayName":
        "fabcli000001", "description": "Created by fab", "workspaceId": "81065bd8-e334-4715-b170-dedb4cd514e6"},
        {"id": "6d583dee-3995-4593-9920-f58526b47dd5", "type": "Lakehouse", "displayName":
        "fabcli000002", "description": "Created by fab", "workspaceId": "81065bd8-e334-4715-b170-dedb4cd514e6"}]}'
    headers:
      Access-Control-Expose-Headers:
      - RequestId
      Cache-Control:
      - no-store, must-revalidate, no-cache
      Content-Encoding:
      - gzip
      Content-Length:
      - '277'
      Content-Type:
      - application/json; charset=utf-8
      Date:
      - Wed, 31 Dec 2025 14:38:08 GMT
      Pragma:
      - no-cache
      RequestId:
      - b2cf3018-d561-49ba-b2a4-1d1f4af63cbf
      Strict-Transport-Security:
      - max-age=31536000; includeSubDomains
      X-Content-Type-Options:
      - nosniff
      X-Frame-Options:
      - deny
      home-cluster-uri:
      - https://wabi-us-central-b-primary-redirect.analysis.windows.net/
      request-redirected:
      - 'true'
    status:
      code: 200
      message: OK
- request:
    body: null
    headers:
      Accept:
      - '*/*'
      Accept-Encoding:
      - gzip, deflate
      Connection:
      - keep-alive
      Content-Type:
      - application/json
      User-Agent:
      - ms-fabric-cli-test/1.3.1
    method: GET
    uri: https://api.fabric.microsoft.com/v1/workspaces/81065bd8-e334-4715-b170-dedb4cd514e6/items
  response:
    body:
      string: '{"value": [{"id": "3e75a415-b907-4295-b163-a746b3af88d1", "type": "SemanticModel",
        "displayName": "fabcli000001_auto", "description": "", "workspaceId": "81065bd8-e334-4715-b170-dedb4cd514e6"},
        {"id": "ae8184b3-7d1b-4e58-b5a1-1dbc1eb89b47", "type": "Lakehouse", "displayName":
        "fabcli000001", "description": "Created by fab", "workspaceId": "81065bd8-e334-4715-b170-dedb4cd514e6"},
        {"id": "6d583dee-3995-4593-9920-f58526b47dd5", "type": "Lakehouse", "displayName":
        "fabcli000002", "description": "Created by fab", "workspaceId": "81065bd8-e334-4715-b170-dedb4cd514e6"}]}'
    headers:
      Access-Control-Expose-Headers:
      - RequestId
      Cache-Control:
      - no-store, must-revalidate, no-cache
      Content-Encoding:
      - gzip
      Content-Length:
      - '277'
      Content-Type:
      - application/json; charset=utf-8
      Date:
      - Wed, 31 Dec 2025 14:38:09 GMT
      Pragma:
      - no-cache
      RequestId:
      - 60ce2345-d3e7-46fc-95d3-29c44b2df369
      Strict-Transport-Security:
      - max-age=31536000; includeSubDomains
      X-Content-Type-Options:
      - nosniff
      X-Frame-Options:
      - deny
      home-cluster-uri:
      - https://wabi-us-central-b-primary-redirect.analysis.windows.net/
      request-redirected:
      - 'true'
    status:
      code: 200
      message: OK
- request:
    body: '{"description": "Created by fab", "displayName": "fabcli000003", "type":
      "Lakehouse", "folderId": null}'
    headers:
      Accept:
      - '*/*'
      Accept-Encoding:
      - gzip, deflate
      Connection:
      - keep-alive
      Content-Length:
      - '107'
      Content-Type:
      - application/json
      User-Agent:
      - ms-fabric-cli-test/1.3.1
    method: POST
    uri: https://api.fabric.microsoft.com/v1/workspaces/81065bd8-e334-4715-b170-dedb4cd514e6/lakehouses
  response:
    body:
      string: '{"id": "56107b92-5b1c-4752-ab0a-4958a0064934", "type": "Lakehouse",
        "displayName": "fabcli000003", "description": "Created by fab", "workspaceId":
        "81065bd8-e334-4715-b170-dedb4cd514e6"}'
    headers:
      Access-Control-Expose-Headers:
      - RequestId,ETag
      Cache-Control:
      - no-store, must-revalidate, no-cache
      Content-Encoding:
      - gzip
      Content-Length:
      - '169'
      Content-Type:
      - application/json; charset=utf-8
      Date:
      - Wed, 31 Dec 2025 14:38:10 GMT
      ETag:
      - '""'
      Pragma:
      - no-cache
      RequestId:
      - fb8b52c1-f760-4f0f-a6c6-66f8a3c76a23
      Strict-Transport-Security:
      - max-age=31536000; includeSubDomains
      X-Content-Type-Options:
      - nosniff
      X-Frame-Options:
      - deny
      home-cluster-uri:
      - https://wabi-us-central-b-primary-redirect.analysis.windows.net/
      request-redirected:
      - 'true'
    status:
      code: 201
      message: Created
- request:
    body: null
    headers:
      Accept:
      - '*/*'
      Accept-Encoding:
      - gzip, deflate
      Connection:
      - keep-alive
      Content-Type:
      - application/json
      User-Agent:
      - ms-fabric-cli-test/1.3.1
    method: GET
    uri: https://api.fabric.microsoft.com/v1/workspaces
  response:
    body:
      string: '{"value": [{"id": "3634a139-2c9e-4205-910b-3b089a31be47", "displayName":
        "My workspace", "description": "", "type": "Personal"}, {"id": "81065bd8-e334-4715-b170-dedb4cd514e6",
        "displayName": "fabriccli_WorkspacePerTestclass_000001", "description": "Created
        by fab", "type": "Workspace", "capacityId": "00000000-0000-0000-0000-000000000004"}]}'
    headers:
      Access-Control-Expose-Headers:
      - RequestId
      Cache-Control:
      - no-store, must-revalidate, no-cache
      Content-Encoding:
      - gzip
      Content-Length:
      - '2091'
      Content-Type:
      - application/json; charset=utf-8
      Date:
      - Wed, 31 Dec 2025 14:38:11 GMT
      Pragma:
      - no-cache
      RequestId:
      - bc57b5f2-c175-4682-93da-9c3db754670f
      Strict-Transport-Security:
      - max-age=31536000; includeSubDomains
      X-Content-Type-Options:
      - nosniff
      X-Frame-Options:
      - deny
      home-cluster-uri:
      - https://wabi-us-central-b-primary-redirect.analysis.windows.net/
      request-redirected:
      - 'true'
    status:
      code: 200
      message: OK
- request:
    body: null
    headers:
      Accept:
      - '*/*'
      Accept-Encoding:
      - gzip, deflate
      Connection:
      - keep-alive
      Content-Type:
      - application/json
      User-Agent:
      - ms-fabric-cli-test/1.3.1
    method: GET
    uri: https://api.fabric.microsoft.com/v1/workspaces/81065bd8-e334-4715-b170-dedb4cd514e6/items
  response:
    body:
      string: '{"value": [{"id": "3e75a415-b907-4295-b163-a746b3af88d1", "type": "SemanticModel",
        "displayName": "fabcli000001_auto", "description": "", "workspaceId": "81065bd8-e334-4715-b170-dedb4cd514e6"},
        {"id": "ae8184b3-7d1b-4e58-b5a1-1dbc1eb89b47", "type": "Lakehouse", "displayName":
        "fabcli000001", "description": "Created by fab", "workspaceId": "81065bd8-e334-4715-b170-dedb4cd514e6"},
        {"id": "6d583dee-3995-4593-9920-f58526b47dd5", "type": "Lakehouse", "displayName":
        "fabcli000002", "description": "Created by fab", "workspaceId": "81065bd8-e334-4715-b170-dedb4cd514e6"},
        {"id": "56107b92-5b1c-4752-ab0a-4958a0064934", "type": "Lakehouse", "displayName":
        "fabcli000003", "description": "Created by fab", "workspaceId": "81065bd8-e334-4715-b170-dedb4cd514e6"}]}'
    headers:
      Access-Control-Expose-Headers:
      - RequestId
      Cache-Control:
      - no-store, must-revalidate, no-cache
      Content-Encoding:
      - gzip
      Content-Length:
      - '311'
      Content-Type:
      - application/json; charset=utf-8
      Date:
      - Wed, 31 Dec 2025 14:38:11 GMT
      Pragma:
      - no-cache
      RequestId:
      - fb017c7d-6616-4ad7-90d9-512679d7848c
      Strict-Transport-Security:
      - max-age=31536000; includeSubDomains
      X-Content-Type-Options:
      - nosniff
      X-Frame-Options:
      - deny
      home-cluster-uri:
      - https://wabi-us-central-b-primary-redirect.analysis.windows.net/
      request-redirected:
      - 'true'
    status:
      code: 200
      message: OK
- request:
    body: null
    headers:
      Accept:
      - '*/*'
      Accept-Encoding:
      - gzip, deflate
      Connection:
      - keep-alive
      Content-Type:
      - application/json
      User-Agent:
      - ms-fabric-cli-test/1.3.1
    method: HEAD
    uri: https://onelake.dfs.fabric.microsoft.com/81065bd8-e334-4715-b170-dedb4cd514e6/ae8184b3-7d1b-4e58-b5a1-1dbc1eb89b47/Files/targetUpdateShortcut
  response:
    body:
      string: ''
    headers:
      Access-Control-Allow-Headers:
      - '*'
      Access-Control-Allow-Methods:
      - '*'
      Access-Control-Allow-Origin:
      - '*'
      Access-Control-Expose-Headers:
      - '*,Authorization'
      Date:
      - Wed, 31 Dec 2025 14:38:12 GMT
      Server:
      - Windows-Azure-Blob/1.0,Microsoft-HTTPAPI/2.0 Microsoft-HTTPAPI/2.0 Microsoft-HTTPAPI/2.0
      Strict-Transport-Security:
      - max-age=31536000; includeSubDomains
      Transfer-Encoding:
      - chunked
      X-Content-Type-Options:
      - nosniff
      x-ms-error-code:
      - BlobNotFound
    status:
      code: 404
      message: The specified blob does not exist.
- request:
    body: null
    headers:
      Accept:
      - '*/*'
      Accept-Encoding:
      - gzip, deflate
      Connection:
      - keep-alive
      Content-Type:
      - application/json
      User-Agent:
      - ms-fabric-cli-test/1.3.1
    method: HEAD
    uri: https://onelake.dfs.fabric.microsoft.com/81065bd8-e334-4715-b170-dedb4cd514e6/ae8184b3-7d1b-4e58-b5a1-1dbc1eb89b47/Files/targetUpdateShortcut.Shortcut
  response:
    body:
      string: ''
    headers:
      Access-Control-Allow-Headers:
      - '*'
      Access-Control-Allow-Methods:
      - '*'
      Access-Control-Allow-Origin:
      - '*'
      Access-Control-Expose-Headers:
      - '*,Authorization'
      Date:
      - Wed, 31 Dec 2025 14:38:12 GMT
      Server:
      - Windows-Azure-Blob/1.0,Microsoft-HTTPAPI/2.0 Microsoft-HTTPAPI/2.0 Microsoft-HTTPAPI/2.0
      Strict-Transport-Security:
      - max-age=31536000; includeSubDomains
      Transfer-Encoding:
      - chunked
      X-Content-Type-Options:
      - nosniff
      x-ms-error-code:
      - BlobNotFound
    status:
      code: 404
      message: The specified blob does not exist.
- request:
    body: null
    headers:
      Accept:
      - '*/*'
      Accept-Encoding:
      - gzip, deflate
      Connection:
      - keep-alive
      Content-Type:
      - application/json
      User-Agent:
      - ms-fabric-cli-test/1.3.1
    method: GET
    uri: https://api.fabric.microsoft.com/v1/workspaces
  response:
    body:
      string: '{"value": [{"id": "3634a139-2c9e-4205-910b-3b089a31be47", "displayName":
        "My workspace", "description": "", "type": "Personal"}, {"id": "81065bd8-e334-4715-b170-dedb4cd514e6",
        "displayName": "fabriccli_WorkspacePerTestclass_000001", "description": "Created
        by fab", "type": "Workspace", "capacityId": "00000000-0000-0000-0000-000000000004"}]}'
    headers:
      Access-Control-Expose-Headers:
      - RequestId
      Cache-Control:
      - no-store, must-revalidate, no-cache
      Content-Encoding:
      - gzip
      Content-Length:
      - '2091'
      Content-Type:
      - application/json; charset=utf-8
      Date:
      - Wed, 31 Dec 2025 14:38:12 GMT
      Pragma:
      - no-cache
      RequestId:
      - e6f95d99-1953-41b8-a455-0b6166d1e4e2
      Strict-Transport-Security:
      - max-age=31536000; includeSubDomains
      X-Content-Type-Options:
      - nosniff
      X-Frame-Options:
      - deny
      home-cluster-uri:
      - https://wabi-us-central-b-primary-redirect.analysis.windows.net/
      request-redirected:
      - 'true'
    status:
      code: 200
      message: OK
- request:
    body: null
    headers:
      Accept:
      - '*/*'
      Accept-Encoding:
      - gzip, deflate
      Connection:
      - keep-alive
      Content-Type:
      - application/json
      User-Agent:
      - ms-fabric-cli-test/1.3.1
    method: GET
    uri: https://api.fabric.microsoft.com/v1/workspaces/81065bd8-e334-4715-b170-dedb4cd514e6/items
  response:
    body:
      string: '{"value": [{"id": "3e75a415-b907-4295-b163-a746b3af88d1", "type": "SemanticModel",
        "displayName": "fabcli000001_auto", "description": "", "workspaceId": "81065bd8-e334-4715-b170-dedb4cd514e6"},
        {"id": "ae8184b3-7d1b-4e58-b5a1-1dbc1eb89b47", "type": "Lakehouse", "displayName":
        "fabcli000001", "description": "Created by fab", "workspaceId": "81065bd8-e334-4715-b170-dedb4cd514e6"},
        {"id": "6d583dee-3995-4593-9920-f58526b47dd5", "type": "Lakehouse", "displayName":
        "fabcli000002", "description": "Created by fab", "workspaceId": "81065bd8-e334-4715-b170-dedb4cd514e6"},
        {"id": "56107b92-5b1c-4752-ab0a-4958a0064934", "type": "Lakehouse", "displayName":
        "fabcli000003", "description": "Created by fab", "workspaceId": "81065bd8-e334-4715-b170-dedb4cd514e6"}]}'
    headers:
      Access-Control-Expose-Headers:
      - RequestId
      Cache-Control:
      - no-store, must-revalidate, no-cache
      Content-Encoding:
      - gzip
      Content-Length:
      - '311'
      Content-Type:
      - application/json; charset=utf-8
      Date:
      - Wed, 31 Dec 2025 14:38:14 GMT
      Pragma:
      - no-cache
      RequestId:
      - 015e8017-7c57-4e34-8540-9474bc85e36b
      Strict-Transport-Security:
      - max-age=31536000; includeSubDomains
      X-Content-Type-Options:
      - nosniff
      X-Frame-Options:
      - deny
      home-cluster-uri:
      - https://wabi-us-central-b-primary-redirect.analysis.windows.net/
      request-redirected:
      - 'true'
    status:
      code: 200
      message: OK
- request:
    body: '{"path": "Files", "name": "targetUpdateShortcut", "target": {"oneLake":
      {"workspaceId": "81065bd8-e334-4715-b170-dedb4cd514e6", "itemId": "6d583dee-3995-4593-9920-f58526b47dd5",
      "path": "Files"}}}'
    headers:
      Accept:
      - '*/*'
      Accept-Encoding:
      - gzip, deflate
      Connection:
      - keep-alive
      Content-Length:
      - '196'
      Content-Type:
      - application/json
      User-Agent:
      - ms-fabric-cli-test/1.3.1
    method: POST
    uri: https://api.fabric.microsoft.com/v1/workspaces/81065bd8-e334-4715-b170-dedb4cd514e6/items/ae8184b3-7d1b-4e58-b5a1-1dbc1eb89b47/shortcuts?shortcutConflictPolicy=GenerateUniqueName
  response:
    body:
      string: '{"name": "targetUpdateShortcut", "path": "Files", "target": {"type":
        "OneLake", "oneLake": {"workspaceId": "81065bd8-e334-4715-b170-dedb4cd514e6",
        "itemId": "6d583dee-3995-4593-9920-f58526b47dd5", "path": "Files"}}}'
    headers:
      Access-Control-Allow-Headers:
      - '*'
      Access-Control-Allow-Methods:
      - '*'
      Access-Control-Allow-Origin:
      - '*'
      Access-Control-Expose-Headers:
      - '*,Authorization'
      - RequestId,Location
      Cache-Control:
      - no-store, must-revalidate, no-cache
      Content-Encoding:
      - gzip
      Content-Length:
      - '195'
      Content-Type:
      - application/json; charset=utf-8
      Date:
      - Wed, 31 Dec 2025 14:38:14 GMT
      Location:
      - https://api.fabric.microsoft.com/v1/workspaces/81065bd8-e334-4715-b170-dedb4cd514e6/items/ae8184b3-7d1b-4e58-b5a1-1dbc1eb89b47/shortcuts/Files/targetUpdateShortcut
      Pragma:
      - no-cache
      RequestId:
      - 6da094e3-efad-42a0-b4ca-e7b496b38301
      Strict-Transport-Security:
      - max-age=31536000; includeSubDomains
      - max-age=31536000; includeSubDomains
      X-Content-Type-Options:
      - nosniff
      - nosniff
      X-Frame-Options:
      - deny
      home-cluster-uri:
      - https://wabi-us-central-b-primary-redirect.analysis.windows.net/
      request-redirected:
      - 'true'
    status:
      code: 201
      message: Created
- request:
    body: null
    headers:
      Accept:
      - '*/*'
      Accept-Encoding:
      - gzip, deflate
      Connection:
      - keep-alive
      Content-Type:
      - application/json
      User-Agent:
      - ms-fabric-cli-test/1.3.1
    method: GET
    uri: https://api.fabric.microsoft.com/v1/workspaces
  response:
    body:
      string: '{"value": [{"id": "3634a139-2c9e-4205-910b-3b089a31be47", "displayName":
        "My workspace", "description": "", "type": "Personal"}, {"id": "81065bd8-e334-4715-b170-dedb4cd514e6",
        "displayName": "fabriccli_WorkspacePerTestclass_000001", "description": "Created
        by fab", "type": "Workspace", "capacityId": "00000000-0000-0000-0000-000000000004"}]}'
    headers:
      Access-Control-Expose-Headers:
      - RequestId
      Cache-Control:
      - no-store, must-revalidate, no-cache
      Content-Encoding:
      - gzip
      Content-Length:
      - '2091'
      Content-Type:
      - application/json; charset=utf-8
      Date:
      - Wed, 31 Dec 2025 14:38:15 GMT
      Pragma:
      - no-cache
      RequestId:
      - 990a724f-3e67-476f-a3b1-e49e532c817b
      Strict-Transport-Security:
      - max-age=31536000; includeSubDomains
      X-Content-Type-Options:
      - nosniff
      X-Frame-Options:
      - deny
      home-cluster-uri:
      - https://wabi-us-central-b-primary-redirect.analysis.windows.net/
      request-redirected:
      - 'true'
    status:
      code: 200
      message: OK
- request:
    body: null
    headers:
      Accept:
      - '*/*'
      Accept-Encoding:
      - gzip, deflate
      Connection:
      - keep-alive
      Content-Type:
      - application/json
      User-Agent:
      - ms-fabric-cli-test/1.3.1
    method: GET
    uri: https://api.fabric.microsoft.com/v1/workspaces/81065bd8-e334-4715-b170-dedb4cd514e6/items
  response:
    body:
      string: '{"value": [{"id": "3e75a415-b907-4295-b163-a746b3af88d1", "type": "SemanticModel",
        "displayName": "fabcli000001_auto", "description": "", "workspaceId": "81065bd8-e334-4715-b170-dedb4cd514e6"},
        {"id": "ae8184b3-7d1b-4e58-b5a1-1dbc1eb89b47", "type": "Lakehouse", "displayName":
        "fabcli000001", "description": "Created by fab", "workspaceId": "81065bd8-e334-4715-b170-dedb4cd514e6"},
        {"id": "6d583dee-3995-4593-9920-f58526b47dd5", "type": "Lakehouse", "displayName":
        "fabcli000002", "description": "Created by fab", "workspaceId": "81065bd8-e334-4715-b170-dedb4cd514e6"},
        {"id": "56107b92-5b1c-4752-ab0a-4958a0064934", "type": "Lakehouse", "displayName":
        "fabcli000003", "description": "Created by fab", "workspaceId": "81065bd8-e334-4715-b170-dedb4cd514e6"}]}'
    headers:
      Access-Control-Expose-Headers:
      - RequestId
      Cache-Control:
      - no-store, must-revalidate, no-cache
      Content-Encoding:
      - gzip
      Content-Length:
      - '311'
      Content-Type:
      - application/json; charset=utf-8
      Date:
      - Wed, 31 Dec 2025 14:38:15 GMT
      Pragma:
      - no-cache
      RequestId:
      - 2c234986-a6dd-4b46-a8c7-73bdec91bd8c
      Strict-Transport-Security:
      - max-age=31536000; includeSubDomains
      X-Content-Type-Options:
      - nosniff
      X-Frame-Options:
      - deny
      home-cluster-uri:
      - https://wabi-us-central-b-primary-redirect.analysis.windows.net/
      request-redirected:
      - 'true'
    status:
      code: 200
      message: OK
- request:
    body: null
    headers:
      Accept:
      - '*/*'
      Accept-Encoding:
      - gzip, deflate
      Connection:
      - keep-alive
      Content-Type:
      - application/json
      User-Agent:
      - ms-fabric-cli-test/1.3.1
    method: GET
    uri: https://api.fabric.microsoft.com/v1/workspaces/81065bd8-e334-4715-b170-dedb4cd514e6/lakehouses/56107b92-5b1c-4752-ab0a-4958a0064934
  response:
    body:
      string: '{"id": "56107b92-5b1c-4752-ab0a-4958a0064934", "type": "Lakehouse",
        "displayName": "fabcli000003", "description": "Created by fab", "workspaceId":
        "81065bd8-e334-4715-b170-dedb4cd514e6", "properties": {"oneLakeTablesPath":
        "https://onelake.dfs.fabric.microsoft.com/81065bd8-e334-4715-b170-dedb4cd514e6/56107b92-5b1c-4752-ab0a-4958a0064934/Tables",
        "oneLakeFilesPath": "https://onelake.dfs.fabric.microsoft.com/81065bd8-e334-4715-b170-dedb4cd514e6/56107b92-5b1c-4752-ab0a-4958a0064934/Files",
        "sqlEndpointProperties": {"connectionString": null, "id": null, "provisioningStatus":
        "InProgress"}}}'
    headers:
      Access-Control-Expose-Headers:
      - RequestId,ETag
      Cache-Control:
      - no-store, must-revalidate, no-cache
      Content-Encoding:
      - gzip
      Content-Length:
      - '303'
      Content-Type:
      - application/json; charset=utf-8
      Date:
      - Wed, 31 Dec 2025 14:38:16 GMT
      ETag:
      - '""'
      Pragma:
      - no-cache
      RequestId:
      - 685fbbb8-56c1-45c0-9e95-88f8bac53655
      Strict-Transport-Security:
      - max-age=31536000; includeSubDomains
      X-Content-Type-Options:
      - nosniff
      X-Frame-Options:
      - deny
      home-cluster-uri:
      - https://wabi-us-central-b-primary-redirect.analysis.windows.net/
      request-redirected:
      - 'true'
    status:
      code: 200
      message: OK
- request:
    body: null
    headers:
      Accept:
      - '*/*'
      Accept-Encoding:
      - gzip, deflate
      Connection:
      - keep-alive
      Content-Type:
      - application/json
      User-Agent:
      - ms-fabric-cli-test/1.3.1
    method: GET
    uri: https://api.fabric.microsoft.com/v1/workspaces/81065bd8-e334-4715-b170-dedb4cd514e6/items/56107b92-5b1c-4752-ab0a-4958a0064934/connections
  response:
    body:
      string: '{"value": []}'
    headers:
      Access-Control-Expose-Headers:
      - RequestId
      Cache-Control:
      - no-store, must-revalidate, no-cache
      Content-Encoding:
      - gzip
      Content-Length:
      - '32'
      Content-Type:
      - application/json; charset=utf-8
      Date:
      - Wed, 31 Dec 2025 14:38:16 GMT
      Pragma:
      - no-cache
      RequestId:
      - 68fcfe6a-dbe3-4757-a544-d13cc335a21b
      Strict-Transport-Security:
      - max-age=31536000; includeSubDomains
      X-Content-Type-Options:
      - nosniff
      X-Frame-Options:
      - deny
      home-cluster-uri:
      - https://wabi-us-central-b-primary-redirect.analysis.windows.net/
      request-redirected:
      - 'true'
    status:
      code: 200
      message: OK
- request:
    body: null
    headers:
      Accept:
      - '*/*'
      Accept-Encoding:
      - gzip, deflate
      Connection:
      - keep-alive
      Content-Type:
      - application/json
      User-Agent:
      - ms-fabric-cli-test/1.3.1
    method: GET
    uri: https://api.fabric.microsoft.com/v1/workspaces/81065bd8-e334-4715-b170-dedb4cd514e6/items/56107b92-5b1c-4752-ab0a-4958a0064934/jobs/TableMaintenance/schedules
  response:
    body:
      string: '{"value": []}'
    headers:
      Access-Control-Expose-Headers:
      - RequestId
      Cache-Control:
      - no-store, must-revalidate, no-cache
      Content-Encoding:
      - gzip
      Content-Length:
      - '32'
      Content-Type:
      - application/json; charset=utf-8
      Date:
      - Wed, 31 Dec 2025 14:38:17 GMT
      Pragma:
      - no-cache
      RequestId:
      - 12bf8d40-5ffb-4203-a26b-2d92bbca4c26
      Strict-Transport-Security:
      - max-age=31536000; includeSubDomains
      X-Content-Type-Options:
      - nosniff
      X-Frame-Options:
      - deny
      home-cluster-uri:
      - https://wabi-us-central-b-primary-redirect.analysis.windows.net/
      request-redirected:
      - 'true'
    status:
      code: 200
      message: OK
- request:
    body: null
    headers:
      Accept:
      - '*/*'
      Accept-Encoding:
      - gzip, deflate
      Connection:
      - keep-alive
      Content-Type:
      - application/json
      User-Agent:
      - ms-fabric-cli-test/1.3.1
    method: GET
    uri: https://api.fabric.microsoft.com/v1/workspaces
  response:
    body:
      string: '{"value": [{"id": "3634a139-2c9e-4205-910b-3b089a31be47", "displayName":
        "My workspace", "description": "", "type": "Personal"}, {"id": "81065bd8-e334-4715-b170-dedb4cd514e6",
        "displayName": "fabriccli_WorkspacePerTestclass_000001", "description": "Created
        by fab", "type": "Workspace", "capacityId": "00000000-0000-0000-0000-000000000004"}]}'
    headers:
      Access-Control-Expose-Headers:
      - RequestId
      Cache-Control:
      - no-store, must-revalidate, no-cache
      Content-Encoding:
      - gzip
      Content-Length:
      - '2091'
      Content-Type:
      - application/json; charset=utf-8
      Date:
      - Wed, 31 Dec 2025 14:38:17 GMT
      Pragma:
      - no-cache
      RequestId:
      - d81cb7bc-90b5-4a0c-bd89-d6c7fd96ce28
      Strict-Transport-Security:
      - max-age=31536000; includeSubDomains
      X-Content-Type-Options:
      - nosniff
      X-Frame-Options:
      - deny
      home-cluster-uri:
      - https://wabi-us-central-b-primary-redirect.analysis.windows.net/
      request-redirected:
      - 'true'
    status:
      code: 200
      message: OK
- request:
    body: null
    headers:
      Accept:
      - '*/*'
      Accept-Encoding:
      - gzip, deflate
      Connection:
      - keep-alive
      Content-Type:
      - application/json
      User-Agent:
      - ms-fabric-cli-test/1.3.1
    method: GET
    uri: https://api.fabric.microsoft.com/v1/workspaces/81065bd8-e334-4715-b170-dedb4cd514e6/items
  response:
    body:
      string: '{"value": [{"id": "3e75a415-b907-4295-b163-a746b3af88d1", "type": "SemanticModel",
        "displayName": "fabcli000001_auto", "description": "", "workspaceId": "81065bd8-e334-4715-b170-dedb4cd514e6"},
        {"id": "ae8184b3-7d1b-4e58-b5a1-1dbc1eb89b47", "type": "Lakehouse", "displayName":
        "fabcli000001", "description": "Created by fab", "workspaceId": "81065bd8-e334-4715-b170-dedb4cd514e6"},
        {"id": "6d583dee-3995-4593-9920-f58526b47dd5", "type": "Lakehouse", "displayName":
        "fabcli000002", "description": "Created by fab", "workspaceId": "81065bd8-e334-4715-b170-dedb4cd514e6"},
        {"id": "56107b92-5b1c-4752-ab0a-4958a0064934", "type": "Lakehouse", "displayName":
        "fabcli000003", "description": "Created by fab", "workspaceId": "81065bd8-e334-4715-b170-dedb4cd514e6"}]}'
    headers:
      Access-Control-Expose-Headers:
      - RequestId
      Cache-Control:
      - no-store, must-revalidate, no-cache
      Content-Encoding:
      - gzip
      Content-Length:
      - '311'
      Content-Type:
      - application/json; charset=utf-8
      Date:
      - Wed, 31 Dec 2025 14:38:18 GMT
      Pragma:
      - no-cache
      RequestId:
      - af3de752-64e0-4abf-b285-3deebdd4aea4
      Strict-Transport-Security:
      - max-age=31536000; includeSubDomains
      X-Content-Type-Options:
      - nosniff
      X-Frame-Options:
      - deny
      home-cluster-uri:
      - https://wabi-us-central-b-primary-redirect.analysis.windows.net/
      request-redirected:
      - 'true'
    status:
      code: 200
      message: OK
- request:
    body: null
    headers:
      Accept:
      - '*/*'
      Accept-Encoding:
      - gzip, deflate
      Connection:
      - keep-alive
      Content-Type:
      - application/json
      User-Agent:
      - ms-fabric-cli-test/1.3.1
    method: HEAD
    uri: https://onelake.dfs.fabric.microsoft.com/81065bd8-e334-4715-b170-dedb4cd514e6/ae8184b3-7d1b-4e58-b5a1-1dbc1eb89b47/Files/targetUpdateShortcut
  response:
    body:
      string: ''
    headers:
      Accept-Ranges:
      - bytes
      Access-Control-Allow-Headers:
      - '*'
      Access-Control-Allow-Methods:
      - '*'
      Access-Control-Allow-Origin:
      - '*'
      Access-Control-Expose-Headers:
      - '*,Authorization'
      Content-Length:
      - '0'
      Content-Type:
      - text/plain; charset=utf-8
      Date:
      - Wed, 31 Dec 2025 14:38:17 GMT
      ETag:
      - '"0x8DE487A3691DE3C"'
      Last-Modified:
      - Wed, 31 Dec 2025 14:38:07 GMT
      Server:
      - Windows-Azure-Blob/1.0,Microsoft-HTTPAPI/2.0 Microsoft-HTTPAPI/2.0 Microsoft-HTTPAPI/2.0
      Strict-Transport-Security:
      - max-age=31536000; includeSubDomains
      X-Content-Type-Options:
      - nosniff
      x-ms-onelake-shortcut-path:
      - 'true'
      x-ms-resource-type:
      - directory
    status:
      code: 200
      message: OK
- request:
    body: null
    headers:
      Accept:
      - '*/*'
      Accept-Encoding:
      - gzip, deflate
      Connection:
      - keep-alive
      Content-Type:
      - application/json
      User-Agent:
      - ms-fabric-cli-test/1.3.1
    method: GET
    uri: https://api.fabric.microsoft.com/v1/workspaces/81065bd8-e334-4715-b170-dedb4cd514e6/items/ae8184b3-7d1b-4e58-b5a1-1dbc1eb89b47/shortcuts/Files/targetUpdateShortcut
  response:
    body:
      string: '{"name": "targetUpdateShortcut", "path": "Files", "target": {"type":
        "OneLake", "oneLake": {"workspaceId": "81065bd8-e334-4715-b170-dedb4cd514e6",
        "itemId": "6d583dee-3995-4593-9920-f58526b47dd5", "path": "Files"}}}'
    headers:
      Access-Control-Allow-Headers:
      - '*'
      Access-Control-Allow-Methods:
      - '*'
      Access-Control-Allow-Origin:
      - '*'
      Access-Control-Expose-Headers:
      - '*,Authorization'
      - RequestId
      Cache-Control:
      - no-store, must-revalidate, no-cache
      Content-Encoding:
      - gzip
      Content-Length:
      - '195'
      Content-Type:
      - application/json; charset=utf-8
      Date:
      - Wed, 31 Dec 2025 14:38:19 GMT
      Pragma:
      - no-cache
      RequestId:
      - d69b3365-41f7-48f3-8fa4-e7a9962cad99
      Strict-Transport-Security:
      - max-age=31536000; includeSubDomains
      - max-age=31536000; includeSubDomains
      X-Content-Type-Options:
      - nosniff
      - nosniff
      X-Frame-Options:
      - deny
      home-cluster-uri:
      - https://wabi-us-central-b-primary-redirect.analysis.windows.net/
      request-redirected:
      - 'true'
    status:
      code: 200
      message: OK
- request:
    body: '{"name": "targetUpdateShortcut", "path": "Files", "target": {"oneLake":
      {"workspaceId": "81065bd8-e334-4715-b170-dedb4cd514e6", "itemId": "56107b92-5b1c-4752-ab0a-4958a0064934",
      "path": "Files"}}}'
    headers:
      Accept:
      - '*/*'
      Accept-Encoding:
      - gzip, deflate
      Connection:
      - keep-alive
      Content-Length:
      - '196'
      Content-Type:
      - application/json
      User-Agent:
      - ms-fabric-cli-test/1.3.1
    method: POST
    uri: https://api.fabric.microsoft.com/v1/workspaces/81065bd8-e334-4715-b170-dedb4cd514e6/items/ae8184b3-7d1b-4e58-b5a1-1dbc1eb89b47/shortcuts?shortcutConflictPolicy=OverwriteOnly
  response:
    body:
      string: '{"name": "targetUpdateShortcut", "path": "Files", "target": {"type":
        "OneLake", "oneLake": {"workspaceId": "81065bd8-e334-4715-b170-dedb4cd514e6",
        "itemId": "56107b92-5b1c-4752-ab0a-4958a0064934", "path": "Files"}}}'
    headers:
      Access-Control-Allow-Headers:
      - '*'
      Access-Control-Allow-Methods:
      - '*'
      Access-Control-Allow-Origin:
      - '*'
      Access-Control-Expose-Headers:
      - '*,Authorization'
      - RequestId,Location
      Cache-Control:
      - no-store, must-revalidate, no-cache
      Content-Encoding:
      - gzip
      Content-Length:
      - '194'
      Content-Type:
      - application/json; charset=utf-8
      Date:
      - Wed, 31 Dec 2025 14:38:19 GMT
      Location:
      - https://api.fabric.microsoft.com/v1/workspaces/81065bd8-e334-4715-b170-dedb4cd514e6/items/ae8184b3-7d1b-4e58-b5a1-1dbc1eb89b47/shortcuts/Files/targetUpdateShortcut
      Pragma:
      - no-cache
      RequestId:
      - b5a270cc-fd5c-4593-be35-1d18f5233b34
      Strict-Transport-Security:
      - max-age=31536000; includeSubDomains
      - max-age=31536000; includeSubDomains
      X-Content-Type-Options:
      - nosniff
      - nosniff
      X-Frame-Options:
      - deny
      home-cluster-uri:
      - https://wabi-us-central-b-primary-redirect.analysis.windows.net/
      request-redirected:
      - 'true'
    status:
      code: 200
      message: OK
- request:
    body: null
    headers:
      Accept:
      - '*/*'
      Accept-Encoding:
      - gzip, deflate
      Connection:
      - keep-alive
      Content-Type:
      - application/json
      User-Agent:
      - ms-fabric-cli-test/1.3.1
    method: GET
    uri: https://api.fabric.microsoft.com/v1/workspaces
  response:
    body:
      string: '{"value": [{"id": "3634a139-2c9e-4205-910b-3b089a31be47", "displayName":
        "My workspace", "description": "", "type": "Personal"}, {"id": "81065bd8-e334-4715-b170-dedb4cd514e6",
        "displayName": "fabriccli_WorkspacePerTestclass_000001", "description": "Created
        by fab", "type": "Workspace", "capacityId": "00000000-0000-0000-0000-000000000004"}]}'
    headers:
      Access-Control-Expose-Headers:
      - RequestId
      Cache-Control:
      - no-store, must-revalidate, no-cache
      Content-Encoding:
      - gzip
      Content-Length:
      - '2091'
      Content-Type:
      - application/json; charset=utf-8
      Date:
      - Wed, 31 Dec 2025 14:38:19 GMT
      Pragma:
      - no-cache
      RequestId:
      - ac572424-a791-42c1-b0f2-50e753dcdacd
      Strict-Transport-Security:
      - max-age=31536000; includeSubDomains
      X-Content-Type-Options:
      - nosniff
      X-Frame-Options:
      - deny
      home-cluster-uri:
      - https://wabi-us-central-b-primary-redirect.analysis.windows.net/
      request-redirected:
      - 'true'
    status:
      code: 200
      message: OK
- request:
    body: null
    headers:
      Accept:
      - '*/*'
      Accept-Encoding:
      - gzip, deflate
      Connection:
      - keep-alive
      Content-Type:
      - application/json
      User-Agent:
      - ms-fabric-cli-test/1.3.1
    method: GET
    uri: https://api.fabric.microsoft.com/v1/workspaces/81065bd8-e334-4715-b170-dedb4cd514e6/items
  response:
    body:
      string: '{"value": [{"id": "3e75a415-b907-4295-b163-a746b3af88d1", "type": "SemanticModel",
        "displayName": "fabcli000001_auto", "description": "", "workspaceId": "81065bd8-e334-4715-b170-dedb4cd514e6"},
        {"id": "d72a6d04-2c3c-445d-80a3-523ddcc820f7", "type": "SQLEndpoint", "displayName":
        "fabcli000002", "description": "", "workspaceId": "81065bd8-e334-4715-b170-dedb4cd514e6"},
        {"id": "6347f247-364e-4c84-a8af-762b8636d9d8", "type": "SQLEndpoint", "displayName":
        "fabcli000003", "description": "", "workspaceId": "81065bd8-e334-4715-b170-dedb4cd514e6"},
        {"id": "ae8184b3-7d1b-4e58-b5a1-1dbc1eb89b47", "type": "Lakehouse", "displayName":
        "fabcli000001", "description": "Created by fab", "workspaceId": "81065bd8-e334-4715-b170-dedb4cd514e6"},
        {"id": "6d583dee-3995-4593-9920-f58526b47dd5", "type": "Lakehouse", "displayName":
        "fabcli000002", "description": "Created by fab", "workspaceId": "81065bd8-e334-4715-b170-dedb4cd514e6"},
        {"id": "56107b92-5b1c-4752-ab0a-4958a0064934", "type": "Lakehouse", "displayName":
        "fabcli000003", "description": "Created by fab", "workspaceId": "81065bd8-e334-4715-b170-dedb4cd514e6"}]}'
    headers:
      Access-Control-Expose-Headers:
      - RequestId
      Cache-Control:
      - no-store, must-revalidate, no-cache
      Content-Encoding:
      - gzip
      Content-Length:
      - '384'
      Content-Type:
      - application/json; charset=utf-8
      Date:
      - Wed, 31 Dec 2025 14:38:20 GMT
      Pragma:
      - no-cache
      RequestId:
      - 16a3bc8d-3a6b-4f6a-a16c-3d92b9580aec
      Strict-Transport-Security:
      - max-age=31536000; includeSubDomains
      X-Content-Type-Options:
      - nosniff
      X-Frame-Options:
      - deny
      home-cluster-uri:
      - https://wabi-us-central-b-primary-redirect.analysis.windows.net/
      request-redirected:
      - 'true'
    status:
      code: 200
      message: OK
- request:
    body: null
    headers:
      Accept:
      - '*/*'
      Accept-Encoding:
      - gzip, deflate
      Connection:
      - keep-alive
      Content-Type:
      - application/json
      User-Agent:
      - ms-fabric-cli-test/1.3.1
    method: HEAD
    uri: https://onelake.dfs.fabric.microsoft.com/81065bd8-e334-4715-b170-dedb4cd514e6/ae8184b3-7d1b-4e58-b5a1-1dbc1eb89b47/Files/targetUpdateShortcut
  response:
    body:
      string: ''
    headers:
      Accept-Ranges:
      - bytes
      Access-Control-Allow-Headers:
      - '*'
      Access-Control-Allow-Methods:
      - '*'
      Access-Control-Allow-Origin:
      - '*'
      Access-Control-Expose-Headers:
      - '*,Authorization'
      Content-Length:
      - '0'
      Content-Type:
      - text/plain; charset=utf-8
      Date:
      - Wed, 31 Dec 2025 14:38:20 GMT
      ETag:
      - '"0x8DE487A3856A03C"'
      Last-Modified:
      - Wed, 31 Dec 2025 14:38:10 GMT
      Server:
      - Windows-Azure-Blob/1.0,Microsoft-HTTPAPI/2.0 Microsoft-HTTPAPI/2.0 Microsoft-HTTPAPI/2.0
      Strict-Transport-Security:
      - max-age=31536000; includeSubDomains
      X-Content-Type-Options:
      - nosniff
      x-ms-onelake-shortcut-path:
      - 'true'
      x-ms-resource-type:
      - directory
    status:
      code: 200
      message: OK
- request:
    body: null
    headers:
      Accept:
      - '*/*'
      Accept-Encoding:
      - gzip, deflate
      Connection:
      - keep-alive
      Content-Type:
      - application/json
      User-Agent:
      - ms-fabric-cli-test/1.3.1
    method: GET
    uri: https://api.fabric.microsoft.com/v1/workspaces/81065bd8-e334-4715-b170-dedb4cd514e6/items/ae8184b3-7d1b-4e58-b5a1-1dbc1eb89b47/shortcuts/Files/targetUpdateShortcut
  response:
    body:
      string: '{"name": "targetUpdateShortcut", "path": "Files", "target": {"type":
        "OneLake", "oneLake": {"workspaceId": "81065bd8-e334-4715-b170-dedb4cd514e6",
        "itemId": "56107b92-5b1c-4752-ab0a-4958a0064934", "path": "Files"}}}'
    headers:
      Access-Control-Allow-Headers:
      - '*'
      Access-Control-Allow-Methods:
      - '*'
      Access-Control-Allow-Origin:
      - '*'
      Access-Control-Expose-Headers:
      - '*,Authorization'
      - RequestId
      Cache-Control:
      - no-store, must-revalidate, no-cache
      Content-Encoding:
      - gzip
      Content-Length:
      - '194'
      Content-Type:
      - application/json; charset=utf-8
      Date:
      - Wed, 31 Dec 2025 14:38:21 GMT
      Pragma:
      - no-cache
      RequestId:
      - 7fc26f1c-63ff-4589-bfa2-1b662c13b9a6
      Strict-Transport-Security:
      - max-age=31536000; includeSubDomains
      - max-age=31536000; includeSubDomains
      X-Content-Type-Options:
      - nosniff
      - nosniff
      X-Frame-Options:
      - deny
      home-cluster-uri:
      - https://wabi-us-central-b-primary-redirect.analysis.windows.net/
      request-redirected:
      - 'true'
    status:
      code: 200
      message: OK
- request:
    body: null
    headers:
      Accept:
      - '*/*'
      Accept-Encoding:
      - gzip, deflate
      Connection:
      - keep-alive
      Content-Type:
      - application/json
      User-Agent:
      - ms-fabric-cli-test/1.3.1
    method: GET
    uri: https://api.fabric.microsoft.com/v1/workspaces
  response:
    body:
      string: '{"value": [{"id": "3634a139-2c9e-4205-910b-3b089a31be47", "displayName":
        "My workspace", "description": "", "type": "Personal"}, {"id": "81065bd8-e334-4715-b170-dedb4cd514e6",
        "displayName": "fabriccli_WorkspacePerTestclass_000001", "description": "Created
        by fab", "type": "Workspace", "capacityId": "00000000-0000-0000-0000-000000000004"}]}'
    headers:
      Access-Control-Expose-Headers:
      - RequestId
      Cache-Control:
      - no-store, must-revalidate, no-cache
      Content-Encoding:
      - gzip
      Content-Length:
      - '2091'
      Content-Type:
      - application/json; charset=utf-8
      Date:
      - Wed, 31 Dec 2025 14:38:21 GMT
      Pragma:
      - no-cache
      RequestId:
      - 8d7780b9-a403-459e-823f-0479b0192c17
      Strict-Transport-Security:
      - max-age=31536000; includeSubDomains
      X-Content-Type-Options:
      - nosniff
      X-Frame-Options:
      - deny
      home-cluster-uri:
      - https://wabi-us-central-b-primary-redirect.analysis.windows.net/
      request-redirected:
      - 'true'
    status:
      code: 200
      message: OK
- request:
    body: null
    headers:
      Accept:
      - '*/*'
      Accept-Encoding:
      - gzip, deflate
      Connection:
      - keep-alive
      Content-Type:
      - application/json
      User-Agent:
      - ms-fabric-cli-test/1.3.1
    method: GET
    uri: https://api.fabric.microsoft.com/v1/workspaces/81065bd8-e334-4715-b170-dedb4cd514e6/items
  response:
    body:
      string: '{"value": [{"id": "3e75a415-b907-4295-b163-a746b3af88d1", "type": "SemanticModel",
        "displayName": "fabcli000001_auto", "description": "", "workspaceId": "81065bd8-e334-4715-b170-dedb4cd514e6"},
        {"id": "8423cbd2-c604-4a0b-8deb-733e4f133aa1", "type": "SQLEndpoint", "displayName":
        "fabcli000001", "description": "", "workspaceId": "81065bd8-e334-4715-b170-dedb4cd514e6"},
        {"id": "d72a6d04-2c3c-445d-80a3-523ddcc820f7", "type": "SQLEndpoint", "displayName":
        "fabcli000002", "description": "", "workspaceId": "81065bd8-e334-4715-b170-dedb4cd514e6"},
        {"id": "6347f247-364e-4c84-a8af-762b8636d9d8", "type": "SQLEndpoint", "displayName":
        "fabcli000003", "description": "", "workspaceId": "81065bd8-e334-4715-b170-dedb4cd514e6"},
        {"id": "ae8184b3-7d1b-4e58-b5a1-1dbc1eb89b47", "type": "Lakehouse", "displayName":
        "fabcli000001", "description": "Created by fab", "workspaceId": "81065bd8-e334-4715-b170-dedb4cd514e6"},
        {"id": "6d583dee-3995-4593-9920-f58526b47dd5", "type": "Lakehouse", "displayName":
        "fabcli000002", "description": "Created by fab", "workspaceId": "81065bd8-e334-4715-b170-dedb4cd514e6"},
        {"id": "56107b92-5b1c-4752-ab0a-4958a0064934", "type": "Lakehouse", "displayName":
        "fabcli000003", "description": "Created by fab", "workspaceId": "81065bd8-e334-4715-b170-dedb4cd514e6"}]}'
    headers:
      Access-Control-Expose-Headers:
      - RequestId
      Cache-Control:
      - no-store, must-revalidate, no-cache
      Content-Encoding:
      - gzip
      Content-Length:
      - '408'
      Content-Type:
      - application/json; charset=utf-8
      Date:
      - Wed, 31 Dec 2025 14:38:21 GMT
      Pragma:
      - no-cache
      RequestId:
      - d1a8327c-6758-4a53-841d-f1e1236f14d5
      Strict-Transport-Security:
      - max-age=31536000; includeSubDomains
      X-Content-Type-Options:
      - nosniff
      X-Frame-Options:
      - deny
      home-cluster-uri:
      - https://wabi-us-central-b-primary-redirect.analysis.windows.net/
      request-redirected:
      - 'true'
    status:
      code: 200
      message: OK
- request:
    body: null
    headers:
      Accept:
      - '*/*'
      Accept-Encoding:
      - gzip, deflate
      Connection:
      - keep-alive
      Content-Type:
      - application/json
      User-Agent:
      - ms-fabric-cli-test/1.3.1
    method: HEAD
    uri: https://onelake.dfs.fabric.microsoft.com/81065bd8-e334-4715-b170-dedb4cd514e6/ae8184b3-7d1b-4e58-b5a1-1dbc1eb89b47/Files/targetUpdateShortcut
  response:
    body:
      string: ''
    headers:
      Accept-Ranges:
      - bytes
      Access-Control-Allow-Headers:
      - '*'
      Access-Control-Allow-Methods:
      - '*'
      Access-Control-Allow-Origin:
      - '*'
      Access-Control-Expose-Headers:
      - '*,Authorization'
      Content-Length:
      - '0'
      Content-Type:
      - text/plain; charset=utf-8
      Date:
      - Wed, 31 Dec 2025 14:38:23 GMT
      ETag:
      - '"0x8DE487A3856A03C"'
      Last-Modified:
      - Wed, 31 Dec 2025 14:38:10 GMT
      Server:
      - Windows-Azure-Blob/1.0,Microsoft-HTTPAPI/2.0 Microsoft-HTTPAPI/2.0 Microsoft-HTTPAPI/2.0
      Strict-Transport-Security:
      - max-age=31536000; includeSubDomains
      X-Content-Type-Options:
      - nosniff
      x-ms-onelake-shortcut-path:
      - 'true'
      x-ms-resource-type:
      - directory
    status:
      code: 200
      message: OK
- request:
    body: null
    headers:
      Accept:
      - '*/*'
      Accept-Encoding:
      - gzip, deflate
      Connection:
      - keep-alive
      Content-Length:
      - '0'
      Content-Type:
      - application/json
      User-Agent:
      - ms-fabric-cli-test/1.3.1
    method: DELETE
    uri: https://api.fabric.microsoft.com/v1/workspaces/81065bd8-e334-4715-b170-dedb4cd514e6/items/ae8184b3-7d1b-4e58-b5a1-1dbc1eb89b47/shortcuts/Files/targetUpdateShortcut
  response:
    body:
      string: ''
    headers:
      Access-Control-Allow-Headers:
      - '*'
      Access-Control-Allow-Methods:
      - '*'
      Access-Control-Allow-Origin:
      - '*'
      Access-Control-Expose-Headers:
      - '*,Authorization'
      - RequestId
      Cache-Control:
      - no-store, must-revalidate, no-cache
      Content-Encoding:
      - gzip
      Content-Length:
      - '0'
      Content-Type:
      - application/octet-stream
      Date:
      - Wed, 31 Dec 2025 14:38:25 GMT
      Pragma:
      - no-cache
      RequestId:
      - b79a7a47-69a0-4072-a6bf-5a781c0267b3
      Strict-Transport-Security:
      - max-age=31536000; includeSubDomains
      - max-age=31536000; includeSubDomains
      X-Content-Type-Options:
      - nosniff
      - nosniff
      X-Frame-Options:
      - deny
      home-cluster-uri:
      - https://wabi-us-central-b-primary-redirect.analysis.windows.net/
      request-redirected:
      - 'true'
    status:
      code: 200
      message: OK
- request:
    body: null
    headers:
      Accept:
      - '*/*'
      Accept-Encoding:
      - gzip, deflate
      Connection:
      - keep-alive
      Content-Type:
      - application/json
      User-Agent:
      - ms-fabric-cli-test/1.3.1
    method: GET
    uri: https://api.fabric.microsoft.com/v1/workspaces
  response:
    body:
      string: '{"value": [{"id": "3634a139-2c9e-4205-910b-3b089a31be47", "displayName":
        "My workspace", "description": "", "type": "Personal"}, {"id": "81065bd8-e334-4715-b170-dedb4cd514e6",
        "displayName": "fabriccli_WorkspacePerTestclass_000001", "description": "Created
        by fab", "type": "Workspace", "capacityId": "00000000-0000-0000-0000-000000000004"}]}'
    headers:
      Access-Control-Expose-Headers:
      - RequestId
      Cache-Control:
      - no-store, must-revalidate, no-cache
      Content-Encoding:
      - gzip
      Content-Length:
      - '2091'
      Content-Type:
      - application/json; charset=utf-8
      Date:
      - Wed, 31 Dec 2025 14:38:25 GMT
      Pragma:
      - no-cache
      RequestId:
      - b53c4432-d224-4911-bdfb-78d8cc068313
      Strict-Transport-Security:
      - max-age=31536000; includeSubDomains
      X-Content-Type-Options:
      - nosniff
      X-Frame-Options:
      - deny
      home-cluster-uri:
      - https://wabi-us-central-b-primary-redirect.analysis.windows.net/
      request-redirected:
      - 'true'
    status:
      code: 200
      message: OK
- request:
    body: null
    headers:
      Accept:
      - '*/*'
      Accept-Encoding:
      - gzip, deflate
      Connection:
      - keep-alive
      Content-Type:
      - application/json
      User-Agent:
      - ms-fabric-cli-test/1.3.1
    method: GET
    uri: https://api.fabric.microsoft.com/v1/workspaces/81065bd8-e334-4715-b170-dedb4cd514e6/items
  response:
    body:
      string: '{"value": [{"id": "3e75a415-b907-4295-b163-a746b3af88d1", "type": "SemanticModel",
        "displayName": "fabcli000001_auto", "description": "", "workspaceId": "81065bd8-e334-4715-b170-dedb4cd514e6"},
        {"id": "8423cbd2-c604-4a0b-8deb-733e4f133aa1", "type": "SQLEndpoint", "displayName":
        "fabcli000001", "description": "", "workspaceId": "81065bd8-e334-4715-b170-dedb4cd514e6"},
        {"id": "d72a6d04-2c3c-445d-80a3-523ddcc820f7", "type": "SQLEndpoint", "displayName":
        "fabcli000002", "description": "", "workspaceId": "81065bd8-e334-4715-b170-dedb4cd514e6"},
        {"id": "6347f247-364e-4c84-a8af-762b8636d9d8", "type": "SQLEndpoint", "displayName":
        "fabcli000003", "description": "", "workspaceId": "81065bd8-e334-4715-b170-dedb4cd514e6"},
        {"id": "ae8184b3-7d1b-4e58-b5a1-1dbc1eb89b47", "type": "Lakehouse", "displayName":
        "fabcli000001", "description": "Created by fab", "workspaceId": "81065bd8-e334-4715-b170-dedb4cd514e6"},
        {"id": "6d583dee-3995-4593-9920-f58526b47dd5", "type": "Lakehouse", "displayName":
        "fabcli000002", "description": "Created by fab", "workspaceId": "81065bd8-e334-4715-b170-dedb4cd514e6"},
        {"id": "56107b92-5b1c-4752-ab0a-4958a0064934", "type": "Lakehouse", "displayName":
        "fabcli000003", "description": "Created by fab", "workspaceId": "81065bd8-e334-4715-b170-dedb4cd514e6"}]}'
    headers:
      Access-Control-Expose-Headers:
      - RequestId
      Cache-Control:
      - no-store, must-revalidate, no-cache
      Content-Encoding:
      - gzip
      Content-Length:
      - '408'
      Content-Type:
      - application/json; charset=utf-8
      Date:
      - Wed, 31 Dec 2025 14:38:25 GMT
      Pragma:
      - no-cache
      RequestId:
      - 98d73a05-949d-4280-b060-d791b6e5fd58
      Strict-Transport-Security:
      - max-age=31536000; includeSubDomains
      X-Content-Type-Options:
      - nosniff
      X-Frame-Options:
      - deny
      home-cluster-uri:
      - https://wabi-us-central-b-primary-redirect.analysis.windows.net/
      request-redirected:
      - 'true'
    status:
      code: 200
      message: OK
- request:
    body: null
    headers:
      Accept:
      - '*/*'
      Accept-Encoding:
      - gzip, deflate
      Connection:
      - keep-alive
      Content-Length:
      - '0'
      Content-Type:
      - application/json
      User-Agent:
      - ms-fabric-cli-test/1.3.1
    method: DELETE
    uri: https://api.fabric.microsoft.com/v1/workspaces/81065bd8-e334-4715-b170-dedb4cd514e6/items/56107b92-5b1c-4752-ab0a-4958a0064934
  response:
    body:
      string: ''
    headers:
      Access-Control-Expose-Headers:
      - RequestId
      Cache-Control:
      - no-store, must-revalidate, no-cache
      Content-Encoding:
      - gzip
      Content-Length:
      - '0'
      Content-Type:
      - application/octet-stream
      Date:
      - Wed, 31 Dec 2025 14:38:25 GMT
      Pragma:
      - no-cache
      RequestId:
      - 30dfb59d-5671-423b-a0db-b16f90f00425
      Strict-Transport-Security:
      - max-age=31536000; includeSubDomains
      X-Content-Type-Options:
      - nosniff
      X-Frame-Options:
      - deny
      home-cluster-uri:
      - https://wabi-us-central-b-primary-redirect.analysis.windows.net/
      request-redirected:
      - 'true'
    status:
      code: 200
      message: OK
- request:
    body: null
    headers:
      Accept:
      - '*/*'
      Accept-Encoding:
      - gzip, deflate
      Connection:
      - keep-alive
      Content-Type:
      - application/json
      User-Agent:
      - ms-fabric-cli-test/1.3.1
    method: GET
    uri: https://api.fabric.microsoft.com/v1/workspaces
  response:
    body:
      string: '{"value": [{"id": "3634a139-2c9e-4205-910b-3b089a31be47", "displayName":
        "My workspace", "description": "", "type": "Personal"}, {"id": "81065bd8-e334-4715-b170-dedb4cd514e6",
        "displayName": "fabriccli_WorkspacePerTestclass_000001", "description": "Created
        by fab", "type": "Workspace", "capacityId": "00000000-0000-0000-0000-000000000004"}]}'
    headers:
      Access-Control-Expose-Headers:
      - RequestId
      Cache-Control:
      - no-store, must-revalidate, no-cache
      Content-Encoding:
      - gzip
      Content-Length:
      - '2091'
      Content-Type:
      - application/json; charset=utf-8
      Date:
      - Wed, 31 Dec 2025 14:38:25 GMT
      Pragma:
      - no-cache
      RequestId:
      - ab76785d-ed48-4128-ac4e-61d3ffc7bf07
      Strict-Transport-Security:
      - max-age=31536000; includeSubDomains
      X-Content-Type-Options:
      - nosniff
      X-Frame-Options:
      - deny
      home-cluster-uri:
      - https://wabi-us-central-b-primary-redirect.analysis.windows.net/
      request-redirected:
      - 'true'
    status:
      code: 200
      message: OK
- request:
    body: null
    headers:
      Accept:
      - '*/*'
      Accept-Encoding:
      - gzip, deflate
      Connection:
      - keep-alive
      Content-Type:
      - application/json
      User-Agent:
      - ms-fabric-cli-test/1.3.1
    method: GET
    uri: https://api.fabric.microsoft.com/v1/workspaces/81065bd8-e334-4715-b170-dedb4cd514e6/items
  response:
    body:
      string: '{"value": [{"id": "3e75a415-b907-4295-b163-a746b3af88d1", "type": "SemanticModel",
        "displayName": "fabcli000001_auto", "description": "", "workspaceId": "81065bd8-e334-4715-b170-dedb4cd514e6"},
        {"id": "8423cbd2-c604-4a0b-8deb-733e4f133aa1", "type": "SQLEndpoint", "displayName":
        "fabcli000001", "description": "", "workspaceId": "81065bd8-e334-4715-b170-dedb4cd514e6"},
        {"id": "d72a6d04-2c3c-445d-80a3-523ddcc820f7", "type": "SQLEndpoint", "displayName":
        "fabcli000002", "description": "", "workspaceId": "81065bd8-e334-4715-b170-dedb4cd514e6"},
        {"id": "ae8184b3-7d1b-4e58-b5a1-1dbc1eb89b47", "type": "Lakehouse", "displayName":
        "fabcli000001", "description": "Created by fab", "workspaceId": "81065bd8-e334-4715-b170-dedb4cd514e6"},
        {"id": "6d583dee-3995-4593-9920-f58526b47dd5", "type": "Lakehouse", "displayName":
        "fabcli000002", "description": "Created by fab", "workspaceId": "81065bd8-e334-4715-b170-dedb4cd514e6"}]}'
    headers:
      Access-Control-Expose-Headers:
      - RequestId
      Cache-Control:
      - no-store, must-revalidate, no-cache
      Content-Encoding:
      - gzip
      Content-Length:
      - '341'
      Content-Type:
      - application/json; charset=utf-8
      Date:
      - Wed, 31 Dec 2025 14:38:27 GMT
      Pragma:
      - no-cache
      RequestId:
      - 2a65b8cd-3b7b-4497-a543-126505a4e46e
      Strict-Transport-Security:
      - max-age=31536000; includeSubDomains
      X-Content-Type-Options:
      - nosniff
      X-Frame-Options:
      - deny
      home-cluster-uri:
      - https://wabi-us-central-b-primary-redirect.analysis.windows.net/
      request-redirected:
      - 'true'
    status:
      code: 200
      message: OK
- request:
    body: null
    headers:
      Accept:
      - '*/*'
      Accept-Encoding:
      - gzip, deflate
      Connection:
      - keep-alive
      Content-Length:
      - '0'
      Content-Type:
      - application/json
      User-Agent:
      - ms-fabric-cli-test/1.3.1
    method: DELETE
    uri: https://api.fabric.microsoft.com/v1/workspaces/81065bd8-e334-4715-b170-dedb4cd514e6/items/6d583dee-3995-4593-9920-f58526b47dd5
  response:
    body:
      string: ''
    headers:
      Access-Control-Expose-Headers:
      - RequestId
      Cache-Control:
      - no-store, must-revalidate, no-cache
      Content-Encoding:
      - gzip
      Content-Length:
      - '0'
      Content-Type:
      - application/octet-stream
      Date:
      - Wed, 31 Dec 2025 14:38:27 GMT
      Pragma:
      - no-cache
      RequestId:
      - 3f013c3f-92da-430b-a24e-a2886849d90e
      Strict-Transport-Security:
      - max-age=31536000; includeSubDomains
      X-Content-Type-Options:
      - nosniff
      X-Frame-Options:
      - deny
      home-cluster-uri:
      - https://wabi-us-central-b-primary-redirect.analysis.windows.net/
      request-redirected:
      - 'true'
    status:
      code: 200
      message: OK
- request:
    body: null
    headers:
      Accept:
      - '*/*'
      Accept-Encoding:
      - gzip, deflate
      Connection:
      - keep-alive
      Content-Type:
      - application/json
      User-Agent:
      - ms-fabric-cli-test/1.3.1
    method: GET
    uri: https://api.fabric.microsoft.com/v1/workspaces
  response:
    body:
      string: '{"value": [{"id": "3634a139-2c9e-4205-910b-3b089a31be47", "displayName":
        "My workspace", "description": "", "type": "Personal"}, {"id": "81065bd8-e334-4715-b170-dedb4cd514e6",
        "displayName": "fabriccli_WorkspacePerTestclass_000001", "description": "Created
        by fab", "type": "Workspace", "capacityId": "00000000-0000-0000-0000-000000000004"}]}'
    headers:
      Access-Control-Expose-Headers:
      - RequestId
      Cache-Control:
      - no-store, must-revalidate, no-cache
      Content-Encoding:
      - gzip
      Content-Length:
      - '2091'
      Content-Type:
      - application/json; charset=utf-8
      Date:
      - Wed, 31 Dec 2025 14:38:28 GMT
      Pragma:
      - no-cache
      RequestId:
      - b4ab6e37-823e-4646-8414-8defd27f1793
      Strict-Transport-Security:
      - max-age=31536000; includeSubDomains
      X-Content-Type-Options:
      - nosniff
      X-Frame-Options:
      - deny
      home-cluster-uri:
      - https://wabi-us-central-b-primary-redirect.analysis.windows.net/
      request-redirected:
      - 'true'
    status:
      code: 200
      message: OK
- request:
    body: null
    headers:
      Accept:
      - '*/*'
      Accept-Encoding:
      - gzip, deflate
      Connection:
      - keep-alive
      Content-Type:
      - application/json
      User-Agent:
      - ms-fabric-cli-test/1.3.1
    method: GET
    uri: https://api.fabric.microsoft.com/v1/workspaces/81065bd8-e334-4715-b170-dedb4cd514e6/items
  response:
    body:
      string: '{"value": [{"id": "3e75a415-b907-4295-b163-a746b3af88d1", "type": "SemanticModel",
        "displayName": "fabcli000001_auto", "description": "", "workspaceId": "81065bd8-e334-4715-b170-dedb4cd514e6"},
        {"id": "8423cbd2-c604-4a0b-8deb-733e4f133aa1", "type": "SQLEndpoint", "displayName":
        "fabcli000001", "description": "", "workspaceId": "81065bd8-e334-4715-b170-dedb4cd514e6"},
        {"id": "ae8184b3-7d1b-4e58-b5a1-1dbc1eb89b47", "type": "Lakehouse", "displayName":
        "fabcli000001", "description": "Created by fab", "workspaceId": "81065bd8-e334-4715-b170-dedb4cd514e6"}]}'
    headers:
      Access-Control-Expose-Headers:
      - RequestId
      Cache-Control:
      - no-store, must-revalidate, no-cache
      Content-Encoding:
      - gzip
      Content-Length:
      - '276'
      Content-Type:
      - application/json; charset=utf-8
      Date:
      - Wed, 31 Dec 2025 14:38:27 GMT
      Pragma:
      - no-cache
      RequestId:
      - d16ef835-af07-4bcf-a196-dd7e17bb1250
      Strict-Transport-Security:
      - max-age=31536000; includeSubDomains
      X-Content-Type-Options:
      - nosniff
      X-Frame-Options:
      - deny
      home-cluster-uri:
      - https://wabi-us-central-b-primary-redirect.analysis.windows.net/
      request-redirected:
      - 'true'
    status:
      code: 200
      message: OK
- request:
    body: null
    headers:
      Accept:
      - '*/*'
      Accept-Encoding:
      - gzip, deflate
      Connection:
      - keep-alive
      Content-Length:
      - '0'
      Content-Type:
      - application/json
      User-Agent:
      - ms-fabric-cli-test/1.3.1
    method: DELETE
    uri: https://api.fabric.microsoft.com/v1/workspaces/81065bd8-e334-4715-b170-dedb4cd514e6/items/ae8184b3-7d1b-4e58-b5a1-1dbc1eb89b47
  response:
    body:
      string: ''
    headers:
      Access-Control-Expose-Headers:
      - RequestId
      Cache-Control:
      - no-store, must-revalidate, no-cache
      Content-Encoding:
      - gzip
      Content-Length:
      - '0'
      Content-Type:
      - application/octet-stream
      Date:
      - Wed, 31 Dec 2025 14:38:28 GMT
      Pragma:
      - no-cache
      RequestId:
      - 4031f6d4-02d4-4b13-a138-13b28cdafc93
      Strict-Transport-Security:
      - max-age=31536000; includeSubDomains
      X-Content-Type-Options:
      - nosniff
      X-Frame-Options:
      - deny
      home-cluster-uri:
      - https://wabi-us-central-b-primary-redirect.analysis.windows.net/
      request-redirected:
      - 'true'
    status:
      code: 200
      message: OK
version: 1
