interactions:
- request:
    body: null
    headers:
      Accept:
      - '*/*'
      Accept-Encoding:
      - gzip, deflate
      Connection:
      - keep-alive
      Content-Type:
      - application/json
      User-Agent:
      - ms-fabric-cli-test/1.3.1
    method: GET
    uri: https://api.fabric.microsoft.com/v1/workspaces
  response:
    body:
      string: '{"value": [{"id": "3634a139-2c9e-4205-910b-3b089a31be47", "displayName":
        "My workspace", "description": "", "type": "Personal"}, {"id": "fa27f57f-70d6-4009-872b-f7e7149c5026",
        "displayName": "fabriccli_WorkspacePerTestclass_000001", "description": "Created
        by fab", "type": "Workspace", "capacityId": "00000000-0000-0000-0000-000000000004"}]}'
    headers:
      Access-Control-Expose-Headers:
      - RequestId
      Cache-Control:
      - no-store, must-revalidate, no-cache
      Content-Encoding:
      - gzip
      Content-Length:
      - '2305'
      Content-Type:
      - application/json; charset=utf-8
      Date:
      - Thu, 29 Jan 2026 10:05:14 GMT
      Pragma:
      - no-cache
      RequestId:
      - 545dd645-0d5c-4112-a913-67ecce08b5e2
      Strict-Transport-Security:
      - max-age=31536000; includeSubDomains
      X-Content-Type-Options:
      - nosniff
      X-Frame-Options:
      - deny
      home-cluster-uri:
      - https://wabi-us-central-b-primary-redirect.analysis.windows.net/
      request-redirected:
      - 'true'
    status:
      code: 200
      message: OK
- request:
    body: null
    headers:
      Accept:
      - '*/*'
      Accept-Encoding:
      - gzip, deflate
      Connection:
      - keep-alive
      Content-Type:
      - application/json
      User-Agent:
      - ms-fabric-cli-test/1.3.1
    method: GET
    uri: https://api.fabric.microsoft.com/v1/workspaces/fa27f57f-70d6-4009-872b-f7e7149c5026/items
  response:
    body:
      string: '{"value": []}'
    headers:
      Access-Control-Expose-Headers:
      - RequestId
      Cache-Control:
      - no-store, must-revalidate, no-cache
      Content-Encoding:
      - gzip
      Content-Length:
      - '32'
      Content-Type:
      - application/json; charset=utf-8
      Date:
      - Thu, 29 Jan 2026 10:05:15 GMT
      Pragma:
      - no-cache
      RequestId:
      - 8316a1c9-cfb2-4348-b93b-e9cea9638eb4
      Strict-Transport-Security:
      - max-age=31536000; includeSubDomains
      X-Content-Type-Options:
      - nosniff
      X-Frame-Options:
      - deny
      home-cluster-uri:
      - https://wabi-us-central-b-primary-redirect.analysis.windows.net/
      request-redirected:
      - 'true'
    status:
      code: 200
      message: OK
- request:
    body: null
    headers:
      Accept:
      - '*/*'
      Accept-Encoding:
      - gzip, deflate
      Connection:
      - keep-alive
      Content-Type:
      - application/json
      User-Agent:
      - ms-fabric-cli-test/1.3.1
    method: GET
    uri: https://api.fabric.microsoft.com/v1/workspaces/fa27f57f-70d6-4009-872b-f7e7149c5026/items
  response:
    body:
      string: '{"value": []}'
    headers:
      Access-Control-Expose-Headers:
      - RequestId
      Cache-Control:
      - no-store, must-revalidate, no-cache
      Content-Encoding:
      - gzip
      Content-Length:
      - '32'
      Content-Type:
      - application/json; charset=utf-8
      Date:
      - Thu, 29 Jan 2026 10:05:15 GMT
      Pragma:
      - no-cache
      RequestId:
      - ff2d809e-9c70-461e-a0cd-b24a134133f6
      Strict-Transport-Security:
      - max-age=31536000; includeSubDomains
      X-Content-Type-Options:
      - nosniff
      X-Frame-Options:
      - deny
      home-cluster-uri:
      - https://wabi-us-central-b-primary-redirect.analysis.windows.net/
      request-redirected:
      - 'true'
    status:
      code: 200
      message: OK
- request:
    body: '{"description": "Created by fab", "displayName": "fabcli000001", "type":
      "Eventstream", "folderId": null}'
    headers:
      Accept:
      - '*/*'
      Accept-Encoding:
      - gzip, deflate
      Connection:
      - keep-alive
      Content-Length:
      - '109'
      Content-Type:
      - application/json
      User-Agent:
      - ms-fabric-cli-test/1.3.1
    method: POST
    uri: https://api.fabric.microsoft.com/v1/workspaces/fa27f57f-70d6-4009-872b-f7e7149c5026/eventstreams
  response:
    body:
      string: 'null'
    headers:
      Access-Control-Expose-Headers:
      - RequestId,Location,Retry-After,ETag,x-ms-operation-id
      Cache-Control:
      - no-store, must-revalidate, no-cache
      Content-Encoding:
      - gzip
      Content-Length:
      - '24'
      Content-Type:
      - application/json; charset=utf-8
      Date:
      - Thu, 29 Jan 2026 10:05:17 GMT
      ETag:
      - '""'
      Location:
      - https://wabi-us-central-b-primary-redirect.analysis.windows.net/v1/operations/3ebbfdfe-024d-4d70-8838-4c16c297711b
      Pragma:
      - no-cache
      RequestId:
      - 8ea48637-a7aa-4905-bfd9-0592eb5e71ca
      Retry-After:
      - '20'
      Strict-Transport-Security:
      - max-age=31536000; includeSubDomains
      X-Content-Type-Options:
      - nosniff
      X-Frame-Options:
      - deny
      home-cluster-uri:
      - https://wabi-us-central-b-primary-redirect.analysis.windows.net/
      request-redirected:
      - 'true'
      x-ms-operation-id:
      - 3ebbfdfe-024d-4d70-8838-4c16c297711b
    status:
      code: 202
      message: Accepted
- request:
    body: null
    headers:
      Accept:
      - '*/*'
      Accept-Encoding:
      - gzip, deflate
      Connection:
      - keep-alive
      Content-Type:
      - application/json
      User-Agent:
      - ms-fabric-cli-test/1.3.1
    method: GET
    uri: https://wabi-us-central-b-primary-redirect.analysis.windows.net/v1/operations/3ebbfdfe-024d-4d70-8838-4c16c297711b
  response:
    body:
      string: '{"status": "Succeeded", "createdTimeUtc": "2026-01-29T10:05:17.2027034",
        "lastUpdatedTimeUtc": "2026-01-29T10:05:22.2668019", "percentComplete": 100,
        "error": null}'
    headers:
      Access-Control-Expose-Headers:
      - RequestId,Location,x-ms-operation-id
      Cache-Control:
      - no-store, must-revalidate, no-cache
      Content-Encoding:
      - gzip
      Content-Length:
      - '130'
      Content-Type:
      - application/json; charset=utf-8
      Date:
      - Thu, 29 Jan 2026 10:05:39 GMT
      Location:
      - https://wabi-us-central-b-primary-redirect.analysis.windows.net/v1/operations/3ebbfdfe-024d-4d70-8838-4c16c297711b/result
      Pragma:
      - no-cache
      RequestId:
      - 2e66350b-8968-4690-b273-cb36da457164
      Strict-Transport-Security:
      - max-age=31536000; includeSubDomains
      X-Content-Type-Options:
      - nosniff
      X-Frame-Options:
      - deny
      x-ms-operation-id:
      - 3ebbfdfe-024d-4d70-8838-4c16c297711b
    status:
      code: 200
      message: OK
- request:
    body: null
    headers:
      Accept:
      - '*/*'
      Accept-Encoding:
      - gzip, deflate
      Connection:
      - keep-alive
      Content-Type:
      - application/json
      User-Agent:
      - ms-fabric-cli-test/1.3.1
    method: GET
    uri: https://wabi-us-central-b-primary-redirect.analysis.windows.net/v1/operations/3ebbfdfe-024d-4d70-8838-4c16c297711b/result
  response:
    body:
      string: '{"id": "f691f643-d4c8-45b7-8baa-4ac0b877886c", "type": "Eventstream",
        "displayName": "fabcli000001", "description": "Created by fab", "workspaceId":
        "fa27f57f-70d6-4009-872b-f7e7149c5026"}'
    headers:
      Access-Control-Expose-Headers:
      - RequestId
      Cache-Control:
      - no-store, must-revalidate, no-cache
      Content-Encoding:
      - gzip
      Content-Type:
      - application/json
      Date:
      - Thu, 29 Jan 2026 10:05:39 GMT
      Pragma:
      - no-cache
      RequestId:
      - 5e3c995c-6f14-45cc-9fc9-ca6fefb34307
      Strict-Transport-Security:
      - max-age=31536000; includeSubDomains
      Transfer-Encoding:
      - chunked
      X-Content-Type-Options:
      - nosniff
      X-Frame-Options:
      - deny
    status:
      code: 200
      message: OK
- request:
    body: null
    headers:
      Accept:
      - '*/*'
      Accept-Encoding:
      - gzip, deflate
      Connection:
      - keep-alive
      Content-Type:
      - application/json
      User-Agent:
      - ms-fabric-cli-test/1.3.1
    method: GET
    uri: https://api.fabric.microsoft.com/v1/workspaces
  response:
    body:
      string: '{"value": [{"id": "3634a139-2c9e-4205-910b-3b089a31be47", "displayName":
        "My workspace", "description": "", "type": "Personal"}, {"id": "fa27f57f-70d6-4009-872b-f7e7149c5026",
        "displayName": "fabriccli_WorkspacePerTestclass_000001", "description": "Created
        by fab", "type": "Workspace", "capacityId": "00000000-0000-0000-0000-000000000004"}]}'
    headers:
      Access-Control-Expose-Headers:
      - RequestId
      Cache-Control:
      - no-store, must-revalidate, no-cache
      Content-Encoding:
      - gzip
      Content-Length:
      - '2305'
      Content-Type:
      - application/json; charset=utf-8
      Date:
      - Thu, 29 Jan 2026 10:05:40 GMT
      Pragma:
      - no-cache
      RequestId:
      - 7be5e509-a4d4-4619-98c4-58a9f208f1ec
      Strict-Transport-Security:
      - max-age=31536000; includeSubDomains
      X-Content-Type-Options:
      - nosniff
      X-Frame-Options:
      - deny
      home-cluster-uri:
      - https://wabi-us-central-b-primary-redirect.analysis.windows.net/
      request-redirected:
      - 'true'
    status:
      code: 200
      message: OK
- request:
    body: null
    headers:
      Accept:
      - '*/*'
      Accept-Encoding:
      - gzip, deflate
      Connection:
      - keep-alive
      Content-Type:
      - application/json
      User-Agent:
      - ms-fabric-cli-test/1.3.1
    method: GET
    uri: https://api.fabric.microsoft.com/v1/workspaces/fa27f57f-70d6-4009-872b-f7e7149c5026/items
  response:
    body:
      string: '{"value": [{"id": "f691f643-d4c8-45b7-8baa-4ac0b877886c", "type": "Eventstream",
        "displayName": "fabcli000001", "description": "Created by fab", "workspaceId":
        "fa27f57f-70d6-4009-872b-f7e7149c5026"}]}'
    headers:
      Access-Control-Expose-Headers:
      - RequestId
      Cache-Control:
      - no-store, must-revalidate, no-cache
      Content-Encoding:
      - gzip
      Content-Length:
      - '180'
      Content-Type:
      - application/json; charset=utf-8
      Date:
      - Thu, 29 Jan 2026 10:05:41 GMT
      Pragma:
      - no-cache
      RequestId:
      - 69dd082f-ddf5-4e72-b40e-cf8a1afeb80e
      Strict-Transport-Security:
      - max-age=31536000; includeSubDomains
      X-Content-Type-Options:
      - nosniff
      X-Frame-Options:
      - deny
      home-cluster-uri:
      - https://wabi-us-central-b-primary-redirect.analysis.windows.net/
      request-redirected:
      - 'true'
    status:
      code: 200
      message: OK
- request:
    body: null
    headers:
      Accept:
      - '*/*'
      Accept-Encoding:
      - gzip, deflate
      Connection:
      - keep-alive
      Content-Type:
      - application/json
      User-Agent:
      - ms-fabric-cli-test/1.3.1
    method: GET
    uri: https://api.fabric.microsoft.com/v1/workspaces/fa27f57f-70d6-4009-872b-f7e7149c5026/eventstreams/f691f643-d4c8-45b7-8baa-4ac0b877886c
  response:
    body:
      string: '{"id": "f691f643-d4c8-45b7-8baa-4ac0b877886c", "type": "Eventstream",
        "displayName": "fabcli000001", "description": "Created by fab", "workspaceId":
        "fa27f57f-70d6-4009-872b-f7e7149c5026"}'
    headers:
      Access-Control-Expose-Headers:
      - RequestId,ETag
      Cache-Control:
      - no-store, must-revalidate, no-cache
      Content-Encoding:
      - gzip
      Content-Length:
      - '170'
      Content-Type:
      - application/json; charset=utf-8
      Date:
      - Thu, 29 Jan 2026 10:05:42 GMT
      ETag:
      - '""'
      Pragma:
      - no-cache
      RequestId:
      - 7dcb9b1b-858f-4cfc-8dea-286573bbbe7a
      Strict-Transport-Security:
      - max-age=31536000; includeSubDomains
      X-Content-Type-Options:
      - nosniff
      X-Frame-Options:
      - deny
      home-cluster-uri:
      - https://wabi-us-central-b-primary-redirect.analysis.windows.net/
      request-redirected:
      - 'true'
    status:
      code: 200
      message: OK
- request:
    body: '{"description": "fabcli000002"}'
    headers:
      Accept:
      - '*/*'
      Accept-Encoding:
      - gzip, deflate
      Connection:
      - keep-alive
      Content-Length:
      - '35'
      Content-Type:
      - application/json
      User-Agent:
      - ms-fabric-cli-test/1.3.1
    method: PATCH
    uri: https://api.fabric.microsoft.com/v1/workspaces/fa27f57f-70d6-4009-872b-f7e7149c5026/eventstreams/f691f643-d4c8-45b7-8baa-4ac0b877886c
  response:
    body:
      string: '{"id": "f691f643-d4c8-45b7-8baa-4ac0b877886c", "type": "Eventstream",
        "displayName": "fabcli000001", "description": "fabcli000002", "workspaceId":
        "fa27f57f-70d6-4009-872b-f7e7149c5026"}'
    headers:
      Access-Control-Expose-Headers:
      - RequestId,ETag
      Cache-Control:
      - no-store, must-revalidate, no-cache
      Content-Encoding:
      - gzip
      Content-Length:
      - '168'
      Content-Type:
      - application/json; charset=utf-8
      Date:
      - Thu, 29 Jan 2026 10:05:42 GMT
      ETag:
      - '""'
      Pragma:
      - no-cache
      RequestId:
      - b9ef0c73-e4a4-4cf6-9f03-0ba70ab73001
      Strict-Transport-Security:
      - max-age=31536000; includeSubDomains
      X-Content-Type-Options:
      - nosniff
      X-Frame-Options:
      - deny
      home-cluster-uri:
      - https://wabi-us-central-b-primary-redirect.analysis.windows.net/
      request-redirected:
      - 'true'
    status:
      code: 200
      message: OK
- request:
    body: null
    headers:
      Accept:
      - '*/*'
      Accept-Encoding:
      - gzip, deflate
      Connection:
      - keep-alive
      Content-Type:
      - application/json
      User-Agent:
      - ms-fabric-cli-test/1.3.1
    method: GET
    uri: https://api.fabric.microsoft.com/v1/workspaces
  response:
    body:
      string: '{"value": [{"id": "3634a139-2c9e-4205-910b-3b089a31be47", "displayName":
        "My workspace", "description": "", "type": "Personal"}, {"id": "fa27f57f-70d6-4009-872b-f7e7149c5026",
        "displayName": "fabriccli_WorkspacePerTestclass_000001", "description": "Created
        by fab", "type": "Workspace", "capacityId": "00000000-0000-0000-0000-000000000004"}]}'
    headers:
      Access-Control-Expose-Headers:
      - RequestId
      Cache-Control:
      - no-store, must-revalidate, no-cache
      Content-Encoding:
      - gzip
      Content-Length:
      - '2305'
      Content-Type:
      - application/json; charset=utf-8
      Date:
      - Thu, 29 Jan 2026 10:05:43 GMT
      Pragma:
      - no-cache
      RequestId:
      - e146b196-e85f-4465-84f3-3b67765bcde0
      Strict-Transport-Security:
      - max-age=31536000; includeSubDomains
      X-Content-Type-Options:
      - nosniff
      X-Frame-Options:
      - deny
      home-cluster-uri:
      - https://wabi-us-central-b-primary-redirect.analysis.windows.net/
      request-redirected:
      - 'true'
    status:
      code: 200
      message: OK
- request:
    body: null
    headers:
      Accept:
      - '*/*'
      Accept-Encoding:
      - gzip, deflate
      Connection:
      - keep-alive
      Content-Type:
      - application/json
      User-Agent:
      - ms-fabric-cli-test/1.3.1
    method: GET
    uri: https://api.fabric.microsoft.com/v1/workspaces/fa27f57f-70d6-4009-872b-f7e7149c5026/items
  response:
    body:
      string: '{"value": [{"id": "f691f643-d4c8-45b7-8baa-4ac0b877886c", "type": "Eventstream",
        "displayName": "fabcli000001", "description": "fabcli000002", "workspaceId":
        "fa27f57f-70d6-4009-872b-f7e7149c5026"}]}'
    headers:
      Access-Control-Expose-Headers:
      - RequestId
      Cache-Control:
      - no-store, must-revalidate, no-cache
      Content-Encoding:
      - gzip
      Content-Length:
      - '180'
      Content-Type:
      - application/json; charset=utf-8
      Date:
      - Thu, 29 Jan 2026 10:05:43 GMT
      Pragma:
      - no-cache
      RequestId:
      - bc536f6e-b128-4cb1-99d1-5fed8bf56cff
      Strict-Transport-Security:
      - max-age=31536000; includeSubDomains
      X-Content-Type-Options:
      - nosniff
      X-Frame-Options:
      - deny
      home-cluster-uri:
      - https://wabi-us-central-b-primary-redirect.analysis.windows.net/
      request-redirected:
      - 'true'
    status:
      code: 200
      message: OK
- request:
    body: null
    headers:
      Accept:
      - '*/*'
      Accept-Encoding:
      - gzip, deflate
      Connection:
      - keep-alive
      Content-Type:
      - application/json
      User-Agent:
      - ms-fabric-cli-test/1.3.1
    method: GET
    uri: https://api.fabric.microsoft.com/v1/workspaces/fa27f57f-70d6-4009-872b-f7e7149c5026/eventstreams/f691f643-d4c8-45b7-8baa-4ac0b877886c
  response:
    body:
      string: '{"id": "f691f643-d4c8-45b7-8baa-4ac0b877886c", "type": "Eventstream",
        "displayName": "fabcli000001", "description": "fabcli000002", "workspaceId":
        "fa27f57f-70d6-4009-872b-f7e7149c5026"}'
    headers:
      Access-Control-Expose-Headers:
      - RequestId,ETag
      Cache-Control:
      - no-store, must-revalidate, no-cache
      Content-Encoding:
      - gzip
      Content-Length:
      - '168'
      Content-Type:
      - application/json; charset=utf-8
      Date:
      - Thu, 29 Jan 2026 10:05:44 GMT
      ETag:
      - '""'
      Pragma:
      - no-cache
      RequestId:
      - 71de0070-1bff-4bf0-a979-e5d53803a7b8
      Strict-Transport-Security:
      - max-age=31536000; includeSubDomains
      X-Content-Type-Options:
      - nosniff
      X-Frame-Options:
      - deny
      home-cluster-uri:
      - https://wabi-us-central-b-primary-redirect.analysis.windows.net/
      request-redirected:
      - 'true'
    status:
      code: 200
      message: OK
- request:
    body: null
    headers:
      Accept:
      - '*/*'
      Accept-Encoding:
      - gzip, deflate
      Connection:
      - keep-alive
      Content-Type:
      - application/json
      User-Agent:
      - ms-fabric-cli-test/1.3.1
    method: GET
    uri: https://api.fabric.microsoft.com/v1/workspaces/fa27f57f-70d6-4009-872b-f7e7149c5026/items/f691f643-d4c8-45b7-8baa-4ac0b877886c/connections
  response:
    body:
      string: '{"value": []}'
    headers:
      Access-Control-Expose-Headers:
      - RequestId
      Cache-Control:
      - no-store, must-revalidate, no-cache
      Content-Encoding:
      - gzip
      Content-Length:
      - '32'
      Content-Type:
      - application/json; charset=utf-8
      Date:
      - Thu, 29 Jan 2026 10:05:45 GMT
      Pragma:
      - no-cache
      RequestId:
      - b97c3044-9caf-494a-af05-3ba4ea5c2110
      Strict-Transport-Security:
      - max-age=31536000; includeSubDomains
      X-Content-Type-Options:
      - nosniff
      X-Frame-Options:
      - deny
      home-cluster-uri:
      - https://wabi-us-central-b-primary-redirect.analysis.windows.net/
      request-redirected:
      - 'true'
    status:
      code: 200
      message: OK
- request:
    body: null
    headers:
      Accept:
      - '*/*'
      Accept-Encoding:
      - gzip, deflate
      Connection:
      - keep-alive
      Content-Type:
      - application/json
      User-Agent:
      - ms-fabric-cli-test/1.3.1
    method: GET
    uri: https://api.fabric.microsoft.com/v1/workspaces
  response:
    body:
      string: '{"value": [{"id": "3634a139-2c9e-4205-910b-3b089a31be47", "displayName":
        "My workspace", "description": "", "type": "Personal"}, {"id": "fa27f57f-70d6-4009-872b-f7e7149c5026",
        "displayName": "fabriccli_WorkspacePerTestclass_000001", "description": "Created
        by fab", "type": "Workspace", "capacityId": "00000000-0000-0000-0000-000000000004"}]}'
    headers:
      Access-Control-Expose-Headers:
      - RequestId
      Cache-Control:
      - no-store, must-revalidate, no-cache
      Content-Encoding:
      - gzip
      Content-Length:
      - '2305'
      Content-Type:
      - application/json; charset=utf-8
      Date:
      - Thu, 29 Jan 2026 10:05:46 GMT
      Pragma:
      - no-cache
      RequestId:
      - 689be3ad-7edb-4b91-9483-80ce4b2ad472
      Strict-Transport-Security:
      - max-age=31536000; includeSubDomains
      X-Content-Type-Options:
      - nosniff
      X-Frame-Options:
      - deny
      home-cluster-uri:
      - https://wabi-us-central-b-primary-redirect.analysis.windows.net/
      request-redirected:
      - 'true'
    status:
      code: 200
      message: OK
- request:
    body: null
    headers:
      Accept:
      - '*/*'
      Accept-Encoding:
      - gzip, deflate
      Connection:
      - keep-alive
      Content-Type:
      - application/json
      User-Agent:
      - ms-fabric-cli-test/1.3.1
    method: GET
    uri: https://api.fabric.microsoft.com/v1/workspaces/fa27f57f-70d6-4009-872b-f7e7149c5026/items
  response:
    body:
      string: '{"value": [{"id": "f691f643-d4c8-45b7-8baa-4ac0b877886c", "type": "Eventstream",
        "displayName": "fabcli000001", "description": "fabcli000002", "workspaceId":
        "fa27f57f-70d6-4009-872b-f7e7149c5026"}]}'
    headers:
      Access-Control-Expose-Headers:
      - RequestId
      Cache-Control:
      - no-store, must-revalidate, no-cache
      Content-Encoding:
      - gzip
      Content-Length:
      - '180'
      Content-Type:
      - application/json; charset=utf-8
      Date:
      - Thu, 29 Jan 2026 10:05:46 GMT
      Pragma:
      - no-cache
      RequestId:
      - 8bd40017-4e2c-457b-8b2f-0616c59bf1d8
      Strict-Transport-Security:
      - max-age=31536000; includeSubDomains
      X-Content-Type-Options:
      - nosniff
      X-Frame-Options:
      - deny
      home-cluster-uri:
      - https://wabi-us-central-b-primary-redirect.analysis.windows.net/
      request-redirected:
      - 'true'
    status:
      code: 200
      message: OK
- request:
    body: null
    headers:
      Accept:
      - '*/*'
      Accept-Encoding:
      - gzip, deflate
      Connection:
      - keep-alive
      Content-Length:
      - '0'
      Content-Type:
      - application/json
      User-Agent:
      - ms-fabric-cli-test/1.3.1
    method: DELETE
    uri: https://api.fabric.microsoft.com/v1/workspaces/fa27f57f-70d6-4009-872b-f7e7149c5026/items/f691f643-d4c8-45b7-8baa-4ac0b877886c
  response:
    body:
      string: ''
    headers:
      Access-Control-Expose-Headers:
      - RequestId
      Cache-Control:
      - no-store, must-revalidate, no-cache
      Content-Encoding:
      - gzip
      Content-Length:
      - '0'
      Content-Type:
      - application/octet-stream
      Date:
      - Thu, 29 Jan 2026 10:05:47 GMT
      Pragma:
      - no-cache
      RequestId:
      - 2c50bee8-2227-46c3-b315-5cfc87d359d7
      Strict-Transport-Security:
      - max-age=31536000; includeSubDomains
      X-Content-Type-Options:
      - nosniff
      X-Frame-Options:
      - deny
      home-cluster-uri:
      - https://wabi-us-central-b-primary-redirect.analysis.windows.net/
      request-redirected:
      - 'true'
    status:
      code: 200
      message: OK
version: 1
