interactions:
- request:
    body: null
    headers:
      Accept:
      - '*/*'
      Accept-Encoding:
      - gzip, deflate
      Connection:
      - keep-alive
      Content-Type:
      - application/json
      User-Agent:
      - ms-fabric-cli-test/1.0.0
    method: GET
    uri: https://api.fabric.microsoft.com/v1/admin/domains
  response:
    body:
      string: '{"domains": []}'
    headers:
      Access-Control-Expose-Headers:
      - RequestId
      Cache-Control:
      - no-store, must-revalidate, no-cache
      Content-Encoding:
      - gzip
      Content-Length:
      - '825'
      Content-Type:
      - application/json; charset=utf-8
      Date:
      - Wed, 03 Sep 2025 09:21:53 GMT
      Pragma:
      - no-cache
      RequestId:
      - 3aae26e2-f5a6-4d74-afa7-c81fa59ad514
      Strict-Transport-Security:
      - max-age=31536000; includeSubDomains
      X-Content-Type-Options:
      - nosniff
      X-Frame-Options:
      - deny
      home-cluster-uri:
      - https://wabi-west-europe-redirect.analysis.windows.net/
      request-redirected:
      - 'true'
    status:
      code: 200
      message: OK
- request:
    body: '{"displayName": "fabcli000001"}'
    headers:
      Accept:
      - '*/*'
      Accept-Encoding:
      - gzip, deflate
      Connection:
      - keep-alive
      Content-Length:
      - '35'
      Content-Type:
      - application/json
      User-Agent:
      - ms-fabric-cli-test/1.0.0
    method: POST
    uri: https://api.fabric.microsoft.com/v1/admin/domains
  response:
    body:
      string: '{"contributorsScope": "AllTenant", "id": "5480e88e-5d43-4b27-9b6d-cf77f28dd1c1",
        "displayName": "fabcli000001", "description": ""}'
    headers:
      Access-Control-Expose-Headers:
      - RequestId,Location
      Cache-Control:
      - no-store, must-revalidate, no-cache
      Content-Encoding:
      - gzip
      Content-Length:
      - '133'
      Content-Type:
      - application/json; charset=utf-8
      Date:
      - Wed, 03 Sep 2025 09:21:52 GMT
      Location:
      - https://api.fabric.microsoft.com/v1/admin/domains/5480e88e-5d43-4b27-9b6d-cf77f28dd1c1
      Pragma:
      - no-cache
      RequestId:
      - b165680d-cac1-4ab6-9ab5-1e0b4d059f95
      Strict-Transport-Security:
      - max-age=31536000; includeSubDomains
      X-Content-Type-Options:
      - nosniff
      X-Frame-Options:
      - deny
      home-cluster-uri:
      - https://wabi-west-europe-redirect.analysis.windows.net/
      request-redirected:
      - 'true'
    status:
      code: 201
      message: Created
- request:
    body: null
    headers:
      Accept:
      - '*/*'
      Accept-Encoding:
      - gzip, deflate
      Connection:
      - keep-alive
      Content-Type:
      - application/json
      User-Agent:
      - ms-fabric-cli-test/1.0.0
    method: GET
    uri: https://api.fabric.microsoft.com/v1/admin/domains
  response:
    body:
      string: '{"domains": [{"contributorsScope": "AllTenant", "id": "5480e88e-5d43-4b27-9b6d-cf77f28dd1c1",
        "displayName": "fabcli000001", "description": ""}]}'
    headers:
      Access-Control-Expose-Headers:
      - RequestId
      Cache-Control:
      - no-store, must-revalidate, no-cache
      Content-Encoding:
      - gzip
      Content-Length:
      - '861'
      Content-Type:
      - application/json; charset=utf-8
      Date:
      - Wed, 03 Sep 2025 09:21:53 GMT
      Pragma:
      - no-cache
      RequestId:
      - 38cb73b1-7bd3-4c9f-b627-d424605a67df
      Strict-Transport-Security:
      - max-age=31536000; includeSubDomains
      X-Content-Type-Options:
      - nosniff
      X-Frame-Options:
      - deny
      home-cluster-uri:
      - https://wabi-west-europe-redirect.analysis.windows.net/
      request-redirected:
      - 'true'
    status:
      code: 200
      message: OK
- request:
    body: null
    headers:
      Accept:
      - '*/*'
      Accept-Encoding:
      - gzip, deflate
      Connection:
      - keep-alive
      Content-Type:
      - application/json
      User-Agent:
      - ms-fabric-cli-test/1.0.0
    method: GET
    uri: https://api.fabric.microsoft.com/v1/admin/domains/5480e88e-5d43-4b27-9b6d-cf77f28dd1c1
  response:
    body:
      string: '{"contributorsScope": "AllTenant", "id": "5480e88e-5d43-4b27-9b6d-cf77f28dd1c1",
        "displayName": "fabcli000001", "description": ""}'
    headers:
      Access-Control-Expose-Headers:
      - RequestId
      Cache-Control:
      - no-store, must-revalidate, no-cache
      Content-Encoding:
      - gzip
      Content-Length:
      - '133'
      Content-Type:
      - application/json; charset=utf-8
      Date:
      - Wed, 03 Sep 2025 09:21:53 GMT
      Pragma:
      - no-cache
      RequestId:
      - f2691fc9-92ef-4bf1-9030-5503b53aedf9
      Strict-Transport-Security:
      - max-age=31536000; includeSubDomains
      X-Content-Type-Options:
      - nosniff
      X-Frame-Options:
      - deny
      home-cluster-uri:
      - https://wabi-west-europe-redirect.analysis.windows.net/
      request-redirected:
      - 'true'
    status:
      code: 200
      message: OK
- request:
    body: null
    headers:
      Accept:
      - '*/*'
      Accept-Encoding:
      - gzip, deflate
      Connection:
      - keep-alive
      Content-Type:
      - application/json
      User-Agent:
      - ms-fabric-cli-test/1.0.0
    method: GET
    uri: https://api.fabric.microsoft.com/v1/admin/domains/5480e88e-5d43-4b27-9b6d-cf77f28dd1c1/workspaces
  response:
    body:
      string: '{"value": []}'
    headers:
      Access-Control-Expose-Headers:
      - RequestId
      Cache-Control:
      - no-store, must-revalidate, no-cache
      Content-Encoding:
      - gzip
      Content-Length:
      - '32'
      Content-Type:
      - application/json; charset=utf-8
      Date:
      - Wed, 03 Sep 2025 09:21:53 GMT
      Pragma:
      - no-cache
      RequestId:
      - ca86d4eb-0fd3-43d1-89c0-3362be9ea241
      Strict-Transport-Security:
      - max-age=31536000; includeSubDomains
      X-Content-Type-Options:
      - nosniff
      X-Frame-Options:
      - deny
      home-cluster-uri:
      - https://wabi-west-europe-redirect.analysis.windows.net/
      request-redirected:
      - 'true'
    status:
      code: 200
      message: OK
- request:
    body: '{"contributorsScope": "AllTenant", "displayName": "fabcli000002", "description":
      "", "domainWorkspaces": []}'
    headers:
      Accept:
      - '*/*'
      Accept-Encoding:
      - gzip, deflate
      Connection:
      - keep-alive
      Content-Length:
      - '130'
      Content-Type:
      - application/json
      User-Agent:
      - ms-fabric-cli-test/1.0.0
    method: PATCH
    uri: https://api.fabric.microsoft.com/v1/admin/domains/5480e88e-5d43-4b27-9b6d-cf77f28dd1c1
  response:
    body:
      string: '{"contributorsScope": "AllTenant", "id": "5480e88e-5d43-4b27-9b6d-cf77f28dd1c1",
        "displayName": "fabcli000002", "description": ""}'
    headers:
      Access-Control-Expose-Headers:
      - RequestId
      Cache-Control:
      - no-store, must-revalidate, no-cache
      Content-Encoding:
      - gzip
      Content-Length:
      - '133'
      Content-Type:
      - application/json; charset=utf-8
      Date:
      - Wed, 03 Sep 2025 09:21:53 GMT
      Pragma:
      - no-cache
      RequestId:
      - b1f32197-bb3a-442c-9fd0-c23033dca7e0
      Strict-Transport-Security:
      - max-age=31536000; includeSubDomains
      X-Content-Type-Options:
      - nosniff
      X-Frame-Options:
      - deny
      home-cluster-uri:
      - https://wabi-west-europe-redirect.analysis.windows.net/
      request-redirected:
      - 'true'
    status:
      code: 200
      message: OK
- request:
    body: null
    headers:
      Accept:
      - '*/*'
      Accept-Encoding:
      - gzip, deflate
      Connection:
      - keep-alive
      Content-Type:
      - application/json
      User-Agent:
      - ms-fabric-cli-test/1.0.0
    method: GET
    uri: https://api.fabric.microsoft.com/v1/admin/domains
  response:
    body:
      string: '{"domains": [{"contributorsScope": "AllTenant", "id": "5480e88e-5d43-4b27-9b6d-cf77f28dd1c1",
        "displayName": "fabcli000002", "description": ""}]}'
    headers:
      Access-Control-Expose-Headers:
      - RequestId
      Cache-Control:
      - no-store, must-revalidate, no-cache
      Content-Encoding:
      - gzip
      Content-Length:
      - '862'
      Content-Type:
      - application/json; charset=utf-8
      Date:
      - Wed, 03 Sep 2025 09:21:53 GMT
      Pragma:
      - no-cache
      RequestId:
      - 2e70b92f-5c89-4fd3-9e2f-b70d01ca5503
      Strict-Transport-Security:
      - max-age=31536000; includeSubDomains
      X-Content-Type-Options:
      - nosniff
      X-Frame-Options:
      - deny
      home-cluster-uri:
      - https://wabi-west-europe-redirect.analysis.windows.net/
      request-redirected:
      - 'true'
    status:
      code: 200
      message: OK
- request:
    body: null
    headers:
      Accept:
      - '*/*'
      Accept-Encoding:
      - gzip, deflate
      Connection:
      - keep-alive
      Content-Type:
      - application/json
      User-Agent:
      - ms-fabric-cli-test/1.0.0
    method: GET
    uri: https://api.fabric.microsoft.com/v1/admin/domains
  response:
    body:
      string: '{"domains": [{"contributorsScope": "AllTenant", "id": "5480e88e-5d43-4b27-9b6d-cf77f28dd1c1",
        "displayName": "fabcli000002", "description": ""}]}'
    headers:
      Access-Control-Expose-Headers:
      - RequestId
      Cache-Control:
      - no-store, must-revalidate, no-cache
      Content-Encoding:
      - gzip
      Content-Length:
      - '862'
      Content-Type:
      - application/json; charset=utf-8
      Date:
      - Wed, 03 Sep 2025 09:21:54 GMT
      Pragma:
      - no-cache
      RequestId:
      - 656a6870-3975-473c-8242-7ed62c88258f
      Strict-Transport-Security:
      - max-age=31536000; includeSubDomains
      X-Content-Type-Options:
      - nosniff
      X-Frame-Options:
      - deny
      home-cluster-uri:
      - https://wabi-west-europe-redirect.analysis.windows.net/
      request-redirected:
      - 'true'
    status:
      code: 200
      message: OK
- request:
    body: null
    headers:
      Accept:
      - '*/*'
      Accept-Encoding:
      - gzip, deflate
      Connection:
      - keep-alive
      Content-Type:
      - application/json
      User-Agent:
      - ms-fabric-cli-test/1.0.0
    method: GET
    uri: https://api.fabric.microsoft.com/v1/admin/domains/5480e88e-5d43-4b27-9b6d-cf77f28dd1c1
  response:
    body:
      string: '{"contributorsScope": "AllTenant", "id": "5480e88e-5d43-4b27-9b6d-cf77f28dd1c1",
        "displayName": "fabcli000002", "description": ""}'
    headers:
      Access-Control-Expose-Headers:
      - RequestId
      Cache-Control:
      - no-store, must-revalidate, no-cache
      Content-Encoding:
      - gzip
      Content-Length:
      - '133'
      Content-Type:
      - application/json; charset=utf-8
      Date:
      - Wed, 03 Sep 2025 09:21:54 GMT
      Pragma:
      - no-cache
      RequestId:
      - e901d7f6-ffc8-419a-a1f8-3e98f67ede44
      Strict-Transport-Security:
      - max-age=31536000; includeSubDomains
      X-Content-Type-Options:
      - nosniff
      X-Frame-Options:
      - deny
      home-cluster-uri:
      - https://wabi-west-europe-redirect.analysis.windows.net/
      request-redirected:
      - 'true'
    status:
      code: 200
      message: OK
- request:
    body: null
    headers:
      Accept:
      - '*/*'
      Accept-Encoding:
      - gzip, deflate
      Connection:
      - keep-alive
      Content-Type:
      - application/json
      User-Agent:
      - ms-fabric-cli-test/1.0.0
    method: GET
    uri: https://api.fabric.microsoft.com/v1/admin/domains/5480e88e-5d43-4b27-9b6d-cf77f28dd1c1/workspaces
  response:
    body:
      string: '{"value": []}'
    headers:
      Access-Control-Expose-Headers:
      - RequestId
      Cache-Control:
      - no-store, must-revalidate, no-cache
      Content-Encoding:
      - gzip
      Content-Length:
      - '32'
      Content-Type:
      - application/json; charset=utf-8
      Date:
      - Wed, 03 Sep 2025 09:21:53 GMT
      Pragma:
      - no-cache
      RequestId:
      - b0649a24-495e-4458-9a6e-47df0dc4202b
      Strict-Transport-Security:
      - max-age=31536000; includeSubDomains
      X-Content-Type-Options:
      - nosniff
      X-Frame-Options:
      - deny
      home-cluster-uri:
      - https://wabi-west-europe-redirect.analysis.windows.net/
      request-redirected:
      - 'true'
    status:
      code: 200
      message: OK
- request:
    body: null
    headers:
      Accept:
      - '*/*'
      Accept-Encoding:
      - gzip, deflate
      Connection:
      - keep-alive
      Content-Type:
      - application/json
      User-Agent:
      - ms-fabric-cli-test/1.0.0
    method: GET
    uri: https://api.fabric.microsoft.com/v1/admin/domains
  response:
    body:
      string: '{"domains": [{"contributorsScope": "AllTenant", "id": "5480e88e-5d43-4b27-9b6d-cf77f28dd1c1",
        "displayName": "fabcli000002", "description": ""}]}'
    headers:
      Access-Control-Expose-Headers:
      - RequestId
      Cache-Control:
      - no-store, must-revalidate, no-cache
      Content-Encoding:
      - gzip
      Content-Length:
      - '862'
      Content-Type:
      - application/json; charset=utf-8
      Date:
      - Wed, 03 Sep 2025 09:21:54 GMT
      Pragma:
      - no-cache
      RequestId:
      - 8ec7e09f-ba1d-4ed7-a10d-936f219d1e66
      Strict-Transport-Security:
      - max-age=31536000; includeSubDomains
      X-Content-Type-Options:
      - nosniff
      X-Frame-Options:
      - deny
      home-cluster-uri:
      - https://wabi-west-europe-redirect.analysis.windows.net/
      request-redirected:
      - 'true'
    status:
      code: 200
      message: OK
- request:
    body: null
    headers:
      Accept:
      - '*/*'
      Accept-Encoding:
      - gzip, deflate
      Connection:
      - keep-alive
      Content-Type:
      - application/json
      User-Agent:
      - ms-fabric-cli-test/1.0.0
    method: GET
    uri: https://api.fabric.microsoft.com/v1/admin/domains/5480e88e-5d43-4b27-9b6d-cf77f28dd1c1
  response:
    body:
      string: '{"contributorsScope": "AllTenant", "id": "5480e88e-5d43-4b27-9b6d-cf77f28dd1c1",
        "displayName": "fabcli000002", "description": ""}'
    headers:
      Access-Control-Expose-Headers:
      - RequestId
      Cache-Control:
      - no-store, must-revalidate, no-cache
      Content-Encoding:
      - gzip
      Content-Length:
      - '133'
      Content-Type:
      - application/json; charset=utf-8
      Date:
      - Wed, 03 Sep 2025 09:21:54 GMT
      Pragma:
      - no-cache
      RequestId:
      - 357c1195-7674-4155-9220-9786308eda66
      Strict-Transport-Security:
      - max-age=31536000; includeSubDomains
      X-Content-Type-Options:
      - nosniff
      X-Frame-Options:
      - deny
      home-cluster-uri:
      - https://wabi-west-europe-redirect.analysis.windows.net/
      request-redirected:
      - 'true'
    status:
      code: 200
      message: OK
- request:
    body: null
    headers:
      Accept:
      - '*/*'
      Accept-Encoding:
      - gzip, deflate
      Connection:
      - keep-alive
      Content-Type:
      - application/json
      User-Agent:
      - ms-fabric-cli-test/1.0.0
    method: GET
    uri: https://api.fabric.microsoft.com/v1/admin/domains/5480e88e-5d43-4b27-9b6d-cf77f28dd1c1/workspaces
  response:
    body:
      string: '{"value": []}'
    headers:
      Access-Control-Expose-Headers:
      - RequestId
      Cache-Control:
      - no-store, must-revalidate, no-cache
      Content-Encoding:
      - gzip
      Content-Length:
      - '32'
      Content-Type:
      - application/json; charset=utf-8
      Date:
      - Wed, 03 Sep 2025 09:21:54 GMT
      Pragma:
      - no-cache
      RequestId:
      - 168b26dc-8e46-4ca9-9230-c654611b9be7
      Strict-Transport-Security:
      - max-age=31536000; includeSubDomains
      X-Content-Type-Options:
      - nosniff
      X-Frame-Options:
      - deny
      home-cluster-uri:
      - https://wabi-west-europe-redirect.analysis.windows.net/
      request-redirected:
      - 'true'
    status:
      code: 200
      message: OK
- request:
    body: '{"contributorsScope": "AllTenant", "displayName": "fabcli000001", "description":
      "", "domainWorkspaces": []}'
    headers:
      Accept:
      - '*/*'
      Accept-Encoding:
      - gzip, deflate
      Connection:
      - keep-alive
      Content-Length:
      - '130'
      Content-Type:
      - application/json
      User-Agent:
      - ms-fabric-cli-test/1.0.0
    method: PATCH
    uri: https://api.fabric.microsoft.com/v1/admin/domains/5480e88e-5d43-4b27-9b6d-cf77f28dd1c1
  response:
    body:
      string: '{"contributorsScope": "AllTenant", "id": "5480e88e-5d43-4b27-9b6d-cf77f28dd1c1",
        "displayName": "fabcli000001", "description": ""}'
    headers:
      Access-Control-Expose-Headers:
      - RequestId
      Cache-Control:
      - no-store, must-revalidate, no-cache
      Content-Encoding:
      - gzip
      Content-Length:
      - '133'
      Content-Type:
      - application/json; charset=utf-8
      Date:
      - Wed, 03 Sep 2025 09:21:54 GMT
      Pragma:
      - no-cache
      RequestId:
      - 743b462e-feaa-4822-beab-34aa58b7a985
      Strict-Transport-Security:
      - max-age=31536000; includeSubDomains
      X-Content-Type-Options:
      - nosniff
      X-Frame-Options:
      - deny
      home-cluster-uri:
      - https://wabi-west-europe-redirect.analysis.windows.net/
      request-redirected:
      - 'true'
    status:
      code: 200
      message: OK
- request:
    body: null
    headers:
      Accept:
      - '*/*'
      Accept-Encoding:
      - gzip, deflate
      Connection:
      - keep-alive
      Content-Type:
      - application/json
      User-Agent:
      - ms-fabric-cli-test/1.0.0
    method: GET
    uri: https://api.fabric.microsoft.com/v1/admin/domains
  response:
    body:
      string: '{"domains": [{"contributorsScope": "AllTenant", "id": "5480e88e-5d43-4b27-9b6d-cf77f28dd1c1",
        "displayName": "fabcli000001", "description": ""}]}'
    headers:
      Access-Control-Expose-Headers:
      - RequestId
      Cache-Control:
      - no-store, must-revalidate, no-cache
      Content-Encoding:
      - gzip
      Content-Length:
      - '861'
      Content-Type:
      - application/json; charset=utf-8
      Date:
      - Wed, 03 Sep 2025 09:21:55 GMT
      Pragma:
      - no-cache
      RequestId:
      - e2b55ea7-0e76-4522-a466-61386e8d747f
      Strict-Transport-Security:
      - max-age=31536000; includeSubDomains
      X-Content-Type-Options:
      - nosniff
      X-Frame-Options:
      - deny
      home-cluster-uri:
      - https://wabi-west-europe-redirect.analysis.windows.net/
      request-redirected:
      - 'true'
    status:
      code: 200
      message: OK
- request:
    body: null
    headers:
      Accept:
      - '*/*'
      Accept-Encoding:
      - gzip, deflate
      Connection:
      - keep-alive
      Content-Length:
      - '0'
      Content-Type:
      - application/json
      User-Agent:
      - ms-fabric-cli-test/1.0.0
    method: DELETE
    uri: https://api.fabric.microsoft.com/v1/admin/domains/5480e88e-5d43-4b27-9b6d-cf77f28dd1c1
  response:
    body:
      string: ''
    headers:
      Access-Control-Expose-Headers:
      - RequestId
      Cache-Control:
      - no-store, must-revalidate, no-cache
      Content-Encoding:
      - gzip
      Content-Length:
      - '0'
      Content-Type:
      - application/octet-stream
      Date:
      - Wed, 03 Sep 2025 09:21:54 GMT
      Pragma:
      - no-cache
      RequestId:
      - 1ab73e51-4609-436f-a89a-7bb82dcfc45f
      Strict-Transport-Security:
      - max-age=31536000; includeSubDomains
      X-Content-Type-Options:
      - nosniff
      X-Frame-Options:
      - deny
      home-cluster-uri:
      - https://wabi-west-europe-redirect.analysis.windows.net/
      request-redirected:
      - 'true'
    status:
      code: 200
      message: OK
version: 1
