interactions:
- request:
    body: null
    headers:
      Accept:
      - '*/*'
      Accept-Encoding:
      - gzip, deflate
      Connection:
      - keep-alive
      Content-Type:
      - application/json
      User-Agent:
      - ms-fabric-cli-test/1.3.1
    method: GET
    uri: https://api.fabric.microsoft.com/v1/gateways
  response:
    body:
      string: '{"value": []}'
    headers:
      Access-Control-Expose-Headers:
      - RequestId
      Cache-Control:
      - no-store, must-revalidate, no-cache
      Content-Encoding:
      - gzip
      Content-Length:
      - '1200'
      Content-Type:
      - application/json; charset=utf-8
      Date:
      - Wed, 31 Dec 2025 14:36:25 GMT
      Pragma:
      - no-cache
      RequestId:
      - 5d29b45b-7436-479c-9f89-ad1de9c6993d
      Strict-Transport-Security:
      - max-age=31536000; includeSubDomains
      X-Content-Type-Options:
      - nosniff
      X-Frame-Options:
      - deny
      home-cluster-uri:
      - https://wabi-us-central-b-primary-redirect.analysis.windows.net/
      request-redirected:
      - 'true'
    status:
      code: 200
      message: OK
- request:
    body: null
    headers:
      Accept:
      - '*/*'
      Accept-Encoding:
      - gzip, deflate
      Connection:
      - keep-alive
      Content-Type:
      - application/json
      User-Agent:
      - ms-fabric-cli-test/1.3.1
    method: GET
    uri: https://api.fabric.microsoft.com/v1/capacities
  response:
    body:
      string: '{"value": [{"id": "00000000-0000-0000-0000-000000000004", "displayName":
        "mocked_fabriccli_capacity_name", "sku": "F32", "region": "Central US", "state":
        "Active"}]}'
    headers:
      Access-Control-Expose-Headers:
      - RequestId
      Cache-Control:
      - no-store, must-revalidate, no-cache
      Content-Encoding:
      - gzip
      Content-Length:
      - '343'
      Content-Type:
      - application/json; charset=utf-8
      Date:
      - Wed, 31 Dec 2025 14:36:27 GMT
      Pragma:
      - no-cache
      RequestId:
      - 4c9cdf5c-0c19-420d-872a-140c0a20981b
      Strict-Transport-Security:
      - max-age=31536000; includeSubDomains
      X-Content-Type-Options:
      - nosniff
      X-Frame-Options:
      - deny
      home-cluster-uri:
      - https://wabi-us-central-b-primary-redirect.analysis.windows.net/
      request-redirected:
      - 'true'
    status:
      code: 200
      message: OK
- request:
    body: null
    headers:
      Accept:
      - '*/*'
      Accept-Encoding:
      - gzip, deflate
      Connection:
      - keep-alive
      Content-Type:
      - application/json
      User-Agent:
      - ms-fabric-cli-test/1.3.1
    method: GET
    uri: https://management.azure.com/subscriptions?api-version=2022-12-01
  response:
    body:
      string: '{"value": [{"id": "/subscriptions/00000000-0000-0000-0000-000000000000"}],
        "count": {"type": "Total", "value": 1}}'
    headers:
      Cache-Control:
      - no-cache
      Content-Length:
      - '469'
      Content-Type:
      - application/json; charset=utf-8
      Date:
      - Wed, 31 Dec 2025 14:36:29 GMT
      Expires:
      - '-1'
      Pragma:
      - no-cache
      Strict-Transport-Security:
      - max-age=31536000; includeSubDomains
      X-Cache:
      - CONFIG_NOCACHE
      X-Content-Type-Options:
      - nosniff
    status:
      code: 200
      message: OK
- request:
    body: null
    headers:
      Accept:
      - '*/*'
      Accept-Encoding:
      - gzip, deflate
      Connection:
      - keep-alive
      Content-Type:
      - application/json
      User-Agent:
      - ms-fabric-cli-test/1.3.1
    method: GET
    uri: https://management.azure.com/subscriptions/00000000-0000-0000-0000-000000000000/providers/Microsoft.Network/virtualNetworks?api-version=2024-05-01
  response:
    body:
      string: '{"value": [{"name": "mocked_fabriccli_vnet_name", "id": "/subscriptions/00000000-0000-0000-0000-000000000000/resourceGroups/mocked_fabriccli_resource_group/providers/Microsoft.Network/virtualNetworks/mocked_fabriccli_vnet_name",
        "properties": {"subnets": [{"name": "mocked_fabriccli_vnet_subnet", "id":
        "/subscriptions/00000000-0000-0000-0000-000000000000/resourceGroups/mocked_fabriccli_resource_group/providers/Microsoft.Network/virtualNetworks/mocked_fabriccli_vnet_name/subnets/mocked_fabriccli_vnet_subnet"}]}}]}'
    headers:
      Cache-Control:
      - no-cache
      Content-Length:
      - '2758'
      Content-Type:
      - application/json; charset=utf-8
      Date:
      - Wed, 31 Dec 2025 14:36:30 GMT
      Expires:
      - '-1'
      Pragma:
      - no-cache
      Strict-Transport-Security:
      - max-age=31536000; includeSubDomains
      X-Cache:
      - CONFIG_NOCACHE
      X-Content-Type-Options:
      - nosniff
    status:
      code: 200
      message: OK
- request:
    body: '{"displayName": "fabcli000001", "capacityId": "00000000-0000-0000-0000-000000000004",
      "inactivityMinutesBeforeSleep": 30, "numberOfMemberGateways": 1, "type": "VirtualNetwork",
      "virtualNetworkAzureResource": {"subscriptionId": "00000000-0000-0000-0000-000000000000",
      "resourceGroupName": "mocked_fabriccli_resource_group", "virtualNetworkName":
      "mocked_fabriccli_vnet_name", "subnetName": "mocked_fabriccli_vnet_subnet"}}'
    headers:
      Accept:
      - '*/*'
      Accept-Encoding:
      - gzip, deflate
      Connection:
      - keep-alive
      Content-Length:
      - '377'
      Content-Type:
      - application/json
      User-Agent:
      - ms-fabric-cli-test/1.3.1
    method: POST
    uri: https://api.fabric.microsoft.com/v1/gateways
  response:
    body:
      string: '{"displayName": "fabcli000001", "capacityId": "00000000-0000-0000-0000-000000000004",
        "virtualNetworkAzureResource": {"virtualNetworkName": "mocked_fabriccli_vnet_name",
        "subnetName": "mocked_fabriccli_vnet_subnet", "resourceGroupName": "mocked_fabriccli_resource_group",
        "subscriptionId": "00000000-0000-0000-0000-000000000000"}, "inactivityMinutesBeforeSleep":
        30, "numberOfMemberGateways": 1, "id": "938c71d4-31e4-41f7-87b5-2b76e4234ce5",
        "type": "VirtualNetwork"}'
    headers:
      Access-Control-Expose-Headers:
      - RequestId,Location
      Cache-Control:
      - no-store, must-revalidate, no-cache
      Content-Encoding:
      - gzip
      Content-Length:
      - '291'
      Content-Type:
      - application/json; charset=utf-8
      Date:
      - Wed, 31 Dec 2025 14:36:40 GMT
      Location:
      - https://api.fabric.microsoft.com/v1/gateways/938c71d4-31e4-41f7-87b5-2b76e4234ce5
      Pragma:
      - no-cache
      RequestId:
      - c13a0ac8-73b5-4577-9ff1-28c8017b72ff
      Strict-Transport-Security:
      - max-age=31536000; includeSubDomains
      X-Content-Type-Options:
      - nosniff
      X-Frame-Options:
      - deny
      home-cluster-uri:
      - https://wabi-us-central-b-primary-redirect.analysis.windows.net/
      request-redirected:
      - 'true'
    status:
      code: 201
      message: Created
- request:
    body: null
    headers:
      Accept:
      - '*/*'
      Accept-Encoding:
      - gzip, deflate
      Connection:
      - keep-alive
      Content-Type:
      - application/json
      User-Agent:
      - ms-fabric-cli-test/1.3.1
    method: GET
    uri: https://api.fabric.microsoft.com/v1/gateways
  response:
    body:
      string: '{"value": [{"displayName": "fabcli000001", "capacityId": "00000000-0000-0000-0000-000000000004",
        "virtualNetworkAzureResource": {"virtualNetworkName": "mocked_fabriccli_vnet_name",
        "subnetName": "mocked_fabriccli_vnet_subnet", "resourceGroupName": "mocked_fabriccli_resource_group",
        "subscriptionId": "00000000-0000-0000-0000-000000000000"}, "inactivityMinutesBeforeSleep":
        30, "numberOfMemberGateways": 1, "id": "938c71d4-31e4-41f7-87b5-2b76e4234ce5",
        "type": "VirtualNetwork"}]}'
    headers:
      Access-Control-Expose-Headers:
      - RequestId
      Cache-Control:
      - no-store, must-revalidate, no-cache
      Content-Encoding:
      - gzip
      Content-Length:
      - '1240'
      Content-Type:
      - application/json; charset=utf-8
      Date:
      - Wed, 31 Dec 2025 14:36:41 GMT
      Pragma:
      - no-cache
      RequestId:
      - af422172-4b59-4ee2-8517-d4063121bc04
      Strict-Transport-Security:
      - max-age=31536000; includeSubDomains
      X-Content-Type-Options:
      - nosniff
      X-Frame-Options:
      - deny
      home-cluster-uri:
      - https://wabi-us-central-b-primary-redirect.analysis.windows.net/
      request-redirected:
      - 'true'
    status:
      code: 200
      message: OK
- request:
    body: null
    headers:
      Accept:
      - '*/*'
      Accept-Encoding:
      - gzip, deflate
      Connection:
      - keep-alive
      Content-Type:
      - application/json
      User-Agent:
      - ms-fabric-cli-test/1.3.1
    method: GET
    uri: https://api.fabric.microsoft.com/v1/capacities
  response:
    body:
      string: '{"value": [{"id": "00000000-0000-0000-0000-000000000004", "displayName":
        "mocked_fabriccli_capacity_name", "sku": "F32", "region": "Central US", "state":
        "Active"}]}'
    headers:
      Access-Control-Expose-Headers:
      - RequestId
      Cache-Control:
      - no-store, must-revalidate, no-cache
      Content-Encoding:
      - gzip
      Content-Length:
      - '343'
      Content-Type:
      - application/json; charset=utf-8
      Date:
      - Wed, 31 Dec 2025 14:36:46 GMT
      Pragma:
      - no-cache
      RequestId:
      - c7453d00-7a5d-42fb-aeab-a202d02102d2
      Strict-Transport-Security:
      - max-age=31536000; includeSubDomains
      X-Content-Type-Options:
      - nosniff
      X-Frame-Options:
      - deny
      home-cluster-uri:
      - https://wabi-us-central-b-primary-redirect.analysis.windows.net/
      request-redirected:
      - 'true'
    status:
      code: 200
      message: OK
- request:
    body: null
    headers:
      Accept:
      - '*/*'
      Accept-Encoding:
      - gzip, deflate
      Connection:
      - keep-alive
      Content-Type:
      - application/json
      User-Agent:
      - ms-fabric-cli-test/1.3.1
    method: GET
    uri: https://management.azure.com/subscriptions?api-version=2022-12-01
  response:
    body:
      string: '{"value": [{"id": "/subscriptions/00000000-0000-0000-0000-000000000000"}],
        "count": {"type": "Total", "value": 1}}'
    headers:
      Cache-Control:
      - no-cache
      Content-Length:
      - '469'
      Content-Type:
      - application/json; charset=utf-8
      Date:
      - Wed, 31 Dec 2025 14:36:45 GMT
      Expires:
      - '-1'
      Pragma:
      - no-cache
      Strict-Transport-Security:
      - max-age=31536000; includeSubDomains
      X-Cache:
      - CONFIG_NOCACHE
      X-Content-Type-Options:
      - nosniff
    status:
      code: 200
      message: OK
- request:
    body: null
    headers:
      Accept:
      - '*/*'
      Accept-Encoding:
      - gzip, deflate
      Connection:
      - keep-alive
      Content-Type:
      - application/json
      User-Agent:
      - ms-fabric-cli-test/1.3.1
    method: GET
    uri: https://management.azure.com/subscriptions/00000000-0000-0000-0000-000000000000/providers/Microsoft.Network/virtualNetworks?api-version=2024-05-01
  response:
    body:
      string: '{"value": [{"name": "mocked_fabriccli_vnet_name", "id": "/subscriptions/00000000-0000-0000-0000-000000000000/resourceGroups/mocked_fabriccli_resource_group/providers/Microsoft.Network/virtualNetworks/mocked_fabriccli_vnet_name",
        "properties": {"subnets": [{"name": "mocked_fabriccli_vnet_subnet", "id":
        "/subscriptions/00000000-0000-0000-0000-000000000000/resourceGroups/mocked_fabriccli_resource_group/providers/Microsoft.Network/virtualNetworks/mocked_fabriccli_vnet_name/subnets/mocked_fabriccli_vnet_subnet"}]}}]}'
    headers:
      Cache-Control:
      - no-cache
      Content-Length:
      - '2758'
      Content-Type:
      - application/json; charset=utf-8
      Date:
      - Wed, 31 Dec 2025 14:36:46 GMT
      Expires:
      - '-1'
      Pragma:
      - no-cache
      Strict-Transport-Security:
      - max-age=31536000; includeSubDomains
      X-Cache:
      - CONFIG_NOCACHE
      X-Content-Type-Options:
      - nosniff
    status:
      code: 200
      message: OK
- request:
    body: '{"displayName": "fabcli000002", "capacityId": "00000000-0000-0000-0000-000000000004",
      "inactivityMinutesBeforeSleep": 30, "numberOfMemberGateways": 1, "type": "VirtualNetwork",
      "virtualNetworkAzureResource": {"subscriptionId": "00000000-0000-0000-0000-000000000000",
      "resourceGroupName": "mocked_fabriccli_resource_group", "virtualNetworkName":
      "mocked_fabriccli_vnet_name", "subnetName": "mocked_fabriccli_vnet_subnet"}}'
    headers:
      Accept:
      - '*/*'
      Accept-Encoding:
      - gzip, deflate
      Connection:
      - keep-alive
      Content-Length:
      - '377'
      Content-Type:
      - application/json
      User-Agent:
      - ms-fabric-cli-test/1.3.1
    method: POST
    uri: https://api.fabric.microsoft.com/v1/gateways
  response:
    body:
      string: '{"displayName": "fabcli000002", "capacityId": "00000000-0000-0000-0000-000000000004",
        "virtualNetworkAzureResource": {"virtualNetworkName": "mocked_fabriccli_vnet_name",
        "subnetName": "mocked_fabriccli_vnet_subnet", "resourceGroupName": "mocked_fabriccli_resource_group",
        "subscriptionId": "00000000-0000-0000-0000-000000000000"}, "inactivityMinutesBeforeSleep":
        30, "numberOfMemberGateways": 1, "id": "d664a08f-3360-431e-bf81-b9f7e2c7e461",
        "type": "VirtualNetwork"}'
    headers:
      Access-Control-Expose-Headers:
      - RequestId,Location
      Cache-Control:
      - no-store, must-revalidate, no-cache
      Content-Encoding:
      - gzip
      Content-Length:
      - '289'
      Content-Type:
      - application/json; charset=utf-8
      Date:
      - Wed, 31 Dec 2025 14:36:58 GMT
      Location:
      - https://api.fabric.microsoft.com/v1/gateways/d664a08f-3360-431e-bf81-b9f7e2c7e461
      Pragma:
      - no-cache
      RequestId:
      - e9293523-25b1-46f1-8a08-7ade0adf1d32
      Strict-Transport-Security:
      - max-age=31536000; includeSubDomains
      X-Content-Type-Options:
      - nosniff
      X-Frame-Options:
      - deny
      home-cluster-uri:
      - https://wabi-us-central-b-primary-redirect.analysis.windows.net/
      request-redirected:
      - 'true'
    status:
      code: 201
      message: Created
- request:
    body: null
    headers:
      Accept:
      - '*/*'
      Accept-Encoding:
      - gzip, deflate
      Connection:
      - keep-alive
      Content-Type:
      - application/json
      User-Agent:
      - ms-fabric-cli-test/1.3.1
    method: GET
    uri: https://api.fabric.microsoft.com/v1/gateways
  response:
    body:
      string: '{"value": [{"displayName": "fabcli000001", "capacityId": "00000000-0000-0000-0000-000000000004",
        "virtualNetworkAzureResource": {"virtualNetworkName": "mocked_fabriccli_vnet_name",
        "subnetName": "mocked_fabriccli_vnet_subnet", "resourceGroupName": "mocked_fabriccli_resource_group",
        "subscriptionId": "00000000-0000-0000-0000-000000000000"}, "inactivityMinutesBeforeSleep":
        30, "numberOfMemberGateways": 1, "id": "938c71d4-31e4-41f7-87b5-2b76e4234ce5",
        "type": "VirtualNetwork"}, {"displayName": "fabcli000002", "capacityId": "00000000-0000-0000-0000-000000000004",
        "virtualNetworkAzureResource": {"virtualNetworkName": "mocked_fabriccli_vnet_name",
        "subnetName": "mocked_fabriccli_vnet_subnet", "resourceGroupName": "mocked_fabriccli_resource_group",
        "subscriptionId": "00000000-0000-0000-0000-000000000000"}, "inactivityMinutesBeforeSleep":
        30, "numberOfMemberGateways": 1, "id": "d664a08f-3360-431e-bf81-b9f7e2c7e461",
        "type": "VirtualNetwork"}]}'
    headers:
      Access-Control-Expose-Headers:
      - RequestId
      Cache-Control:
      - no-store, must-revalidate, no-cache
      Content-Encoding:
      - gzip
      Content-Length:
      - '1284'
      Content-Type:
      - application/json; charset=utf-8
      Date:
      - Wed, 31 Dec 2025 14:36:59 GMT
      Pragma:
      - no-cache
      RequestId:
      - d6af5aa0-f9a3-4488-9243-0992234e6372
      Strict-Transport-Security:
      - max-age=31536000; includeSubDomains
      X-Content-Type-Options:
      - nosniff
      X-Frame-Options:
      - deny
      home-cluster-uri:
      - https://wabi-us-central-b-primary-redirect.analysis.windows.net/
      request-redirected:
      - 'true'
    status:
      code: 200
      message: OK
- request:
    body: null
    headers:
      Accept:
      - '*/*'
      Accept-Encoding:
      - gzip, deflate
      Connection:
      - keep-alive
      Content-Type:
      - application/json
      User-Agent:
      - ms-fabric-cli-test/1.3.1
    method: GET
    uri: https://api.fabric.microsoft.com/v1/gateways/938c71d4-31e4-41f7-87b5-2b76e4234ce5
  response:
    body:
      string: '{"displayName": "fabcli000001", "capacityId": "00000000-0000-0000-0000-000000000004",
        "virtualNetworkAzureResource": {"virtualNetworkName": "mocked_fabriccli_vnet_name",
        "subnetName": "mocked_fabriccli_vnet_subnet", "resourceGroupName": "mocked_fabriccli_resource_group",
        "subscriptionId": "00000000-0000-0000-0000-000000000000"}, "inactivityMinutesBeforeSleep":
        30, "numberOfMemberGateways": 1, "id": "938c71d4-31e4-41f7-87b5-2b76e4234ce5",
        "type": "VirtualNetwork"}'
    headers:
      Access-Control-Expose-Headers:
      - RequestId
      Cache-Control:
      - no-store, must-revalidate, no-cache
      Content-Encoding:
      - gzip
      Content-Length:
      - '291'
      Content-Type:
      - application/json; charset=utf-8
      Date:
      - Wed, 31 Dec 2025 14:36:59 GMT
      Pragma:
      - no-cache
      RequestId:
      - 2e13cc51-f329-4648-9dff-3e76416ae301
      Strict-Transport-Security:
      - max-age=31536000; includeSubDomains
      X-Content-Type-Options:
      - nosniff
      X-Frame-Options:
      - deny
      home-cluster-uri:
      - https://wabi-us-central-b-primary-redirect.analysis.windows.net/
      request-redirected:
      - 'true'
    status:
      code: 200
      message: OK
- request:
    body: '{"displayName": "fabcli000002", "type": "VirtualNetwork"}'
    headers:
      Accept:
      - '*/*'
      Accept-Encoding:
      - gzip, deflate
      Connection:
      - keep-alive
      Content-Length:
      - '71'
      Content-Type:
      - application/json
      User-Agent:
      - ms-fabric-cli-test/1.3.1
    method: PATCH
    uri: https://api.fabric.microsoft.com/v1/gateways/938c71d4-31e4-41f7-87b5-2b76e4234ce5
  response:
    body:
      string: '{"requestId": "924a5a82-32ec-4e4e-8223-3790356c9a2d", "errorCode":
        "DuplicateGatewayName", "message": "The gateway DisplayName input is already
        being used by another gateway"}'
    headers:
      Access-Control-Expose-Headers:
      - RequestId
      Cache-Control:
      - no-store, must-revalidate, no-cache
      Content-Type:
      - application/json; charset=utf-8
      Date:
      - Wed, 31 Dec 2025 14:37:01 GMT
      Pragma:
      - no-cache
      RequestId:
      - 924a5a82-32ec-4e4e-8223-3790356c9a2d
      Strict-Transport-Security:
      - max-age=31536000; includeSubDomains
      Transfer-Encoding:
      - chunked
      X-Content-Type-Options:
      - nosniff
      X-Frame-Options:
      - deny
      home-cluster-uri:
      - https://wabi-us-central-b-primary-redirect.analysis.windows.net/
      request-redirected:
      - 'true'
      x-ms-public-api-error-code:
      - DuplicateGatewayName
    status:
      code: 409
      message: Conflict
- request:
    body: null
    headers:
      Accept:
      - '*/*'
      Accept-Encoding:
      - gzip, deflate
      Connection:
      - keep-alive
      Content-Type:
      - application/json
      User-Agent:
      - ms-fabric-cli-test/1.3.1
    method: GET
    uri: https://api.fabric.microsoft.com/v1/gateways
  response:
    body:
      string: '{"value": [{"displayName": "fabcli000001", "capacityId": "00000000-0000-0000-0000-000000000004",
        "virtualNetworkAzureResource": {"virtualNetworkName": "mocked_fabriccli_vnet_name",
        "subnetName": "mocked_fabriccli_vnet_subnet", "resourceGroupName": "mocked_fabriccli_resource_group",
        "subscriptionId": "00000000-0000-0000-0000-000000000000"}, "inactivityMinutesBeforeSleep":
        30, "numberOfMemberGateways": 1, "id": "938c71d4-31e4-41f7-87b5-2b76e4234ce5",
        "type": "VirtualNetwork"}, {"displayName": "fabcli000002", "capacityId": "00000000-0000-0000-0000-000000000004",
        "virtualNetworkAzureResource": {"virtualNetworkName": "mocked_fabriccli_vnet_name",
        "subnetName": "mocked_fabriccli_vnet_subnet", "resourceGroupName": "mocked_fabriccli_resource_group",
        "subscriptionId": "00000000-0000-0000-0000-000000000000"}, "inactivityMinutesBeforeSleep":
        30, "numberOfMemberGateways": 1, "id": "d664a08f-3360-431e-bf81-b9f7e2c7e461",
        "type": "VirtualNetwork"}]}'
    headers:
      Access-Control-Expose-Headers:
      - RequestId
      Cache-Control:
      - no-store, must-revalidate, no-cache
      Content-Encoding:
      - gzip
      Content-Length:
      - '1284'
      Content-Type:
      - application/json; charset=utf-8
      Date:
      - Wed, 31 Dec 2025 14:37:01 GMT
      Pragma:
      - no-cache
      RequestId:
      - 6eec86cb-e869-4abe-bec4-a5b6762dc278
      Strict-Transport-Security:
      - max-age=31536000; includeSubDomains
      X-Content-Type-Options:
      - nosniff
      X-Frame-Options:
      - deny
      home-cluster-uri:
      - https://wabi-us-central-b-primary-redirect.analysis.windows.net/
      request-redirected:
      - 'true'
    status:
      code: 200
      message: OK
- request:
    body: null
    headers:
      Accept:
      - '*/*'
      Accept-Encoding:
      - gzip, deflate
      Connection:
      - keep-alive
      Content-Length:
      - '0'
      Content-Type:
      - application/json
      User-Agent:
      - ms-fabric-cli-test/1.3.1
    method: DELETE
    uri: https://api.fabric.microsoft.com/v1/gateways/938c71d4-31e4-41f7-87b5-2b76e4234ce5
  response:
    body:
      string: ''
    headers:
      Access-Control-Expose-Headers:
      - RequestId
      Cache-Control:
      - no-store, must-revalidate, no-cache
      Content-Encoding:
      - gzip
      Content-Length:
      - '0'
      Content-Type:
      - application/octet-stream
      Date:
      - Wed, 31 Dec 2025 14:37:11 GMT
      Pragma:
      - no-cache
      RequestId:
      - 7b4cd276-6f0b-472c-ba7e-4e53343f3853
      Strict-Transport-Security:
      - max-age=31536000; includeSubDomains
      X-Content-Type-Options:
      - nosniff
      X-Frame-Options:
      - deny
      home-cluster-uri:
      - https://wabi-us-central-b-primary-redirect.analysis.windows.net/
      request-redirected:
      - 'true'
    status:
      code: 200
      message: OK
- request:
    body: null
    headers:
      Accept:
      - '*/*'
      Accept-Encoding:
      - gzip, deflate
      Connection:
      - keep-alive
      Content-Type:
      - application/json
      User-Agent:
      - ms-fabric-cli-test/1.3.1
    method: GET
    uri: https://api.fabric.microsoft.com/v1/gateways
  response:
    body:
      string: '{"value": [{"displayName": "fabcli000002", "capacityId": "00000000-0000-0000-0000-000000000004",
        "virtualNetworkAzureResource": {"virtualNetworkName": "mocked_fabriccli_vnet_name",
        "subnetName": "mocked_fabriccli_vnet_subnet", "resourceGroupName": "mocked_fabriccli_resource_group",
        "subscriptionId": "00000000-0000-0000-0000-000000000000"}, "inactivityMinutesBeforeSleep":
        30, "numberOfMemberGateways": 1, "id": "d664a08f-3360-431e-bf81-b9f7e2c7e461",
        "type": "VirtualNetwork"}]}'
    headers:
      Access-Control-Expose-Headers:
      - RequestId
      Cache-Control:
      - no-store, must-revalidate, no-cache
      Content-Encoding:
      - gzip
      Content-Length:
      - '1244'
      Content-Type:
      - application/json; charset=utf-8
      Date:
      - Wed, 31 Dec 2025 14:37:12 GMT
      Pragma:
      - no-cache
      RequestId:
      - 74b0938f-f286-44ed-8bf5-c79dcb7617ca
      Strict-Transport-Security:
      - max-age=31536000; includeSubDomains
      X-Content-Type-Options:
      - nosniff
      X-Frame-Options:
      - deny
      home-cluster-uri:
      - https://wabi-us-central-b-primary-redirect.analysis.windows.net/
      request-redirected:
      - 'true'
    status:
      code: 200
      message: OK
- request:
    body: null
    headers:
      Accept:
      - '*/*'
      Accept-Encoding:
      - gzip, deflate
      Connection:
      - keep-alive
      Content-Length:
      - '0'
      Content-Type:
      - application/json
      User-Agent:
      - ms-fabric-cli-test/1.3.1
    method: DELETE
    uri: https://api.fabric.microsoft.com/v1/gateways/d664a08f-3360-431e-bf81-b9f7e2c7e461
  response:
    body:
      string: ''
    headers:
      Access-Control-Expose-Headers:
      - RequestId
      Cache-Control:
      - no-store, must-revalidate, no-cache
      Content-Encoding:
      - gzip
      Content-Length:
      - '0'
      Content-Type:
      - application/octet-stream
      Date:
      - Wed, 31 Dec 2025 14:37:14 GMT
      Pragma:
      - no-cache
      RequestId:
      - df61327a-bb78-4e1b-a0ad-b18ff8611e77
      Strict-Transport-Security:
      - max-age=31536000; includeSubDomains
      X-Content-Type-Options:
      - nosniff
      X-Frame-Options:
      - deny
      home-cluster-uri:
      - https://wabi-us-central-b-primary-redirect.analysis.windows.net/
      request-redirected:
      - 'true'
    status:
      code: 200
      message: OK
version: 1
