interactions:
- request:
    body: null
    headers:
      Accept:
      - '*/*'
      Accept-Encoding:
      - gzip, deflate
      Connection:
      - keep-alive
      Content-Type:
      - application/json
      User-Agent:
      - ms-fabric-cli-test/1.3.1
    method: GET
    uri: https://api.fabric.microsoft.com/v1/workspaces
  response:
    body:
      string: '{"value": [{"id": "3634a139-2c9e-4205-910b-3b089a31be47", "displayName":
        "My workspace", "description": "", "type": "Personal"}, {"id": "2624caf6-b51d-4b9b-a0d7-9da2c6385d0e",
        "displayName": "fabriccli_WorkspacePerTestclass_000001", "description": "Created
        by fab", "type": "Workspace", "capacityId": "00000000-0000-0000-0000-000000000004"}]}'
    headers:
      Access-Control-Expose-Headers:
      - RequestId
      Cache-Control:
      - no-store, must-revalidate, no-cache
      Content-Encoding:
      - gzip
      Content-Length:
      - '2738'
      Content-Type:
      - application/json; charset=utf-8
      Date:
      - Wed, 04 Feb 2026 07:23:10 GMT
      Pragma:
      - no-cache
      RequestId:
      - 86493783-c1e7-4f68-b3d8-4cf6443d7b43
      Strict-Transport-Security:
      - max-age=31536000; includeSubDomains
      X-Content-Type-Options:
      - nosniff
      X-Frame-Options:
      - deny
      home-cluster-uri:
      - https://wabi-us-central-b-primary-redirect.analysis.windows.net/
      request-redirected:
      - 'true'
    status:
      code: 200
      message: OK
- request:
    body: null
    headers:
      Accept:
      - '*/*'
      Accept-Encoding:
      - gzip, deflate
      Connection:
      - keep-alive
      Content-Type:
      - application/json
      User-Agent:
      - ms-fabric-cli-test/1.3.1
    method: GET
    uri: https://api.fabric.microsoft.com/v1/workspaces/2624caf6-b51d-4b9b-a0d7-9da2c6385d0e/items
  response:
    body:
      string: '{"value": [{"id": "5fbb6826-d43e-4818-8c9a-4d421da80c58", "type": "SQLEndpoint",
        "displayName": "fabcli000001dtdm", "description": "", "workspaceId": "2624caf6-b51d-4b9b-a0d7-9da2c6385d0e"},
        {"id": "35433380-c3a1-43f9-bd79-4460e9ebab3c", "type": "Lakehouse", "displayName":
        "fabcli000001dtdm", "description": "", "workspaceId": "2624caf6-b51d-4b9b-a0d7-9da2c6385d0e"}]}'
    headers:
      Access-Control-Expose-Headers:
      - RequestId
      Cache-Control:
      - no-store, must-revalidate, no-cache
      Content-Encoding:
      - gzip
      Content-Length:
      - '217'
      Content-Type:
      - application/json; charset=utf-8
      Date:
      - Wed, 04 Feb 2026 07:23:11 GMT
      Pragma:
      - no-cache
      RequestId:
      - c936b7ac-70c6-41d4-8164-355d0efa1786
      Strict-Transport-Security:
      - max-age=31536000; includeSubDomains
      X-Content-Type-Options:
      - nosniff
      X-Frame-Options:
      - deny
      home-cluster-uri:
      - https://wabi-us-central-b-primary-redirect.analysis.windows.net/
      request-redirected:
      - 'true'
    status:
      code: 200
      message: OK
- request:
    body: null
    headers:
      Accept:
      - '*/*'
      Accept-Encoding:
      - gzip, deflate
      Connection:
      - keep-alive
      Content-Type:
      - application/json
      User-Agent:
      - ms-fabric-cli-test/1.3.1
    method: GET
    uri: https://api.fabric.microsoft.com/v1/workspaces/2624caf6-b51d-4b9b-a0d7-9da2c6385d0e/items
  response:
    body:
      string: '{"value": [{"id": "5fbb6826-d43e-4818-8c9a-4d421da80c58", "type": "SQLEndpoint",
        "displayName": "fabcli000001dtdm", "description": "", "workspaceId": "2624caf6-b51d-4b9b-a0d7-9da2c6385d0e"},
        {"id": "35433380-c3a1-43f9-bd79-4460e9ebab3c", "type": "Lakehouse", "displayName":
        "fabcli000001dtdm", "description": "", "workspaceId": "2624caf6-b51d-4b9b-a0d7-9da2c6385d0e"}]}'
    headers:
      Access-Control-Expose-Headers:
      - RequestId
      Cache-Control:
      - no-store, must-revalidate, no-cache
      Content-Encoding:
      - gzip
      Content-Length:
      - '217'
      Content-Type:
      - application/json; charset=utf-8
      Date:
      - Wed, 04 Feb 2026 07:23:11 GMT
      Pragma:
      - no-cache
      RequestId:
      - f1ecf3bb-bce3-4328-81f7-1203f9e590d0
      Strict-Transport-Security:
      - max-age=31536000; includeSubDomains
      X-Content-Type-Options:
      - nosniff
      X-Frame-Options:
      - deny
      home-cluster-uri:
      - https://wabi-us-central-b-primary-redirect.analysis.windows.net/
      request-redirected:
      - 'true'
    status:
      code: 200
      message: OK
- request:
    body: '{"description": "Created by fab", "displayName": "fabcli000001", "type":
      "UserDataFunction", "folderId": null}'
    headers:
      Accept:
      - '*/*'
      Accept-Encoding:
      - gzip, deflate
      Connection:
      - keep-alive
      Content-Length:
      - '114'
      Content-Type:
      - application/json
      User-Agent:
      - ms-fabric-cli-test/1.3.1
    method: POST
    uri: https://api.fabric.microsoft.com/v1/workspaces/2624caf6-b51d-4b9b-a0d7-9da2c6385d0e/userdatafunctions
  response:
    body:
      string: '{"id": "dcc19c94-870a-4189-a8a5-a317bc2d39ca", "type": "UserDataFunction",
        "displayName": "fabcli000001", "description": "Created by fab", "workspaceId":
        "2624caf6-b51d-4b9b-a0d7-9da2c6385d0e"}'
    headers:
      Access-Control-Expose-Headers:
      - RequestId,ETag
      Cache-Control:
      - no-store, must-revalidate, no-cache
      Content-Encoding:
      - gzip
      Content-Length:
      - '173'
      Content-Type:
      - application/json; charset=utf-8
      Date:
      - Wed, 04 Feb 2026 07:23:16 GMT
      ETag:
      - '""'
      Pragma:
      - no-cache
      RequestId:
      - 02e7edcd-af5f-4c4f-abf9-0c28bbcac30d
      Strict-Transport-Security:
      - max-age=31536000; includeSubDomains
      X-Content-Type-Options:
      - nosniff
      X-Frame-Options:
      - deny
      home-cluster-uri:
      - https://wabi-us-central-b-primary-redirect.analysis.windows.net/
      request-redirected:
      - 'true'
    status:
      code: 201
      message: Created
- request:
    body: null
    headers:
      Accept:
      - '*/*'
      Accept-Encoding:
      - gzip, deflate
      Connection:
      - keep-alive
      Content-Type:
      - application/json
      User-Agent:
      - ms-fabric-cli-test/1.3.1
    method: GET
    uri: https://api.fabric.microsoft.com/v1/workspaces
  response:
    body:
      string: '{"value": [{"id": "3634a139-2c9e-4205-910b-3b089a31be47", "displayName":
        "My workspace", "description": "", "type": "Personal"}, {"id": "2624caf6-b51d-4b9b-a0d7-9da2c6385d0e",
        "displayName": "fabriccli_WorkspacePerTestclass_000001", "description": "Created
        by fab", "type": "Workspace", "capacityId": "00000000-0000-0000-0000-000000000004"}]}'
    headers:
      Access-Control-Expose-Headers:
      - RequestId
      Cache-Control:
      - no-store, must-revalidate, no-cache
      Content-Encoding:
      - gzip
      Content-Length:
      - '2738'
      Content-Type:
      - application/json; charset=utf-8
      Date:
      - Wed, 04 Feb 2026 07:23:17 GMT
      Pragma:
      - no-cache
      RequestId:
      - 17ceea89-791b-4672-b42f-ce1d80f822f1
      Strict-Transport-Security:
      - max-age=31536000; includeSubDomains
      X-Content-Type-Options:
      - nosniff
      X-Frame-Options:
      - deny
      home-cluster-uri:
      - https://wabi-us-central-b-primary-redirect.analysis.windows.net/
      request-redirected:
      - 'true'
    status:
      code: 200
      message: OK
- request:
    body: null
    headers:
      Accept:
      - '*/*'
      Accept-Encoding:
      - gzip, deflate
      Connection:
      - keep-alive
      Content-Type:
      - application/json
      User-Agent:
      - ms-fabric-cli-test/1.3.1
    method: GET
    uri: https://api.fabric.microsoft.com/v1/workspaces/2624caf6-b51d-4b9b-a0d7-9da2c6385d0e/items
  response:
    body:
      string: '{"value": [{"id": "5fbb6826-d43e-4818-8c9a-4d421da80c58", "type": "SQLEndpoint",
        "displayName": "fabcli000001dtdm", "description": "", "workspaceId": "2624caf6-b51d-4b9b-a0d7-9da2c6385d0e"},
        {"id": "35433380-c3a1-43f9-bd79-4460e9ebab3c", "type": "Lakehouse", "displayName":
        "fabcli000001dtdm", "description": "", "workspaceId": "2624caf6-b51d-4b9b-a0d7-9da2c6385d0e"},
        {"id": "dcc19c94-870a-4189-a8a5-a317bc2d39ca", "type": "UserDataFunction",
        "displayName": "fabcli000001", "description": "Created by fab", "workspaceId":
        "2624caf6-b51d-4b9b-a0d7-9da2c6385d0e"}]}'
    headers:
      Access-Control-Expose-Headers:
      - RequestId
      Cache-Control:
      - no-store, must-revalidate, no-cache
      Content-Encoding:
      - gzip
      Content-Length:
      - '283'
      Content-Type:
      - application/json; charset=utf-8
      Date:
      - Wed, 04 Feb 2026 07:23:18 GMT
      Pragma:
      - no-cache
      RequestId:
      - 126b3c31-b965-488b-859b-bbf58ff4be69
      Strict-Transport-Security:
      - max-age=31536000; includeSubDomains
      X-Content-Type-Options:
      - nosniff
      X-Frame-Options:
      - deny
      home-cluster-uri:
      - https://wabi-us-central-b-primary-redirect.analysis.windows.net/
      request-redirected:
      - 'true'
    status:
      code: 200
      message: OK
- request:
    body: null
    headers:
      Accept:
      - '*/*'
      Accept-Encoding:
      - gzip, deflate
      Connection:
      - keep-alive
      Content-Type:
      - application/json
      User-Agent:
      - ms-fabric-cli-test/1.3.1
    method: GET
    uri: https://api.fabric.microsoft.com/v1/workspaces/2624caf6-b51d-4b9b-a0d7-9da2c6385d0e/userdatafunctions/dcc19c94-870a-4189-a8a5-a317bc2d39ca
  response:
    body:
      string: '{"id": "dcc19c94-870a-4189-a8a5-a317bc2d39ca", "type": "UserDataFunction",
        "displayName": "fabcli000001", "description": "Created by fab", "workspaceId":
        "2624caf6-b51d-4b9b-a0d7-9da2c6385d0e"}'
    headers:
      Access-Control-Expose-Headers:
      - RequestId,ETag
      Cache-Control:
      - no-store, must-revalidate, no-cache
      Content-Encoding:
      - gzip
      Content-Length:
      - '173'
      Content-Type:
      - application/json; charset=utf-8
      Date:
      - Wed, 04 Feb 2026 07:23:19 GMT
      ETag:
      - '""'
      Pragma:
      - no-cache
      RequestId:
      - 991e1247-2ddf-471a-881a-90bff4e0d21b
      Strict-Transport-Security:
      - max-age=31536000; includeSubDomains
      X-Content-Type-Options:
      - nosniff
      X-Frame-Options:
      - deny
      home-cluster-uri:
      - https://wabi-us-central-b-primary-redirect.analysis.windows.net/
      request-redirected:
      - 'true'
    status:
      code: 200
      message: OK
- request:
    body: '{"description": "fabcli000002"}'
    headers:
      Accept:
      - '*/*'
      Accept-Encoding:
      - gzip, deflate
      Connection:
      - keep-alive
      Content-Length:
      - '35'
      Content-Type:
      - application/json
      User-Agent:
      - ms-fabric-cli-test/1.3.1
    method: PATCH
    uri: https://api.fabric.microsoft.com/v1/workspaces/2624caf6-b51d-4b9b-a0d7-9da2c6385d0e/userdatafunctions/dcc19c94-870a-4189-a8a5-a317bc2d39ca
  response:
    body:
      string: '{"id": "dcc19c94-870a-4189-a8a5-a317bc2d39ca", "type": "UserDataFunction",
        "displayName": "fabcli000001", "description": "fabcli000002", "workspaceId":
        "2624caf6-b51d-4b9b-a0d7-9da2c6385d0e"}'
    headers:
      Access-Control-Expose-Headers:
      - RequestId,ETag
      Cache-Control:
      - no-store, must-revalidate, no-cache
      Content-Encoding:
      - gzip
      Content-Length:
      - '171'
      Content-Type:
      - application/json; charset=utf-8
      Date:
      - Wed, 04 Feb 2026 07:23:19 GMT
      ETag:
      - '""'
      Pragma:
      - no-cache
      RequestId:
      - ea59e2cc-bac3-4514-bb35-c73920b8f036
      Strict-Transport-Security:
      - max-age=31536000; includeSubDomains
      X-Content-Type-Options:
      - nosniff
      X-Frame-Options:
      - deny
      home-cluster-uri:
      - https://wabi-us-central-b-primary-redirect.analysis.windows.net/
      request-redirected:
      - 'true'
    status:
      code: 200
      message: OK
- request:
    body: null
    headers:
      Accept:
      - '*/*'
      Accept-Encoding:
      - gzip, deflate
      Connection:
      - keep-alive
      Content-Type:
      - application/json
      User-Agent:
      - ms-fabric-cli-test/1.3.1
    method: GET
    uri: https://api.fabric.microsoft.com/v1/workspaces
  response:
    body:
      string: '{"value": [{"id": "3634a139-2c9e-4205-910b-3b089a31be47", "displayName":
        "My workspace", "description": "", "type": "Personal"}, {"id": "2624caf6-b51d-4b9b-a0d7-9da2c6385d0e",
        "displayName": "fabriccli_WorkspacePerTestclass_000001", "description": "Created
        by fab", "type": "Workspace", "capacityId": "00000000-0000-0000-0000-000000000004"}]}'
    headers:
      Access-Control-Expose-Headers:
      - RequestId
      Cache-Control:
      - no-store, must-revalidate, no-cache
      Content-Encoding:
      - gzip
      Content-Length:
      - '2738'
      Content-Type:
      - application/json; charset=utf-8
      Date:
      - Wed, 04 Feb 2026 07:23:20 GMT
      Pragma:
      - no-cache
      RequestId:
      - d5b85661-e7ae-4a5c-88f7-0386c80c6f5d
      Strict-Transport-Security:
      - max-age=31536000; includeSubDomains
      X-Content-Type-Options:
      - nosniff
      X-Frame-Options:
      - deny
      home-cluster-uri:
      - https://wabi-us-central-b-primary-redirect.analysis.windows.net/
      request-redirected:
      - 'true'
    status:
      code: 200
      message: OK
- request:
    body: null
    headers:
      Accept:
      - '*/*'
      Accept-Encoding:
      - gzip, deflate
      Connection:
      - keep-alive
      Content-Type:
      - application/json
      User-Agent:
      - ms-fabric-cli-test/1.3.1
    method: GET
    uri: https://api.fabric.microsoft.com/v1/workspaces/2624caf6-b51d-4b9b-a0d7-9da2c6385d0e/items
  response:
    body:
      string: '{"value": [{"id": "5fbb6826-d43e-4818-8c9a-4d421da80c58", "type": "SQLEndpoint",
        "displayName": "fabcli000001dtdm", "description": "", "workspaceId": "2624caf6-b51d-4b9b-a0d7-9da2c6385d0e"},
        {"id": "35433380-c3a1-43f9-bd79-4460e9ebab3c", "type": "Lakehouse", "displayName":
        "fabcli000001dtdm", "description": "", "workspaceId": "2624caf6-b51d-4b9b-a0d7-9da2c6385d0e"},
        {"id": "dcc19c94-870a-4189-a8a5-a317bc2d39ca", "type": "UserDataFunction",
        "displayName": "fabcli000001", "description": "fabcli000002", "workspaceId":
        "2624caf6-b51d-4b9b-a0d7-9da2c6385d0e"}]}'
    headers:
      Access-Control-Expose-Headers:
      - RequestId
      Cache-Control:
      - no-store, must-revalidate, no-cache
      Content-Encoding:
      - gzip
      Content-Length:
      - '280'
      Content-Type:
      - application/json; charset=utf-8
      Date:
      - Wed, 04 Feb 2026 07:23:21 GMT
      Pragma:
      - no-cache
      RequestId:
      - 69fa2454-3450-48fa-bb5d-d01101c78342
      Strict-Transport-Security:
      - max-age=31536000; includeSubDomains
      X-Content-Type-Options:
      - nosniff
      X-Frame-Options:
      - deny
      home-cluster-uri:
      - https://wabi-us-central-b-primary-redirect.analysis.windows.net/
      request-redirected:
      - 'true'
    status:
      code: 200
      message: OK
- request:
    body: null
    headers:
      Accept:
      - '*/*'
      Accept-Encoding:
      - gzip, deflate
      Connection:
      - keep-alive
      Content-Type:
      - application/json
      User-Agent:
      - ms-fabric-cli-test/1.3.1
    method: GET
    uri: https://api.fabric.microsoft.com/v1/workspaces/2624caf6-b51d-4b9b-a0d7-9da2c6385d0e/userdatafunctions/dcc19c94-870a-4189-a8a5-a317bc2d39ca
  response:
    body:
      string: '{"id": "dcc19c94-870a-4189-a8a5-a317bc2d39ca", "type": "UserDataFunction",
        "displayName": "fabcli000001", "description": "fabcli000002", "workspaceId":
        "2624caf6-b51d-4b9b-a0d7-9da2c6385d0e"}'
    headers:
      Access-Control-Expose-Headers:
      - RequestId,ETag
      Cache-Control:
      - no-store, must-revalidate, no-cache
      Content-Encoding:
      - gzip
      Content-Length:
      - '171'
      Content-Type:
      - application/json; charset=utf-8
      Date:
      - Wed, 04 Feb 2026 07:23:22 GMT
      ETag:
      - '""'
      Pragma:
      - no-cache
      RequestId:
      - b0965e90-47fd-47db-a2cc-29ea319ccc16
      Strict-Transport-Security:
      - max-age=31536000; includeSubDomains
      X-Content-Type-Options:
      - nosniff
      X-Frame-Options:
      - deny
      home-cluster-uri:
      - https://wabi-us-central-b-primary-redirect.analysis.windows.net/
      request-redirected:
      - 'true'
    status:
      code: 200
      message: OK
- request:
    body: null
    headers:
      Accept:
      - '*/*'
      Accept-Encoding:
      - gzip, deflate
      Connection:
      - keep-alive
      Content-Type:
      - application/json
      User-Agent:
      - ms-fabric-cli-test/1.3.1
    method: GET
    uri: https://api.fabric.microsoft.com/v1/workspaces/2624caf6-b51d-4b9b-a0d7-9da2c6385d0e/items/dcc19c94-870a-4189-a8a5-a317bc2d39ca/connections
  response:
    body:
      string: '{"value": []}'
    headers:
      Access-Control-Expose-Headers:
      - RequestId
      Cache-Control:
      - no-store, must-revalidate, no-cache
      Content-Encoding:
      - gzip
      Content-Length:
      - '32'
      Content-Type:
      - application/json; charset=utf-8
      Date:
      - Wed, 04 Feb 2026 07:23:22 GMT
      Pragma:
      - no-cache
      RequestId:
      - 1b01afd9-4cec-436e-af9c-7944856363d3
      Strict-Transport-Security:
      - max-age=31536000; includeSubDomains
      X-Content-Type-Options:
      - nosniff
      X-Frame-Options:
      - deny
      home-cluster-uri:
      - https://wabi-us-central-b-primary-redirect.analysis.windows.net/
      request-redirected:
      - 'true'
    status:
      code: 200
      message: OK
- request:
    body: null
    headers:
      Accept:
      - '*/*'
      Accept-Encoding:
      - gzip, deflate
      Connection:
      - keep-alive
      Content-Type:
      - application/json
      User-Agent:
      - ms-fabric-cli-test/1.3.1
    method: GET
    uri: https://api.fabric.microsoft.com/v1/workspaces
  response:
    body:
      string: '{"value": [{"id": "3634a139-2c9e-4205-910b-3b089a31be47", "displayName":
        "My workspace", "description": "", "type": "Personal"}, {"id": "2624caf6-b51d-4b9b-a0d7-9da2c6385d0e",
        "displayName": "fabriccli_WorkspacePerTestclass_000001", "description": "Created
        by fab", "type": "Workspace", "capacityId": "00000000-0000-0000-0000-000000000004"}]}'
    headers:
      Access-Control-Expose-Headers:
      - RequestId
      Cache-Control:
      - no-store, must-revalidate, no-cache
      Content-Encoding:
      - gzip
      Content-Length:
      - '2738'
      Content-Type:
      - application/json; charset=utf-8
      Date:
      - Wed, 04 Feb 2026 07:23:23 GMT
      Pragma:
      - no-cache
      RequestId:
      - 2bb4981f-20ce-4128-8826-23a5a07a5e81
      Strict-Transport-Security:
      - max-age=31536000; includeSubDomains
      X-Content-Type-Options:
      - nosniff
      X-Frame-Options:
      - deny
      home-cluster-uri:
      - https://wabi-us-central-b-primary-redirect.analysis.windows.net/
      request-redirected:
      - 'true'
    status:
      code: 200
      message: OK
- request:
    body: null
    headers:
      Accept:
      - '*/*'
      Accept-Encoding:
      - gzip, deflate
      Connection:
      - keep-alive
      Content-Type:
      - application/json
      User-Agent:
      - ms-fabric-cli-test/1.3.1
    method: GET
    uri: https://api.fabric.microsoft.com/v1/workspaces/2624caf6-b51d-4b9b-a0d7-9da2c6385d0e/items
  response:
    body:
      string: '{"value": [{"id": "5fbb6826-d43e-4818-8c9a-4d421da80c58", "type": "SQLEndpoint",
        "displayName": "fabcli000001dtdm", "description": "", "workspaceId": "2624caf6-b51d-4b9b-a0d7-9da2c6385d0e"},
        {"id": "35433380-c3a1-43f9-bd79-4460e9ebab3c", "type": "Lakehouse", "displayName":
        "fabcli000001dtdm", "description": "", "workspaceId": "2624caf6-b51d-4b9b-a0d7-9da2c6385d0e"},
        {"id": "dcc19c94-870a-4189-a8a5-a317bc2d39ca", "type": "UserDataFunction",
        "displayName": "fabcli000001", "description": "fabcli000002", "workspaceId":
        "2624caf6-b51d-4b9b-a0d7-9da2c6385d0e"}]}'
    headers:
      Access-Control-Expose-Headers:
      - RequestId
      Cache-Control:
      - no-store, must-revalidate, no-cache
      Content-Encoding:
      - gzip
      Content-Length:
      - '280'
      Content-Type:
      - application/json; charset=utf-8
      Date:
      - Wed, 04 Feb 2026 07:23:24 GMT
      Pragma:
      - no-cache
      RequestId:
      - b8709bf2-9d83-4f31-bd86-73db552fe04b
      Strict-Transport-Security:
      - max-age=31536000; includeSubDomains
      X-Content-Type-Options:
      - nosniff
      X-Frame-Options:
      - deny
      home-cluster-uri:
      - https://wabi-us-central-b-primary-redirect.analysis.windows.net/
      request-redirected:
      - 'true'
    status:
      code: 200
      message: OK
- request:
    body: null
    headers:
      Accept:
      - '*/*'
      Accept-Encoding:
      - gzip, deflate
      Connection:
      - keep-alive
      Content-Length:
      - '0'
      Content-Type:
      - application/json
      User-Agent:
      - ms-fabric-cli-test/1.3.1
    method: DELETE
    uri: https://api.fabric.microsoft.com/v1/workspaces/2624caf6-b51d-4b9b-a0d7-9da2c6385d0e/items/dcc19c94-870a-4189-a8a5-a317bc2d39ca
  response:
    body:
      string: ''
    headers:
      Access-Control-Expose-Headers:
      - RequestId
      Cache-Control:
      - no-store, must-revalidate, no-cache
      Content-Encoding:
      - gzip
      Content-Length:
      - '0'
      Content-Type:
      - application/octet-stream
      Date:
      - Wed, 04 Feb 2026 07:23:25 GMT
      Pragma:
      - no-cache
      RequestId:
      - f2f7e033-05fd-4b79-96e5-3131446c2bbb
      Strict-Transport-Security:
      - max-age=31536000; includeSubDomains
      X-Content-Type-Options:
      - nosniff
      X-Frame-Options:
      - deny
      home-cluster-uri:
      - https://wabi-us-central-b-primary-redirect.analysis.windows.net/
      request-redirected:
      - 'true'
    status:
      code: 200
      message: OK
version: 1
