interactions:
- request:
    body: null
    headers:
      Accept:
      - '*/*'
      Accept-Encoding:
      - gzip, deflate
      Connection:
      - keep-alive
      Content-Type:
      - application/json
      User-Agent:
      - ms-fabric-cli-test/1.3.1
    method: GET
    uri: https://api.fabric.microsoft.com/v1/gateways
  response:
    body:
      string: '{"value": []}'
    headers:
      Access-Control-Expose-Headers:
      - RequestId
      Cache-Control:
      - no-store, must-revalidate, no-cache
      Content-Encoding:
      - gzip
      Content-Length:
      - '1259'
      Content-Type:
      - application/json; charset=utf-8
      Date:
      - Tue, 20 Jan 2026 12:03:21 GMT
      Pragma:
      - no-cache
      RequestId:
      - 57da9cfe-f9b3-4550-aba3-ebced0fafad9
      Strict-Transport-Security:
      - max-age=31536000; includeSubDomains
      X-Content-Type-Options:
      - nosniff
      X-Frame-Options:
      - deny
      home-cluster-uri:
      - https://wabi-us-central-b-primary-redirect.analysis.windows.net/
      request-redirected:
      - 'true'
    status:
      code: 200
      message: OK
- request:
    body: null
    headers:
      Accept:
      - '*/*'
      Accept-Encoding:
      - gzip, deflate
      Connection:
      - keep-alive
      Content-Type:
      - application/json
      User-Agent:
      - ms-fabric-cli-test/1.3.1
    method: GET
    uri: https://api.fabric.microsoft.com/v1/capacities
  response:
    body:
      string: '{"value": [{"id": "00000000-0000-0000-0000-000000000004", "displayName":
        "mocked_fabriccli_capacity_name", "sku": "F32", "region": "Central US", "state":
        "Active"}]}'
    headers:
      Access-Control-Expose-Headers:
      - RequestId
      Cache-Control:
      - no-store, must-revalidate, no-cache
      Content-Encoding:
      - gzip
      Content-Length:
      - '425'
      Content-Type:
      - application/json; charset=utf-8
      Date:
      - Tue, 20 Jan 2026 12:03:27 GMT
      Pragma:
      - no-cache
      RequestId:
      - 657b7e93-d9e2-407a-82f0-a013de470ec1
      Strict-Transport-Security:
      - max-age=31536000; includeSubDomains
      X-Content-Type-Options:
      - nosniff
      X-Frame-Options:
      - deny
      home-cluster-uri:
      - https://wabi-us-central-b-primary-redirect.analysis.windows.net/
      request-redirected:
      - 'true'
    status:
      code: 200
      message: OK
- request:
    body: null
    headers:
      Accept:
      - '*/*'
      Accept-Encoding:
      - gzip, deflate
      Connection:
      - keep-alive
      Content-Type:
      - application/json
      User-Agent:
      - ms-fabric-cli-test/1.3.1
    method: GET
    uri: https://management.azure.com/subscriptions?api-version=2022-12-01
  response:
    body:
      string: '{"value": [{"id": "/subscriptions/00000000-0000-0000-0000-000000000000"}],
        "count": {"type": "Total", "value": 1}}'
    headers:
      Cache-Control:
      - no-cache
      Content-Length:
      - '469'
      Content-Type:
      - application/json; charset=utf-8
      Date:
      - Tue, 20 Jan 2026 12:03:29 GMT
      Expires:
      - '-1'
      Pragma:
      - no-cache
      Strict-Transport-Security:
      - max-age=31536000; includeSubDomains
      X-Cache:
      - CONFIG_NOCACHE
      X-Content-Type-Options:
      - nosniff
    status:
      code: 200
      message: OK
- request:
    body: null
    headers:
      Accept:
      - '*/*'
      Accept-Encoding:
      - gzip, deflate
      Connection:
      - keep-alive
      Content-Type:
      - application/json
      User-Agent:
      - ms-fabric-cli-test/1.3.1
    method: GET
    uri: https://management.azure.com/subscriptions/00000000-0000-0000-0000-000000000000/providers/Microsoft.Network/virtualNetworks?api-version=2024-05-01
  response:
    body:
      string: '{"value": [{"name": "mocked_fabriccli_vnet_name", "id": "/subscriptions/00000000-0000-0000-0000-000000000000/resourceGroups/mocked_fabriccli_resource_group/providers/Microsoft.Network/virtualNetworks/mocked_fabriccli_vnet_name",
        "properties": {"subnets": [{"name": "mocked_fabriccli_vnet_subnet", "id":
        "/subscriptions/00000000-0000-0000-0000-000000000000/resourceGroups/mocked_fabriccli_resource_group/providers/Microsoft.Network/virtualNetworks/mocked_fabriccli_vnet_name/subnets/mocked_fabriccli_vnet_subnet"}]}}]}'
    headers:
      Cache-Control:
      - no-cache
      Content-Length:
      - '2758'
      Content-Type:
      - application/json; charset=utf-8
      Date:
      - Tue, 20 Jan 2026 12:03:29 GMT
      Expires:
      - '-1'
      Pragma:
      - no-cache
      Strict-Transport-Security:
      - max-age=31536000; includeSubDomains
      X-Cache:
      - CONFIG_NOCACHE
      X-Content-Type-Options:
      - nosniff
    status:
      code: 200
      message: OK
- request:
    body: '{"displayName": "fabcli000001", "capacityId": "00000000-0000-0000-0000-000000000004",
      "inactivityMinutesBeforeSleep": 30, "numberOfMemberGateways": 1, "type": "VirtualNetwork",
      "virtualNetworkAzureResource": {"subscriptionId": "00000000-0000-0000-0000-000000000000",
      "resourceGroupName": "mocked_fabriccli_resource_group", "virtualNetworkName":
      "mocked_fabriccli_vnet_name", "subnetName": "mocked_fabriccli_vnet_subnet"}}'
    headers:
      Accept:
      - '*/*'
      Accept-Encoding:
      - gzip, deflate
      Connection:
      - keep-alive
      Content-Length:
      - '377'
      Content-Type:
      - application/json
      User-Agent:
      - ms-fabric-cli-test/1.3.1
    method: POST
    uri: https://api.fabric.microsoft.com/v1/gateways
  response:
    body:
      string: '{"displayName": "fabcli000001", "capacityId": "00000000-0000-0000-0000-000000000004",
        "virtualNetworkAzureResource": {"virtualNetworkName": "mocked_fabriccli_vnet_name",
        "subnetName": "mocked_fabriccli_vnet_subnet", "resourceGroupName": "mocked_fabriccli_resource_group",
        "subscriptionId": "00000000-0000-0000-0000-000000000000"}, "inactivityMinutesBeforeSleep":
        30, "numberOfMemberGateways": 1, "id": "d616901d-c1aa-4195-9c36-a09f9b3cc32c",
        "type": "VirtualNetwork"}'
    headers:
      Access-Control-Expose-Headers:
      - RequestId,Location
      Cache-Control:
      - no-store, must-revalidate, no-cache
      Content-Encoding:
      - gzip
      Content-Length:
      - '291'
      Content-Type:
      - application/json; charset=utf-8
      Date:
      - Tue, 20 Jan 2026 12:03:42 GMT
      Location:
      - https://api.fabric.microsoft.com/v1/gateways/d616901d-c1aa-4195-9c36-a09f9b3cc32c
      Pragma:
      - no-cache
      RequestId:
      - 6badb1a6-e042-403c-a6d2-3c8da3a04116
      Strict-Transport-Security:
      - max-age=31536000; includeSubDomains
      X-Content-Type-Options:
      - nosniff
      X-Frame-Options:
      - deny
      home-cluster-uri:
      - https://wabi-us-central-b-primary-redirect.analysis.windows.net/
      request-redirected:
      - 'true'
    status:
      code: 201
      message: Created
- request:
    body: null
    headers:
      Accept:
      - '*/*'
      Accept-Encoding:
      - gzip, deflate
      Connection:
      - keep-alive
      Content-Type:
      - application/json
      User-Agent:
      - ms-fabric-cli-test/1.3.1
    method: GET
    uri: https://api.fabric.microsoft.com/v1/gateways
  response:
    body:
      string: '{"value": [{"displayName": "fabcli000001", "capacityId": "00000000-0000-0000-0000-000000000004",
        "virtualNetworkAzureResource": {"virtualNetworkName": "mocked_fabriccli_vnet_name",
        "subnetName": "mocked_fabriccli_vnet_subnet", "resourceGroupName": "mocked_fabriccli_resource_group",
        "subscriptionId": "00000000-0000-0000-0000-000000000000"}, "inactivityMinutesBeforeSleep":
        30, "numberOfMemberGateways": 1, "id": "d616901d-c1aa-4195-9c36-a09f9b3cc32c",
        "type": "VirtualNetwork"}]}'
    headers:
      Access-Control-Expose-Headers:
      - RequestId
      Cache-Control:
      - no-store, must-revalidate, no-cache
      Content-Encoding:
      - gzip
      Content-Length:
      - '1302'
      Content-Type:
      - application/json; charset=utf-8
      Date:
      - Tue, 20 Jan 2026 12:03:44 GMT
      Pragma:
      - no-cache
      RequestId:
      - 2bdfb855-0326-4f4d-ac69-0dff1cb2d1a9
      Strict-Transport-Security:
      - max-age=31536000; includeSubDomains
      X-Content-Type-Options:
      - nosniff
      X-Frame-Options:
      - deny
      home-cluster-uri:
      - https://wabi-us-central-b-primary-redirect.analysis.windows.net/
      request-redirected:
      - 'true'
    status:
      code: 200
      message: OK
- request:
    body: null
    headers:
      Accept:
      - '*/*'
      Accept-Encoding:
      - gzip, deflate
      Connection:
      - keep-alive
      Content-Type:
      - application/json
      User-Agent:
      - ms-fabric-cli-test/1.3.1
    method: GET
    uri: https://api.fabric.microsoft.com/v1/gateways/d616901d-c1aa-4195-9c36-a09f9b3cc32c
  response:
    body:
      string: '{"displayName": "fabcli000001", "capacityId": "00000000-0000-0000-0000-000000000004",
        "virtualNetworkAzureResource": {"virtualNetworkName": "mocked_fabriccli_vnet_name",
        "subnetName": "mocked_fabriccli_vnet_subnet", "resourceGroupName": "mocked_fabriccli_resource_group",
        "subscriptionId": "00000000-0000-0000-0000-000000000000"}, "inactivityMinutesBeforeSleep":
        30, "numberOfMemberGateways": 1, "id": "d616901d-c1aa-4195-9c36-a09f9b3cc32c",
        "type": "VirtualNetwork"}'
    headers:
      Access-Control-Expose-Headers:
      - RequestId
      Cache-Control:
      - no-store, must-revalidate, no-cache
      Content-Encoding:
      - gzip
      Content-Length:
      - '291'
      Content-Type:
      - application/json; charset=utf-8
      Date:
      - Tue, 20 Jan 2026 12:03:46 GMT
      Pragma:
      - no-cache
      RequestId:
      - b755acb2-48ed-4bb5-9aa1-3e1e9a2785a7
      Strict-Transport-Security:
      - max-age=31536000; includeSubDomains
      X-Content-Type-Options:
      - nosniff
      X-Frame-Options:
      - deny
      home-cluster-uri:
      - https://wabi-us-central-b-primary-redirect.analysis.windows.net/
      request-redirected:
      - 'true'
    status:
      code: 200
      message: OK
- request:
    body: '{"inactivityMinutesBeforeSleep": 60, "type": "VirtualNetwork"}'
    headers:
      Accept:
      - '*/*'
      Accept-Encoding:
      - gzip, deflate
      Connection:
      - keep-alive
      Content-Length:
      - '62'
      Content-Type:
      - application/json
      User-Agent:
      - ms-fabric-cli-test/1.3.1
    method: PATCH
    uri: https://api.fabric.microsoft.com/v1/gateways/d616901d-c1aa-4195-9c36-a09f9b3cc32c
  response:
    body:
      string: '{"displayName": "fabcli000001", "capacityId": "00000000-0000-0000-0000-000000000004",
        "virtualNetworkAzureResource": {"virtualNetworkName": "mocked_fabriccli_vnet_name",
        "subnetName": "mocked_fabriccli_vnet_subnet", "resourceGroupName": "mocked_fabriccli_resource_group",
        "subscriptionId": "00000000-0000-0000-0000-000000000000"}, "inactivityMinutesBeforeSleep":
        60, "numberOfMemberGateways": 1, "id": "d616901d-c1aa-4195-9c36-a09f9b3cc32c",
        "type": "VirtualNetwork"}'
    headers:
      Access-Control-Expose-Headers:
      - RequestId
      Cache-Control:
      - no-store, must-revalidate, no-cache
      Content-Encoding:
      - gzip
      Content-Length:
      - '291'
      Content-Type:
      - application/json; charset=utf-8
      Date:
      - Tue, 20 Jan 2026 12:03:48 GMT
      Pragma:
      - no-cache
      RequestId:
      - 1438d881-e1e4-4d07-9779-d6044cd71480
      Strict-Transport-Security:
      - max-age=31536000; includeSubDomains
      X-Content-Type-Options:
      - nosniff
      X-Frame-Options:
      - deny
      home-cluster-uri:
      - https://wabi-us-central-b-primary-redirect.analysis.windows.net/
      request-redirected:
      - 'true'
    status:
      code: 200
      message: OK
- request:
    body: null
    headers:
      Accept:
      - '*/*'
      Accept-Encoding:
      - gzip, deflate
      Connection:
      - keep-alive
      Content-Type:
      - application/json
      User-Agent:
      - ms-fabric-cli-test/1.3.1
    method: GET
    uri: https://api.fabric.microsoft.com/v1/gateways
  response:
    body:
      string: '{"value": [{"displayName": "fabcli000001", "capacityId": "00000000-0000-0000-0000-000000000004",
        "virtualNetworkAzureResource": {"virtualNetworkName": "mocked_fabriccli_vnet_name",
        "subnetName": "mocked_fabriccli_vnet_subnet", "resourceGroupName": "mocked_fabriccli_resource_group",
        "subscriptionId": "00000000-0000-0000-0000-000000000000"}, "inactivityMinutesBeforeSleep":
        60, "numberOfMemberGateways": 1, "id": "d616901d-c1aa-4195-9c36-a09f9b3cc32c",
        "type": "VirtualNetwork"}]}'
    headers:
      Access-Control-Expose-Headers:
      - RequestId
      Cache-Control:
      - no-store, must-revalidate, no-cache
      Content-Encoding:
      - gzip
      Content-Length:
      - '1305'
      Content-Type:
      - application/json; charset=utf-8
      Date:
      - Tue, 20 Jan 2026 12:03:50 GMT
      Pragma:
      - no-cache
      RequestId:
      - 6b4fad32-31cc-4385-a060-62476f21ef13
      Strict-Transport-Security:
      - max-age=31536000; includeSubDomains
      X-Content-Type-Options:
      - nosniff
      X-Frame-Options:
      - deny
      home-cluster-uri:
      - https://wabi-us-central-b-primary-redirect.analysis.windows.net/
      request-redirected:
      - 'true'
    status:
      code: 200
      message: OK
- request:
    body: null
    headers:
      Accept:
      - '*/*'
      Accept-Encoding:
      - gzip, deflate
      Connection:
      - keep-alive
      Content-Type:
      - application/json
      User-Agent:
      - ms-fabric-cli-test/1.3.1
    method: GET
    uri: https://api.fabric.microsoft.com/v1/gateways/d616901d-c1aa-4195-9c36-a09f9b3cc32c
  response:
    body:
      string: '{"displayName": "fabcli000001", "capacityId": "00000000-0000-0000-0000-000000000004",
        "virtualNetworkAzureResource": {"virtualNetworkName": "mocked_fabriccli_vnet_name",
        "subnetName": "mocked_fabriccli_vnet_subnet", "resourceGroupName": "mocked_fabriccli_resource_group",
        "subscriptionId": "00000000-0000-0000-0000-000000000000"}, "inactivityMinutesBeforeSleep":
        60, "numberOfMemberGateways": 1, "id": "d616901d-c1aa-4195-9c36-a09f9b3cc32c",
        "type": "VirtualNetwork"}'
    headers:
      Access-Control-Expose-Headers:
      - RequestId
      Cache-Control:
      - no-store, must-revalidate, no-cache
      Content-Encoding:
      - gzip
      Content-Length:
      - '291'
      Content-Type:
      - application/json; charset=utf-8
      Date:
      - Tue, 20 Jan 2026 12:03:52 GMT
      Pragma:
      - no-cache
      RequestId:
      - ffb9f2f1-046a-4d0c-9aab-214808211d4c
      Strict-Transport-Security:
      - max-age=31536000; includeSubDomains
      X-Content-Type-Options:
      - nosniff
      X-Frame-Options:
      - deny
      home-cluster-uri:
      - https://wabi-us-central-b-primary-redirect.analysis.windows.net/
      request-redirected:
      - 'true'
    status:
      code: 200
      message: OK
- request:
    body: null
    headers:
      Accept:
      - '*/*'
      Accept-Encoding:
      - gzip, deflate
      Connection:
      - keep-alive
      Content-Type:
      - application/json
      User-Agent:
      - ms-fabric-cli-test/1.3.1
    method: GET
    uri: https://api.fabric.microsoft.com/v1/gateways
  response:
    body:
      string: '{"value": [{"displayName": "fabcli000001", "capacityId": "00000000-0000-0000-0000-000000000004",
        "virtualNetworkAzureResource": {"virtualNetworkName": "mocked_fabriccli_vnet_name",
        "subnetName": "mocked_fabriccli_vnet_subnet", "resourceGroupName": "mocked_fabriccli_resource_group",
        "subscriptionId": "00000000-0000-0000-0000-000000000000"}, "inactivityMinutesBeforeSleep":
        60, "numberOfMemberGateways": 1, "id": "d616901d-c1aa-4195-9c36-a09f9b3cc32c",
        "type": "VirtualNetwork"}]}'
    headers:
      Access-Control-Expose-Headers:
      - RequestId
      Cache-Control:
      - no-store, must-revalidate, no-cache
      Content-Encoding:
      - gzip
      Content-Length:
      - '1305'
      Content-Type:
      - application/json; charset=utf-8
      Date:
      - Tue, 20 Jan 2026 12:03:53 GMT
      Pragma:
      - no-cache
      RequestId:
      - 68555eeb-f039-48aa-bd4d-661857630ec6
      Strict-Transport-Security:
      - max-age=31536000; includeSubDomains
      X-Content-Type-Options:
      - nosniff
      X-Frame-Options:
      - deny
      home-cluster-uri:
      - https://wabi-us-central-b-primary-redirect.analysis.windows.net/
      request-redirected:
      - 'true'
    status:
      code: 200
      message: OK
- request:
    body: null
    headers:
      Accept:
      - '*/*'
      Accept-Encoding:
      - gzip, deflate
      Connection:
      - keep-alive
      Content-Length:
      - '0'
      Content-Type:
      - application/json
      User-Agent:
      - ms-fabric-cli-test/1.3.1
    method: DELETE
    uri: https://api.fabric.microsoft.com/v1/gateways/d616901d-c1aa-4195-9c36-a09f9b3cc32c
  response:
    body:
      string: ''
    headers:
      Access-Control-Expose-Headers:
      - RequestId
      Cache-Control:
      - no-store, must-revalidate, no-cache
      Content-Encoding:
      - gzip
      Content-Length:
      - '0'
      Content-Type:
      - application/octet-stream
      Date:
      - Tue, 20 Jan 2026 12:03:56 GMT
      Pragma:
      - no-cache
      RequestId:
      - 63c4c6b7-1dfd-4f7e-8a0b-41c14ce5ae60
      Strict-Transport-Security:
      - max-age=31536000; includeSubDomains
      X-Content-Type-Options:
      - nosniff
      X-Frame-Options:
      - deny
      home-cluster-uri:
      - https://wabi-us-central-b-primary-redirect.analysis.windows.net/
      request-redirected:
      - 'true'
    status:
      code: 200
      message: OK
version: 1
