interactions:
- request:
    body: null
    headers:
      Accept:
      - '*/*'
      Accept-Encoding:
      - gzip, deflate
      Connection:
      - keep-alive
      Content-Type:
      - application/json
      User-Agent:
      - ms-fabric-cli-test/1.3.1
    method: GET
    uri: https://api.fabric.microsoft.com/v1/workspaces
  response:
    body:
      string: '{"value": [{"id": "3634a139-2c9e-4205-910b-3b089a31be47", "displayName":
        "My workspace", "description": "", "type": "Personal"}, {"id": "81065bd8-e334-4715-b170-dedb4cd514e6",
        "displayName": "fabriccli_WorkspacePerTestclass_000001", "description": "Created
        by fab", "type": "Workspace", "capacityId": "00000000-0000-0000-0000-000000000004"}]}'
    headers:
      Access-Control-Expose-Headers:
      - RequestId
      Cache-Control:
      - no-store, must-revalidate, no-cache
      Content-Encoding:
      - gzip
      Content-Length:
      - '2061'
      Content-Type:
      - application/json; charset=utf-8
      Date:
      - Wed, 31 Dec 2025 14:32:01 GMT
      Pragma:
      - no-cache
      RequestId:
      - 66a343bc-d090-4be4-80d1-80d6881cc5c4
      Strict-Transport-Security:
      - max-age=31536000; includeSubDomains
      X-Content-Type-Options:
      - nosniff
      X-Frame-Options:
      - deny
      home-cluster-uri:
      - https://wabi-us-central-b-primary-redirect.analysis.windows.net/
      request-redirected:
      - 'true'
    status:
      code: 200
      message: OK
- request:
    body: null
    headers:
      Accept:
      - '*/*'
      Accept-Encoding:
      - gzip, deflate
      Connection:
      - keep-alive
      Content-Type:
      - application/json
      User-Agent:
      - ms-fabric-cli-test/1.3.1
    method: GET
    uri: https://api.fabric.microsoft.com/v1/workspaces/81065bd8-e334-4715-b170-dedb4cd514e6/spark/pools
  response:
    body:
      string: '{"value": [{"id": "00000000-0000-0000-0000-000000000000", "type": "Workspace",
        "name": "Starter Pool", "nodeFamily": "MemoryOptimized", "nodeSize": "Medium",
        "autoScale": {"enabled": true, "minNodeCount": 1, "maxNodeCount": 10}, "dynamicExecutorAllocation":
        {"enabled": true, "minExecutors": 1, "maxExecutors": 9}}]}'
    headers:
      Access-Control-Expose-Headers:
      - RequestId
      Content-Length:
      - '460'
      Content-Type:
      - application/json; charset=utf-8
      Date:
      - Wed, 31 Dec 2025 14:32:02 GMT
      RequestId:
      - a1eb1bdd-c30c-4f06-806e-58c325df43c8
      Strict-Transport-Security:
      - max-age=31536000; includeSubDomains
      X-Content-Type-Options:
      - nosniff
      X-Frame-Options:
      - deny
      home-cluster-uri:
      - https://wabi-us-central-b-primary-redirect.analysis.windows.net/
      request-redirected:
      - 'true'
    status:
      code: 200
      message: OK
- request:
    body: null
    headers:
      Accept:
      - '*/*'
      Accept-Encoding:
      - gzip, deflate
      Connection:
      - keep-alive
      Content-Type:
      - application/json
      User-Agent:
      - ms-fabric-cli-test/1.3.1
    method: GET
    uri: https://api.fabric.microsoft.com/v1/workspaces/81065bd8-e334-4715-b170-dedb4cd514e6/spark/pools
  response:
    body:
      string: '{"value": [{"id": "00000000-0000-0000-0000-000000000000", "type": "Workspace",
        "name": "Starter Pool", "nodeFamily": "MemoryOptimized", "nodeSize": "Medium",
        "autoScale": {"enabled": true, "minNodeCount": 1, "maxNodeCount": 10}, "dynamicExecutorAllocation":
        {"enabled": true, "minExecutors": 1, "maxExecutors": 9}}]}'
    headers:
      Access-Control-Expose-Headers:
      - RequestId
      Content-Length:
      - '460'
      Content-Type:
      - application/json; charset=utf-8
      Date:
      - Wed, 31 Dec 2025 14:32:02 GMT
      RequestId:
      - 1e18b17f-8c14-479c-b276-1ae2764ed481
      Strict-Transport-Security:
      - max-age=31536000; includeSubDomains
      X-Content-Type-Options:
      - nosniff
      X-Frame-Options:
      - deny
      home-cluster-uri:
      - https://wabi-us-central-b-primary-redirect.analysis.windows.net/
      request-redirected:
      - 'true'
    status:
      code: 200
      message: OK
- request:
    body: '{"name": "fabcli000001", "nodeFamily": "MemoryOptimized", "nodeSize": "Small",
      "autoScale": {"enabled": true, "minNodeCount": 1, "maxNodeCount": 1}, "dynamicExecutorAllocation":
      {"enabled": false, "minExecutors": 1, "maxExecutors": 1}}'
    headers:
      Accept:
      - '*/*'
      Accept-Encoding:
      - gzip, deflate
      Connection:
      - keep-alive
      Content-Length:
      - '239'
      Content-Type:
      - application/json
      User-Agent:
      - ms-fabric-cli-test/1.3.1
    method: POST
    uri: https://api.fabric.microsoft.com/v1/workspaces/81065bd8-e334-4715-b170-dedb4cd514e6/spark/pools
  response:
    body:
      string: '{"id": "017dd1ac-17f8-48b4-92a3-042ac5d79610", "type": "Workspace",
        "name": "fabcli000001", "nodeFamily": "MemoryOptimized", "nodeSize": "Small",
        "autoScale": {"enabled": true, "minNodeCount": 1, "maxNodeCount": 1}, "dynamicExecutorAllocation":
        {"enabled": false}}'
    headers:
      Access-Control-Expose-Headers:
      - RequestId
      Content-Length:
      - '322'
      Content-Type:
      - application/json; charset=utf-8
      Date:
      - Wed, 31 Dec 2025 14:32:03 GMT
      RequestId:
      - 4324d756-9adc-4f7a-ab68-82923ff654f4
      Strict-Transport-Security:
      - max-age=31536000; includeSubDomains
      X-Content-Type-Options:
      - nosniff
      X-Frame-Options:
      - deny
      home-cluster-uri:
      - https://wabi-us-central-b-primary-redirect.analysis.windows.net/
      request-redirected:
      - 'true'
    status:
      code: 201
      message: Created
- request:
    body: null
    headers:
      Accept:
      - '*/*'
      Accept-Encoding:
      - gzip, deflate
      Connection:
      - keep-alive
      Content-Type:
      - application/json
      User-Agent:
      - ms-fabric-cli-test/1.3.1
    method: GET
    uri: https://api.fabric.microsoft.com/v1/workspaces
  response:
    body:
      string: '{"value": [{"id": "3634a139-2c9e-4205-910b-3b089a31be47", "displayName":
        "My workspace", "description": "", "type": "Personal"}, {"id": "81065bd8-e334-4715-b170-dedb4cd514e6",
        "displayName": "fabriccli_WorkspacePerTestclass_000001", "description": "Created
        by fab", "type": "Workspace", "capacityId": "00000000-0000-0000-0000-000000000004"}]}'
    headers:
      Access-Control-Expose-Headers:
      - RequestId
      Cache-Control:
      - no-store, must-revalidate, no-cache
      Content-Encoding:
      - gzip
      Content-Length:
      - '2061'
      Content-Type:
      - application/json; charset=utf-8
      Date:
      - Wed, 31 Dec 2025 14:32:03 GMT
      Pragma:
      - no-cache
      RequestId:
      - 987ebdd4-6f67-4074-8da3-9aa947b682c0
      Strict-Transport-Security:
      - max-age=31536000; includeSubDomains
      X-Content-Type-Options:
      - nosniff
      X-Frame-Options:
      - deny
      home-cluster-uri:
      - https://wabi-us-central-b-primary-redirect.analysis.windows.net/
      request-redirected:
      - 'true'
    status:
      code: 200
      message: OK
- request:
    body: null
    headers:
      Accept:
      - '*/*'
      Accept-Encoding:
      - gzip, deflate
      Connection:
      - keep-alive
      Content-Type:
      - application/json
      User-Agent:
      - ms-fabric-cli-test/1.3.1
    method: GET
    uri: https://api.fabric.microsoft.com/v1/workspaces/81065bd8-e334-4715-b170-dedb4cd514e6/spark/pools
  response:
    body:
      string: '{"value": [{"id": "00000000-0000-0000-0000-000000000000", "type": "Workspace",
        "name": "Starter Pool", "nodeFamily": "MemoryOptimized", "nodeSize": "Medium",
        "autoScale": {"enabled": true, "minNodeCount": 1, "maxNodeCount": 10}, "dynamicExecutorAllocation":
        {"enabled": true, "minExecutors": 1, "maxExecutors": 9}}, {"id": "017dd1ac-17f8-48b4-92a3-042ac5d79610",
        "type": "Workspace", "name": "fabcli000001", "nodeFamily": "MemoryOptimized",
        "nodeSize": "Small", "autoScale": {"enabled": true, "minNodeCount": 1, "maxNodeCount":
        1}, "dynamicExecutorAllocation": {"enabled": false}}]}'
    headers:
      Access-Control-Expose-Headers:
      - RequestId
      Content-Length:
      - '845'
      Content-Type:
      - application/json; charset=utf-8
      Date:
      - Wed, 31 Dec 2025 14:32:04 GMT
      RequestId:
      - 8b48489f-4475-45ad-af5e-126fcb8e9d60
      Strict-Transport-Security:
      - max-age=31536000; includeSubDomains
      X-Content-Type-Options:
      - nosniff
      X-Frame-Options:
      - deny
      home-cluster-uri:
      - https://wabi-us-central-b-primary-redirect.analysis.windows.net/
      request-redirected:
      - 'true'
    status:
      code: 200
      message: OK
- request:
    body: null
    headers:
      Accept:
      - '*/*'
      Accept-Encoding:
      - gzip, deflate
      Connection:
      - keep-alive
      Content-Type:
      - application/json
      User-Agent:
      - ms-fabric-cli-test/1.3.1
    method: GET
    uri: https://api.fabric.microsoft.com/v1/workspaces
  response:
    body:
      string: '{"value": [{"id": "3634a139-2c9e-4205-910b-3b089a31be47", "displayName":
        "My workspace", "description": "", "type": "Personal"}, {"id": "81065bd8-e334-4715-b170-dedb4cd514e6",
        "displayName": "fabriccli_WorkspacePerTestclass_000001", "description": "Created
        by fab", "type": "Workspace", "capacityId": "00000000-0000-0000-0000-000000000004"}]}'
    headers:
      Access-Control-Expose-Headers:
      - RequestId
      Cache-Control:
      - no-store, must-revalidate, no-cache
      Content-Encoding:
      - gzip
      Content-Length:
      - '2061'
      Content-Type:
      - application/json; charset=utf-8
      Date:
      - Wed, 31 Dec 2025 14:32:03 GMT
      Pragma:
      - no-cache
      RequestId:
      - 8ef143f1-53a7-4a3d-b98f-0e5cd4121ea6
      Strict-Transport-Security:
      - max-age=31536000; includeSubDomains
      X-Content-Type-Options:
      - nosniff
      X-Frame-Options:
      - deny
      home-cluster-uri:
      - https://wabi-us-central-b-primary-redirect.analysis.windows.net/
      request-redirected:
      - 'true'
    status:
      code: 200
      message: OK
- request:
    body: null
    headers:
      Accept:
      - '*/*'
      Accept-Encoding:
      - gzip, deflate
      Connection:
      - keep-alive
      Content-Type:
      - application/json
      User-Agent:
      - ms-fabric-cli-test/1.3.1
    method: GET
    uri: https://api.fabric.microsoft.com/v1/workspaces/81065bd8-e334-4715-b170-dedb4cd514e6/spark/pools
  response:
    body:
      string: '{"value": [{"id": "00000000-0000-0000-0000-000000000000", "type": "Workspace",
        "name": "Starter Pool", "nodeFamily": "MemoryOptimized", "nodeSize": "Medium",
        "autoScale": {"enabled": true, "minNodeCount": 1, "maxNodeCount": 10}, "dynamicExecutorAllocation":
        {"enabled": true, "minExecutors": 1, "maxExecutors": 9}}, {"id": "017dd1ac-17f8-48b4-92a3-042ac5d79610",
        "type": "Workspace", "name": "fabcli000001", "nodeFamily": "MemoryOptimized",
        "nodeSize": "Small", "autoScale": {"enabled": true, "minNodeCount": 1, "maxNodeCount":
        1}, "dynamicExecutorAllocation": {"enabled": false}}]}'
    headers:
      Access-Control-Expose-Headers:
      - RequestId
      Content-Length:
      - '845'
      Content-Type:
      - application/json; charset=utf-8
      Date:
      - Wed, 31 Dec 2025 14:32:04 GMT
      RequestId:
      - 389aae82-1a8f-4443-b796-cd9e59111fca
      Strict-Transport-Security:
      - max-age=31536000; includeSubDomains
      X-Content-Type-Options:
      - nosniff
      X-Frame-Options:
      - deny
      home-cluster-uri:
      - https://wabi-us-central-b-primary-redirect.analysis.windows.net/
      request-redirected:
      - 'true'
    status:
      code: 200
      message: OK
- request:
    body: null
    headers:
      Accept:
      - '*/*'
      Accept-Encoding:
      - gzip, deflate
      Connection:
      - keep-alive
      Content-Length:
      - '0'
      Content-Type:
      - application/json
      User-Agent:
      - ms-fabric-cli-test/1.3.1
    method: DELETE
    uri: https://api.fabric.microsoft.com/v1/workspaces/81065bd8-e334-4715-b170-dedb4cd514e6/spark/pools/017dd1ac-17f8-48b4-92a3-042ac5d79610
  response:
    body:
      string: ''
    headers:
      Access-Control-Expose-Headers:
      - RequestId
      Content-Length:
      - '0'
      Content-Type:
      - application/octet-stream
      Date:
      - Wed, 31 Dec 2025 14:32:05 GMT
      RequestId:
      - eeb53756-a807-4de5-85f8-f86e5fde66b6
      Strict-Transport-Security:
      - max-age=31536000; includeSubDomains
      X-Content-Type-Options:
      - nosniff
      X-Frame-Options:
      - deny
      home-cluster-uri:
      - https://wabi-us-central-b-primary-redirect.analysis.windows.net/
      request-redirected:
      - 'true'
    status:
      code: 200
      message: OK
version: 1
