interactions:
- request:
    body: null
    headers:
      Accept:
      - '*/*'
      Accept-Encoding:
      - gzip, deflate
      Connection:
      - keep-alive
      Content-Type:
      - application/json
      User-Agent:
      - ms-fabric-cli-test/1.0.0
    method: GET
    uri: https://api.fabric.microsoft.com/v1/workspaces
  response:
    body:
      string: '{"value": [{"id": "94da8ea5-0bd6-4a9e-b717-5fdb482f4c71", "displayName":
        "My workspace", "description": "", "type": "Personal"}, {"id": "5c8a8929-5b8c-4fe0-b47a-4ffd8e08206d",
        "displayName": "fabriccli_WorkspacePerTestclass_000001", "description": "Created
        by fab", "type": "Workspace", "capacityId": "00000000-0000-0000-0000-000000000004"}]}'
    headers:
      Access-Control-Expose-Headers:
      - RequestId
      Cache-Control:
      - no-store, must-revalidate, no-cache
      Content-Encoding:
      - gzip
      Content-Length:
      - '355'
      Content-Type:
      - application/json; charset=utf-8
      Date:
      - Wed, 03 Sep 2025 09:17:44 GMT
      Pragma:
      - no-cache
      RequestId:
      - 9742c722-2b1c-49de-bdf4-bc0aaf3a4cdf
      Strict-Transport-Security:
      - max-age=31536000; includeSubDomains
      X-Content-Type-Options:
      - nosniff
      X-Frame-Options:
      - deny
      home-cluster-uri:
      - https://wabi-west-europe-redirect.analysis.windows.net/
      request-redirected:
      - 'true'
    status:
      code: 200
      message: OK
- request:
    body: null
    headers:
      Accept:
      - '*/*'
      Accept-Encoding:
      - gzip, deflate
      Connection:
      - keep-alive
      Content-Type:
      - application/json
      User-Agent:
      - ms-fabric-cli-test/1.0.0
    method: GET
    uri: https://api.fabric.microsoft.com/v1/workspaces
  response:
    body:
      string: '{"value": [{"id": "94da8ea5-0bd6-4a9e-b717-5fdb482f4c71", "displayName":
        "My workspace", "description": "", "type": "Personal"}, {"id": "5c8a8929-5b8c-4fe0-b47a-4ffd8e08206d",
        "displayName": "fabriccli_WorkspacePerTestclass_000001", "description": "Created
        by fab", "type": "Workspace", "capacityId": "00000000-0000-0000-0000-000000000004"}]}'
    headers:
      Access-Control-Expose-Headers:
      - RequestId
      Cache-Control:
      - no-store, must-revalidate, no-cache
      Content-Encoding:
      - gzip
      Content-Length:
      - '355'
      Content-Type:
      - application/json; charset=utf-8
      Date:
      - Wed, 03 Sep 2025 09:17:44 GMT
      Pragma:
      - no-cache
      RequestId:
      - 73936680-a89e-41e9-b346-cefd5b070a1e
      Strict-Transport-Security:
      - max-age=31536000; includeSubDomains
      X-Content-Type-Options:
      - nosniff
      X-Frame-Options:
      - deny
      home-cluster-uri:
      - https://wabi-west-europe-redirect.analysis.windows.net/
      request-redirected:
      - 'true'
    status:
      code: 200
      message: OK
- request:
    body: null
    headers:
      Accept:
      - '*/*'
      Accept-Encoding:
      - gzip, deflate
      Connection:
      - keep-alive
      Content-Type:
      - application/json
      User-Agent:
      - ms-fabric-cli-test/1.0.0
    method: GET
    uri: https://api.fabric.microsoft.com/v1/capacities
  response:
    body:
      string: '{"value": [{"id": "00000000-0000-0000-0000-000000000004", "displayName":
        "mocked_fabriccli_capacity_name", "sku": "F16", "region": "West Europe", "state":
        "Active"}]}'
    headers:
      Access-Control-Expose-Headers:
      - RequestId
      Cache-Control:
      - no-store, must-revalidate, no-cache
      Content-Encoding:
      - gzip
      Content-Length:
      - '456'
      Content-Type:
      - application/json; charset=utf-8
      Date:
      - Wed, 03 Sep 2025 09:17:49 GMT
      Pragma:
      - no-cache
      RequestId:
      - 9c7fb2f1-8f02-4ae4-9522-3b03c62fd9bd
      Strict-Transport-Security:
      - max-age=31536000; includeSubDomains
      X-Content-Type-Options:
      - nosniff
      X-Frame-Options:
      - deny
      home-cluster-uri:
      - https://wabi-west-europe-redirect.analysis.windows.net/
      request-redirected:
      - 'true'
    status:
      code: 200
      message: OK
- request:
    body: '{"description": "Created by fab", "displayName": "fabcli000001", "capacityId":
      "00000000-0000-0000-0000-000000000004"}'
    headers:
      Accept:
      - '*/*'
      Accept-Encoding:
      - gzip, deflate
      Connection:
      - keep-alive
      Content-Length:
      - '122'
      Content-Type:
      - application/json
      User-Agent:
      - ms-fabric-cli-test/1.0.0
    method: POST
    uri: https://api.fabric.microsoft.com/v1/workspaces
  response:
    body:
      string: '{"id": "5e4d67e0-7e8a-4eae-971c-5f0f312585a0", "displayName": "fabcli000001",
        "description": "Created by fab", "type": "Workspace", "capacityId": "00000000-0000-0000-0000-000000000004"}'
    headers:
      Access-Control-Expose-Headers:
      - RequestId,Location
      Cache-Control:
      - no-store, must-revalidate, no-cache
      Content-Encoding:
      - gzip
      Content-Length:
      - '166'
      Content-Type:
      - application/json; charset=utf-8
      Date:
      - Wed, 03 Sep 2025 09:17:56 GMT
      Location:
      - https://api.fabric.microsoft.com/v1/workspaces/5e4d67e0-7e8a-4eae-971c-5f0f312585a0
      Pragma:
      - no-cache
      RequestId:
      - 1571459a-ba7e-4314-8a61-10c45ef0fb83
      Strict-Transport-Security:
      - max-age=31536000; includeSubDomains
      X-Content-Type-Options:
      - nosniff
      X-Frame-Options:
      - deny
      home-cluster-uri:
      - https://wabi-west-europe-redirect.analysis.windows.net/
      request-redirected:
      - 'true'
    status:
      code: 201
      message: Created
- request:
    body: null
    headers:
      Accept:
      - '*/*'
      Accept-Encoding:
      - gzip, deflate
      Connection:
      - keep-alive
      Content-Type:
      - application/json
      User-Agent:
      - ms-fabric-cli-test/1.0.0
    method: GET
    uri: https://api.fabric.microsoft.com/v1/workspaces
  response:
    body:
      string: '{"value": [{"id": "94da8ea5-0bd6-4a9e-b717-5fdb482f4c71", "displayName":
        "My workspace", "description": "", "type": "Personal"}, {"id": "5c8a8929-5b8c-4fe0-b47a-4ffd8e08206d",
        "displayName": "fabriccli_WorkspacePerTestclass_000001", "description": "Created
        by fab", "type": "Workspace", "capacityId": "00000000-0000-0000-0000-000000000004"},
        {"id": "5e4d67e0-7e8a-4eae-971c-5f0f312585a0", "displayName": "fabcli000001",
        "description": "Created by fab", "type": "Workspace", "capacityId": "00000000-0000-0000-0000-000000000004"}]}'
    headers:
      Access-Control-Expose-Headers:
      - RequestId
      Cache-Control:
      - no-store, must-revalidate, no-cache
      Content-Encoding:
      - gzip
      Content-Length:
      - '395'
      Content-Type:
      - application/json; charset=utf-8
      Date:
      - Wed, 03 Sep 2025 09:17:57 GMT
      Pragma:
      - no-cache
      RequestId:
      - b20828ac-c1b1-477b-aa7e-7a140a9c8094
      Strict-Transport-Security:
      - max-age=31536000; includeSubDomains
      X-Content-Type-Options:
      - nosniff
      X-Frame-Options:
      - deny
      home-cluster-uri:
      - https://wabi-west-europe-redirect.analysis.windows.net/
      request-redirected:
      - 'true'
    status:
      code: 200
      message: OK
- request:
    body: null
    headers:
      Accept:
      - '*/*'
      Accept-Encoding:
      - gzip, deflate
      Connection:
      - keep-alive
      Content-Type:
      - application/json
      User-Agent:
      - ms-fabric-cli-test/1.0.0
    method: GET
    uri: https://api.fabric.microsoft.com/v1/workspaces/5e4d67e0-7e8a-4eae-971c-5f0f312585a0
  response:
    body:
      string: '{"id": "5e4d67e0-7e8a-4eae-971c-5f0f312585a0", "displayName": "fabcli000001",
        "description": "Created by fab", "type": "Workspace", "capacityId": "00000000-0000-0000-0000-000000000004",
        "capacityRegion": "West Europe", "oneLakeEndpoints": {"blobEndpoint": "https://westeurope-onelake.blob.fabric.microsoft.com",
        "dfsEndpoint": "https://westeurope-onelake.dfs.fabric.microsoft.com"}, "capacityAssignmentProgress":
        "Completed"}'
    headers:
      Access-Control-Expose-Headers:
      - RequestId
      Cache-Control:
      - no-store, must-revalidate, no-cache
      Content-Encoding:
      - gzip
      Content-Length:
      - '277'
      Content-Type:
      - application/json; charset=utf-8
      Date:
      - Wed, 03 Sep 2025 09:17:57 GMT
      Pragma:
      - no-cache
      RequestId:
      - 0b1d9d64-3f24-4df4-83c0-f4cfd70be1b1
      Strict-Transport-Security:
      - max-age=31536000; includeSubDomains
      X-Content-Type-Options:
      - nosniff
      X-Frame-Options:
      - deny
      home-cluster-uri:
      - https://wabi-west-europe-redirect.analysis.windows.net/
      request-redirected:
      - 'true'
    status:
      code: 200
      message: OK
- request:
    body: null
    headers:
      Accept:
      - '*/*'
      Accept-Encoding:
      - gzip, deflate
      Connection:
      - keep-alive
      Content-Type:
      - application/json
      User-Agent:
      - ms-fabric-cli-test/1.0.0
    method: GET
    uri: https://api.fabric.microsoft.com/v1/workspaces/5e4d67e0-7e8a-4eae-971c-5f0f312585a0/managedPrivateEndpoints
  response:
    body:
      string: '{"value": []}'
    headers:
      Access-Control-Expose-Headers:
      - RequestId
      Cache-Control:
      - no-store, must-revalidate, no-cache
      Content-Encoding:
      - gzip
      Content-Length:
      - '32'
      Content-Type:
      - application/json; charset=utf-8
      Date:
      - Wed, 03 Sep 2025 09:17:57 GMT
      Pragma:
      - no-cache
      RequestId:
      - 24c1f5bf-a56c-460a-bed2-cf65bad80c79
      Strict-Transport-Security:
      - max-age=31536000; includeSubDomains
      X-Content-Type-Options:
      - nosniff
      X-Frame-Options:
      - deny
      home-cluster-uri:
      - https://wabi-west-europe-redirect.analysis.windows.net/
      request-redirected:
      - 'true'
    status:
      code: 200
      message: OK
- request:
    body: null
    headers:
      Accept:
      - '*/*'
      Accept-Encoding:
      - gzip, deflate
      Connection:
      - keep-alive
      Content-Type:
      - application/json
      User-Agent:
      - ms-fabric-cli-test/1.0.0
    method: GET
    uri: https://api.fabric.microsoft.com/v1/workspaces/5e4d67e0-7e8a-4eae-971c-5f0f312585a0/spark/settings
  response:
    body:
      string: '{"automaticLog": {"enabled": true}, "highConcurrency": {"notebookInteractiveRunEnabled":
        true, "notebookPipelineRunEnabled": false}, "pool": {"customizeComputeEnabled":
        true, "defaultPool": {"name": "Starter Pool", "type": "Workspace", "id": "00000000-0000-0000-0000-000000000000"},
        "starterPool": {"maxNodeCount": 10, "maxExecutors": 9}}, "environment": {"runtimeVersion":
        "1.3"}, "job": {"conservativeJobAdmissionEnabled": false, "sessionTimeoutInMinutes":
        20}}'
    headers:
      Access-Control-Expose-Headers:
      - RequestId
      Content-Length:
      - '600'
      Content-Type:
      - application/json; charset=utf-8
      Date:
      - Wed, 03 Sep 2025 09:17:58 GMT
      RequestId:
      - 5cc71aff-0852-423b-a678-ab0dbfd164e9
      Strict-Transport-Security:
      - max-age=31536000; includeSubDomains
      X-Content-Type-Options:
      - nosniff
      X-Frame-Options:
      - deny
      home-cluster-uri:
      - https://wabi-west-europe-redirect.analysis.windows.net/
      request-redirected:
      - 'true'
    status:
      code: 200
      message: OK
- request:
    body: null
    headers:
      Accept:
      - '*/*'
      Accept-Encoding:
      - gzip, deflate
      Connection:
      - keep-alive
      Content-Type:
      - application/json
      User-Agent:
      - ms-fabric-cli-test/1.0.0
    method: GET
    uri: https://api.fabric.microsoft.com/v1/workspaces/5e4d67e0-7e8a-4eae-971c-5f0f312585a0/roleAssignments
  response:
    body:
      string: '{"value": [{"id": "00000000-0000-0000-0000-000000000001", "principal":
        {"id": "00000000-0000-0000-0000-000000000001", "displayName": "Tenant Admin",
        "type": "User", "userDetails": {"userPrincipalName": "mocked@admin_test_user"}},
        "role": "Admin"}]}'
    headers:
      Access-Control-Expose-Headers:
      - RequestId
      Cache-Control:
      - no-store, must-revalidate, no-cache
      Content-Encoding:
      - gzip
      Content-Length:
      - '180'
      Content-Type:
      - application/json; charset=utf-8
      Date:
      - Wed, 03 Sep 2025 09:17:59 GMT
      Pragma:
      - no-cache
      RequestId:
      - 87de6859-e086-47f8-80a8-99dc7d743b45
      Strict-Transport-Security:
      - max-age=31536000; includeSubDomains
      X-Content-Type-Options:
      - nosniff
      X-Frame-Options:
      - deny
      home-cluster-uri:
      - https://wabi-west-europe-redirect.analysis.windows.net/
      request-redirected:
      - 'true'
    status:
      code: 200
      message: OK
- request:
    body: '{"automaticLog": {"enabled": false}, "highConcurrency": {"notebookInteractiveRunEnabled":
      true, "notebookPipelineRunEnabled": false}, "pool": {"customizeComputeEnabled":
      true, "defaultPool": {"name": "Starter Pool", "type": "Workspace", "id": "00000000-0000-0000-0000-000000000000"},
      "starterPool": {"maxNodeCount": 10, "maxExecutors": 9}}, "environment": {"runtimeVersion":
      "1.3"}, "job": {"conservativeJobAdmissionEnabled": false, "sessionTimeoutInMinutes":
      20}}'
    headers:
      Accept:
      - '*/*'
      Accept-Encoding:
      - gzip, deflate
      Connection:
      - keep-alive
      Content-Length:
      - '464'
      Content-Type:
      - application/json
      User-Agent:
      - ms-fabric-cli-test/1.0.0
    method: PATCH
    uri: https://api.fabric.microsoft.com/v1/workspaces/5e4d67e0-7e8a-4eae-971c-5f0f312585a0/spark/settings
  response:
    body:
      string: '{"automaticLog": {"enabled": false}, "highConcurrency": {"notebookInteractiveRunEnabled":
        true, "notebookPipelineRunEnabled": false}, "pool": {"customizeComputeEnabled":
        true, "defaultPool": {"name": "Starter Pool", "type": "Workspace", "id": "00000000-0000-0000-0000-000000000000"},
        "starterPool": {"maxNodeCount": 10, "maxExecutors": 9}}, "environment": {"runtimeVersion":
        "1.3"}, "job": {"conservativeJobAdmissionEnabled": false, "sessionTimeoutInMinutes":
        20}}'
    headers:
      Access-Control-Expose-Headers:
      - RequestId,ETag
      Content-Length:
      - '601'
      Content-Type:
      - application/json; charset=utf-8
      Date:
      - Wed, 03 Sep 2025 09:17:58 GMT
      ETag:
      - '"0x8DDEACAC6E96B7C"'
      RequestId:
      - 463cba13-f505-4696-845e-5934e3f501c3
      Strict-Transport-Security:
      - max-age=31536000; includeSubDomains
      X-Content-Type-Options:
      - nosniff
      X-Frame-Options:
      - deny
      home-cluster-uri:
      - https://wabi-west-europe-redirect.analysis.windows.net/
      request-redirected:
      - 'true'
    status:
      code: 200
      message: OK
- request:
    body: null
    headers:
      Accept:
      - '*/*'
      Accept-Encoding:
      - gzip, deflate
      Connection:
      - keep-alive
      Content-Type:
      - application/json
      User-Agent:
      - ms-fabric-cli-test/1.0.0
    method: GET
    uri: https://api.fabric.microsoft.com/v1/workspaces
  response:
    body:
      string: '{"value": [{"id": "94da8ea5-0bd6-4a9e-b717-5fdb482f4c71", "displayName":
        "My workspace", "description": "", "type": "Personal"}, {"id": "5c8a8929-5b8c-4fe0-b47a-4ffd8e08206d",
        "displayName": "fabriccli_WorkspacePerTestclass_000001", "description": "Created
        by fab", "type": "Workspace", "capacityId": "00000000-0000-0000-0000-000000000004"},
        {"id": "5e4d67e0-7e8a-4eae-971c-5f0f312585a0", "displayName": "fabcli000001",
        "description": "Created by fab", "type": "Workspace", "capacityId": "00000000-0000-0000-0000-000000000004"}]}'
    headers:
      Access-Control-Expose-Headers:
      - RequestId
      Cache-Control:
      - no-store, must-revalidate, no-cache
      Content-Encoding:
      - gzip
      Content-Length:
      - '395'
      Content-Type:
      - application/json; charset=utf-8
      Date:
      - Wed, 03 Sep 2025 09:17:58 GMT
      Pragma:
      - no-cache
      RequestId:
      - d2fd4864-0aae-4489-b121-fe9f6cd806e5
      Strict-Transport-Security:
      - max-age=31536000; includeSubDomains
      X-Content-Type-Options:
      - nosniff
      X-Frame-Options:
      - deny
      home-cluster-uri:
      - https://wabi-west-europe-redirect.analysis.windows.net/
      request-redirected:
      - 'true'
    status:
      code: 200
      message: OK
- request:
    body: null
    headers:
      Accept:
      - '*/*'
      Accept-Encoding:
      - gzip, deflate
      Connection:
      - keep-alive
      Content-Type:
      - application/json
      User-Agent:
      - ms-fabric-cli-test/1.0.0
    method: GET
    uri: https://api.fabric.microsoft.com/v1/workspaces/5e4d67e0-7e8a-4eae-971c-5f0f312585a0
  response:
    body:
      string: '{"id": "5e4d67e0-7e8a-4eae-971c-5f0f312585a0", "displayName": "fabcli000001",
        "description": "Created by fab", "type": "Workspace", "capacityId": "00000000-0000-0000-0000-000000000004",
        "capacityRegion": "West Europe", "oneLakeEndpoints": {"blobEndpoint": "https://westeurope-onelake.blob.fabric.microsoft.com",
        "dfsEndpoint": "https://westeurope-onelake.dfs.fabric.microsoft.com"}, "capacityAssignmentProgress":
        "Completed"}'
    headers:
      Access-Control-Expose-Headers:
      - RequestId
      Cache-Control:
      - no-store, must-revalidate, no-cache
      Content-Encoding:
      - gzip
      Content-Length:
      - '277'
      Content-Type:
      - application/json; charset=utf-8
      Date:
      - Wed, 03 Sep 2025 09:17:59 GMT
      Pragma:
      - no-cache
      RequestId:
      - 7498235e-b864-425e-9e35-add90d6c7ae8
      Strict-Transport-Security:
      - max-age=31536000; includeSubDomains
      X-Content-Type-Options:
      - nosniff
      X-Frame-Options:
      - deny
      home-cluster-uri:
      - https://wabi-west-europe-redirect.analysis.windows.net/
      request-redirected:
      - 'true'
    status:
      code: 200
      message: OK
- request:
    body: null
    headers:
      Accept:
      - '*/*'
      Accept-Encoding:
      - gzip, deflate
      Connection:
      - keep-alive
      Content-Type:
      - application/json
      User-Agent:
      - ms-fabric-cli-test/1.0.0
    method: GET
    uri: https://api.fabric.microsoft.com/v1/workspaces/5e4d67e0-7e8a-4eae-971c-5f0f312585a0/managedPrivateEndpoints
  response:
    body:
      string: '{"value": []}'
    headers:
      Access-Control-Expose-Headers:
      - RequestId
      Cache-Control:
      - no-store, must-revalidate, no-cache
      Content-Encoding:
      - gzip
      Content-Length:
      - '32'
      Content-Type:
      - application/json; charset=utf-8
      Date:
      - Wed, 03 Sep 2025 09:17:59 GMT
      Pragma:
      - no-cache
      RequestId:
      - 093a13ce-254a-4a7f-a854-c0f26dc82085
      Strict-Transport-Security:
      - max-age=31536000; includeSubDomains
      X-Content-Type-Options:
      - nosniff
      X-Frame-Options:
      - deny
      home-cluster-uri:
      - https://wabi-west-europe-redirect.analysis.windows.net/
      request-redirected:
      - 'true'
    status:
      code: 200
      message: OK
- request:
    body: null
    headers:
      Accept:
      - '*/*'
      Accept-Encoding:
      - gzip, deflate
      Connection:
      - keep-alive
      Content-Type:
      - application/json
      User-Agent:
      - ms-fabric-cli-test/1.0.0
    method: GET
    uri: https://api.fabric.microsoft.com/v1/workspaces/5e4d67e0-7e8a-4eae-971c-5f0f312585a0/spark/settings
  response:
    body:
      string: '{"automaticLog": {"enabled": false}, "highConcurrency": {"notebookInteractiveRunEnabled":
        true, "notebookPipelineRunEnabled": false}, "pool": {"customizeComputeEnabled":
        true, "defaultPool": {"name": "Starter Pool", "type": "Workspace", "id": "00000000-0000-0000-0000-000000000000"},
        "starterPool": {"maxNodeCount": 10, "maxExecutors": 9}}, "environment": {"runtimeVersion":
        "1.3"}, "job": {"conservativeJobAdmissionEnabled": false, "sessionTimeoutInMinutes":
        20}}'
    headers:
      Access-Control-Expose-Headers:
      - RequestId,ETag
      Content-Length:
      - '601'
      Content-Type:
      - application/json; charset=utf-8
      Date:
      - Wed, 03 Sep 2025 09:18:00 GMT
      ETag:
      - '"0x8DDEACAC6E96B7C"'
      RequestId:
      - 1ca7ab01-efea-48bb-8b87-8705efd365fc
      Strict-Transport-Security:
      - max-age=31536000; includeSubDomains
      X-Content-Type-Options:
      - nosniff
      X-Frame-Options:
      - deny
      home-cluster-uri:
      - https://wabi-west-europe-redirect.analysis.windows.net/
      request-redirected:
      - 'true'
    status:
      code: 200
      message: OK
- request:
    body: null
    headers:
      Accept:
      - '*/*'
      Accept-Encoding:
      - gzip, deflate
      Connection:
      - keep-alive
      Content-Type:
      - application/json
      User-Agent:
      - ms-fabric-cli-test/1.0.0
    method: GET
    uri: https://api.fabric.microsoft.com/v1/workspaces/5e4d67e0-7e8a-4eae-971c-5f0f312585a0/roleAssignments
  response:
    body:
      string: '{"value": [{"id": "00000000-0000-0000-0000-000000000001", "principal":
        {"id": "00000000-0000-0000-0000-000000000001", "displayName": "Tenant Admin",
        "type": "User", "userDetails": {"userPrincipalName": "mocked@admin_test_user"}},
        "role": "Admin"}]}'
    headers:
      Access-Control-Expose-Headers:
      - RequestId
      Cache-Control:
      - no-store, must-revalidate, no-cache
      Content-Encoding:
      - gzip
      Content-Length:
      - '180'
      Content-Type:
      - application/json; charset=utf-8
      Date:
      - Wed, 03 Sep 2025 09:17:59 GMT
      Pragma:
      - no-cache
      RequestId:
      - 311e2d8d-713b-481e-874b-859719043bf0
      Strict-Transport-Security:
      - max-age=31536000; includeSubDomains
      X-Content-Type-Options:
      - nosniff
      X-Frame-Options:
      - deny
      home-cluster-uri:
      - https://wabi-west-europe-redirect.analysis.windows.net/
      request-redirected:
      - 'true'
    status:
      code: 200
      message: OK
- request:
    body: null
    headers:
      Accept:
      - '*/*'
      Accept-Encoding:
      - gzip, deflate
      Connection:
      - keep-alive
      Content-Type:
      - application/json
      User-Agent:
      - ms-fabric-cli-test/1.0.0
    method: GET
    uri: https://api.fabric.microsoft.com/v1/workspaces
  response:
    body:
      string: '{"value": [{"id": "94da8ea5-0bd6-4a9e-b717-5fdb482f4c71", "displayName":
        "My workspace", "description": "", "type": "Personal"}, {"id": "5c8a8929-5b8c-4fe0-b47a-4ffd8e08206d",
        "displayName": "fabriccli_WorkspacePerTestclass_000001", "description": "Created
        by fab", "type": "Workspace", "capacityId": "00000000-0000-0000-0000-000000000004"},
        {"id": "5e4d67e0-7e8a-4eae-971c-5f0f312585a0", "displayName": "fabcli000001",
        "description": "Created by fab", "type": "Workspace", "capacityId": "00000000-0000-0000-0000-000000000004"}]}'
    headers:
      Access-Control-Expose-Headers:
      - RequestId
      Cache-Control:
      - no-store, must-revalidate, no-cache
      Content-Encoding:
      - gzip
      Content-Length:
      - '395'
      Content-Type:
      - application/json; charset=utf-8
      Date:
      - Wed, 03 Sep 2025 09:18:00 GMT
      Pragma:
      - no-cache
      RequestId:
      - 7b7dd787-a1f4-4e60-9975-ee8be710b4fc
      Strict-Transport-Security:
      - max-age=31536000; includeSubDomains
      X-Content-Type-Options:
      - nosniff
      X-Frame-Options:
      - deny
      home-cluster-uri:
      - https://wabi-west-europe-redirect.analysis.windows.net/
      request-redirected:
      - 'true'
    status:
      code: 200
      message: OK
- request:
    body: null
    headers:
      Accept:
      - '*/*'
      Accept-Encoding:
      - gzip, deflate
      Connection:
      - keep-alive
      Content-Type:
      - application/json
      User-Agent:
      - ms-fabric-cli-test/1.0.0
    method: GET
    uri: https://api.fabric.microsoft.com/v1/workspaces/5e4d67e0-7e8a-4eae-971c-5f0f312585a0/items
  response:
    body:
      string: '{"value": []}'
    headers:
      Access-Control-Expose-Headers:
      - RequestId
      Cache-Control:
      - no-store, must-revalidate, no-cache
      Content-Encoding:
      - gzip
      Content-Length:
      - '32'
      Content-Type:
      - application/json; charset=utf-8
      Date:
      - Wed, 03 Sep 2025 09:18:00 GMT
      Pragma:
      - no-cache
      RequestId:
      - 41e143c0-ae5f-487d-94a0-e0a1953d8025
      Strict-Transport-Security:
      - max-age=31536000; includeSubDomains
      X-Content-Type-Options:
      - nosniff
      X-Frame-Options:
      - deny
      home-cluster-uri:
      - https://wabi-west-europe-redirect.analysis.windows.net/
      request-redirected:
      - 'true'
    status:
      code: 200
      message: OK
- request:
    body: null
    headers:
      Accept:
      - '*/*'
      Accept-Encoding:
      - gzip, deflate
      Connection:
      - keep-alive
      Content-Length:
      - '0'
      Content-Type:
      - application/json
      User-Agent:
      - ms-fabric-cli-test/1.0.0
    method: DELETE
    uri: https://api.fabric.microsoft.com/v1/workspaces/5e4d67e0-7e8a-4eae-971c-5f0f312585a0
  response:
    body:
      string: ''
    headers:
      Access-Control-Expose-Headers:
      - RequestId
      Cache-Control:
      - no-store, must-revalidate, no-cache
      Content-Encoding:
      - gzip
      Content-Length:
      - '0'
      Content-Type:
      - application/octet-stream
      Date:
      - Wed, 03 Sep 2025 09:18:00 GMT
      Pragma:
      - no-cache
      RequestId:
      - 46e236e8-7703-4f1c-af8c-97e97214c243
      Strict-Transport-Security:
      - max-age=31536000; includeSubDomains
      X-Content-Type-Options:
      - nosniff
      X-Frame-Options:
      - deny
      home-cluster-uri:
      - https://wabi-west-europe-redirect.analysis.windows.net/
      request-redirected:
      - 'true'
    status:
      code: 200
      message: OK
version: 1
