interactions:
- request:
    body: null
    headers:
      Accept:
      - '*/*'
      Accept-Encoding:
      - gzip, deflate
      Connection:
      - keep-alive
      Content-Type:
      - application/json
      User-Agent:
      - ms-fabric-cli-test/1.3.1
    method: GET
    uri: https://api.fabric.microsoft.com/v1/workspaces
  response:
    body:
      string: '{"value": [{"id": "84896de5-b6a6-44b7-b305-ca0c9bfdef99", "displayName":
        "fabriccli_WorkspacePerTestclass_000001", "description": "Created by fab",
        "type": "Workspace", "capacityId": "07b1fd56-9969-4ff5-a2c8-05df5f82759a"}]}'
    headers:
      Access-Control-Expose-Headers:
      - RequestId
      Cache-Control:
      - no-store, must-revalidate, no-cache
      Content-Encoding:
      - gzip
      Content-Length:
      - '6411'
      Content-Type:
      - application/json; charset=utf-8
      Date:
      - Tue, 20 Jan 2026 07:37:07 GMT
      Pragma:
      - no-cache
      RequestId:
      - 44a28c12-6427-4d5d-93d7-d172ae2924f3
      Strict-Transport-Security:
      - max-age=31536000; includeSubDomains
      X-Content-Type-Options:
      - nosniff
      X-Frame-Options:
      - deny
      home-cluster-uri:
      - https://wabi-us-central-b-primary-redirect.analysis.windows.net/
      request-redirected:
      - 'true'
    status:
      code: 200
      message: OK
- request:
    body: null
    headers:
      Accept:
      - '*/*'
      Accept-Encoding:
      - gzip, deflate
      Connection:
      - keep-alive
      Content-Type:
      - application/json
      User-Agent:
      - ms-fabric-cli-test/1.3.1
    method: GET
    uri: https://api.fabric.microsoft.com/v1/workspaces/84896de5-b6a6-44b7-b305-ca0c9bfdef99/items
  response:
    body:
      string: '{"value": []}'
    headers:
      Access-Control-Expose-Headers:
      - RequestId
      Cache-Control:
      - no-store, must-revalidate, no-cache
      Content-Encoding:
      - gzip
      Content-Length:
      - '32'
      Content-Type:
      - application/json; charset=utf-8
      Date:
      - Tue, 20 Jan 2026 07:37:08 GMT
      Pragma:
      - no-cache
      RequestId:
      - 6d060e7a-daee-4cdd-93e8-ad8d36900e1c
      Strict-Transport-Security:
      - max-age=31536000; includeSubDomains
      X-Content-Type-Options:
      - nosniff
      X-Frame-Options:
      - deny
      home-cluster-uri:
      - https://wabi-us-central-b-primary-redirect.analysis.windows.net/
      request-redirected:
      - 'true'
    status:
      code: 200
      message: OK
- request:
    body: null
    headers:
      Accept:
      - '*/*'
      Accept-Encoding:
      - gzip, deflate
      Connection:
      - keep-alive
      Content-Type:
      - application/json
      User-Agent:
      - ms-fabric-cli-test/1.3.1
    method: GET
    uri: https://api.fabric.microsoft.com/v1/workspaces/84896de5-b6a6-44b7-b305-ca0c9bfdef99/items
  response:
    body:
      string: '{"value": []}'
    headers:
      Access-Control-Expose-Headers:
      - RequestId
      Cache-Control:
      - no-store, must-revalidate, no-cache
      Content-Encoding:
      - gzip
      Content-Length:
      - '32'
      Content-Type:
      - application/json; charset=utf-8
      Date:
      - Tue, 20 Jan 2026 07:37:09 GMT
      Pragma:
      - no-cache
      RequestId:
      - 37590733-3b57-4b0a-b7e0-62fcde368747
      Strict-Transport-Security:
      - max-age=31536000; includeSubDomains
      X-Content-Type-Options:
      - nosniff
      X-Frame-Options:
      - deny
      home-cluster-uri:
      - https://wabi-us-central-b-primary-redirect.analysis.windows.net/
      request-redirected:
      - 'true'
    status:
      code: 200
      message: OK
- request:
    body: '{"description": "Created by fab", "displayName": "fabcli000001", "type":
      "MLExperiment", "folderId": null}'
    headers:
      Accept:
      - '*/*'
      Accept-Encoding:
      - gzip, deflate
      Connection:
      - keep-alive
      Content-Length:
      - '110'
      Content-Type:
      - application/json
      User-Agent:
      - ms-fabric-cli-test/1.3.1
    method: POST
    uri: https://api.fabric.microsoft.com/v1/workspaces/84896de5-b6a6-44b7-b305-ca0c9bfdef99/mlExperiments
  response:
    body:
      string: 'null'
    headers:
      Access-Control-Expose-Headers:
      - RequestId,Location,Retry-After,ETag,x-ms-operation-id
      Cache-Control:
      - no-store, must-revalidate, no-cache
      Content-Encoding:
      - gzip
      Content-Length:
      - '24'
      Content-Type:
      - application/json; charset=utf-8
      Date:
      - Tue, 20 Jan 2026 07:37:10 GMT
      ETag:
      - '""'
      Location:
      - https://wabi-us-central-b-primary-redirect.analysis.windows.net/v1/operations/83261e4a-f09f-4915-a5dd-a50224cd1a76
      Pragma:
      - no-cache
      RequestId:
      - b4a0494b-c5ef-48d6-adb4-423ce268133e
      Retry-After:
      - '20'
      Strict-Transport-Security:
      - max-age=31536000; includeSubDomains
      X-Content-Type-Options:
      - nosniff
      X-Frame-Options:
      - deny
      home-cluster-uri:
      - https://wabi-us-central-b-primary-redirect.analysis.windows.net/
      request-redirected:
      - 'true'
      x-ms-operation-id:
      - 83261e4a-f09f-4915-a5dd-a50224cd1a76
    status:
      code: 202
      message: Accepted
- request:
    body: null
    headers:
      Accept:
      - '*/*'
      Accept-Encoding:
      - gzip, deflate
      Connection:
      - keep-alive
      Content-Type:
      - application/json
      User-Agent:
      - ms-fabric-cli-test/1.3.1
    method: GET
    uri: https://wabi-us-central-b-primary-redirect.analysis.windows.net/v1/operations/83261e4a-f09f-4915-a5dd-a50224cd1a76
  response:
    body:
      string: '{"status": "Succeeded", "createdTimeUtc": "2026-01-20T07:37:10.6225905",
        "lastUpdatedTimeUtc": "2026-01-20T07:37:11.325837", "percentComplete": 100,
        "error": null}'
    headers:
      Access-Control-Expose-Headers:
      - RequestId,Location,x-ms-operation-id
      Cache-Control:
      - no-store, must-revalidate, no-cache
      Content-Encoding:
      - gzip
      Content-Length:
      - '129'
      Content-Type:
      - application/json; charset=utf-8
      Date:
      - Tue, 20 Jan 2026 07:37:31 GMT
      Location:
      - https://wabi-us-central-b-primary-redirect.analysis.windows.net/v1/operations/83261e4a-f09f-4915-a5dd-a50224cd1a76/result
      Pragma:
      - no-cache
      RequestId:
      - 1a4aae4a-56e9-4a6e-beb0-e1daa8a7f3f6
      Strict-Transport-Security:
      - max-age=31536000; includeSubDomains
      X-Content-Type-Options:
      - nosniff
      X-Frame-Options:
      - deny
      x-ms-operation-id:
      - 83261e4a-f09f-4915-a5dd-a50224cd1a76
    status:
      code: 200
      message: OK
- request:
    body: null
    headers:
      Accept:
      - '*/*'
      Accept-Encoding:
      - gzip, deflate
      Connection:
      - keep-alive
      Content-Type:
      - application/json
      User-Agent:
      - ms-fabric-cli-test/1.3.1
    method: GET
    uri: https://wabi-us-central-b-primary-redirect.analysis.windows.net/v1/operations/83261e4a-f09f-4915-a5dd-a50224cd1a76/result
  response:
    body:
      string: '{"id": "ce74cd60-1b3b-4386-ab15-fcc3ff02a94d", "type": "MLExperiment",
        "displayName": "fabcli000001", "description": "Created by fab", "workspaceId":
        "84896de5-b6a6-44b7-b305-ca0c9bfdef99"}'
    headers:
      Access-Control-Expose-Headers:
      - RequestId
      Cache-Control:
      - no-store, must-revalidate, no-cache
      Content-Encoding:
      - gzip
      Content-Type:
      - application/json
      Date:
      - Tue, 20 Jan 2026 07:37:32 GMT
      Pragma:
      - no-cache
      RequestId:
      - 1202a9eb-8d52-4085-973c-2a29cce18b69
      Strict-Transport-Security:
      - max-age=31536000; includeSubDomains
      Transfer-Encoding:
      - chunked
      X-Content-Type-Options:
      - nosniff
      X-Frame-Options:
      - deny
    status:
      code: 200
      message: OK
- request:
    body: null
    headers:
      Accept:
      - '*/*'
      Accept-Encoding:
      - gzip, deflate
      Connection:
      - keep-alive
      Content-Type:
      - application/json
      User-Agent:
      - ms-fabric-cli-test/1.3.1
    method: GET
    uri: https://api.fabric.microsoft.com/v1/workspaces
  response:
    body:
      string: '{"value": [{"id": "84896de5-b6a6-44b7-b305-ca0c9bfdef99", "displayName":
        "fabriccli_WorkspacePerTestclass_000001", "description": "Created by fab",
        "type": "Workspace", "capacityId": "07b1fd56-9969-4ff5-a2c8-05df5f82759a"}]}'
    headers:
      Access-Control-Expose-Headers:
      - RequestId
      Cache-Control:
      - no-store, must-revalidate, no-cache
      Content-Encoding:
      - gzip
      Content-Length:
      - '6411'
      Content-Type:
      - application/json; charset=utf-8
      Date:
      - Tue, 20 Jan 2026 07:37:33 GMT
      Pragma:
      - no-cache
      RequestId:
      - 6285d666-496d-4cee-b102-1ebf461f866f
      Strict-Transport-Security:
      - max-age=31536000; includeSubDomains
      X-Content-Type-Options:
      - nosniff
      X-Frame-Options:
      - deny
      home-cluster-uri:
      - https://wabi-us-central-b-primary-redirect.analysis.windows.net/
      request-redirected:
      - 'true'
    status:
      code: 200
      message: OK
- request:
    body: null
    headers:
      Accept:
      - '*/*'
      Accept-Encoding:
      - gzip, deflate
      Connection:
      - keep-alive
      Content-Type:
      - application/json
      User-Agent:
      - ms-fabric-cli-test/1.3.1
    method: GET
    uri: https://api.fabric.microsoft.com/v1/workspaces/84896de5-b6a6-44b7-b305-ca0c9bfdef99/items
  response:
    body:
      string: '{"value": [{"id": "ce74cd60-1b3b-4386-ab15-fcc3ff02a94d", "type": "MLExperiment",
        "displayName": "fabcli000001", "description": "Created by fab", "workspaceId":
        "84896de5-b6a6-44b7-b305-ca0c9bfdef99"}]}'
    headers:
      Access-Control-Expose-Headers:
      - RequestId
      Cache-Control:
      - no-store, must-revalidate, no-cache
      Content-Encoding:
      - gzip
      Content-Length:
      - '181'
      Content-Type:
      - application/json; charset=utf-8
      Date:
      - Tue, 20 Jan 2026 07:37:34 GMT
      Pragma:
      - no-cache
      RequestId:
      - 2c500b56-f0dd-4b54-ac15-6d7eb44591ae
      Strict-Transport-Security:
      - max-age=31536000; includeSubDomains
      X-Content-Type-Options:
      - nosniff
      X-Frame-Options:
      - deny
      home-cluster-uri:
      - https://wabi-us-central-b-primary-redirect.analysis.windows.net/
      request-redirected:
      - 'true'
    status:
      code: 200
      message: OK
- request:
    body: null
    headers:
      Accept:
      - '*/*'
      Accept-Encoding:
      - gzip, deflate
      Connection:
      - keep-alive
      Content-Type:
      - application/json
      User-Agent:
      - ms-fabric-cli-test/1.3.1
    method: GET
    uri: https://api.fabric.microsoft.com/v1/workspaces/84896de5-b6a6-44b7-b305-ca0c9bfdef99/mlExperiments/ce74cd60-1b3b-4386-ab15-fcc3ff02a94d
  response:
    body:
      string: '{"id": "ce74cd60-1b3b-4386-ab15-fcc3ff02a94d", "type": "MLExperiment",
        "displayName": "fabcli000001", "description": "Created by fab", "workspaceId":
        "84896de5-b6a6-44b7-b305-ca0c9bfdef99", "properties": {"mlFlowExperimentId":
        "ce74cd60-1b3b-4386-ab15-fcc3ff02a94d"}}'
    headers:
      Access-Control-Expose-Headers:
      - RequestId,ETag
      Cache-Control:
      - no-store, must-revalidate, no-cache
      Content-Encoding:
      - gzip
      Content-Length:
      - '194'
      Content-Type:
      - application/json; charset=utf-8
      Date:
      - Tue, 20 Jan 2026 07:37:35 GMT
      ETag:
      - '""'
      Pragma:
      - no-cache
      RequestId:
      - 5555e09e-9198-47a6-a685-63170dd2a605
      Strict-Transport-Security:
      - max-age=31536000; includeSubDomains
      X-Content-Type-Options:
      - nosniff
      X-Frame-Options:
      - deny
      home-cluster-uri:
      - https://wabi-us-central-b-primary-redirect.analysis.windows.net/
      request-redirected:
      - 'true'
    status:
      code: 200
      message: OK
- request:
    body: '{"description": "fabcli000002"}'
    headers:
      Accept:
      - '*/*'
      Accept-Encoding:
      - gzip, deflate
      Connection:
      - keep-alive
      Content-Length:
      - '35'
      Content-Type:
      - application/json
      User-Agent:
      - ms-fabric-cli-test/1.3.1
    method: PATCH
    uri: https://api.fabric.microsoft.com/v1/workspaces/84896de5-b6a6-44b7-b305-ca0c9bfdef99/mlExperiments/ce74cd60-1b3b-4386-ab15-fcc3ff02a94d
  response:
    body:
      string: '{"id": "ce74cd60-1b3b-4386-ab15-fcc3ff02a94d", "type": "MLExperiment",
        "displayName": "fabcli000001", "description": "fabcli000002", "workspaceId":
        "84896de5-b6a6-44b7-b305-ca0c9bfdef99", "properties": {"mlFlowExperimentId":
        "ce74cd60-1b3b-4386-ab15-fcc3ff02a94d"}}'
    headers:
      Access-Control-Expose-Headers:
      - RequestId,ETag
      Cache-Control:
      - no-store, must-revalidate, no-cache
      Content-Encoding:
      - gzip
      Content-Length:
      - '192'
      Content-Type:
      - application/json; charset=utf-8
      Date:
      - Tue, 20 Jan 2026 07:37:35 GMT
      ETag:
      - '""'
      Pragma:
      - no-cache
      RequestId:
      - 59384d5b-39a7-48e4-adc0-923195f366cd
      Strict-Transport-Security:
      - max-age=31536000; includeSubDomains
      X-Content-Type-Options:
      - nosniff
      X-Frame-Options:
      - deny
      home-cluster-uri:
      - https://wabi-us-central-b-primary-redirect.analysis.windows.net/
      request-redirected:
      - 'true'
    status:
      code: 200
      message: OK
- request:
    body: null
    headers:
      Accept:
      - '*/*'
      Accept-Encoding:
      - gzip, deflate
      Connection:
      - keep-alive
      Content-Type:
      - application/json
      User-Agent:
      - ms-fabric-cli-test/1.3.1
    method: GET
    uri: https://api.fabric.microsoft.com/v1/workspaces
  response:
    body:
      string: '{"value": [{"id": "84896de5-b6a6-44b7-b305-ca0c9bfdef99", "displayName":
        "fabriccli_WorkspacePerTestclass_000001", "description": "Created by fab",
        "type": "Workspace", "capacityId": "07b1fd56-9969-4ff5-a2c8-05df5f82759a"}]}'
    headers:
      Access-Control-Expose-Headers:
      - RequestId
      Cache-Control:
      - no-store, must-revalidate, no-cache
      Content-Encoding:
      - gzip
      Content-Length:
      - '6411'
      Content-Type:
      - application/json; charset=utf-8
      Date:
      - Tue, 20 Jan 2026 07:37:36 GMT
      Pragma:
      - no-cache
      RequestId:
      - 48f204d3-cc82-4c8c-b2e7-bbb7ff333e5c
      Strict-Transport-Security:
      - max-age=31536000; includeSubDomains
      X-Content-Type-Options:
      - nosniff
      X-Frame-Options:
      - deny
      home-cluster-uri:
      - https://wabi-us-central-b-primary-redirect.analysis.windows.net/
      request-redirected:
      - 'true'
    status:
      code: 200
      message: OK
- request:
    body: null
    headers:
      Accept:
      - '*/*'
      Accept-Encoding:
      - gzip, deflate
      Connection:
      - keep-alive
      Content-Type:
      - application/json
      User-Agent:
      - ms-fabric-cli-test/1.3.1
    method: GET
    uri: https://api.fabric.microsoft.com/v1/workspaces/84896de5-b6a6-44b7-b305-ca0c9bfdef99/items
  response:
    body:
      string: '{"value": [{"id": "ce74cd60-1b3b-4386-ab15-fcc3ff02a94d", "type": "MLExperiment",
        "displayName": "fabcli000001", "description": "fabcli000002", "workspaceId":
        "84896de5-b6a6-44b7-b305-ca0c9bfdef99"}]}'
    headers:
      Access-Control-Expose-Headers:
      - RequestId
      Cache-Control:
      - no-store, must-revalidate, no-cache
      Content-Encoding:
      - gzip
      Content-Length:
      - '181'
      Content-Type:
      - application/json; charset=utf-8
      Date:
      - Tue, 20 Jan 2026 07:37:38 GMT
      Pragma:
      - no-cache
      RequestId:
      - 2c9c61a6-db04-4904-bc17-19c8919f273e
      Strict-Transport-Security:
      - max-age=31536000; includeSubDomains
      X-Content-Type-Options:
      - nosniff
      X-Frame-Options:
      - deny
      home-cluster-uri:
      - https://wabi-us-central-b-primary-redirect.analysis.windows.net/
      request-redirected:
      - 'true'
    status:
      code: 200
      message: OK
- request:
    body: null
    headers:
      Accept:
      - '*/*'
      Accept-Encoding:
      - gzip, deflate
      Connection:
      - keep-alive
      Content-Type:
      - application/json
      User-Agent:
      - ms-fabric-cli-test/1.3.1
    method: GET
    uri: https://api.fabric.microsoft.com/v1/workspaces/84896de5-b6a6-44b7-b305-ca0c9bfdef99/mlExperiments/ce74cd60-1b3b-4386-ab15-fcc3ff02a94d
  response:
    body:
      string: '{"id": "ce74cd60-1b3b-4386-ab15-fcc3ff02a94d", "type": "MLExperiment",
        "displayName": "fabcli000001", "description": "fabcli000002", "workspaceId":
        "84896de5-b6a6-44b7-b305-ca0c9bfdef99", "properties": {"mlFlowExperimentId":
        "ce74cd60-1b3b-4386-ab15-fcc3ff02a94d"}}'
    headers:
      Access-Control-Expose-Headers:
      - RequestId,ETag
      Cache-Control:
      - no-store, must-revalidate, no-cache
      Content-Encoding:
      - gzip
      Content-Length:
      - '192'
      Content-Type:
      - application/json; charset=utf-8
      Date:
      - Tue, 20 Jan 2026 07:37:38 GMT
      ETag:
      - '""'
      Pragma:
      - no-cache
      RequestId:
      - 5ff4b5f8-5c90-4178-ad7b-d171fde91bbc
      Strict-Transport-Security:
      - max-age=31536000; includeSubDomains
      X-Content-Type-Options:
      - nosniff
      X-Frame-Options:
      - deny
      home-cluster-uri:
      - https://wabi-us-central-b-primary-redirect.analysis.windows.net/
      request-redirected:
      - 'true'
    status:
      code: 200
      message: OK
- request:
    body: null
    headers:
      Accept:
      - '*/*'
      Accept-Encoding:
      - gzip, deflate
      Connection:
      - keep-alive
      Content-Type:
      - application/json
      User-Agent:
      - ms-fabric-cli-test/1.3.1
    method: GET
    uri: https://api.fabric.microsoft.com/v1/workspaces/84896de5-b6a6-44b7-b305-ca0c9bfdef99/items/ce74cd60-1b3b-4386-ab15-fcc3ff02a94d/connections
  response:
    body:
      string: '{"value": []}'
    headers:
      Access-Control-Expose-Headers:
      - RequestId
      Cache-Control:
      - no-store, must-revalidate, no-cache
      Content-Encoding:
      - gzip
      Content-Length:
      - '32'
      Content-Type:
      - application/json; charset=utf-8
      Date:
      - Tue, 20 Jan 2026 07:37:39 GMT
      Pragma:
      - no-cache
      RequestId:
      - b28c59cc-29d3-4c9c-9513-1776996469ac
      Strict-Transport-Security:
      - max-age=31536000; includeSubDomains
      X-Content-Type-Options:
      - nosniff
      X-Frame-Options:
      - deny
      home-cluster-uri:
      - https://wabi-us-central-b-primary-redirect.analysis.windows.net/
      request-redirected:
      - 'true'
    status:
      code: 200
      message: OK
- request:
    body: null
    headers:
      Accept:
      - '*/*'
      Accept-Encoding:
      - gzip, deflate
      Connection:
      - keep-alive
      Content-Type:
      - application/json
      User-Agent:
      - ms-fabric-cli-test/1.3.1
    method: GET
    uri: https://api.fabric.microsoft.com/v1/workspaces
  response:
    body:
      string: '{"value": [{"id": "84896de5-b6a6-44b7-b305-ca0c9bfdef99", "displayName":
        "fabriccli_WorkspacePerTestclass_000001", "description": "Created by fab",
        "type": "Workspace", "capacityId": "07b1fd56-9969-4ff5-a2c8-05df5f82759a"}]}'
    headers:
      Access-Control-Expose-Headers:
      - RequestId
      Cache-Control:
      - no-store, must-revalidate, no-cache
      Content-Encoding:
      - gzip
      Content-Length:
      - '6411'
      Content-Type:
      - application/json; charset=utf-8
      Date:
      - Tue, 20 Jan 2026 07:37:40 GMT
      Pragma:
      - no-cache
      RequestId:
      - 9199de6d-cffa-4e36-a0c0-5d69123452c2
      Strict-Transport-Security:
      - max-age=31536000; includeSubDomains
      X-Content-Type-Options:
      - nosniff
      X-Frame-Options:
      - deny
      home-cluster-uri:
      - https://wabi-us-central-b-primary-redirect.analysis.windows.net/
      request-redirected:
      - 'true'
    status:
      code: 200
      message: OK
- request:
    body: null
    headers:
      Accept:
      - '*/*'
      Accept-Encoding:
      - gzip, deflate
      Connection:
      - keep-alive
      Content-Type:
      - application/json
      User-Agent:
      - ms-fabric-cli-test/1.3.1
    method: GET
    uri: https://api.fabric.microsoft.com/v1/workspaces/84896de5-b6a6-44b7-b305-ca0c9bfdef99/items
  response:
    body:
      string: '{"value": [{"id": "ce74cd60-1b3b-4386-ab15-fcc3ff02a94d", "type": "MLExperiment",
        "displayName": "fabcli000001", "description": "fabcli000002", "workspaceId":
        "84896de5-b6a6-44b7-b305-ca0c9bfdef99"}]}'
    headers:
      Access-Control-Expose-Headers:
      - RequestId
      Cache-Control:
      - no-store, must-revalidate, no-cache
      Content-Encoding:
      - gzip
      Content-Length:
      - '181'
      Content-Type:
      - application/json; charset=utf-8
      Date:
      - Tue, 20 Jan 2026 07:37:44 GMT
      Pragma:
      - no-cache
      RequestId:
      - 6c0b21a5-0ba1-4203-a5d2-0986f1336335
      Strict-Transport-Security:
      - max-age=31536000; includeSubDomains
      X-Content-Type-Options:
      - nosniff
      X-Frame-Options:
      - deny
      home-cluster-uri:
      - https://wabi-us-central-b-primary-redirect.analysis.windows.net/
      request-redirected:
      - 'true'
    status:
      code: 200
      message: OK
- request:
    body: null
    headers:
      Accept:
      - '*/*'
      Accept-Encoding:
      - gzip, deflate
      Connection:
      - keep-alive
      Content-Length:
      - '0'
      Content-Type:
      - application/json
      User-Agent:
      - ms-fabric-cli-test/1.3.1
    method: DELETE
    uri: https://api.fabric.microsoft.com/v1/workspaces/84896de5-b6a6-44b7-b305-ca0c9bfdef99/items/ce74cd60-1b3b-4386-ab15-fcc3ff02a94d
  response:
    body:
      string: ''
    headers:
      Access-Control-Expose-Headers:
      - RequestId
      Cache-Control:
      - no-store, must-revalidate, no-cache
      Content-Encoding:
      - gzip
      Content-Length:
      - '0'
      Content-Type:
      - application/octet-stream
      Date:
      - Tue, 20 Jan 2026 07:37:46 GMT
      Pragma:
      - no-cache
      RequestId:
      - 563c2c6c-3f31-4360-a0ed-9c6aa49d109f
      Strict-Transport-Security:
      - max-age=31536000; includeSubDomains
      X-Content-Type-Options:
      - nosniff
      X-Frame-Options:
      - deny
      home-cluster-uri:
      - https://wabi-us-central-b-primary-redirect.analysis.windows.net/
      request-redirected:
      - 'true'
    status:
      code: 200
      message: OK
version: 1
