interactions:
- request:
    body: null
    headers:
      Accept:
      - '*/*'
      Accept-Encoding:
      - gzip, deflate
      Connection:
      - keep-alive
      Content-Type:
      - application/json
      User-Agent:
      - ms-fabric-cli/1.3.1 (None; Linux; x86_64; 6.6.87.2-microsoft-standard-WSL2)
    method: GET
    uri: https://api.fabric.microsoft.com/v1/workspaces
  response:
    body:
      string: '{"value": [{"id": "3634a139-2c9e-4205-910b-3b089a31be47", "displayName":
        "My workspace", "description": "", "type": "Personal"}]}'
    headers:
      Access-Control-Expose-Headers:
      - RequestId
      Cache-Control:
      - no-store, must-revalidate, no-cache
      Content-Encoding:
      - gzip
      Content-Length:
      - '2804'
      Content-Type:
      - application/json; charset=utf-8
      Date:
      - Thu, 05 Feb 2026 13:47:43 GMT
      Pragma:
      - no-cache
      RequestId:
      - f0052e9a-2035-4c48-9c4a-0d3d62e599bc
      Strict-Transport-Security:
      - max-age=31536000; includeSubDomains
      X-Content-Type-Options:
      - nosniff
      X-Frame-Options:
      - deny
      home-cluster-uri:
      - https://wabi-us-central-b-primary-redirect.analysis.windows.net/
      request-redirected:
      - 'true'
    status:
      code: 200
      message: OK
- request:
    body: null
    headers:
      Accept:
      - '*/*'
      Accept-Encoding:
      - gzip, deflate
      Connection:
      - keep-alive
      Content-Type:
      - application/json
      User-Agent:
      - ms-fabric-cli/1.3.1 (None; Linux; x86_64; 6.6.87.2-microsoft-standard-WSL2)
    method: GET
    uri: https://api.fabric.microsoft.com/v1/workspaces
  response:
    body:
      string: '{"value": [{"id": "3634a139-2c9e-4205-910b-3b089a31be47", "displayName":
        "My workspace", "description": "", "type": "Personal"}]}'
    headers:
      Access-Control-Expose-Headers:
      - RequestId
      Cache-Control:
      - no-store, must-revalidate, no-cache
      Content-Encoding:
      - gzip
      Content-Length:
      - '2804'
      Content-Type:
      - application/json; charset=utf-8
      Date:
      - Thu, 05 Feb 2026 13:47:44 GMT
      Pragma:
      - no-cache
      RequestId:
      - 756493bd-ef07-4d0c-9c65-89853d68f65d
      Strict-Transport-Security:
      - max-age=31536000; includeSubDomains
      X-Content-Type-Options:
      - nosniff
      X-Frame-Options:
      - deny
      home-cluster-uri:
      - https://wabi-us-central-b-primary-redirect.analysis.windows.net/
      request-redirected:
      - 'true'
    status:
      code: 200
      message: OK
- request:
    body: null
    headers:
      Accept:
      - '*/*'
      Accept-Encoding:
      - gzip, deflate
      Connection:
      - keep-alive
      Content-Type:
      - application/json
      User-Agent:
      - ms-fabric-cli/1.3.1 (None; Linux; x86_64; 6.6.87.2-microsoft-standard-WSL2)
    method: GET
    uri: https://api.fabric.microsoft.com/v1/capacities
  response:
    body:
      string: '{"value": [{"id": "00000000-0000-0000-0000-000000000004", "displayName":
        "mocked_fabriccli_capacity_name", "sku": "F16", "region": "Central US", "state":
        "Active"}]}'
    headers:
      Access-Control-Expose-Headers:
      - RequestId
      Cache-Control:
      - no-store, must-revalidate, no-cache
      Content-Encoding:
      - gzip
      Content-Length:
      - '425'
      Content-Type:
      - application/json; charset=utf-8
      Date:
      - Thu, 05 Feb 2026 13:47:48 GMT
      Pragma:
      - no-cache
      RequestId:
      - 62f562de-f200-4dc4-bf3f-03c560a8af30
      Strict-Transport-Security:
      - max-age=31536000; includeSubDomains
      X-Content-Type-Options:
      - nosniff
      X-Frame-Options:
      - deny
      home-cluster-uri:
      - https://wabi-us-central-b-primary-redirect.analysis.windows.net/
      request-redirected:
      - 'true'
    status:
      code: 200
      message: OK
- request:
    body: '{"description": "Created by fab", "displayName": "fabriccli_WorkspacePerTestclass_000001",
      "capacityId": "00000000-0000-0000-0000-000000000004"}'
    headers:
      Accept:
      - '*/*'
      Accept-Encoding:
      - gzip, deflate
      Connection:
      - keep-alive
      Content-Length:
      - '157'
      Content-Type:
      - application/json
      User-Agent:
      - ms-fabric-cli/1.3.1 (None; Linux; x86_64; 6.6.87.2-microsoft-standard-WSL2)
    method: POST
    uri: https://api.fabric.microsoft.com/v1/workspaces
  response:
    body:
      string: '{"id": "375e6fae-c43c-47f5-8deb-55ee3c76aa27", "displayName": "fabriccli_WorkspacePerTestclass_000001",
        "description": "Created by fab", "type": "Workspace", "capacityId": "00000000-0000-0000-0000-000000000004"}'
    headers:
      Access-Control-Expose-Headers:
      - RequestId,Location
      Cache-Control:
      - no-store, must-revalidate, no-cache
      Content-Encoding:
      - gzip
      Content-Length:
      - '188'
      Content-Type:
      - application/json; charset=utf-8
      Date:
      - Thu, 05 Feb 2026 13:47:57 GMT
      Location:
      - https://api.fabric.microsoft.com/v1/workspaces/375e6fae-c43c-47f5-8deb-55ee3c76aa27
      Pragma:
      - no-cache
      RequestId:
      - ed0c7c7d-6957-4fe5-b794-961027e6ea12
      Strict-Transport-Security:
      - max-age=31536000; includeSubDomains
      X-Content-Type-Options:
      - nosniff
      X-Frame-Options:
      - deny
      home-cluster-uri:
      - https://wabi-us-central-b-primary-redirect.analysis.windows.net/
      request-redirected:
      - 'true'
    status:
      code: 201
      message: Created
- request:
    body: null
    headers:
      Accept:
      - '*/*'
      Accept-Encoding:
      - gzip, deflate
      Connection:
      - keep-alive
      Content-Type:
      - application/json
      User-Agent:
      - ms-fabric-cli/1.3.1 (ls; Linux; x86_64; 6.6.87.2-microsoft-standard-WSL2)
    method: GET
    uri: https://api.fabric.microsoft.com/v1/workspaces
  response:
    body:
      string: '{"value": [{"id": "3634a139-2c9e-4205-910b-3b089a31be47", "displayName":
        "My workspace", "description": "", "type": "Personal"}, {"id": "375e6fae-c43c-47f5-8deb-55ee3c76aa27",
        "displayName": "fabriccli_WorkspacePerTestclass_000001", "description": "Created
        by fab", "type": "Workspace", "capacityId": "00000000-0000-0000-0000-000000000004"}]}'
    headers:
      Access-Control-Expose-Headers:
      - RequestId
      Cache-Control:
      - no-store, must-revalidate, no-cache
      Content-Encoding:
      - gzip
      Content-Length:
      - '2834'
      Content-Type:
      - application/json; charset=utf-8
      Date:
      - Thu, 05 Feb 2026 13:49:13 GMT
      Pragma:
      - no-cache
      RequestId:
      - d70b259c-e51b-4ef7-950f-789c6e75bff9
      Strict-Transport-Security:
      - max-age=31536000; includeSubDomains
      X-Content-Type-Options:
      - nosniff
      X-Frame-Options:
      - deny
      home-cluster-uri:
      - https://wabi-us-central-b-primary-redirect.analysis.windows.net/
      request-redirected:
      - 'true'
    status:
      code: 200
      message: OK
- request:
    body: null
    headers:
      Accept:
      - '*/*'
      Accept-Encoding:
      - gzip, deflate
      Connection:
      - keep-alive
      Content-Type:
      - application/json
      User-Agent:
      - ms-fabric-cli/1.3.1 (ls; Linux; x86_64; 6.6.87.2-microsoft-standard-WSL2)
    method: GET
    uri: https://api.fabric.microsoft.com/v1/workspaces/375e6fae-c43c-47f5-8deb-55ee3c76aa27/items
  response:
    body:
      string: '{"value": []}'
    headers:
      Access-Control-Expose-Headers:
      - RequestId
      Cache-Control:
      - no-store, must-revalidate, no-cache
      Content-Encoding:
      - gzip
      Content-Length:
      - '32'
      Content-Type:
      - application/json; charset=utf-8
      Date:
      - Thu, 05 Feb 2026 13:49:13 GMT
      Pragma:
      - no-cache
      RequestId:
      - 25b1390a-92be-4f5b-83f7-e231565e031d
      Strict-Transport-Security:
      - max-age=31536000; includeSubDomains
      X-Content-Type-Options:
      - nosniff
      X-Frame-Options:
      - deny
      home-cluster-uri:
      - https://wabi-us-central-b-primary-redirect.analysis.windows.net/
      request-redirected:
      - 'true'
    status:
      code: 200
      message: OK
- request:
    body: null
    headers:
      Accept:
      - '*/*'
      Accept-Encoding:
      - gzip, deflate
      Connection:
      - keep-alive
      Content-Length:
      - '0'
      Content-Type:
      - application/json
      User-Agent:
      - ms-fabric-cli/1.3.1 (ls; Linux; x86_64; 6.6.87.2-microsoft-standard-WSL2)
    method: DELETE
    uri: https://api.fabric.microsoft.com/v1/workspaces/375e6fae-c43c-47f5-8deb-55ee3c76aa27
  response:
    body:
      string: ''
    headers:
      Access-Control-Expose-Headers:
      - RequestId
      Cache-Control:
      - no-store, must-revalidate, no-cache
      Content-Encoding:
      - gzip
      Content-Length:
      - '0'
      Content-Type:
      - application/octet-stream
      Date:
      - Thu, 05 Feb 2026 13:49:14 GMT
      Pragma:
      - no-cache
      RequestId:
      - 1e8f8194-12d7-4c56-a97a-f97bf24c95a2
      Strict-Transport-Security:
      - max-age=31536000; includeSubDomains
      X-Content-Type-Options:
      - nosniff
      X-Frame-Options:
      - deny
      home-cluster-uri:
      - https://wabi-us-central-b-primary-redirect.analysis.windows.net/
      request-redirected:
      - 'true'
    status:
      code: 200
      message: OK
version: 1
