interactions:
- request:
    body: null
    headers:
      Accept:
      - '*/*'
      Accept-Encoding:
      - gzip, deflate
      Connection:
      - keep-alive
      Content-Type:
      - application/json
      User-Agent:
      - ms-fabric-cli/1.3.1 (None; Linux; x86_64; 6.6.87.2-microsoft-standard-WSL2)
    method: GET
    uri: https://api.fabric.microsoft.com/v1/workspaces
  response:
    body:
      string: '{"value": [{"id": "3634a139-2c9e-4205-910b-3b089a31be47", "displayName":
        "My workspace", "description": "", "type": "Personal"}]}'
    headers:
      Access-Control-Expose-Headers:
      - RequestId
      Cache-Control:
      - no-store, must-revalidate, no-cache
      Content-Encoding:
      - gzip
      Content-Length:
      - '2096'
      Content-Type:
      - application/json; charset=utf-8
      Date:
      - Tue, 06 Jan 2026 13:09:57 GMT
      Pragma:
      - no-cache
      RequestId:
      - 0ec0d210-30ae-4090-85e2-325c932f8c3a
      Strict-Transport-Security:
      - max-age=31536000; includeSubDomains
      X-Content-Type-Options:
      - nosniff
      X-Frame-Options:
      - deny
      home-cluster-uri:
      - https://wabi-us-central-b-primary-redirect.analysis.windows.net/
      request-redirected:
      - 'true'
    status:
      code: 200
      message: OK
- request:
    body: null
    headers:
      Accept:
      - '*/*'
      Accept-Encoding:
      - gzip, deflate
      Connection:
      - keep-alive
      Content-Type:
      - application/json
      User-Agent:
      - ms-fabric-cli/1.3.1 (None; Linux; x86_64; 6.6.87.2-microsoft-standard-WSL2)
    method: GET
    uri: https://api.fabric.microsoft.com/v1/workspaces
  response:
    body:
      string: '{"value": [{"id": "3634a139-2c9e-4205-910b-3b089a31be47", "displayName":
        "My workspace", "description": "", "type": "Personal"}]}'
    headers:
      Access-Control-Expose-Headers:
      - RequestId
      Cache-Control:
      - no-store, must-revalidate, no-cache
      Content-Encoding:
      - gzip
      Content-Length:
      - '2096'
      Content-Type:
      - application/json; charset=utf-8
      Date:
      - Tue, 06 Jan 2026 13:09:57 GMT
      Pragma:
      - no-cache
      RequestId:
      - b8741740-c7ed-4a13-9a48-3e7e9433efa2
      Strict-Transport-Security:
      - max-age=31536000; includeSubDomains
      X-Content-Type-Options:
      - nosniff
      X-Frame-Options:
      - deny
      home-cluster-uri:
      - https://wabi-us-central-b-primary-redirect.analysis.windows.net/
      request-redirected:
      - 'true'
    status:
      code: 200
      message: OK
- request:
    body: null
    headers:
      Accept:
      - '*/*'
      Accept-Encoding:
      - gzip, deflate
      Connection:
      - keep-alive
      Content-Type:
      - application/json
      User-Agent:
      - ms-fabric-cli/1.3.1 (None; Linux; x86_64; 6.6.87.2-microsoft-standard-WSL2)
    method: GET
    uri: https://api.fabric.microsoft.com/v1/capacities
  response:
    body:
      string: '{"value": [{"id": "00000000-0000-0000-0000-000000000004", "displayName":
        "mocked_fabriccli_capacity_name", "sku": "F32", "region": "Central US", "state":
        "Active"}]}'
    headers:
      Access-Control-Expose-Headers:
      - RequestId
      Cache-Control:
      - no-store, must-revalidate, no-cache
      Content-Encoding:
      - gzip
      Content-Length:
      - '425'
      Content-Type:
      - application/json; charset=utf-8
      Date:
      - Tue, 06 Jan 2026 13:10:01 GMT
      Pragma:
      - no-cache
      RequestId:
      - 47895aad-73fd-49c2-b5f1-6242b5c9b3d8
      Strict-Transport-Security:
      - max-age=31536000; includeSubDomains
      X-Content-Type-Options:
      - nosniff
      X-Frame-Options:
      - deny
      home-cluster-uri:
      - https://wabi-us-central-b-primary-redirect.analysis.windows.net/
      request-redirected:
      - 'true'
    status:
      code: 200
      message: OK
- request:
    body: '{"description": "Created by fab", "displayName": "fabriccli_WorkspacePerTestclass_000001",
      "capacityId": "00000000-0000-0000-0000-000000000004"}'
    headers:
      Accept:
      - '*/*'
      Accept-Encoding:
      - gzip, deflate
      Connection:
      - keep-alive
      Content-Length:
      - '157'
      Content-Type:
      - application/json
      User-Agent:
      - ms-fabric-cli/1.3.1 (None; Linux; x86_64; 6.6.87.2-microsoft-standard-WSL2)
    method: POST
    uri: https://api.fabric.microsoft.com/v1/workspaces
  response:
    body:
      string: '{"id": "b86e9b69-16a9-4078-aff8-922ba052431e", "displayName": "fabriccli_WorkspacePerTestclass_000001",
        "description": "Created by fab", "type": "Workspace", "capacityId": "00000000-0000-0000-0000-000000000004"}'
    headers:
      Access-Control-Expose-Headers:
      - RequestId,Location
      Cache-Control:
      - no-store, must-revalidate, no-cache
      Content-Encoding:
      - gzip
      Content-Length:
      - '188'
      Content-Type:
      - application/json; charset=utf-8
      Date:
      - Tue, 06 Jan 2026 13:10:08 GMT
      Location:
      - https://api.fabric.microsoft.com/v1/workspaces/b86e9b69-16a9-4078-aff8-922ba052431e
      Pragma:
      - no-cache
      RequestId:
      - 4611b486-ee97-401f-bc7f-d686e34ee3b1
      Strict-Transport-Security:
      - max-age=31536000; includeSubDomains
      X-Content-Type-Options:
      - nosniff
      X-Frame-Options:
      - deny
      home-cluster-uri:
      - https://wabi-us-central-b-primary-redirect.analysis.windows.net/
      request-redirected:
      - 'true'
    status:
      code: 201
      message: Created
- request:
    body: null
    headers:
      Accept:
      - '*/*'
      Accept-Encoding:
      - gzip, deflate
      Connection:
      - keep-alive
      Content-Type:
      - application/json
      User-Agent:
      - ms-fabric-cli/1.3.1 (ls; Linux; x86_64; 6.6.87.2-microsoft-standard-WSL2)
    method: GET
    uri: https://api.fabric.microsoft.com/v1/workspaces
  response:
    body:
      string: '{"value": [{"id": "3634a139-2c9e-4205-910b-3b089a31be47", "displayName":
        "My workspace", "description": "", "type": "Personal"}, {"id": "b86e9b69-16a9-4078-aff8-922ba052431e",
        "displayName": "fabriccli_WorkspacePerTestclass_000001", "description": "Created
        by fab", "type": "Workspace", "capacityId": "00000000-0000-0000-0000-000000000004"}]}'
    headers:
      Access-Control-Expose-Headers:
      - RequestId
      Cache-Control:
      - no-store, must-revalidate, no-cache
      Content-Encoding:
      - gzip
      Content-Length:
      - '2130'
      Content-Type:
      - application/json; charset=utf-8
      Date:
      - Tue, 06 Jan 2026 13:10:51 GMT
      Pragma:
      - no-cache
      RequestId:
      - 8a1402e0-38c2-4bb2-89d0-eb8582dbd688
      Strict-Transport-Security:
      - max-age=31536000; includeSubDomains
      X-Content-Type-Options:
      - nosniff
      X-Frame-Options:
      - deny
      home-cluster-uri:
      - https://wabi-us-central-b-primary-redirect.analysis.windows.net/
      request-redirected:
      - 'true'
    status:
      code: 200
      message: OK
- request:
    body: null
    headers:
      Accept:
      - '*/*'
      Accept-Encoding:
      - gzip, deflate
      Connection:
      - keep-alive
      Content-Type:
      - application/json
      User-Agent:
      - ms-fabric-cli/1.3.1 (ls; Linux; x86_64; 6.6.87.2-microsoft-standard-WSL2)
    method: GET
    uri: https://api.fabric.microsoft.com/v1/workspaces/b86e9b69-16a9-4078-aff8-922ba052431e/items
  response:
    body:
      string: '{"value": []}'
    headers:
      Access-Control-Expose-Headers:
      - RequestId
      Cache-Control:
      - no-store, must-revalidate, no-cache
      Content-Encoding:
      - gzip
      Content-Length:
      - '32'
      Content-Type:
      - application/json; charset=utf-8
      Date:
      - Tue, 06 Jan 2026 13:10:51 GMT
      Pragma:
      - no-cache
      RequestId:
      - 60a90680-1baf-41a3-b15e-9be0bad4932d
      Strict-Transport-Security:
      - max-age=31536000; includeSubDomains
      X-Content-Type-Options:
      - nosniff
      X-Frame-Options:
      - deny
      home-cluster-uri:
      - https://wabi-us-central-b-primary-redirect.analysis.windows.net/
      request-redirected:
      - 'true'
    status:
      code: 200
      message: OK
- request:
    body: null
    headers:
      Accept:
      - '*/*'
      Accept-Encoding:
      - gzip, deflate
      Connection:
      - keep-alive
      Content-Length:
      - '0'
      Content-Type:
      - application/json
      User-Agent:
      - ms-fabric-cli/1.3.1 (ls; Linux; x86_64; 6.6.87.2-microsoft-standard-WSL2)
    method: DELETE
    uri: https://api.fabric.microsoft.com/v1/workspaces/b86e9b69-16a9-4078-aff8-922ba052431e
  response:
    body:
      string: ''
    headers:
      Access-Control-Expose-Headers:
      - RequestId
      Cache-Control:
      - no-store, must-revalidate, no-cache
      Content-Encoding:
      - gzip
      Content-Length:
      - '0'
      Content-Type:
      - application/octet-stream
      Date:
      - Tue, 06 Jan 2026 13:10:51 GMT
      Pragma:
      - no-cache
      RequestId:
      - 4a7ae808-9baa-4b36-9657-a1ea8f286ae3
      Strict-Transport-Security:
      - max-age=31536000; includeSubDomains
      X-Content-Type-Options:
      - nosniff
      X-Frame-Options:
      - deny
      home-cluster-uri:
      - https://wabi-us-central-b-primary-redirect.analysis.windows.net/
      request-redirected:
      - 'true'
    status:
      code: 200
      message: OK
version: 1
