interactions:
- request:
    body: null
    headers:
      Accept:
      - '*/*'
      Accept-Encoding:
      - gzip, deflate
      Connection:
      - keep-alive
      Content-Type:
      - application/json
      User-Agent:
      - ms-fabric-cli-test/1.3.1
    method: GET
    uri: https://api.fabric.microsoft.com/v1/workspaces
  response:
    body:
      string: '{"value": [{"id": "3634a139-2c9e-4205-910b-3b089a31be47", "displayName":
        "My workspace", "description": "", "type": "Personal"}, {"id": "368f354f-9d92-4982-b04b-9c397928cdf0",
        "displayName": "fabriccli_WorkspacePerTestclass_000001", "description": "Created
        by fab", "type": "Workspace", "capacityId": "00000000-0000-0000-0000-000000000004"}]}'
    headers:
      Access-Control-Expose-Headers:
      - RequestId
      Cache-Control:
      - no-store, must-revalidate, no-cache
      Content-Encoding:
      - gzip
      Content-Length:
      - '2304'
      Content-Type:
      - application/json; charset=utf-8
      Date:
      - Thu, 29 Jan 2026 06:50:05 GMT
      Pragma:
      - no-cache
      RequestId:
      - e682218c-ca8a-4bf3-9197-538fd5a93a27
      Strict-Transport-Security:
      - max-age=31536000; includeSubDomains
      X-Content-Type-Options:
      - nosniff
      X-Frame-Options:
      - deny
      home-cluster-uri:
      - https://wabi-us-central-b-primary-redirect.analysis.windows.net/
      request-redirected:
      - 'true'
    status:
      code: 200
      message: OK
- request:
    body: null
    headers:
      Accept:
      - '*/*'
      Accept-Encoding:
      - gzip, deflate
      Connection:
      - keep-alive
      Content-Type:
      - application/json
      User-Agent:
      - ms-fabric-cli-test/1.3.1
    method: GET
    uri: https://api.fabric.microsoft.com/v1/workspaces/368f354f-9d92-4982-b04b-9c397928cdf0/items
  response:
    body:
      string: '{"value": [{"id": "c0655a25-e6f8-4858-b332-e84f704df3c0", "type": "SemanticModel",
        "displayName": "fabcli000001_auto", "description": "", "workspaceId": "368f354f-9d92-4982-b04b-9c397928cdf0"},
        {"id": "eb993493-fcab-4245-8f15-5b31d00680fb", "type": "SemanticModel", "displayName":
        "fabcli000001_auto", "description": "", "workspaceId": "368f354f-9d92-4982-b04b-9c397928cdf0"},
        {"id": "19c63aee-97f0-479d-8d5f-b90a4de61ccd", "type": "SQLEndpoint", "displayName":
        "StagingLakehouseForDataflows_20260129064248", "description": "", "workspaceId":
        "368f354f-9d92-4982-b04b-9c397928cdf0"}, {"id": "8339a561-3c03-407d-bf76-a117b084783a",
        "type": "Warehouse", "displayName": "StagingWarehouseForDataflows_20260129064311",
        "description": "", "workspaceId": "368f354f-9d92-4982-b04b-9c397928cdf0"},
        {"id": "e8521ae4-1482-4b12-b037-6d82d2c8a277", "type": "Lakehouse", "displayName":
        "StagingLakehouseForDataflows_20260129064248", "description": "", "workspaceId":
        "368f354f-9d92-4982-b04b-9c397928cdf0"}]}'
    headers:
      Access-Control-Expose-Headers:
      - RequestId
      Cache-Control:
      - no-store, must-revalidate, no-cache
      Content-Encoding:
      - gzip
      Content-Length:
      - '363'
      Content-Type:
      - application/json; charset=utf-8
      Date:
      - Thu, 29 Jan 2026 06:50:06 GMT
      Pragma:
      - no-cache
      RequestId:
      - 1a99ede8-0cb3-4c72-a572-b535622cb147
      Strict-Transport-Security:
      - max-age=31536000; includeSubDomains
      X-Content-Type-Options:
      - nosniff
      X-Frame-Options:
      - deny
      home-cluster-uri:
      - https://wabi-us-central-b-primary-redirect.analysis.windows.net/
      request-redirected:
      - 'true'
    status:
      code: 200
      message: OK
- request:
    body: null
    headers:
      Accept:
      - '*/*'
      Accept-Encoding:
      - gzip, deflate
      Connection:
      - keep-alive
      Content-Type:
      - application/json
      User-Agent:
      - ms-fabric-cli-test/1.3.1
    method: GET
    uri: https://api.fabric.microsoft.com/v1/workspaces/368f354f-9d92-4982-b04b-9c397928cdf0/items
  response:
    body:
      string: '{"value": [{"id": "c0655a25-e6f8-4858-b332-e84f704df3c0", "type": "SemanticModel",
        "displayName": "fabcli000001_auto", "description": "", "workspaceId": "368f354f-9d92-4982-b04b-9c397928cdf0"},
        {"id": "eb993493-fcab-4245-8f15-5b31d00680fb", "type": "SemanticModel", "displayName":
        "fabcli000001_auto", "description": "", "workspaceId": "368f354f-9d92-4982-b04b-9c397928cdf0"},
        {"id": "19c63aee-97f0-479d-8d5f-b90a4de61ccd", "type": "SQLEndpoint", "displayName":
        "StagingLakehouseForDataflows_20260129064248", "description": "", "workspaceId":
        "368f354f-9d92-4982-b04b-9c397928cdf0"}, {"id": "8339a561-3c03-407d-bf76-a117b084783a",
        "type": "Warehouse", "displayName": "StagingWarehouseForDataflows_20260129064311",
        "description": "", "workspaceId": "368f354f-9d92-4982-b04b-9c397928cdf0"},
        {"id": "e8521ae4-1482-4b12-b037-6d82d2c8a277", "type": "Lakehouse", "displayName":
        "StagingLakehouseForDataflows_20260129064248", "description": "", "workspaceId":
        "368f354f-9d92-4982-b04b-9c397928cdf0"}]}'
    headers:
      Access-Control-Expose-Headers:
      - RequestId
      Cache-Control:
      - no-store, must-revalidate, no-cache
      Content-Encoding:
      - gzip
      Content-Length:
      - '363'
      Content-Type:
      - application/json; charset=utf-8
      Date:
      - Thu, 29 Jan 2026 06:50:07 GMT
      Pragma:
      - no-cache
      RequestId:
      - 021bdec9-5e57-4be6-a048-748d480d1239
      Strict-Transport-Security:
      - max-age=31536000; includeSubDomains
      X-Content-Type-Options:
      - nosniff
      X-Frame-Options:
      - deny
      home-cluster-uri:
      - https://wabi-us-central-b-primary-redirect.analysis.windows.net/
      request-redirected:
      - 'true'
    status:
      code: 200
      message: OK
- request:
    body: '{"description": "Created by fab", "displayName": "fabcli000001", "type":
      "SQLDatabase", "folderId": null}'
    headers:
      Accept:
      - '*/*'
      Accept-Encoding:
      - gzip, deflate
      Connection:
      - keep-alive
      Content-Length:
      - '109'
      Content-Type:
      - application/json
      User-Agent:
      - ms-fabric-cli-test/1.3.1
    method: POST
    uri: https://api.fabric.microsoft.com/v1/workspaces/368f354f-9d92-4982-b04b-9c397928cdf0/sqlDatabases
  response:
    body:
      string: 'null'
    headers:
      Access-Control-Expose-Headers:
      - RequestId,Location,Retry-After,ETag,x-ms-operation-id
      Cache-Control:
      - no-store, must-revalidate, no-cache
      Content-Encoding:
      - gzip
      Content-Length:
      - '24'
      Content-Type:
      - application/json; charset=utf-8
      Date:
      - Thu, 29 Jan 2026 06:50:08 GMT
      ETag:
      - '""'
      Location:
      - https://wabi-us-central-b-primary-redirect.analysis.windows.net/v1/operations/705c307b-ab05-45a8-8a73-088a2bdc228e
      Pragma:
      - no-cache
      RequestId:
      - 5edb6683-02b7-4a29-8f95-95487e928142
      Retry-After:
      - '20'
      Strict-Transport-Security:
      - max-age=31536000; includeSubDomains
      X-Content-Type-Options:
      - nosniff
      X-Frame-Options:
      - deny
      home-cluster-uri:
      - https://wabi-us-central-b-primary-redirect.analysis.windows.net/
      request-redirected:
      - 'true'
      x-ms-operation-id:
      - 705c307b-ab05-45a8-8a73-088a2bdc228e
    status:
      code: 202
      message: Accepted
- request:
    body: null
    headers:
      Accept:
      - '*/*'
      Accept-Encoding:
      - gzip, deflate
      Connection:
      - keep-alive
      Content-Type:
      - application/json
      User-Agent:
      - ms-fabric-cli-test/1.3.1
    method: GET
    uri: https://wabi-us-central-b-primary-redirect.analysis.windows.net/v1/operations/705c307b-ab05-45a8-8a73-088a2bdc228e
  response:
    body:
      string: '{"status": "Succeeded", "createdTimeUtc": "2026-01-29T06:50:08.3683964",
        "lastUpdatedTimeUtc": "2026-01-29T06:50:21.8554638", "percentComplete": 100,
        "error": null}'
    headers:
      Access-Control-Expose-Headers:
      - RequestId,Location,x-ms-operation-id
      Cache-Control:
      - no-store, must-revalidate, no-cache
      Content-Encoding:
      - gzip
      Content-Length:
      - '132'
      Content-Type:
      - application/json; charset=utf-8
      Date:
      - Thu, 29 Jan 2026 06:50:30 GMT
      Location:
      - https://wabi-us-central-b-primary-redirect.analysis.windows.net/v1/operations/705c307b-ab05-45a8-8a73-088a2bdc228e/result
      Pragma:
      - no-cache
      RequestId:
      - 9d1f8eb2-23e8-458f-b9ea-b164ae620da1
      Strict-Transport-Security:
      - max-age=31536000; includeSubDomains
      X-Content-Type-Options:
      - nosniff
      X-Frame-Options:
      - deny
      x-ms-operation-id:
      - 705c307b-ab05-45a8-8a73-088a2bdc228e
    status:
      code: 200
      message: OK
- request:
    body: null
    headers:
      Accept:
      - '*/*'
      Accept-Encoding:
      - gzip, deflate
      Connection:
      - keep-alive
      Content-Type:
      - application/json
      User-Agent:
      - ms-fabric-cli-test/1.3.1
    method: GET
    uri: https://wabi-us-central-b-primary-redirect.analysis.windows.net/v1/operations/705c307b-ab05-45a8-8a73-088a2bdc228e/result
  response:
    body:
      string: '{"id": "fa333092-4e56-4a65-b6b2-f09c42313c26", "type": "SQLDatabase",
        "displayName": "fabcli000001", "description": "Created by fab", "workspaceId":
        "368f354f-9d92-4982-b04b-9c397928cdf0"}'
    headers:
      Access-Control-Expose-Headers:
      - RequestId
      Cache-Control:
      - no-store, must-revalidate, no-cache
      Content-Encoding:
      - gzip
      Content-Type:
      - application/json
      Date:
      - Thu, 29 Jan 2026 06:50:31 GMT
      Pragma:
      - no-cache
      RequestId:
      - 5aa08b83-2250-4be3-8ca2-0e8995339c2d
      Strict-Transport-Security:
      - max-age=31536000; includeSubDomains
      Transfer-Encoding:
      - chunked
      X-Content-Type-Options:
      - nosniff
      X-Frame-Options:
      - deny
    status:
      code: 200
      message: OK
- request:
    body: null
    headers:
      Accept:
      - '*/*'
      Accept-Encoding:
      - gzip, deflate
      Connection:
      - keep-alive
      Content-Type:
      - application/json
      User-Agent:
      - ms-fabric-cli-test/1.3.1
    method: GET
    uri: https://api.fabric.microsoft.com/v1/workspaces
  response:
    body:
      string: '{"value": [{"id": "3634a139-2c9e-4205-910b-3b089a31be47", "displayName":
        "My workspace", "description": "", "type": "Personal"}, {"id": "368f354f-9d92-4982-b04b-9c397928cdf0",
        "displayName": "fabriccli_WorkspacePerTestclass_000001", "description": "Created
        by fab", "type": "Workspace", "capacityId": "00000000-0000-0000-0000-000000000004"}]}'
    headers:
      Access-Control-Expose-Headers:
      - RequestId
      Cache-Control:
      - no-store, must-revalidate, no-cache
      Content-Encoding:
      - gzip
      Content-Length:
      - '2304'
      Content-Type:
      - application/json; charset=utf-8
      Date:
      - Thu, 29 Jan 2026 06:50:32 GMT
      Pragma:
      - no-cache
      RequestId:
      - 14e4d382-90e0-4f85-ba21-37b96130c10a
      Strict-Transport-Security:
      - max-age=31536000; includeSubDomains
      X-Content-Type-Options:
      - nosniff
      X-Frame-Options:
      - deny
      home-cluster-uri:
      - https://wabi-us-central-b-primary-redirect.analysis.windows.net/
      request-redirected:
      - 'true'
    status:
      code: 200
      message: OK
- request:
    body: null
    headers:
      Accept:
      - '*/*'
      Accept-Encoding:
      - gzip, deflate
      Connection:
      - keep-alive
      Content-Type:
      - application/json
      User-Agent:
      - ms-fabric-cli-test/1.3.1
    method: GET
    uri: https://api.fabric.microsoft.com/v1/workspaces/368f354f-9d92-4982-b04b-9c397928cdf0/items
  response:
    body:
      string: '{"value": [{"id": "c0655a25-e6f8-4858-b332-e84f704df3c0", "type": "SemanticModel",
        "displayName": "fabcli000001_auto", "description": "", "workspaceId": "368f354f-9d92-4982-b04b-9c397928cdf0"},
        {"id": "eb993493-fcab-4245-8f15-5b31d00680fb", "type": "SemanticModel", "displayName":
        "fabcli000001_auto", "description": "", "workspaceId": "368f354f-9d92-4982-b04b-9c397928cdf0"},
        {"id": "19c63aee-97f0-479d-8d5f-b90a4de61ccd", "type": "SQLEndpoint", "displayName":
        "StagingLakehouseForDataflows_20260129064248", "description": "", "workspaceId":
        "368f354f-9d92-4982-b04b-9c397928cdf0"}, {"id": "8339a561-3c03-407d-bf76-a117b084783a",
        "type": "Warehouse", "displayName": "StagingWarehouseForDataflows_20260129064311",
        "description": "", "workspaceId": "368f354f-9d92-4982-b04b-9c397928cdf0"},
        {"id": "ec99003d-66bc-4fad-b5e3-678a1b00e373", "type": "SQLEndpoint", "displayName":
        "fabcli000001", "description": "", "workspaceId": "368f354f-9d92-4982-b04b-9c397928cdf0"},
        {"id": "e8521ae4-1482-4b12-b037-6d82d2c8a277", "type": "Lakehouse", "displayName":
        "StagingLakehouseForDataflows_20260129064248", "description": "", "workspaceId":
        "368f354f-9d92-4982-b04b-9c397928cdf0"}, {"id": "fa333092-4e56-4a65-b6b2-f09c42313c26",
        "type": "SQLDatabase", "displayName": "fabcli000001", "description": "Created
        by fab", "workspaceId": "368f354f-9d92-4982-b04b-9c397928cdf0"}]}'
    headers:
      Access-Control-Expose-Headers:
      - RequestId
      Cache-Control:
      - no-store, must-revalidate, no-cache
      Content-Encoding:
      - gzip
      Content-Length:
      - '447'
      Content-Type:
      - application/json; charset=utf-8
      Date:
      - Thu, 29 Jan 2026 06:50:32 GMT
      Pragma:
      - no-cache
      RequestId:
      - 0e1eaa68-7fef-431a-af75-04d97875e854
      Strict-Transport-Security:
      - max-age=31536000; includeSubDomains
      X-Content-Type-Options:
      - nosniff
      X-Frame-Options:
      - deny
      home-cluster-uri:
      - https://wabi-us-central-b-primary-redirect.analysis.windows.net/
      request-redirected:
      - 'true'
    status:
      code: 200
      message: OK
- request:
    body: null
    headers:
      Accept:
      - '*/*'
      Accept-Encoding:
      - gzip, deflate
      Connection:
      - keep-alive
      Content-Type:
      - application/json
      User-Agent:
      - ms-fabric-cli-test/1.3.1
    method: GET
    uri: https://api.fabric.microsoft.com/v1/workspaces/368f354f-9d92-4982-b04b-9c397928cdf0/folders?recursive=True
  response:
    body:
      string: '{"value": []}'
    headers:
      Access-Control-Expose-Headers:
      - RequestId
      Cache-Control:
      - no-store, must-revalidate, no-cache
      Content-Encoding:
      - gzip
      Content-Length:
      - '32'
      Content-Type:
      - application/json; charset=utf-8
      Date:
      - Thu, 29 Jan 2026 06:50:33 GMT
      Pragma:
      - no-cache
      RequestId:
      - d7c5783c-e6dd-4bcf-b4c8-7cdfebac30a6
      Strict-Transport-Security:
      - max-age=31536000; includeSubDomains
      X-Content-Type-Options:
      - nosniff
      X-Frame-Options:
      - deny
      home-cluster-uri:
      - https://wabi-us-central-b-primary-redirect.analysis.windows.net/
      request-redirected:
      - 'true'
    status:
      code: 200
      message: OK
- request:
    body: null
    headers:
      Accept:
      - '*/*'
      Accept-Encoding:
      - gzip, deflate
      Connection:
      - keep-alive
      Content-Type:
      - application/json
      User-Agent:
      - ms-fabric-cli-test/1.3.1
    method: GET
    uri: https://api.fabric.microsoft.com/v1/workspaces
  response:
    body:
      string: '{"value": [{"id": "3634a139-2c9e-4205-910b-3b089a31be47", "displayName":
        "My workspace", "description": "", "type": "Personal"}, {"id": "368f354f-9d92-4982-b04b-9c397928cdf0",
        "displayName": "fabriccli_WorkspacePerTestclass_000001", "description": "Created
        by fab", "type": "Workspace", "capacityId": "00000000-0000-0000-0000-000000000004"}]}'
    headers:
      Access-Control-Expose-Headers:
      - RequestId
      Cache-Control:
      - no-store, must-revalidate, no-cache
      Content-Encoding:
      - gzip
      Content-Length:
      - '2304'
      Content-Type:
      - application/json; charset=utf-8
      Date:
      - Thu, 29 Jan 2026 06:50:34 GMT
      Pragma:
      - no-cache
      RequestId:
      - 4776fe1e-c78b-471c-899b-fb5aa48c6f90
      Strict-Transport-Security:
      - max-age=31536000; includeSubDomains
      X-Content-Type-Options:
      - nosniff
      X-Frame-Options:
      - deny
      home-cluster-uri:
      - https://wabi-us-central-b-primary-redirect.analysis.windows.net/
      request-redirected:
      - 'true'
    status:
      code: 200
      message: OK
- request:
    body: null
    headers:
      Accept:
      - '*/*'
      Accept-Encoding:
      - gzip, deflate
      Connection:
      - keep-alive
      Content-Type:
      - application/json
      User-Agent:
      - ms-fabric-cli-test/1.3.1
    method: GET
    uri: https://api.fabric.microsoft.com/v1/workspaces/368f354f-9d92-4982-b04b-9c397928cdf0/items
  response:
    body:
      string: '{"value": [{"id": "c0655a25-e6f8-4858-b332-e84f704df3c0", "type": "SemanticModel",
        "displayName": "fabcli000001_auto", "description": "", "workspaceId": "368f354f-9d92-4982-b04b-9c397928cdf0"},
        {"id": "eb993493-fcab-4245-8f15-5b31d00680fb", "type": "SemanticModel", "displayName":
        "fabcli000001_auto", "description": "", "workspaceId": "368f354f-9d92-4982-b04b-9c397928cdf0"},
        {"id": "19c63aee-97f0-479d-8d5f-b90a4de61ccd", "type": "SQLEndpoint", "displayName":
        "StagingLakehouseForDataflows_20260129064248", "description": "", "workspaceId":
        "368f354f-9d92-4982-b04b-9c397928cdf0"}, {"id": "8339a561-3c03-407d-bf76-a117b084783a",
        "type": "Warehouse", "displayName": "StagingWarehouseForDataflows_20260129064311",
        "description": "", "workspaceId": "368f354f-9d92-4982-b04b-9c397928cdf0"},
        {"id": "ec99003d-66bc-4fad-b5e3-678a1b00e373", "type": "SQLEndpoint", "displayName":
        "fabcli000001", "description": "", "workspaceId": "368f354f-9d92-4982-b04b-9c397928cdf0"},
        {"id": "e8521ae4-1482-4b12-b037-6d82d2c8a277", "type": "Lakehouse", "displayName":
        "StagingLakehouseForDataflows_20260129064248", "description": "", "workspaceId":
        "368f354f-9d92-4982-b04b-9c397928cdf0"}, {"id": "fa333092-4e56-4a65-b6b2-f09c42313c26",
        "type": "SQLDatabase", "displayName": "fabcli000001", "description": "Created
        by fab", "workspaceId": "368f354f-9d92-4982-b04b-9c397928cdf0"}]}'
    headers:
      Access-Control-Expose-Headers:
      - RequestId
      Cache-Control:
      - no-store, must-revalidate, no-cache
      Content-Encoding:
      - gzip
      Content-Length:
      - '447'
      Content-Type:
      - application/json; charset=utf-8
      Date:
      - Thu, 29 Jan 2026 06:50:35 GMT
      Pragma:
      - no-cache
      RequestId:
      - ae968224-9b8d-4c75-951f-5c92877140c4
      Strict-Transport-Security:
      - max-age=31536000; includeSubDomains
      X-Content-Type-Options:
      - nosniff
      X-Frame-Options:
      - deny
      home-cluster-uri:
      - https://wabi-us-central-b-primary-redirect.analysis.windows.net/
      request-redirected:
      - 'true'
    status:
      code: 200
      message: OK
- request:
    body: null
    headers:
      Accept:
      - '*/*'
      Accept-Encoding:
      - gzip, deflate
      Connection:
      - keep-alive
      Content-Type:
      - application/json
      User-Agent:
      - ms-fabric-cli-test/1.3.1
    method: GET
    uri: https://api.fabric.microsoft.com/v1/workspaces/368f354f-9d92-4982-b04b-9c397928cdf0/folders?recursive=True
  response:
    body:
      string: '{"value": []}'
    headers:
      Access-Control-Expose-Headers:
      - RequestId
      Cache-Control:
      - no-store, must-revalidate, no-cache
      Content-Encoding:
      - gzip
      Content-Length:
      - '32'
      Content-Type:
      - application/json; charset=utf-8
      Date:
      - Thu, 29 Jan 2026 06:50:36 GMT
      Pragma:
      - no-cache
      RequestId:
      - b9f787fb-39a7-4fb6-8b81-8152bcb9430b
      Strict-Transport-Security:
      - max-age=31536000; includeSubDomains
      X-Content-Type-Options:
      - nosniff
      X-Frame-Options:
      - deny
      home-cluster-uri:
      - https://wabi-us-central-b-primary-redirect.analysis.windows.net/
      request-redirected:
      - 'true'
    status:
      code: 200
      message: OK
- request:
    body: null
    headers:
      Accept:
      - '*/*'
      Accept-Encoding:
      - gzip, deflate
      Connection:
      - keep-alive
      Content-Type:
      - application/json
      User-Agent:
      - ms-fabric-cli-test/1.3.1
    method: GET
    uri: https://api.fabric.microsoft.com/v1/workspaces
  response:
    body:
      string: '{"value": [{"id": "3634a139-2c9e-4205-910b-3b089a31be47", "displayName":
        "My workspace", "description": "", "type": "Personal"}, {"id": "368f354f-9d92-4982-b04b-9c397928cdf0",
        "displayName": "fabriccli_WorkspacePerTestclass_000001", "description": "Created
        by fab", "type": "Workspace", "capacityId": "00000000-0000-0000-0000-000000000004"}]}'
    headers:
      Access-Control-Expose-Headers:
      - RequestId
      Cache-Control:
      - no-store, must-revalidate, no-cache
      Content-Encoding:
      - gzip
      Content-Length:
      - '2304'
      Content-Type:
      - application/json; charset=utf-8
      Date:
      - Thu, 29 Jan 2026 06:50:38 GMT
      Pragma:
      - no-cache
      RequestId:
      - cef0781d-a912-4a12-9ecd-e2bf965d4952
      Strict-Transport-Security:
      - max-age=31536000; includeSubDomains
      X-Content-Type-Options:
      - nosniff
      X-Frame-Options:
      - deny
      home-cluster-uri:
      - https://wabi-us-central-b-primary-redirect.analysis.windows.net/
      request-redirected:
      - 'true'
    status:
      code: 200
      message: OK
- request:
    body: null
    headers:
      Accept:
      - '*/*'
      Accept-Encoding:
      - gzip, deflate
      Connection:
      - keep-alive
      Content-Type:
      - application/json
      User-Agent:
      - ms-fabric-cli-test/1.3.1
    method: GET
    uri: https://api.fabric.microsoft.com/v1/workspaces/368f354f-9d92-4982-b04b-9c397928cdf0/items
  response:
    body:
      string: '{"value": [{"id": "c0655a25-e6f8-4858-b332-e84f704df3c0", "type": "SemanticModel",
        "displayName": "fabcli000001_auto", "description": "", "workspaceId": "368f354f-9d92-4982-b04b-9c397928cdf0"},
        {"id": "eb993493-fcab-4245-8f15-5b31d00680fb", "type": "SemanticModel", "displayName":
        "fabcli000001_auto", "description": "", "workspaceId": "368f354f-9d92-4982-b04b-9c397928cdf0"},
        {"id": "19c63aee-97f0-479d-8d5f-b90a4de61ccd", "type": "SQLEndpoint", "displayName":
        "StagingLakehouseForDataflows_20260129064248", "description": "", "workspaceId":
        "368f354f-9d92-4982-b04b-9c397928cdf0"}, {"id": "8339a561-3c03-407d-bf76-a117b084783a",
        "type": "Warehouse", "displayName": "StagingWarehouseForDataflows_20260129064311",
        "description": "", "workspaceId": "368f354f-9d92-4982-b04b-9c397928cdf0"},
        {"id": "ec99003d-66bc-4fad-b5e3-678a1b00e373", "type": "SQLEndpoint", "displayName":
        "fabcli000001", "description": "", "workspaceId": "368f354f-9d92-4982-b04b-9c397928cdf0"},
        {"id": "e8521ae4-1482-4b12-b037-6d82d2c8a277", "type": "Lakehouse", "displayName":
        "StagingLakehouseForDataflows_20260129064248", "description": "", "workspaceId":
        "368f354f-9d92-4982-b04b-9c397928cdf0"}, {"id": "fa333092-4e56-4a65-b6b2-f09c42313c26",
        "type": "SQLDatabase", "displayName": "fabcli000001", "description": "Created
        by fab", "workspaceId": "368f354f-9d92-4982-b04b-9c397928cdf0"}]}'
    headers:
      Access-Control-Expose-Headers:
      - RequestId
      Cache-Control:
      - no-store, must-revalidate, no-cache
      Content-Encoding:
      - gzip
      Content-Length:
      - '447'
      Content-Type:
      - application/json; charset=utf-8
      Date:
      - Thu, 29 Jan 2026 06:50:38 GMT
      Pragma:
      - no-cache
      RequestId:
      - e0f43478-2854-44a4-b239-e5f4bdd4b90f
      Strict-Transport-Security:
      - max-age=31536000; includeSubDomains
      X-Content-Type-Options:
      - nosniff
      X-Frame-Options:
      - deny
      home-cluster-uri:
      - https://wabi-us-central-b-primary-redirect.analysis.windows.net/
      request-redirected:
      - 'true'
    status:
      code: 200
      message: OK
- request:
    body: null
    headers:
      Accept:
      - '*/*'
      Accept-Encoding:
      - gzip, deflate
      Connection:
      - keep-alive
      Content-Type:
      - application/json
      User-Agent:
      - ms-fabric-cli-test/1.3.1
    method: GET
    uri: https://api.fabric.microsoft.com/v1/workspaces/368f354f-9d92-4982-b04b-9c397928cdf0/folders?recursive=True
  response:
    body:
      string: '{"value": []}'
    headers:
      Access-Control-Expose-Headers:
      - RequestId
      Cache-Control:
      - no-store, must-revalidate, no-cache
      Content-Encoding:
      - gzip
      Content-Length:
      - '32'
      Content-Type:
      - application/json; charset=utf-8
      Date:
      - Thu, 29 Jan 2026 06:50:38 GMT
      Pragma:
      - no-cache
      RequestId:
      - 0f892533-5a2f-430b-8927-a6a3419458d8
      Strict-Transport-Security:
      - max-age=31536000; includeSubDomains
      X-Content-Type-Options:
      - nosniff
      X-Frame-Options:
      - deny
      home-cluster-uri:
      - https://wabi-us-central-b-primary-redirect.analysis.windows.net/
      request-redirected:
      - 'true'
    status:
      code: 200
      message: OK
- request:
    body: null
    headers:
      Accept:
      - '*/*'
      Accept-Encoding:
      - gzip, deflate
      Connection:
      - keep-alive
      Content-Type:
      - application/json
      User-Agent:
      - ms-fabric-cli-test/1.3.1
    method: GET
    uri: https://api.fabric.microsoft.com/v1/workspaces
  response:
    body:
      string: '{"value": [{"id": "3634a139-2c9e-4205-910b-3b089a31be47", "displayName":
        "My workspace", "description": "", "type": "Personal"}, {"id": "368f354f-9d92-4982-b04b-9c397928cdf0",
        "displayName": "fabriccli_WorkspacePerTestclass_000001", "description": "Created
        by fab", "type": "Workspace", "capacityId": "00000000-0000-0000-0000-000000000004"}]}'
    headers:
      Access-Control-Expose-Headers:
      - RequestId
      Cache-Control:
      - no-store, must-revalidate, no-cache
      Content-Encoding:
      - gzip
      Content-Length:
      - '2304'
      Content-Type:
      - application/json; charset=utf-8
      Date:
      - Thu, 29 Jan 2026 06:50:39 GMT
      Pragma:
      - no-cache
      RequestId:
      - c28179a3-ee4c-4389-b3c4-430e80e99e59
      Strict-Transport-Security:
      - max-age=31536000; includeSubDomains
      X-Content-Type-Options:
      - nosniff
      X-Frame-Options:
      - deny
      home-cluster-uri:
      - https://wabi-us-central-b-primary-redirect.analysis.windows.net/
      request-redirected:
      - 'true'
    status:
      code: 200
      message: OK
- request:
    body: null
    headers:
      Accept:
      - '*/*'
      Accept-Encoding:
      - gzip, deflate
      Connection:
      - keep-alive
      Content-Type:
      - application/json
      User-Agent:
      - ms-fabric-cli-test/1.3.1
    method: GET
    uri: https://api.fabric.microsoft.com/v1/workspaces/368f354f-9d92-4982-b04b-9c397928cdf0/items
  response:
    body:
      string: '{"value": [{"id": "c0655a25-e6f8-4858-b332-e84f704df3c0", "type": "SemanticModel",
        "displayName": "fabcli000001_auto", "description": "", "workspaceId": "368f354f-9d92-4982-b04b-9c397928cdf0"},
        {"id": "eb993493-fcab-4245-8f15-5b31d00680fb", "type": "SemanticModel", "displayName":
        "fabcli000001_auto", "description": "", "workspaceId": "368f354f-9d92-4982-b04b-9c397928cdf0"},
        {"id": "19c63aee-97f0-479d-8d5f-b90a4de61ccd", "type": "SQLEndpoint", "displayName":
        "StagingLakehouseForDataflows_20260129064248", "description": "", "workspaceId":
        "368f354f-9d92-4982-b04b-9c397928cdf0"}, {"id": "8339a561-3c03-407d-bf76-a117b084783a",
        "type": "Warehouse", "displayName": "StagingWarehouseForDataflows_20260129064311",
        "description": "", "workspaceId": "368f354f-9d92-4982-b04b-9c397928cdf0"},
        {"id": "ec99003d-66bc-4fad-b5e3-678a1b00e373", "type": "SQLEndpoint", "displayName":
        "fabcli000001", "description": "", "workspaceId": "368f354f-9d92-4982-b04b-9c397928cdf0"},
        {"id": "e8521ae4-1482-4b12-b037-6d82d2c8a277", "type": "Lakehouse", "displayName":
        "StagingLakehouseForDataflows_20260129064248", "description": "", "workspaceId":
        "368f354f-9d92-4982-b04b-9c397928cdf0"}, {"id": "fa333092-4e56-4a65-b6b2-f09c42313c26",
        "type": "SQLDatabase", "displayName": "fabcli000001", "description": "Created
        by fab", "workspaceId": "368f354f-9d92-4982-b04b-9c397928cdf0"}]}'
    headers:
      Access-Control-Expose-Headers:
      - RequestId
      Cache-Control:
      - no-store, must-revalidate, no-cache
      Content-Encoding:
      - gzip
      Content-Length:
      - '447'
      Content-Type:
      - application/json; charset=utf-8
      Date:
      - Thu, 29 Jan 2026 06:50:40 GMT
      Pragma:
      - no-cache
      RequestId:
      - eed6f25b-a22a-4975-b6f9-ec0c5f48ca20
      Strict-Transport-Security:
      - max-age=31536000; includeSubDomains
      X-Content-Type-Options:
      - nosniff
      X-Frame-Options:
      - deny
      home-cluster-uri:
      - https://wabi-us-central-b-primary-redirect.analysis.windows.net/
      request-redirected:
      - 'true'
    status:
      code: 200
      message: OK
- request:
    body: null
    headers:
      Accept:
      - '*/*'
      Accept-Encoding:
      - gzip, deflate
      Connection:
      - keep-alive
      Content-Type:
      - application/json
      User-Agent:
      - ms-fabric-cli-test/1.3.1
    method: GET
    uri: https://api.fabric.microsoft.com/v1/workspaces/368f354f-9d92-4982-b04b-9c397928cdf0/folders?recursive=True
  response:
    body:
      string: '{"value": []}'
    headers:
      Access-Control-Expose-Headers:
      - RequestId
      Cache-Control:
      - no-store, must-revalidate, no-cache
      Content-Encoding:
      - gzip
      Content-Length:
      - '32'
      Content-Type:
      - application/json; charset=utf-8
      Date:
      - Thu, 29 Jan 2026 06:50:41 GMT
      Pragma:
      - no-cache
      RequestId:
      - eea29883-c674-4dfc-9fa5-797d6e3ba95d
      Strict-Transport-Security:
      - max-age=31536000; includeSubDomains
      X-Content-Type-Options:
      - nosniff
      X-Frame-Options:
      - deny
      home-cluster-uri:
      - https://wabi-us-central-b-primary-redirect.analysis.windows.net/
      request-redirected:
      - 'true'
    status:
      code: 200
      message: OK
- request:
    body: null
    headers:
      Accept:
      - '*/*'
      Accept-Encoding:
      - gzip, deflate
      Connection:
      - keep-alive
      Content-Type:
      - application/json
      User-Agent:
      - ms-fabric-cli-test/1.3.1
    method: GET
    uri: https://api.fabric.microsoft.com/v1/workspaces
  response:
    body:
      string: '{"value": [{"id": "3634a139-2c9e-4205-910b-3b089a31be47", "displayName":
        "My workspace", "description": "", "type": "Personal"}, {"id": "368f354f-9d92-4982-b04b-9c397928cdf0",
        "displayName": "fabriccli_WorkspacePerTestclass_000001", "description": "Created
        by fab", "type": "Workspace", "capacityId": "00000000-0000-0000-0000-000000000004"}]}'
    headers:
      Access-Control-Expose-Headers:
      - RequestId
      Cache-Control:
      - no-store, must-revalidate, no-cache
      Content-Encoding:
      - gzip
      Content-Length:
      - '2304'
      Content-Type:
      - application/json; charset=utf-8
      Date:
      - Thu, 29 Jan 2026 06:50:42 GMT
      Pragma:
      - no-cache
      RequestId:
      - b0d34e75-d3bc-459b-be2e-d567cfb89e16
      Strict-Transport-Security:
      - max-age=31536000; includeSubDomains
      X-Content-Type-Options:
      - nosniff
      X-Frame-Options:
      - deny
      home-cluster-uri:
      - https://wabi-us-central-b-primary-redirect.analysis.windows.net/
      request-redirected:
      - 'true'
    status:
      code: 200
      message: OK
- request:
    body: null
    headers:
      Accept:
      - '*/*'
      Accept-Encoding:
      - gzip, deflate
      Connection:
      - keep-alive
      Content-Type:
      - application/json
      User-Agent:
      - ms-fabric-cli-test/1.3.1
    method: GET
    uri: https://api.fabric.microsoft.com/v1/workspaces/368f354f-9d92-4982-b04b-9c397928cdf0/items
  response:
    body:
      string: '{"value": [{"id": "c0655a25-e6f8-4858-b332-e84f704df3c0", "type": "SemanticModel",
        "displayName": "fabcli000001_auto", "description": "", "workspaceId": "368f354f-9d92-4982-b04b-9c397928cdf0"},
        {"id": "eb993493-fcab-4245-8f15-5b31d00680fb", "type": "SemanticModel", "displayName":
        "fabcli000001_auto", "description": "", "workspaceId": "368f354f-9d92-4982-b04b-9c397928cdf0"},
        {"id": "19c63aee-97f0-479d-8d5f-b90a4de61ccd", "type": "SQLEndpoint", "displayName":
        "StagingLakehouseForDataflows_20260129064248", "description": "", "workspaceId":
        "368f354f-9d92-4982-b04b-9c397928cdf0"}, {"id": "8339a561-3c03-407d-bf76-a117b084783a",
        "type": "Warehouse", "displayName": "StagingWarehouseForDataflows_20260129064311",
        "description": "", "workspaceId": "368f354f-9d92-4982-b04b-9c397928cdf0"},
        {"id": "ec99003d-66bc-4fad-b5e3-678a1b00e373", "type": "SQLEndpoint", "displayName":
        "fabcli000001", "description": "", "workspaceId": "368f354f-9d92-4982-b04b-9c397928cdf0"},
        {"id": "e8521ae4-1482-4b12-b037-6d82d2c8a277", "type": "Lakehouse", "displayName":
        "StagingLakehouseForDataflows_20260129064248", "description": "", "workspaceId":
        "368f354f-9d92-4982-b04b-9c397928cdf0"}, {"id": "fa333092-4e56-4a65-b6b2-f09c42313c26",
        "type": "SQLDatabase", "displayName": "fabcli000001", "description": "Created
        by fab", "workspaceId": "368f354f-9d92-4982-b04b-9c397928cdf0"}]}'
    headers:
      Access-Control-Expose-Headers:
      - RequestId
      Cache-Control:
      - no-store, must-revalidate, no-cache
      Content-Encoding:
      - gzip
      Content-Length:
      - '447'
      Content-Type:
      - application/json; charset=utf-8
      Date:
      - Thu, 29 Jan 2026 06:50:43 GMT
      Pragma:
      - no-cache
      RequestId:
      - 37880d76-ea00-48de-91bf-c96dcf539511
      Strict-Transport-Security:
      - max-age=31536000; includeSubDomains
      X-Content-Type-Options:
      - nosniff
      X-Frame-Options:
      - deny
      home-cluster-uri:
      - https://wabi-us-central-b-primary-redirect.analysis.windows.net/
      request-redirected:
      - 'true'
    status:
      code: 200
      message: OK
- request:
    body: null
    headers:
      Accept:
      - '*/*'
      Accept-Encoding:
      - gzip, deflate
      Connection:
      - keep-alive
      Content-Length:
      - '0'
      Content-Type:
      - application/json
      User-Agent:
      - ms-fabric-cli-test/1.3.1
    method: DELETE
    uri: https://api.fabric.microsoft.com/v1/workspaces/368f354f-9d92-4982-b04b-9c397928cdf0/items/fa333092-4e56-4a65-b6b2-f09c42313c26
  response:
    body:
      string: ''
    headers:
      Access-Control-Expose-Headers:
      - RequestId
      Cache-Control:
      - no-store, must-revalidate, no-cache
      Content-Encoding:
      - gzip
      Content-Length:
      - '0'
      Content-Type:
      - application/octet-stream
      Date:
      - Thu, 29 Jan 2026 06:50:44 GMT
      Pragma:
      - no-cache
      RequestId:
      - 34463036-7caa-4630-b935-a9a4060af03b
      Strict-Transport-Security:
      - max-age=31536000; includeSubDomains
      X-Content-Type-Options:
      - nosniff
      X-Frame-Options:
      - deny
      home-cluster-uri:
      - https://wabi-us-central-b-primary-redirect.analysis.windows.net/
      request-redirected:
      - 'true'
    status:
      code: 200
      message: OK
version: 1
