interactions:
- request:
    body: null
    headers:
      Accept:
      - '*/*'
      Accept-Encoding:
      - gzip, deflate
      Connection:
      - keep-alive
      Content-Type:
      - application/json
      User-Agent:
      - ms-fabric-cli-test/1.3.1
    method: GET
    uri: https://api.fabric.microsoft.com/v1/workspaces
  response:
    body:
      string: '{"value": [{"id": "bfaf415e-635b-4a2d-a5a0-6d3a05682fc6", "displayName":
        "fabriccli_WorkspacePerTestclass_000001", "description": "Created by fab",
        "type": "Workspace", "capacityId": "07b1fd56-9969-4ff5-a2c8-05df5f82759a"}]}'
    headers:
      Access-Control-Expose-Headers:
      - RequestId
      Cache-Control:
      - no-store, must-revalidate, no-cache
      Content-Encoding:
      - gzip
      Content-Length:
      - '5916'
      Content-Type:
      - application/json; charset=utf-8
      Date:
      - Fri, 16 Jan 2026 11:41:02 GMT
      Pragma:
      - no-cache
      RequestId:
      - 8af47652-b6fa-4b35-907f-271f6cf92a2d
      Strict-Transport-Security:
      - max-age=31536000; includeSubDomains
      X-Content-Type-Options:
      - nosniff
      X-Frame-Options:
      - deny
      home-cluster-uri:
      - https://wabi-us-central-b-primary-redirect.analysis.windows.net/
      request-redirected:
      - 'true'
    status:
      code: 200
      message: OK
- request:
    body: null
    headers:
      Accept:
      - '*/*'
      Accept-Encoding:
      - gzip, deflate
      Connection:
      - keep-alive
      Content-Type:
      - application/json
      User-Agent:
      - ms-fabric-cli-test/1.3.1
    method: GET
    uri: https://api.fabric.microsoft.com/v1/workspaces/bfaf415e-635b-4a2d-a5a0-6d3a05682fc6/items
  response:
    body:
      string: '{"value": []}'
    headers:
      Access-Control-Expose-Headers:
      - RequestId
      Cache-Control:
      - no-store, must-revalidate, no-cache
      Content-Encoding:
      - gzip
      Content-Length:
      - '32'
      Content-Type:
      - application/json; charset=utf-8
      Date:
      - Fri, 16 Jan 2026 11:41:04 GMT
      Pragma:
      - no-cache
      RequestId:
      - 6123ff84-7b6b-4e33-8479-aa271273052b
      Strict-Transport-Security:
      - max-age=31536000; includeSubDomains
      X-Content-Type-Options:
      - nosniff
      X-Frame-Options:
      - deny
      home-cluster-uri:
      - https://wabi-us-central-b-primary-redirect.analysis.windows.net/
      request-redirected:
      - 'true'
    status:
      code: 200
      message: OK
- request:
    body: null
    headers:
      Accept:
      - '*/*'
      Accept-Encoding:
      - gzip, deflate
      Connection:
      - keep-alive
      Content-Type:
      - application/json
      User-Agent:
      - ms-fabric-cli-test/1.3.1
    method: GET
    uri: https://api.fabric.microsoft.com/v1/workspaces/bfaf415e-635b-4a2d-a5a0-6d3a05682fc6/items
  response:
    body:
      string: '{"value": []}'
    headers:
      Access-Control-Expose-Headers:
      - RequestId
      Cache-Control:
      - no-store, must-revalidate, no-cache
      Content-Encoding:
      - gzip
      Content-Length:
      - '32'
      Content-Type:
      - application/json; charset=utf-8
      Date:
      - Fri, 16 Jan 2026 11:41:05 GMT
      Pragma:
      - no-cache
      RequestId:
      - 7c645a7c-1152-4b50-9605-531f451edd9c
      Strict-Transport-Security:
      - max-age=31536000; includeSubDomains
      X-Content-Type-Options:
      - nosniff
      X-Frame-Options:
      - deny
      home-cluster-uri:
      - https://wabi-us-central-b-primary-redirect.analysis.windows.net/
      request-redirected:
      - 'true'
    status:
      code: 200
      message: OK
- request:
    body: '{"description": "Created by fab", "displayName": "fabcli000001", "type":
      "MirroredDatabase", "folderId": null, "definition": {"parts": [{"path": "mirroring.json",
      "payload": "ewogICAgInByb3BlcnRpZXMiOiB7CiAgICAgICAgInNvdXJjZSI6IHsKICAgICAgICAgICAgInR5cGUiOiAiR2VuZXJpY01pcnJvciIsCiAgICAgICAgICAgICJ0eXBlUHJvcGVydGllcyI6IHt9CiAgICAgICAgfSwKICAgICAgICAidGFyZ2V0IjogewogICAgICAgICAgICAidHlwZSI6ICJNb3VudGVkUmVsYXRpb25hbERhdGFiYXNlIiwKICAgICAgICAgICAgInR5cGVQcm9wZXJ0aWVzIjogewogICAgICAgICAgICAgICAgImZvcm1hdCI6ICJEZWx0YSIKICAgICAgICAgICAgfQogICAgICAgIH0KICAgIH0KfQ==",
      "payloadType": "InlineBase64"}]}}'
    headers:
      Accept:
      - '*/*'
      Accept-Encoding:
      - gzip, deflate
      Connection:
      - keep-alive
      Content-Length:
      - '603'
      Content-Type:
      - application/json
      User-Agent:
      - ms-fabric-cli-test/1.3.1
    method: POST
    uri: https://api.fabric.microsoft.com/v1/workspaces/bfaf415e-635b-4a2d-a5a0-6d3a05682fc6/mirroredDatabases
  response:
    body:
      string: '{"id": "3affb404-c071-455f-b7d5-c33da982719e", "type": "MirroredDatabase",
        "displayName": "fabcli000001", "description": "Created by fab", "workspaceId":
        "bfaf415e-635b-4a2d-a5a0-6d3a05682fc6"}'
    headers:
      Access-Control-Expose-Headers:
      - RequestId,ETag
      Cache-Control:
      - no-store, must-revalidate, no-cache
      Content-Encoding:
      - gzip
      Content-Length:
      - '169'
      Content-Type:
      - application/json; charset=utf-8
      Date:
      - Fri, 16 Jan 2026 11:41:07 GMT
      ETag:
      - '""'
      Pragma:
      - no-cache
      RequestId:
      - 16592d2c-49f7-47f7-af86-300144c9c353
      Strict-Transport-Security:
      - max-age=31536000; includeSubDomains
      X-Content-Type-Options:
      - nosniff
      X-Frame-Options:
      - deny
      home-cluster-uri:
      - https://wabi-us-central-b-primary-redirect.analysis.windows.net/
      request-redirected:
      - 'true'
    status:
      code: 201
      message: Created
- request:
    body: null
    headers:
      Accept:
      - '*/*'
      Accept-Encoding:
      - gzip, deflate
      Connection:
      - keep-alive
      Content-Type:
      - application/json
      User-Agent:
      - ms-fabric-cli-test/1.3.1
    method: GET
    uri: https://api.fabric.microsoft.com/v1/workspaces
  response:
    body:
      string: '{"value": [{"id": "bfaf415e-635b-4a2d-a5a0-6d3a05682fc6", "displayName":
        "fabriccli_WorkspacePerTestclass_000001", "description": "Created by fab",
        "type": "Workspace", "capacityId": "07b1fd56-9969-4ff5-a2c8-05df5f82759a"}]}'
    headers:
      Access-Control-Expose-Headers:
      - RequestId
      Cache-Control:
      - no-store, must-revalidate, no-cache
      Content-Encoding:
      - gzip
      Content-Length:
      - '5916'
      Content-Type:
      - application/json; charset=utf-8
      Date:
      - Fri, 16 Jan 2026 11:41:09 GMT
      Pragma:
      - no-cache
      RequestId:
      - 72b7c9bc-46c4-4154-87aa-7f18c35dde6e
      Strict-Transport-Security:
      - max-age=31536000; includeSubDomains
      X-Content-Type-Options:
      - nosniff
      X-Frame-Options:
      - deny
      home-cluster-uri:
      - https://wabi-us-central-b-primary-redirect.analysis.windows.net/
      request-redirected:
      - 'true'
    status:
      code: 200
      message: OK
- request:
    body: null
    headers:
      Accept:
      - '*/*'
      Accept-Encoding:
      - gzip, deflate
      Connection:
      - keep-alive
      Content-Type:
      - application/json
      User-Agent:
      - ms-fabric-cli-test/1.3.1
    method: GET
    uri: https://api.fabric.microsoft.com/v1/workspaces/bfaf415e-635b-4a2d-a5a0-6d3a05682fc6/items
  response:
    body:
      string: '{"value": [{"id": "3affb404-c071-455f-b7d5-c33da982719e", "type": "MirroredDatabase",
        "displayName": "fabcli000001", "description": "Created by fab", "workspaceId":
        "bfaf415e-635b-4a2d-a5a0-6d3a05682fc6"}]}'
    headers:
      Access-Control-Expose-Headers:
      - RequestId
      Cache-Control:
      - no-store, must-revalidate, no-cache
      Content-Encoding:
      - gzip
      Content-Length:
      - '182'
      Content-Type:
      - application/json; charset=utf-8
      Date:
      - Fri, 16 Jan 2026 11:41:09 GMT
      Pragma:
      - no-cache
      RequestId:
      - 303d690f-4c5f-41f9-839b-eeda636405c7
      Strict-Transport-Security:
      - max-age=31536000; includeSubDomains
      X-Content-Type-Options:
      - nosniff
      X-Frame-Options:
      - deny
      home-cluster-uri:
      - https://wabi-us-central-b-primary-redirect.analysis.windows.net/
      request-redirected:
      - 'true'
    status:
      code: 200
      message: OK
- request:
    body: null
    headers:
      Accept:
      - '*/*'
      Accept-Encoding:
      - gzip, deflate
      Connection:
      - keep-alive
      Content-Type:
      - application/json
      User-Agent:
      - ms-fabric-cli-test/1.3.1
    method: GET
    uri: https://api.fabric.microsoft.com/v1/workspaces/bfaf415e-635b-4a2d-a5a0-6d3a05682fc6/folders?recursive=True
  response:
    body:
      string: '{"value": []}'
    headers:
      Access-Control-Expose-Headers:
      - RequestId
      Cache-Control:
      - no-store, must-revalidate, no-cache
      Content-Encoding:
      - gzip
      Content-Length:
      - '32'
      Content-Type:
      - application/json; charset=utf-8
      Date:
      - Fri, 16 Jan 2026 11:41:11 GMT
      Pragma:
      - no-cache
      RequestId:
      - a5bd95d2-27bc-41d6-afe0-b02080616732
      Strict-Transport-Security:
      - max-age=31536000; includeSubDomains
      X-Content-Type-Options:
      - nosniff
      X-Frame-Options:
      - deny
      home-cluster-uri:
      - https://wabi-us-central-b-primary-redirect.analysis.windows.net/
      request-redirected:
      - 'true'
    status:
      code: 200
      message: OK
- request:
    body: null
    headers:
      Accept:
      - '*/*'
      Accept-Encoding:
      - gzip, deflate
      Connection:
      - keep-alive
      Content-Type:
      - application/json
      User-Agent:
      - ms-fabric-cli-test/1.3.1
    method: GET
    uri: https://api.fabric.microsoft.com/v1/workspaces
  response:
    body:
      string: '{"value": [{"id": "bfaf415e-635b-4a2d-a5a0-6d3a05682fc6", "displayName":
        "fabriccli_WorkspacePerTestclass_000001", "description": "Created by fab",
        "type": "Workspace", "capacityId": "07b1fd56-9969-4ff5-a2c8-05df5f82759a"}]}'
    headers:
      Access-Control-Expose-Headers:
      - RequestId
      Cache-Control:
      - no-store, must-revalidate, no-cache
      Content-Encoding:
      - gzip
      Content-Length:
      - '5916'
      Content-Type:
      - application/json; charset=utf-8
      Date:
      - Fri, 16 Jan 2026 11:41:11 GMT
      Pragma:
      - no-cache
      RequestId:
      - 45cc6ee9-48ab-4e78-adfd-11f562718433
      Strict-Transport-Security:
      - max-age=31536000; includeSubDomains
      X-Content-Type-Options:
      - nosniff
      X-Frame-Options:
      - deny
      home-cluster-uri:
      - https://wabi-us-central-b-primary-redirect.analysis.windows.net/
      request-redirected:
      - 'true'
    status:
      code: 200
      message: OK
- request:
    body: null
    headers:
      Accept:
      - '*/*'
      Accept-Encoding:
      - gzip, deflate
      Connection:
      - keep-alive
      Content-Type:
      - application/json
      User-Agent:
      - ms-fabric-cli-test/1.3.1
    method: GET
    uri: https://api.fabric.microsoft.com/v1/workspaces/bfaf415e-635b-4a2d-a5a0-6d3a05682fc6/items
  response:
    body:
      string: '{"value": [{"id": "3affb404-c071-455f-b7d5-c33da982719e", "type": "MirroredDatabase",
        "displayName": "fabcli000001", "description": "Created by fab", "workspaceId":
        "bfaf415e-635b-4a2d-a5a0-6d3a05682fc6"}]}'
    headers:
      Access-Control-Expose-Headers:
      - RequestId
      Cache-Control:
      - no-store, must-revalidate, no-cache
      Content-Encoding:
      - gzip
      Content-Length:
      - '182'
      Content-Type:
      - application/json; charset=utf-8
      Date:
      - Fri, 16 Jan 2026 11:41:12 GMT
      Pragma:
      - no-cache
      RequestId:
      - 55fb8945-71d8-406e-baeb-fabb3ea24b5e
      Strict-Transport-Security:
      - max-age=31536000; includeSubDomains
      X-Content-Type-Options:
      - nosniff
      X-Frame-Options:
      - deny
      home-cluster-uri:
      - https://wabi-us-central-b-primary-redirect.analysis.windows.net/
      request-redirected:
      - 'true'
    status:
      code: 200
      message: OK
- request:
    body: null
    headers:
      Accept:
      - '*/*'
      Accept-Encoding:
      - gzip, deflate
      Connection:
      - keep-alive
      Content-Type:
      - application/json
      User-Agent:
      - ms-fabric-cli-test/1.3.1
    method: GET
    uri: https://api.fabric.microsoft.com/v1/workspaces/bfaf415e-635b-4a2d-a5a0-6d3a05682fc6/folders?recursive=True
  response:
    body:
      string: '{"value": []}'
    headers:
      Access-Control-Expose-Headers:
      - RequestId
      Cache-Control:
      - no-store, must-revalidate, no-cache
      Content-Encoding:
      - gzip
      Content-Length:
      - '32'
      Content-Type:
      - application/json; charset=utf-8
      Date:
      - Fri, 16 Jan 2026 11:41:14 GMT
      Pragma:
      - no-cache
      RequestId:
      - 99dc1dca-73c4-418f-b8fb-96aaff937ebf
      Strict-Transport-Security:
      - max-age=31536000; includeSubDomains
      X-Content-Type-Options:
      - nosniff
      X-Frame-Options:
      - deny
      home-cluster-uri:
      - https://wabi-us-central-b-primary-redirect.analysis.windows.net/
      request-redirected:
      - 'true'
    status:
      code: 200
      message: OK
- request:
    body: null
    headers:
      Accept:
      - '*/*'
      Accept-Encoding:
      - gzip, deflate
      Connection:
      - keep-alive
      Content-Type:
      - application/json
      User-Agent:
      - ms-fabric-cli-test/1.3.1
    method: GET
    uri: https://api.fabric.microsoft.com/v1/workspaces
  response:
    body:
      string: '{"value": [{"id": "bfaf415e-635b-4a2d-a5a0-6d3a05682fc6", "displayName":
        "fabriccli_WorkspacePerTestclass_000001", "description": "Created by fab",
        "type": "Workspace", "capacityId": "07b1fd56-9969-4ff5-a2c8-05df5f82759a"}]}'
    headers:
      Access-Control-Expose-Headers:
      - RequestId
      Cache-Control:
      - no-store, must-revalidate, no-cache
      Content-Encoding:
      - gzip
      Content-Length:
      - '5916'
      Content-Type:
      - application/json; charset=utf-8
      Date:
      - Fri, 16 Jan 2026 11:41:14 GMT
      Pragma:
      - no-cache
      RequestId:
      - de18c90f-ddb5-4312-a8ec-4e949a8db61b
      Strict-Transport-Security:
      - max-age=31536000; includeSubDomains
      X-Content-Type-Options:
      - nosniff
      X-Frame-Options:
      - deny
      home-cluster-uri:
      - https://wabi-us-central-b-primary-redirect.analysis.windows.net/
      request-redirected:
      - 'true'
    status:
      code: 200
      message: OK
- request:
    body: null
    headers:
      Accept:
      - '*/*'
      Accept-Encoding:
      - gzip, deflate
      Connection:
      - keep-alive
      Content-Type:
      - application/json
      User-Agent:
      - ms-fabric-cli-test/1.3.1
    method: GET
    uri: https://api.fabric.microsoft.com/v1/workspaces/bfaf415e-635b-4a2d-a5a0-6d3a05682fc6/items
  response:
    body:
      string: '{"value": [{"id": "3affb404-c071-455f-b7d5-c33da982719e", "type": "MirroredDatabase",
        "displayName": "fabcli000001", "description": "Created by fab", "workspaceId":
        "bfaf415e-635b-4a2d-a5a0-6d3a05682fc6"}]}'
    headers:
      Access-Control-Expose-Headers:
      - RequestId
      Cache-Control:
      - no-store, must-revalidate, no-cache
      Content-Encoding:
      - gzip
      Content-Length:
      - '182'
      Content-Type:
      - application/json; charset=utf-8
      Date:
      - Fri, 16 Jan 2026 11:41:16 GMT
      Pragma:
      - no-cache
      RequestId:
      - 5a7ebcd1-fc99-4de9-9c59-4c7fb90fb770
      Strict-Transport-Security:
      - max-age=31536000; includeSubDomains
      X-Content-Type-Options:
      - nosniff
      X-Frame-Options:
      - deny
      home-cluster-uri:
      - https://wabi-us-central-b-primary-redirect.analysis.windows.net/
      request-redirected:
      - 'true'
    status:
      code: 200
      message: OK
- request:
    body: null
    headers:
      Accept:
      - '*/*'
      Accept-Encoding:
      - gzip, deflate
      Connection:
      - keep-alive
      Content-Type:
      - application/json
      User-Agent:
      - ms-fabric-cli-test/1.3.1
    method: GET
    uri: https://api.fabric.microsoft.com/v1/workspaces/bfaf415e-635b-4a2d-a5a0-6d3a05682fc6/folders?recursive=True
  response:
    body:
      string: '{"value": []}'
    headers:
      Access-Control-Expose-Headers:
      - RequestId
      Cache-Control:
      - no-store, must-revalidate, no-cache
      Content-Encoding:
      - gzip
      Content-Length:
      - '32'
      Content-Type:
      - application/json; charset=utf-8
      Date:
      - Fri, 16 Jan 2026 11:41:17 GMT
      Pragma:
      - no-cache
      RequestId:
      - 8f266d7c-6e23-4aa5-a1ee-2eaac9d19ac7
      Strict-Transport-Security:
      - max-age=31536000; includeSubDomains
      X-Content-Type-Options:
      - nosniff
      X-Frame-Options:
      - deny
      home-cluster-uri:
      - https://wabi-us-central-b-primary-redirect.analysis.windows.net/
      request-redirected:
      - 'true'
    status:
      code: 200
      message: OK
- request:
    body: null
    headers:
      Accept:
      - '*/*'
      Accept-Encoding:
      - gzip, deflate
      Connection:
      - keep-alive
      Content-Type:
      - application/json
      User-Agent:
      - ms-fabric-cli-test/1.3.1
    method: GET
    uri: https://api.fabric.microsoft.com/v1/workspaces
  response:
    body:
      string: '{"value": [{"id": "bfaf415e-635b-4a2d-a5a0-6d3a05682fc6", "displayName":
        "fabriccli_WorkspacePerTestclass_000001", "description": "Created by fab",
        "type": "Workspace", "capacityId": "07b1fd56-9969-4ff5-a2c8-05df5f82759a"}]}'
    headers:
      Access-Control-Expose-Headers:
      - RequestId
      Cache-Control:
      - no-store, must-revalidate, no-cache
      Content-Encoding:
      - gzip
      Content-Length:
      - '5916'
      Content-Type:
      - application/json; charset=utf-8
      Date:
      - Fri, 16 Jan 2026 11:41:18 GMT
      Pragma:
      - no-cache
      RequestId:
      - 397727c4-afba-4521-afc0-1c6d5c5d6afe
      Strict-Transport-Security:
      - max-age=31536000; includeSubDomains
      X-Content-Type-Options:
      - nosniff
      X-Frame-Options:
      - deny
      home-cluster-uri:
      - https://wabi-us-central-b-primary-redirect.analysis.windows.net/
      request-redirected:
      - 'true'
    status:
      code: 200
      message: OK
- request:
    body: null
    headers:
      Accept:
      - '*/*'
      Accept-Encoding:
      - gzip, deflate
      Connection:
      - keep-alive
      Content-Type:
      - application/json
      User-Agent:
      - ms-fabric-cli-test/1.3.1
    method: GET
    uri: https://api.fabric.microsoft.com/v1/workspaces/bfaf415e-635b-4a2d-a5a0-6d3a05682fc6/items
  response:
    body:
      string: '{"value": [{"id": "3affb404-c071-455f-b7d5-c33da982719e", "type": "MirroredDatabase",
        "displayName": "fabcli000001", "description": "Created by fab", "workspaceId":
        "bfaf415e-635b-4a2d-a5a0-6d3a05682fc6"}]}'
    headers:
      Access-Control-Expose-Headers:
      - RequestId
      Cache-Control:
      - no-store, must-revalidate, no-cache
      Content-Encoding:
      - gzip
      Content-Length:
      - '182'
      Content-Type:
      - application/json; charset=utf-8
      Date:
      - Fri, 16 Jan 2026 11:41:19 GMT
      Pragma:
      - no-cache
      RequestId:
      - 0256ae08-b120-421b-a68b-f93aed734691
      Strict-Transport-Security:
      - max-age=31536000; includeSubDomains
      X-Content-Type-Options:
      - nosniff
      X-Frame-Options:
      - deny
      home-cluster-uri:
      - https://wabi-us-central-b-primary-redirect.analysis.windows.net/
      request-redirected:
      - 'true'
    status:
      code: 200
      message: OK
- request:
    body: null
    headers:
      Accept:
      - '*/*'
      Accept-Encoding:
      - gzip, deflate
      Connection:
      - keep-alive
      Content-Type:
      - application/json
      User-Agent:
      - ms-fabric-cli-test/1.3.1
    method: GET
    uri: https://api.fabric.microsoft.com/v1/workspaces/bfaf415e-635b-4a2d-a5a0-6d3a05682fc6/folders?recursive=True
  response:
    body:
      string: '{"value": []}'
    headers:
      Access-Control-Expose-Headers:
      - RequestId
      Cache-Control:
      - no-store, must-revalidate, no-cache
      Content-Encoding:
      - gzip
      Content-Length:
      - '32'
      Content-Type:
      - application/json; charset=utf-8
      Date:
      - Fri, 16 Jan 2026 11:41:20 GMT
      Pragma:
      - no-cache
      RequestId:
      - b66cbba9-a843-48ec-b0b6-d29ebf550fdc
      Strict-Transport-Security:
      - max-age=31536000; includeSubDomains
      X-Content-Type-Options:
      - nosniff
      X-Frame-Options:
      - deny
      home-cluster-uri:
      - https://wabi-us-central-b-primary-redirect.analysis.windows.net/
      request-redirected:
      - 'true'
    status:
      code: 200
      message: OK
- request:
    body: null
    headers:
      Accept:
      - '*/*'
      Accept-Encoding:
      - gzip, deflate
      Connection:
      - keep-alive
      Content-Type:
      - application/json
      User-Agent:
      - ms-fabric-cli-test/1.3.1
    method: GET
    uri: https://api.fabric.microsoft.com/v1/workspaces
  response:
    body:
      string: '{"value": [{"id": "bfaf415e-635b-4a2d-a5a0-6d3a05682fc6", "displayName":
        "fabriccli_WorkspacePerTestclass_000001", "description": "Created by fab",
        "type": "Workspace", "capacityId": "07b1fd56-9969-4ff5-a2c8-05df5f82759a"}]}'
    headers:
      Access-Control-Expose-Headers:
      - RequestId
      Cache-Control:
      - no-store, must-revalidate, no-cache
      Content-Encoding:
      - gzip
      Content-Length:
      - '5916'
      Content-Type:
      - application/json; charset=utf-8
      Date:
      - Fri, 16 Jan 2026 11:41:20 GMT
      Pragma:
      - no-cache
      RequestId:
      - 05dfc688-a1e5-4429-b243-7e97dab019fc
      Strict-Transport-Security:
      - max-age=31536000; includeSubDomains
      X-Content-Type-Options:
      - nosniff
      X-Frame-Options:
      - deny
      home-cluster-uri:
      - https://wabi-us-central-b-primary-redirect.analysis.windows.net/
      request-redirected:
      - 'true'
    status:
      code: 200
      message: OK
- request:
    body: null
    headers:
      Accept:
      - '*/*'
      Accept-Encoding:
      - gzip, deflate
      Connection:
      - keep-alive
      Content-Type:
      - application/json
      User-Agent:
      - ms-fabric-cli-test/1.3.1
    method: GET
    uri: https://api.fabric.microsoft.com/v1/workspaces/bfaf415e-635b-4a2d-a5a0-6d3a05682fc6/items
  response:
    body:
      string: '{"value": [{"id": "615ed894-81ab-4772-8a5e-60c6930efa90", "type": "SQLEndpoint",
        "displayName": "fabcli000001", "description": "", "workspaceId": "bfaf415e-635b-4a2d-a5a0-6d3a05682fc6"},
        {"id": "3affb404-c071-455f-b7d5-c33da982719e", "type": "MirroredDatabase",
        "displayName": "fabcli000001", "description": "Created by fab", "workspaceId":
        "bfaf415e-635b-4a2d-a5a0-6d3a05682fc6"}]}'
    headers:
      Access-Control-Expose-Headers:
      - RequestId
      Cache-Control:
      - no-store, must-revalidate, no-cache
      Content-Encoding:
      - gzip
      Content-Length:
      - '230'
      Content-Type:
      - application/json; charset=utf-8
      Date:
      - Fri, 16 Jan 2026 11:41:21 GMT
      Pragma:
      - no-cache
      RequestId:
      - 2ed09ace-6dd1-4a07-b994-a48909725b30
      Strict-Transport-Security:
      - max-age=31536000; includeSubDomains
      X-Content-Type-Options:
      - nosniff
      X-Frame-Options:
      - deny
      home-cluster-uri:
      - https://wabi-us-central-b-primary-redirect.analysis.windows.net/
      request-redirected:
      - 'true'
    status:
      code: 200
      message: OK
- request:
    body: null
    headers:
      Accept:
      - '*/*'
      Accept-Encoding:
      - gzip, deflate
      Connection:
      - keep-alive
      Content-Length:
      - '0'
      Content-Type:
      - application/json
      User-Agent:
      - ms-fabric-cli-test/1.3.1
    method: DELETE
    uri: https://api.fabric.microsoft.com/v1/workspaces/bfaf415e-635b-4a2d-a5a0-6d3a05682fc6/items/3affb404-c071-455f-b7d5-c33da982719e
  response:
    body:
      string: ''
    headers:
      Access-Control-Expose-Headers:
      - RequestId
      Cache-Control:
      - no-store, must-revalidate, no-cache
      Content-Encoding:
      - gzip
      Content-Length:
      - '0'
      Content-Type:
      - application/octet-stream
      Date:
      - Fri, 16 Jan 2026 11:41:22 GMT
      Pragma:
      - no-cache
      RequestId:
      - ce400b7a-7ee5-48a9-a388-2c58ae5384db
      Strict-Transport-Security:
      - max-age=31536000; includeSubDomains
      X-Content-Type-Options:
      - nosniff
      X-Frame-Options:
      - deny
      home-cluster-uri:
      - https://wabi-us-central-b-primary-redirect.analysis.windows.net/
      request-redirected:
      - 'true'
    status:
      code: 200
      message: OK
version: 1
