interactions:
- request:
    body: null
    headers:
      Accept:
      - '*/*'
      Accept-Encoding:
      - gzip, deflate
      Connection:
      - keep-alive
      Content-Type:
      - application/json
      User-Agent:
      - ms-fabric-cli-test/1.3.1
    method: GET
    uri: https://api.fabric.microsoft.com/v1/workspaces
  response:
    body:
      string: '{"value": [{"id": "3634a139-2c9e-4205-910b-3b089a31be47", "displayName":
        "My workspace", "description": "", "type": "Personal"}, {"id": "368f354f-9d92-4982-b04b-9c397928cdf0",
        "displayName": "fabriccli_WorkspacePerTestclass_000001", "description": "Created
        by fab", "type": "Workspace", "capacityId": "00000000-0000-0000-0000-000000000004"}]}'
    headers:
      Access-Control-Expose-Headers:
      - RequestId
      Cache-Control:
      - no-store, must-revalidate, no-cache
      Content-Encoding:
      - gzip
      Content-Length:
      - '2304'
      Content-Type:
      - application/json; charset=utf-8
      Date:
      - Thu, 29 Jan 2026 07:33:20 GMT
      Pragma:
      - no-cache
      RequestId:
      - 98f22ee1-7793-4f26-9982-8958e2d67809
      Strict-Transport-Security:
      - max-age=31536000; includeSubDomains
      X-Content-Type-Options:
      - nosniff
      X-Frame-Options:
      - deny
      home-cluster-uri:
      - https://wabi-us-central-b-primary-redirect.analysis.windows.net/
      request-redirected:
      - 'true'
    status:
      code: 200
      message: OK
- request:
    body: null
    headers:
      Accept:
      - '*/*'
      Accept-Encoding:
      - gzip, deflate
      Connection:
      - keep-alive
      Content-Type:
      - application/json
      User-Agent:
      - ms-fabric-cli-test/1.3.1
    method: GET
    uri: https://api.fabric.microsoft.com/v1/workspaces/368f354f-9d92-4982-b04b-9c397928cdf0/folders?recursive=True
  response:
    body:
      string: '{"requestId": "135b3fee-3cfd-48ac-93ed-e0d1420a4f39", "errorCode":
        "RequestBlocked", "message": "Request is blocked by the upstream service until:
        1/29/2026 7:34:08 AM (UTC)"}'
    headers:
      Content-Length:
      - '170'
      Content-Type:
      - application/json; charset=utf-8
      Date:
      - Thu, 29 Jan 2026 07:33:21 GMT
      RequestId:
      - 135b3fee-3cfd-48ac-93ed-e0d1420a4f39
      Retry-After:
      - '46'
      home-cluster-uri:
      - https://wabi-us-central-b-primary-redirect.analysis.windows.net/
      request-redirected:
      - 'true'
      x-ms-public-api-error-code:
      - RequestBlocked
    status:
      code: 429
      message: ''
- request:
    body: null
    headers:
      Accept:
      - '*/*'
      Accept-Encoding:
      - gzip, deflate
      Connection:
      - keep-alive
      Content-Type:
      - application/json
      User-Agent:
      - ms-fabric-cli-test/1.3.1
    method: GET
    uri: https://api.fabric.microsoft.com/v1/workspaces/368f354f-9d92-4982-b04b-9c397928cdf0/folders?recursive=True
  response:
    body:
      string: '{"value": []}'
    headers:
      Access-Control-Expose-Headers:
      - RequestId
      Cache-Control:
      - no-store, must-revalidate, no-cache
      Content-Encoding:
      - gzip
      Content-Length:
      - '32'
      Content-Type:
      - application/json; charset=utf-8
      Date:
      - Thu, 29 Jan 2026 07:34:11 GMT
      Pragma:
      - no-cache
      RequestId:
      - dbe31eba-c3b6-4722-8251-7295b9682946
      Strict-Transport-Security:
      - max-age=31536000; includeSubDomains
      X-Content-Type-Options:
      - nosniff
      X-Frame-Options:
      - deny
      home-cluster-uri:
      - https://wabi-us-central-b-primary-redirect.analysis.windows.net/
      request-redirected:
      - 'true'
    status:
      code: 200
      message: OK
- request:
    body: null
    headers:
      Accept:
      - '*/*'
      Accept-Encoding:
      - gzip, deflate
      Connection:
      - keep-alive
      Content-Type:
      - application/json
      User-Agent:
      - ms-fabric-cli-test/1.3.1
    method: GET
    uri: https://api.fabric.microsoft.com/v1/workspaces/368f354f-9d92-4982-b04b-9c397928cdf0/folders?recursive=True
  response:
    body:
      string: '{"value": []}'
    headers:
      Access-Control-Expose-Headers:
      - RequestId
      Cache-Control:
      - no-store, must-revalidate, no-cache
      Content-Encoding:
      - gzip
      Content-Length:
      - '32'
      Content-Type:
      - application/json; charset=utf-8
      Date:
      - Thu, 29 Jan 2026 07:34:12 GMT
      Pragma:
      - no-cache
      RequestId:
      - 9e89cf5c-746f-40d7-ad31-04b20b2f7d3b
      Strict-Transport-Security:
      - max-age=31536000; includeSubDomains
      X-Content-Type-Options:
      - nosniff
      X-Frame-Options:
      - deny
      home-cluster-uri:
      - https://wabi-us-central-b-primary-redirect.analysis.windows.net/
      request-redirected:
      - 'true'
    status:
      code: 200
      message: OK
- request:
    body: '{"description": "Created by fab", "displayName": "fabcli000001"}'
    headers:
      Accept:
      - '*/*'
      Accept-Encoding:
      - gzip, deflate
      Connection:
      - keep-alive
      Content-Length:
      - '68'
      Content-Type:
      - application/json
      User-Agent:
      - ms-fabric-cli-test/1.3.1
    method: POST
    uri: https://api.fabric.microsoft.com/v1/workspaces/368f354f-9d92-4982-b04b-9c397928cdf0/folders
  response:
    body:
      string: '{"id": "7db5be11-34c2-4179-814c-1e3d20f480b9", "displayName": "fabcli000001",
        "workspaceId": "368f354f-9d92-4982-b04b-9c397928cdf0"}'
    headers:
      Access-Control-Expose-Headers:
      - RequestId,Location
      Cache-Control:
      - no-store, must-revalidate, no-cache
      Content-Encoding:
      - gzip
      Content-Length:
      - '133'
      Content-Type:
      - application/json; charset=utf-8
      Date:
      - Thu, 29 Jan 2026 07:34:13 GMT
      Location:
      - https://api.fabric.microsoft.com/v1/workspaces/368f354f-9d92-4982-b04b-9c397928cdf0/folders/7db5be11-34c2-4179-814c-1e3d20f480b9
      Pragma:
      - no-cache
      RequestId:
      - 8f5db944-026e-473d-95c6-a3e389dd48ef
      Strict-Transport-Security:
      - max-age=31536000; includeSubDomains
      X-Content-Type-Options:
      - nosniff
      X-Frame-Options:
      - deny
      home-cluster-uri:
      - https://wabi-us-central-b-primary-redirect.analysis.windows.net/
      request-redirected:
      - 'true'
    status:
      code: 201
      message: Created
- request:
    body: null
    headers:
      Accept:
      - '*/*'
      Accept-Encoding:
      - gzip, deflate
      Connection:
      - keep-alive
      Content-Type:
      - application/json
      User-Agent:
      - ms-fabric-cli-test/1.3.1
    method: GET
    uri: https://api.fabric.microsoft.com/v1/workspaces
  response:
    body:
      string: '{"value": [{"id": "3634a139-2c9e-4205-910b-3b089a31be47", "displayName":
        "My workspace", "description": "", "type": "Personal"}, {"id": "368f354f-9d92-4982-b04b-9c397928cdf0",
        "displayName": "fabriccli_WorkspacePerTestclass_000001", "description": "Created
        by fab", "type": "Workspace", "capacityId": "00000000-0000-0000-0000-000000000004"}]}'
    headers:
      Access-Control-Expose-Headers:
      - RequestId
      Cache-Control:
      - no-store, must-revalidate, no-cache
      Content-Encoding:
      - gzip
      Content-Length:
      - '2304'
      Content-Type:
      - application/json; charset=utf-8
      Date:
      - Thu, 29 Jan 2026 07:34:13 GMT
      Pragma:
      - no-cache
      RequestId:
      - 10c59a38-3c56-44ff-9fd1-ba1c7c9b57c9
      Strict-Transport-Security:
      - max-age=31536000; includeSubDomains
      X-Content-Type-Options:
      - nosniff
      X-Frame-Options:
      - deny
      home-cluster-uri:
      - https://wabi-us-central-b-primary-redirect.analysis.windows.net/
      request-redirected:
      - 'true'
    status:
      code: 200
      message: OK
- request:
    body: null
    headers:
      Accept:
      - '*/*'
      Accept-Encoding:
      - gzip, deflate
      Connection:
      - keep-alive
      Content-Type:
      - application/json
      User-Agent:
      - ms-fabric-cli-test/1.3.1
    method: GET
    uri: https://api.fabric.microsoft.com/v1/workspaces/368f354f-9d92-4982-b04b-9c397928cdf0/folders?recursive=True
  response:
    body:
      string: '{"value": [{"id": "7db5be11-34c2-4179-814c-1e3d20f480b9", "displayName":
        "fabcli000001", "workspaceId": "368f354f-9d92-4982-b04b-9c397928cdf0"}]}'
    headers:
      Access-Control-Expose-Headers:
      - RequestId
      Cache-Control:
      - no-store, must-revalidate, no-cache
      Content-Encoding:
      - gzip
      Content-Length:
      - '144'
      Content-Type:
      - application/json; charset=utf-8
      Date:
      - Thu, 29 Jan 2026 07:34:14 GMT
      Pragma:
      - no-cache
      RequestId:
      - a8083ffc-c02e-4682-b747-aa3743faf52d
      Strict-Transport-Security:
      - max-age=31536000; includeSubDomains
      X-Content-Type-Options:
      - nosniff
      X-Frame-Options:
      - deny
      home-cluster-uri:
      - https://wabi-us-central-b-primary-redirect.analysis.windows.net/
      request-redirected:
      - 'true'
    status:
      code: 200
      message: OK
- request:
    body: null
    headers:
      Accept:
      - '*/*'
      Accept-Encoding:
      - gzip, deflate
      Connection:
      - keep-alive
      Content-Type:
      - application/json
      User-Agent:
      - ms-fabric-cli-test/1.3.1
    method: GET
    uri: https://api.fabric.microsoft.com/v1/workspaces/368f354f-9d92-4982-b04b-9c397928cdf0/items
  response:
    body:
      string: '{"value": [{"id": "c0655a25-e6f8-4858-b332-e84f704df3c0", "type": "SemanticModel",
        "displayName": "fabcli000001_auto", "description": "", "workspaceId": "368f354f-9d92-4982-b04b-9c397928cdf0"},
        {"id": "eb993493-fcab-4245-8f15-5b31d00680fb", "type": "SemanticModel", "displayName":
        "fabcli000001_auto", "description": "", "workspaceId": "368f354f-9d92-4982-b04b-9c397928cdf0"},
        {"id": "19c63aee-97f0-479d-8d5f-b90a4de61ccd", "type": "SQLEndpoint", "displayName":
        "StagingLakehouseForDataflows_20260129064248", "description": "", "workspaceId":
        "368f354f-9d92-4982-b04b-9c397928cdf0"}, {"id": "8339a561-3c03-407d-bf76-a117b084783a",
        "type": "Warehouse", "displayName": "StagingWarehouseForDataflows_20260129064311",
        "description": "", "workspaceId": "368f354f-9d92-4982-b04b-9c397928cdf0"},
        {"id": "dd13543f-db27-422a-a3c6-880a2ba102e9", "type": "SQLEndpoint", "displayName":
        "StagingLakehouseForDataflows_20260129065256", "description": "", "workspaceId":
        "368f354f-9d92-4982-b04b-9c397928cdf0"}, {"id": "a12b31da-e687-4ce5-99dd-b018cbeef0c0",
        "type": "Warehouse", "displayName": "StagingWarehouseForDataflows_20260129065309",
        "description": "", "workspaceId": "368f354f-9d92-4982-b04b-9c397928cdf0"},
        {"id": "e8521ae4-1482-4b12-b037-6d82d2c8a277", "type": "Lakehouse", "displayName":
        "StagingLakehouseForDataflows_20260129064248", "description": "", "workspaceId":
        "368f354f-9d92-4982-b04b-9c397928cdf0"}, {"id": "a162cea8-0266-4527-a2e0-375bbd378036",
        "type": "Lakehouse", "displayName": "StagingLakehouseForDataflows_20260129065256",
        "description": "", "workspaceId": "368f354f-9d92-4982-b04b-9c397928cdf0"},
        {"id": "46ec8cf3-b649-4c0e-a5bf-8082f2c8a062", "type": "Eventhouse", "displayName":
        "fabcli000001_auto", "description": "Created by fab", "workspaceId": "368f354f-9d92-4982-b04b-9c397928cdf0"},
        {"id": "e6bf6c94-5c22-412c-ba8b-19271ab635ae", "type": "KQLDatabase", "displayName":
        "fabcli000001_auto", "description": "fabcli000001_auto", "workspaceId": "368f354f-9d92-4982-b04b-9c397928cdf0"}]}'
    headers:
      Access-Control-Expose-Headers:
      - RequestId
      Cache-Control:
      - no-store, must-revalidate, no-cache
      Content-Encoding:
      - gzip
      Content-Length:
      - '550'
      Content-Type:
      - application/json; charset=utf-8
      Date:
      - Thu, 29 Jan 2026 07:34:15 GMT
      Pragma:
      - no-cache
      RequestId:
      - 0cf8e0f0-cb29-4e19-99bd-4d588f41221f
      Strict-Transport-Security:
      - max-age=31536000; includeSubDomains
      X-Content-Type-Options:
      - nosniff
      X-Frame-Options:
      - deny
      home-cluster-uri:
      - https://wabi-us-central-b-primary-redirect.analysis.windows.net/
      request-redirected:
      - 'true'
    status:
      code: 200
      message: OK
- request:
    body: null
    headers:
      Accept:
      - '*/*'
      Accept-Encoding:
      - gzip, deflate
      Connection:
      - keep-alive
      Content-Type:
      - application/json
      User-Agent:
      - ms-fabric-cli-test/1.3.1
    method: GET
    uri: https://api.fabric.microsoft.com/v1/workspaces/368f354f-9d92-4982-b04b-9c397928cdf0/items
  response:
    body:
      string: '{"value": [{"id": "c0655a25-e6f8-4858-b332-e84f704df3c0", "type": "SemanticModel",
        "displayName": "fabcli000001_auto", "description": "", "workspaceId": "368f354f-9d92-4982-b04b-9c397928cdf0"},
        {"id": "eb993493-fcab-4245-8f15-5b31d00680fb", "type": "SemanticModel", "displayName":
        "fabcli000001_auto", "description": "", "workspaceId": "368f354f-9d92-4982-b04b-9c397928cdf0"},
        {"id": "19c63aee-97f0-479d-8d5f-b90a4de61ccd", "type": "SQLEndpoint", "displayName":
        "StagingLakehouseForDataflows_20260129064248", "description": "", "workspaceId":
        "368f354f-9d92-4982-b04b-9c397928cdf0"}, {"id": "8339a561-3c03-407d-bf76-a117b084783a",
        "type": "Warehouse", "displayName": "StagingWarehouseForDataflows_20260129064311",
        "description": "", "workspaceId": "368f354f-9d92-4982-b04b-9c397928cdf0"},
        {"id": "dd13543f-db27-422a-a3c6-880a2ba102e9", "type": "SQLEndpoint", "displayName":
        "StagingLakehouseForDataflows_20260129065256", "description": "", "workspaceId":
        "368f354f-9d92-4982-b04b-9c397928cdf0"}, {"id": "a12b31da-e687-4ce5-99dd-b018cbeef0c0",
        "type": "Warehouse", "displayName": "StagingWarehouseForDataflows_20260129065309",
        "description": "", "workspaceId": "368f354f-9d92-4982-b04b-9c397928cdf0"},
        {"id": "e8521ae4-1482-4b12-b037-6d82d2c8a277", "type": "Lakehouse", "displayName":
        "StagingLakehouseForDataflows_20260129064248", "description": "", "workspaceId":
        "368f354f-9d92-4982-b04b-9c397928cdf0"}, {"id": "a162cea8-0266-4527-a2e0-375bbd378036",
        "type": "Lakehouse", "displayName": "StagingLakehouseForDataflows_20260129065256",
        "description": "", "workspaceId": "368f354f-9d92-4982-b04b-9c397928cdf0"},
        {"id": "46ec8cf3-b649-4c0e-a5bf-8082f2c8a062", "type": "Eventhouse", "displayName":
        "fabcli000001_auto", "description": "Created by fab", "workspaceId": "368f354f-9d92-4982-b04b-9c397928cdf0"},
        {"id": "e6bf6c94-5c22-412c-ba8b-19271ab635ae", "type": "KQLDatabase", "displayName":
        "fabcli000001_auto", "description": "fabcli000001_auto", "workspaceId": "368f354f-9d92-4982-b04b-9c397928cdf0"}]}'
    headers:
      Access-Control-Expose-Headers:
      - RequestId
      Cache-Control:
      - no-store, must-revalidate, no-cache
      Content-Encoding:
      - gzip
      Content-Length:
      - '550'
      Content-Type:
      - application/json; charset=utf-8
      Date:
      - Thu, 29 Jan 2026 07:34:16 GMT
      Pragma:
      - no-cache
      RequestId:
      - 261ba69a-9f91-42fa-8e6e-a3e53b1bce7b
      Strict-Transport-Security:
      - max-age=31536000; includeSubDomains
      X-Content-Type-Options:
      - nosniff
      X-Frame-Options:
      - deny
      home-cluster-uri:
      - https://wabi-us-central-b-primary-redirect.analysis.windows.net/
      request-redirected:
      - 'true'
    status:
      code: 200
      message: OK
- request:
    body: '{"description": "Created by fab", "displayName": "fabcli000002", "type":
      "SemanticModel", "folderId": "7db5be11-34c2-4179-814c-1e3d20f480b9", "definition":
      {"parts": [{"path": ".platform", "payload": "ewogICIkc2NoZW1hIjogImh0dHBzOi8vZGV2ZWxvcGVyLm1pY3Jvc29mdC5jb20vanNvbi1zY2hlbWFzL2ZhYnJpYy9naXRJbnRlZ3JhdGlvbi9wbGF0Zm9ybVByb3BlcnRpZXMvMi4wLjAvc2NoZW1hLmpzb24iLAogICJtZXRhZGF0YSI6IHsKICAgICJ0eXBlIjogIlNlbWFudGljTW9kZWwiLAogICAgImRpc3BsYXlOYW1lIjogIkJsYW5rIgogIH0sCiAgImNvbmZpZyI6IHsKICAgICJ2ZXJzaW9uIjogIjIuMCIsCiAgICAibG9naWNhbElkIjogIjAwMDAwMDAwLTAwMDAtMDAwMC0wMDAwLTAwMDAwMDAwMDAwMCIKICB9Cn0=",
      "payloadType": "InlineBase64"}, {"path": "definition.pbism", "payload": "ewogICJ2ZXJzaW9uIjogIjQuMCIsCiAgInNldHRpbmdzIjoge30KfQ==",
      "payloadType": "InlineBase64"}, {"path": "definition/database.tmdl", "payload":
      "ZGF0YWJhc2UKCWNvbXBhdGliaWxpdHlMZXZlbDogMTU2MQoK", "payloadType": "InlineBase64"},
      {"path": "definition/model.tmdl", "payload": "bW9kZWwgTW9kZWwKCWN1bHR1cmU6IGVuLVVTCglkZWZhdWx0UG93ZXJCSURhdGFTb3VyY2VWZXJzaW9uOiBwb3dlckJJX1YzCglzb3VyY2VRdWVyeUN1bHR1cmU6IGVuLVVTCglkYXRhQWNjZXNzT3B0aW9ucwoJCWxlZ2FjeVJlZGlyZWN0cwoJCXJldHVybkVycm9yVmFsdWVzQXNOdWxsCgphbm5vdGF0aW9uIFBCSV9RdWVyeU9yZGVyID0gWyJUYWJsZSJdCgphbm5vdGF0aW9uIF9fUEJJX1RpbWVJbnRlbGxpZ2VuY2VFbmFibGVkID0gMQoKYW5ub3RhdGlvbiBQQklEZXNrdG9wVmVyc2lvbiA9IDIuMTQwLjc1MTAuMSAoTWFpbikrYjM2NmM1ODEzNGRkNDJkZjk0MmU5YmJhNjUzNzlmM2YyMzk3M2VlMAoKcmVmIHRhYmxlIFRhYmxl",
      "payloadType": "InlineBase64"}, {"path": "definition/tables/Table.tmdl", "payload":
      "dGFibGUgVGFibGUKCWxpbmVhZ2VUYWc6IDFmY2QyZDhjLTkzZDYtNGU2Zi1hYjg2LThjMDU5YzhhODk4ZAoKCWNvbHVtbiBDb2x1bW4xCgkJZGF0YVR5cGU6IHN0cmluZwoJCWxpbmVhZ2VUYWc6IGIxNGI3M2UwLTI0NDctNDNlYi04ZWU1LTA2ZDQ3NTMxYzQxZAoJCXN1bW1hcml6ZUJ5OiBub25lCgkJc291cmNlQ29sdW1uOiBDb2x1bW4xCgoJCWFubm90YXRpb24gU3VtbWFyaXphdGlvblNldEJ5ID0gQXV0b21hdGljCgoJY29sdW1uIENvbHVtbjIKCQlkYXRhVHlwZTogc3RyaW5nCgkJbGluZWFnZVRhZzogZGE5YWMzNDUtMTFmMS00NGY5LThlNGItMDJjZmNhZGI4OTU3CgkJc3VtbWFyaXplQnk6IG5vbmUKCQlzb3VyY2VDb2x1bW46IENvbHVtbjIKCgkJYW5ub3RhdGlvbiBTdW1tYXJpemF0aW9uU2V0QnkgPSBBdXRvbWF0aWMKCglwYXJ0aXRpb24gVGFibGUgPSBtCgkJbW9kZTogaW1wb3J0CgkJc291cmNlID0KCQkJCWxldAoJCQkJICBTb3VyY2UgPSBUYWJsZS5Gcm9tUm93cyhKc29uLkRvY3VtZW50KEJpbmFyeS5EZWNvbXByZXNzKEJpbmFyeS5Gcm9tVGV4dCgiaTQ1V0tqRlUwZ0VSc2JFQSIsIEJpbmFyeUVuY29kaW5nLkJhc2U2NCksIENvbXByZXNzaW9uLkRlZmxhdGUpKSwgbGV0IF90ID0gKCh0eXBlIG51bGxhYmxlIHRleHQpIG1ldGEgW1NlcmlhbGl6ZWQuVGV4dCA9IHRydWVdKSBpbiB0eXBlIHRhYmxlIFtDb2x1bW4xID0gX3QsIENvbHVtbjIgPSBfdF0pLAoJCQkJICAjIkNoYW5nZWQgY29sdW1uIHR5cGUiID0gVGFibGUuVHJhbnNmb3JtQ29sdW1uVHlwZXMoU291cmNlLCB7fSkKCQkJCWluCgkJCQkgICMiQ2hhbmdlZCBjb2x1bW4gdHlwZSIKCglhbm5vdGF0aW9uIFBCSV9SZXN1bHRUeXBlID0gVGFibGUKCg==",
      "payloadType": "InlineBase64"}]}}'
    headers:
      Accept:
      - '*/*'
      Accept-Encoding:
      - gzip, deflate
      Connection:
      - keep-alive
      Content-Length:
      - '2702'
      Content-Type:
      - application/json
      User-Agent:
      - ms-fabric-cli-test/1.3.1
    method: POST
    uri: https://api.fabric.microsoft.com/v1/workspaces/368f354f-9d92-4982-b04b-9c397928cdf0/semanticModels
  response:
    body:
      string: 'null'
    headers:
      Access-Control-Expose-Headers:
      - RequestId,Location,Retry-After,x-ms-operation-id
      Cache-Control:
      - no-store, must-revalidate, no-cache
      Content-Encoding:
      - gzip
      Content-Length:
      - '24'
      Content-Type:
      - application/json; charset=utf-8
      Date:
      - Thu, 29 Jan 2026 07:34:17 GMT
      Location:
      - https://wabi-us-central-b-primary-redirect.analysis.windows.net/v1/operations/c05e47f1-30bb-4e62-a2a5-616798eed2ec
      Pragma:
      - no-cache
      RequestId:
      - 0f2da699-85b3-4648-81ca-7adc385a0854
      Retry-After:
      - '20'
      Strict-Transport-Security:
      - max-age=31536000; includeSubDomains
      X-Content-Type-Options:
      - nosniff
      X-Frame-Options:
      - deny
      home-cluster-uri:
      - https://wabi-us-central-b-primary-redirect.analysis.windows.net/
      request-redirected:
      - 'true'
      x-ms-operation-id:
      - c05e47f1-30bb-4e62-a2a5-616798eed2ec
    status:
      code: 202
      message: Accepted
- request:
    body: null
    headers:
      Accept:
      - '*/*'
      Accept-Encoding:
      - gzip, deflate
      Connection:
      - keep-alive
      Content-Type:
      - application/json
      User-Agent:
      - ms-fabric-cli-test/1.3.1
    method: GET
    uri: https://wabi-us-central-b-primary-redirect.analysis.windows.net/v1/operations/c05e47f1-30bb-4e62-a2a5-616798eed2ec
  response:
    body:
      string: '{"status": "Succeeded", "createdTimeUtc": "2026-01-29T07:34:17.5655095",
        "lastUpdatedTimeUtc": "2026-01-29T07:34:28.145863", "percentComplete": 100,
        "error": null}'
    headers:
      Access-Control-Expose-Headers:
      - RequestId,Location,x-ms-operation-id
      Cache-Control:
      - no-store, must-revalidate, no-cache
      Content-Encoding:
      - gzip
      Content-Length:
      - '131'
      Content-Type:
      - application/json; charset=utf-8
      Date:
      - Thu, 29 Jan 2026 07:34:39 GMT
      Location:
      - https://wabi-us-central-b-primary-redirect.analysis.windows.net/v1/operations/c05e47f1-30bb-4e62-a2a5-616798eed2ec/result
      Pragma:
      - no-cache
      RequestId:
      - 831b0157-b4fe-4ac2-b9dc-8ab48f26cd0d
      Strict-Transport-Security:
      - max-age=31536000; includeSubDomains
      X-Content-Type-Options:
      - nosniff
      X-Frame-Options:
      - deny
      x-ms-operation-id:
      - c05e47f1-30bb-4e62-a2a5-616798eed2ec
    status:
      code: 200
      message: OK
- request:
    body: null
    headers:
      Accept:
      - '*/*'
      Accept-Encoding:
      - gzip, deflate
      Connection:
      - keep-alive
      Content-Type:
      - application/json
      User-Agent:
      - ms-fabric-cli-test/1.3.1
    method: GET
    uri: https://wabi-us-central-b-primary-redirect.analysis.windows.net/v1/operations/c05e47f1-30bb-4e62-a2a5-616798eed2ec/result
  response:
    body:
      string: '{"id": "8a4c661e-48aa-4248-b117-ef4686dcf477", "type": "SemanticModel",
        "displayName": "fabcli000002", "description": "", "workspaceId": "368f354f-9d92-4982-b04b-9c397928cdf0",
        "folderId": "7db5be11-34c2-4179-814c-1e3d20f480b9"}'
    headers:
      Access-Control-Expose-Headers:
      - RequestId
      Cache-Control:
      - no-store, must-revalidate, no-cache
      Content-Encoding:
      - gzip
      Content-Type:
      - application/json
      Date:
      - Thu, 29 Jan 2026 07:34:39 GMT
      Pragma:
      - no-cache
      RequestId:
      - e7a0edd9-7c44-4fdf-945f-9ffa4f49fa6d
      Strict-Transport-Security:
      - max-age=31536000; includeSubDomains
      Transfer-Encoding:
      - chunked
      X-Content-Type-Options:
      - nosniff
      X-Frame-Options:
      - deny
    status:
      code: 200
      message: OK
- request:
    body: null
    headers:
      Accept:
      - '*/*'
      Accept-Encoding:
      - gzip, deflate
      Connection:
      - keep-alive
      Content-Type:
      - application/json
      User-Agent:
      - ms-fabric-cli-test/1.3.1
    method: GET
    uri: https://api.fabric.microsoft.com/v1/workspaces
  response:
    body:
      string: '{"value": [{"id": "3634a139-2c9e-4205-910b-3b089a31be47", "displayName":
        "My workspace", "description": "", "type": "Personal"}, {"id": "368f354f-9d92-4982-b04b-9c397928cdf0",
        "displayName": "fabriccli_WorkspacePerTestclass_000001", "description": "Created
        by fab", "type": "Workspace", "capacityId": "00000000-0000-0000-0000-000000000004"}]}'
    headers:
      Access-Control-Expose-Headers:
      - RequestId
      Cache-Control:
      - no-store, must-revalidate, no-cache
      Content-Encoding:
      - gzip
      Content-Length:
      - '2304'
      Content-Type:
      - application/json; charset=utf-8
      Date:
      - Thu, 29 Jan 2026 07:34:41 GMT
      Pragma:
      - no-cache
      RequestId:
      - 01c4149b-d11e-4d5f-b341-ce4167e137fb
      Strict-Transport-Security:
      - max-age=31536000; includeSubDomains
      X-Content-Type-Options:
      - nosniff
      X-Frame-Options:
      - deny
      home-cluster-uri:
      - https://wabi-us-central-b-primary-redirect.analysis.windows.net/
      request-redirected:
      - 'true'
    status:
      code: 200
      message: OK
- request:
    body: null
    headers:
      Accept:
      - '*/*'
      Accept-Encoding:
      - gzip, deflate
      Connection:
      - keep-alive
      Content-Type:
      - application/json
      User-Agent:
      - ms-fabric-cli-test/1.3.1
    method: GET
    uri: https://api.fabric.microsoft.com/v1/workspaces/368f354f-9d92-4982-b04b-9c397928cdf0/folders?recursive=True
  response:
    body:
      string: '{"value": [{"id": "7db5be11-34c2-4179-814c-1e3d20f480b9", "displayName":
        "fabcli000001", "workspaceId": "368f354f-9d92-4982-b04b-9c397928cdf0"}]}'
    headers:
      Access-Control-Expose-Headers:
      - RequestId
      Cache-Control:
      - no-store, must-revalidate, no-cache
      Content-Encoding:
      - gzip
      Content-Length:
      - '144'
      Content-Type:
      - application/json; charset=utf-8
      Date:
      - Thu, 29 Jan 2026 07:34:41 GMT
      Pragma:
      - no-cache
      RequestId:
      - 7f5c7340-e1d1-48a6-be19-14394fa06b5b
      Strict-Transport-Security:
      - max-age=31536000; includeSubDomains
      X-Content-Type-Options:
      - nosniff
      X-Frame-Options:
      - deny
      home-cluster-uri:
      - https://wabi-us-central-b-primary-redirect.analysis.windows.net/
      request-redirected:
      - 'true'
    status:
      code: 200
      message: OK
- request:
    body: null
    headers:
      Accept:
      - '*/*'
      Accept-Encoding:
      - gzip, deflate
      Connection:
      - keep-alive
      Content-Type:
      - application/json
      User-Agent:
      - ms-fabric-cli-test/1.3.1
    method: GET
    uri: https://api.fabric.microsoft.com/v1/workspaces/368f354f-9d92-4982-b04b-9c397928cdf0/items
  response:
    body:
      string: '{"value": [{"id": "c0655a25-e6f8-4858-b332-e84f704df3c0", "type": "SemanticModel",
        "displayName": "fabcli000001_auto", "description": "", "workspaceId": "368f354f-9d92-4982-b04b-9c397928cdf0"},
        {"id": "eb993493-fcab-4245-8f15-5b31d00680fb", "type": "SemanticModel", "displayName":
        "fabcli000001_auto", "description": "", "workspaceId": "368f354f-9d92-4982-b04b-9c397928cdf0"},
        {"id": "8a4c661e-48aa-4248-b117-ef4686dcf477", "type": "SemanticModel", "displayName":
        "fabcli000002", "description": "", "workspaceId": "368f354f-9d92-4982-b04b-9c397928cdf0",
        "folderId": "7db5be11-34c2-4179-814c-1e3d20f480b9"}, {"id": "19c63aee-97f0-479d-8d5f-b90a4de61ccd",
        "type": "SQLEndpoint", "displayName": "StagingLakehouseForDataflows_20260129064248",
        "description": "", "workspaceId": "368f354f-9d92-4982-b04b-9c397928cdf0"},
        {"id": "8339a561-3c03-407d-bf76-a117b084783a", "type": "Warehouse", "displayName":
        "StagingWarehouseForDataflows_20260129064311", "description": "", "workspaceId":
        "368f354f-9d92-4982-b04b-9c397928cdf0"}, {"id": "dd13543f-db27-422a-a3c6-880a2ba102e9",
        "type": "SQLEndpoint", "displayName": "StagingLakehouseForDataflows_20260129065256",
        "description": "", "workspaceId": "368f354f-9d92-4982-b04b-9c397928cdf0"},
        {"id": "a12b31da-e687-4ce5-99dd-b018cbeef0c0", "type": "Warehouse", "displayName":
        "StagingWarehouseForDataflows_20260129065309", "description": "", "workspaceId":
        "368f354f-9d92-4982-b04b-9c397928cdf0"}, {"id": "e8521ae4-1482-4b12-b037-6d82d2c8a277",
        "type": "Lakehouse", "displayName": "StagingLakehouseForDataflows_20260129064248",
        "description": "", "workspaceId": "368f354f-9d92-4982-b04b-9c397928cdf0"},
        {"id": "a162cea8-0266-4527-a2e0-375bbd378036", "type": "Lakehouse", "displayName":
        "StagingLakehouseForDataflows_20260129065256", "description": "", "workspaceId":
        "368f354f-9d92-4982-b04b-9c397928cdf0"}, {"id": "46ec8cf3-b649-4c0e-a5bf-8082f2c8a062",
        "type": "Eventhouse", "displayName": "fabcli000001_auto", "description": "Created
        by fab", "workspaceId": "368f354f-9d92-4982-b04b-9c397928cdf0"}, {"id": "e6bf6c94-5c22-412c-ba8b-19271ab635ae",
        "type": "KQLDatabase", "displayName": "fabcli000001_auto", "description":
        "fabcli000001_auto", "workspaceId": "368f354f-9d92-4982-b04b-9c397928cdf0"}]}'
    headers:
      Access-Control-Expose-Headers:
      - RequestId
      Cache-Control:
      - no-store, must-revalidate, no-cache
      Content-Encoding:
      - gzip
      Content-Length:
      - '615'
      Content-Type:
      - application/json; charset=utf-8
      Date:
      - Thu, 29 Jan 2026 07:34:42 GMT
      Pragma:
      - no-cache
      RequestId:
      - 03e5db3d-21a8-4e11-b805-337f0567bb45
      Strict-Transport-Security:
      - max-age=31536000; includeSubDomains
      X-Content-Type-Options:
      - nosniff
      X-Frame-Options:
      - deny
      home-cluster-uri:
      - https://wabi-us-central-b-primary-redirect.analysis.windows.net/
      request-redirected:
      - 'true'
    status:
      code: 200
      message: OK
- request:
    body: null
    headers:
      Accept:
      - '*/*'
      Accept-Encoding:
      - gzip, deflate
      Connection:
      - keep-alive
      Content-Type:
      - application/json
      User-Agent:
      - ms-fabric-cli-test/1.3.1
    method: GET
    uri: https://api.fabric.microsoft.com/v1/workspaces/368f354f-9d92-4982-b04b-9c397928cdf0/folders?recursive=True
  response:
    body:
      string: '{"value": [{"id": "7db5be11-34c2-4179-814c-1e3d20f480b9", "displayName":
        "fabcli000001", "workspaceId": "368f354f-9d92-4982-b04b-9c397928cdf0"}]}'
    headers:
      Access-Control-Expose-Headers:
      - RequestId
      Cache-Control:
      - no-store, must-revalidate, no-cache
      Content-Encoding:
      - gzip
      Content-Length:
      - '144'
      Content-Type:
      - application/json; charset=utf-8
      Date:
      - Thu, 29 Jan 2026 07:34:43 GMT
      Pragma:
      - no-cache
      RequestId:
      - 74789ccb-19cd-4ef5-b57c-fe2a5e5cf636
      Strict-Transport-Security:
      - max-age=31536000; includeSubDomains
      X-Content-Type-Options:
      - nosniff
      X-Frame-Options:
      - deny
      home-cluster-uri:
      - https://wabi-us-central-b-primary-redirect.analysis.windows.net/
      request-redirected:
      - 'true'
    status:
      code: 200
      message: OK
- request:
    body: null
    headers:
      Accept:
      - '*/*'
      Accept-Encoding:
      - gzip, deflate
      Connection:
      - keep-alive
      Content-Type:
      - application/json
      User-Agent:
      - ms-fabric-cli-test/1.3.1
    method: GET
    uri: https://api.fabric.microsoft.com/v1/workspaces/368f354f-9d92-4982-b04b-9c397928cdf0/folders?recursive=True
  response:
    body:
      string: '{"value": [{"id": "7db5be11-34c2-4179-814c-1e3d20f480b9", "displayName":
        "fabcli000001", "workspaceId": "368f354f-9d92-4982-b04b-9c397928cdf0"}]}'
    headers:
      Access-Control-Expose-Headers:
      - RequestId
      Cache-Control:
      - no-store, must-revalidate, no-cache
      Content-Encoding:
      - gzip
      Content-Length:
      - '144'
      Content-Type:
      - application/json; charset=utf-8
      Date:
      - Thu, 29 Jan 2026 07:34:44 GMT
      Pragma:
      - no-cache
      RequestId:
      - cafd62c9-364a-410c-a026-34d1949ef4b1
      Strict-Transport-Security:
      - max-age=31536000; includeSubDomains
      X-Content-Type-Options:
      - nosniff
      X-Frame-Options:
      - deny
      home-cluster-uri:
      - https://wabi-us-central-b-primary-redirect.analysis.windows.net/
      request-redirected:
      - 'true'
    status:
      code: 200
      message: OK
- request:
    body: null
    headers:
      Accept:
      - '*/*'
      Accept-Encoding:
      - gzip, deflate
      Connection:
      - keep-alive
      Content-Type:
      - application/json
      User-Agent:
      - ms-fabric-cli-test/1.3.1
    method: GET
    uri: https://api.fabric.microsoft.com/v1/workspaces
  response:
    body:
      string: '{"value": [{"id": "3634a139-2c9e-4205-910b-3b089a31be47", "displayName":
        "My workspace", "description": "", "type": "Personal"}, {"id": "368f354f-9d92-4982-b04b-9c397928cdf0",
        "displayName": "fabriccli_WorkspacePerTestclass_000001", "description": "Created
        by fab", "type": "Workspace", "capacityId": "00000000-0000-0000-0000-000000000004"}]}'
    headers:
      Access-Control-Expose-Headers:
      - RequestId
      Cache-Control:
      - no-store, must-revalidate, no-cache
      Content-Encoding:
      - gzip
      Content-Length:
      - '2304'
      Content-Type:
      - application/json; charset=utf-8
      Date:
      - Thu, 29 Jan 2026 07:34:44 GMT
      Pragma:
      - no-cache
      RequestId:
      - 76ce8c21-af98-4aeb-91f9-b12b7fc98232
      Strict-Transport-Security:
      - max-age=31536000; includeSubDomains
      X-Content-Type-Options:
      - nosniff
      X-Frame-Options:
      - deny
      home-cluster-uri:
      - https://wabi-us-central-b-primary-redirect.analysis.windows.net/
      request-redirected:
      - 'true'
    status:
      code: 200
      message: OK
- request:
    body: null
    headers:
      Accept:
      - '*/*'
      Accept-Encoding:
      - gzip, deflate
      Connection:
      - keep-alive
      Content-Type:
      - application/json
      User-Agent:
      - ms-fabric-cli-test/1.3.1
    method: GET
    uri: https://api.fabric.microsoft.com/v1/workspaces/368f354f-9d92-4982-b04b-9c397928cdf0/folders?recursive=True
  response:
    body:
      string: '{"value": [{"id": "7db5be11-34c2-4179-814c-1e3d20f480b9", "displayName":
        "fabcli000001", "workspaceId": "368f354f-9d92-4982-b04b-9c397928cdf0"}]}'
    headers:
      Access-Control-Expose-Headers:
      - RequestId
      Cache-Control:
      - no-store, must-revalidate, no-cache
      Content-Encoding:
      - gzip
      Content-Length:
      - '144'
      Content-Type:
      - application/json; charset=utf-8
      Date:
      - Thu, 29 Jan 2026 07:34:45 GMT
      Pragma:
      - no-cache
      RequestId:
      - bd304188-fd1a-4c9a-9d03-5d5d3f3d628a
      Strict-Transport-Security:
      - max-age=31536000; includeSubDomains
      X-Content-Type-Options:
      - nosniff
      X-Frame-Options:
      - deny
      home-cluster-uri:
      - https://wabi-us-central-b-primary-redirect.analysis.windows.net/
      request-redirected:
      - 'true'
    status:
      code: 200
      message: OK
- request:
    body: null
    headers:
      Accept:
      - '*/*'
      Accept-Encoding:
      - gzip, deflate
      Connection:
      - keep-alive
      Content-Type:
      - application/json
      User-Agent:
      - ms-fabric-cli-test/1.3.1
    method: GET
    uri: https://api.fabric.microsoft.com/v1/workspaces/368f354f-9d92-4982-b04b-9c397928cdf0/items
  response:
    body:
      string: '{"value": [{"id": "c0655a25-e6f8-4858-b332-e84f704df3c0", "type": "SemanticModel",
        "displayName": "fabcli000001_auto", "description": "", "workspaceId": "368f354f-9d92-4982-b04b-9c397928cdf0"},
        {"id": "eb993493-fcab-4245-8f15-5b31d00680fb", "type": "SemanticModel", "displayName":
        "fabcli000001_auto", "description": "", "workspaceId": "368f354f-9d92-4982-b04b-9c397928cdf0"},
        {"id": "8a4c661e-48aa-4248-b117-ef4686dcf477", "type": "SemanticModel", "displayName":
        "fabcli000002", "description": "", "workspaceId": "368f354f-9d92-4982-b04b-9c397928cdf0",
        "folderId": "7db5be11-34c2-4179-814c-1e3d20f480b9"}, {"id": "19c63aee-97f0-479d-8d5f-b90a4de61ccd",
        "type": "SQLEndpoint", "displayName": "StagingLakehouseForDataflows_20260129064248",
        "description": "", "workspaceId": "368f354f-9d92-4982-b04b-9c397928cdf0"},
        {"id": "8339a561-3c03-407d-bf76-a117b084783a", "type": "Warehouse", "displayName":
        "StagingWarehouseForDataflows_20260129064311", "description": "", "workspaceId":
        "368f354f-9d92-4982-b04b-9c397928cdf0"}, {"id": "dd13543f-db27-422a-a3c6-880a2ba102e9",
        "type": "SQLEndpoint", "displayName": "StagingLakehouseForDataflows_20260129065256",
        "description": "", "workspaceId": "368f354f-9d92-4982-b04b-9c397928cdf0"},
        {"id": "a12b31da-e687-4ce5-99dd-b018cbeef0c0", "type": "Warehouse", "displayName":
        "StagingWarehouseForDataflows_20260129065309", "description": "", "workspaceId":
        "368f354f-9d92-4982-b04b-9c397928cdf0"}, {"id": "e8521ae4-1482-4b12-b037-6d82d2c8a277",
        "type": "Lakehouse", "displayName": "StagingLakehouseForDataflows_20260129064248",
        "description": "", "workspaceId": "368f354f-9d92-4982-b04b-9c397928cdf0"},
        {"id": "a162cea8-0266-4527-a2e0-375bbd378036", "type": "Lakehouse", "displayName":
        "StagingLakehouseForDataflows_20260129065256", "description": "", "workspaceId":
        "368f354f-9d92-4982-b04b-9c397928cdf0"}, {"id": "46ec8cf3-b649-4c0e-a5bf-8082f2c8a062",
        "type": "Eventhouse", "displayName": "fabcli000001_auto", "description": "Created
        by fab", "workspaceId": "368f354f-9d92-4982-b04b-9c397928cdf0"}, {"id": "e6bf6c94-5c22-412c-ba8b-19271ab635ae",
        "type": "KQLDatabase", "displayName": "fabcli000001_auto", "description":
        "fabcli000001_auto", "workspaceId": "368f354f-9d92-4982-b04b-9c397928cdf0"}]}'
    headers:
      Access-Control-Expose-Headers:
      - RequestId
      Cache-Control:
      - no-store, must-revalidate, no-cache
      Content-Encoding:
      - gzip
      Content-Length:
      - '615'
      Content-Type:
      - application/json; charset=utf-8
      Date:
      - Thu, 29 Jan 2026 07:34:45 GMT
      Pragma:
      - no-cache
      RequestId:
      - a79d7ea5-cd83-4c8c-91b7-4eb6a0cf63ee
      Strict-Transport-Security:
      - max-age=31536000; includeSubDomains
      X-Content-Type-Options:
      - nosniff
      X-Frame-Options:
      - deny
      home-cluster-uri:
      - https://wabi-us-central-b-primary-redirect.analysis.windows.net/
      request-redirected:
      - 'true'
    status:
      code: 200
      message: OK
- request:
    body: null
    headers:
      Accept:
      - '*/*'
      Accept-Encoding:
      - gzip, deflate
      Connection:
      - keep-alive
      Content-Type:
      - application/json
      User-Agent:
      - ms-fabric-cli-test/1.3.1
    method: GET
    uri: https://api.fabric.microsoft.com/v1/workspaces/368f354f-9d92-4982-b04b-9c397928cdf0/folders?recursive=True
  response:
    body:
      string: '{"value": [{"id": "7db5be11-34c2-4179-814c-1e3d20f480b9", "displayName":
        "fabcli000001", "workspaceId": "368f354f-9d92-4982-b04b-9c397928cdf0"}]}'
    headers:
      Access-Control-Expose-Headers:
      - RequestId
      Cache-Control:
      - no-store, must-revalidate, no-cache
      Content-Encoding:
      - gzip
      Content-Length:
      - '144'
      Content-Type:
      - application/json; charset=utf-8
      Date:
      - Thu, 29 Jan 2026 07:34:46 GMT
      Pragma:
      - no-cache
      RequestId:
      - d4ce0f8d-1d71-4e9d-ac09-8b243788852c
      Strict-Transport-Security:
      - max-age=31536000; includeSubDomains
      X-Content-Type-Options:
      - nosniff
      X-Frame-Options:
      - deny
      home-cluster-uri:
      - https://wabi-us-central-b-primary-redirect.analysis.windows.net/
      request-redirected:
      - 'true'
    status:
      code: 200
      message: OK
- request:
    body: null
    headers:
      Accept:
      - '*/*'
      Accept-Encoding:
      - gzip, deflate
      Connection:
      - keep-alive
      Content-Type:
      - application/json
      User-Agent:
      - ms-fabric-cli-test/1.3.1
    method: GET
    uri: https://api.fabric.microsoft.com/v1/workspaces/368f354f-9d92-4982-b04b-9c397928cdf0/folders?recursive=True
  response:
    body:
      string: '{"value": [{"id": "7db5be11-34c2-4179-814c-1e3d20f480b9", "displayName":
        "fabcli000001", "workspaceId": "368f354f-9d92-4982-b04b-9c397928cdf0"}]}'
    headers:
      Access-Control-Expose-Headers:
      - RequestId
      Cache-Control:
      - no-store, must-revalidate, no-cache
      Content-Encoding:
      - gzip
      Content-Length:
      - '144'
      Content-Type:
      - application/json; charset=utf-8
      Date:
      - Thu, 29 Jan 2026 07:34:46 GMT
      Pragma:
      - no-cache
      RequestId:
      - ab0f2dab-eb69-4baa-b673-f3d492baaedb
      Strict-Transport-Security:
      - max-age=31536000; includeSubDomains
      X-Content-Type-Options:
      - nosniff
      X-Frame-Options:
      - deny
      home-cluster-uri:
      - https://wabi-us-central-b-primary-redirect.analysis.windows.net/
      request-redirected:
      - 'true'
    status:
      code: 200
      message: OK
- request:
    body: null
    headers:
      Accept:
      - '*/*'
      Accept-Encoding:
      - gzip, deflate
      Connection:
      - keep-alive
      Content-Type:
      - application/json
      User-Agent:
      - ms-fabric-cli-test/1.3.1
    method: GET
    uri: https://api.fabric.microsoft.com/v1/workspaces
  response:
    body:
      string: '{"value": [{"id": "3634a139-2c9e-4205-910b-3b089a31be47", "displayName":
        "My workspace", "description": "", "type": "Personal"}, {"id": "368f354f-9d92-4982-b04b-9c397928cdf0",
        "displayName": "fabriccli_WorkspacePerTestclass_000001", "description": "Created
        by fab", "type": "Workspace", "capacityId": "00000000-0000-0000-0000-000000000004"}]}'
    headers:
      Access-Control-Expose-Headers:
      - RequestId
      Cache-Control:
      - no-store, must-revalidate, no-cache
      Content-Encoding:
      - gzip
      Content-Length:
      - '2304'
      Content-Type:
      - application/json; charset=utf-8
      Date:
      - Thu, 29 Jan 2026 07:34:47 GMT
      Pragma:
      - no-cache
      RequestId:
      - e2d28b32-17b5-4ef6-80f1-f37ca06b2be6
      Strict-Transport-Security:
      - max-age=31536000; includeSubDomains
      X-Content-Type-Options:
      - nosniff
      X-Frame-Options:
      - deny
      home-cluster-uri:
      - https://wabi-us-central-b-primary-redirect.analysis.windows.net/
      request-redirected:
      - 'true'
    status:
      code: 200
      message: OK
- request:
    body: null
    headers:
      Accept:
      - '*/*'
      Accept-Encoding:
      - gzip, deflate
      Connection:
      - keep-alive
      Content-Type:
      - application/json
      User-Agent:
      - ms-fabric-cli-test/1.3.1
    method: GET
    uri: https://api.fabric.microsoft.com/v1/workspaces/368f354f-9d92-4982-b04b-9c397928cdf0/folders?recursive=True
  response:
    body:
      string: '{"value": [{"id": "7db5be11-34c2-4179-814c-1e3d20f480b9", "displayName":
        "fabcli000001", "workspaceId": "368f354f-9d92-4982-b04b-9c397928cdf0"}]}'
    headers:
      Access-Control-Expose-Headers:
      - RequestId
      Cache-Control:
      - no-store, must-revalidate, no-cache
      Content-Encoding:
      - gzip
      Content-Length:
      - '144'
      Content-Type:
      - application/json; charset=utf-8
      Date:
      - Thu, 29 Jan 2026 07:34:48 GMT
      Pragma:
      - no-cache
      RequestId:
      - b4dc1fee-b0ae-419d-bef9-b31f4258bc96
      Strict-Transport-Security:
      - max-age=31536000; includeSubDomains
      X-Content-Type-Options:
      - nosniff
      X-Frame-Options:
      - deny
      home-cluster-uri:
      - https://wabi-us-central-b-primary-redirect.analysis.windows.net/
      request-redirected:
      - 'true'
    status:
      code: 200
      message: OK
- request:
    body: null
    headers:
      Accept:
      - '*/*'
      Accept-Encoding:
      - gzip, deflate
      Connection:
      - keep-alive
      Content-Type:
      - application/json
      User-Agent:
      - ms-fabric-cli-test/1.3.1
    method: GET
    uri: https://api.fabric.microsoft.com/v1/workspaces/368f354f-9d92-4982-b04b-9c397928cdf0/items
  response:
    body:
      string: '{"value": [{"id": "c0655a25-e6f8-4858-b332-e84f704df3c0", "type": "SemanticModel",
        "displayName": "fabcli000001_auto", "description": "", "workspaceId": "368f354f-9d92-4982-b04b-9c397928cdf0"},
        {"id": "eb993493-fcab-4245-8f15-5b31d00680fb", "type": "SemanticModel", "displayName":
        "fabcli000001_auto", "description": "", "workspaceId": "368f354f-9d92-4982-b04b-9c397928cdf0"},
        {"id": "8a4c661e-48aa-4248-b117-ef4686dcf477", "type": "SemanticModel", "displayName":
        "fabcli000002", "description": "", "workspaceId": "368f354f-9d92-4982-b04b-9c397928cdf0",
        "folderId": "7db5be11-34c2-4179-814c-1e3d20f480b9"}, {"id": "19c63aee-97f0-479d-8d5f-b90a4de61ccd",
        "type": "SQLEndpoint", "displayName": "StagingLakehouseForDataflows_20260129064248",
        "description": "", "workspaceId": "368f354f-9d92-4982-b04b-9c397928cdf0"},
        {"id": "8339a561-3c03-407d-bf76-a117b084783a", "type": "Warehouse", "displayName":
        "StagingWarehouseForDataflows_20260129064311", "description": "", "workspaceId":
        "368f354f-9d92-4982-b04b-9c397928cdf0"}, {"id": "dd13543f-db27-422a-a3c6-880a2ba102e9",
        "type": "SQLEndpoint", "displayName": "StagingLakehouseForDataflows_20260129065256",
        "description": "", "workspaceId": "368f354f-9d92-4982-b04b-9c397928cdf0"},
        {"id": "a12b31da-e687-4ce5-99dd-b018cbeef0c0", "type": "Warehouse", "displayName":
        "StagingWarehouseForDataflows_20260129065309", "description": "", "workspaceId":
        "368f354f-9d92-4982-b04b-9c397928cdf0"}, {"id": "e8521ae4-1482-4b12-b037-6d82d2c8a277",
        "type": "Lakehouse", "displayName": "StagingLakehouseForDataflows_20260129064248",
        "description": "", "workspaceId": "368f354f-9d92-4982-b04b-9c397928cdf0"},
        {"id": "a162cea8-0266-4527-a2e0-375bbd378036", "type": "Lakehouse", "displayName":
        "StagingLakehouseForDataflows_20260129065256", "description": "", "workspaceId":
        "368f354f-9d92-4982-b04b-9c397928cdf0"}, {"id": "46ec8cf3-b649-4c0e-a5bf-8082f2c8a062",
        "type": "Eventhouse", "displayName": "fabcli000001_auto", "description": "Created
        by fab", "workspaceId": "368f354f-9d92-4982-b04b-9c397928cdf0"}, {"id": "e6bf6c94-5c22-412c-ba8b-19271ab635ae",
        "type": "KQLDatabase", "displayName": "fabcli000001_auto", "description":
        "fabcli000001_auto", "workspaceId": "368f354f-9d92-4982-b04b-9c397928cdf0"}]}'
    headers:
      Access-Control-Expose-Headers:
      - RequestId
      Cache-Control:
      - no-store, must-revalidate, no-cache
      Content-Encoding:
      - gzip
      Content-Length:
      - '615'
      Content-Type:
      - application/json; charset=utf-8
      Date:
      - Thu, 29 Jan 2026 07:34:48 GMT
      Pragma:
      - no-cache
      RequestId:
      - c1d17884-20b0-47a9-87ab-c277606ee7fc
      Strict-Transport-Security:
      - max-age=31536000; includeSubDomains
      X-Content-Type-Options:
      - nosniff
      X-Frame-Options:
      - deny
      home-cluster-uri:
      - https://wabi-us-central-b-primary-redirect.analysis.windows.net/
      request-redirected:
      - 'true'
    status:
      code: 200
      message: OK
- request:
    body: null
    headers:
      Accept:
      - '*/*'
      Accept-Encoding:
      - gzip, deflate
      Connection:
      - keep-alive
      Content-Type:
      - application/json
      User-Agent:
      - ms-fabric-cli-test/1.3.1
    method: GET
    uri: https://api.fabric.microsoft.com/v1/workspaces/368f354f-9d92-4982-b04b-9c397928cdf0/folders?recursive=True
  response:
    body:
      string: '{"requestId": "0a08b90e-1d06-4c76-842e-29fbc28fe120", "errorCode":
        "RequestBlocked", "message": "Request is blocked by the upstream service until:
        1/29/2026 7:35:12 AM (UTC)"}'
    headers:
      Content-Length:
      - '170'
      Content-Type:
      - application/json; charset=utf-8
      Date:
      - Thu, 29 Jan 2026 07:34:49 GMT
      RequestId:
      - 0a08b90e-1d06-4c76-842e-29fbc28fe120
      Retry-After:
      - '22'
      home-cluster-uri:
      - https://wabi-us-central-b-primary-redirect.analysis.windows.net/
      request-redirected:
      - 'true'
      x-ms-public-api-error-code:
      - RequestBlocked
    status:
      code: 429
      message: ''
- request:
    body: null
    headers:
      Accept:
      - '*/*'
      Accept-Encoding:
      - gzip, deflate
      Connection:
      - keep-alive
      Content-Type:
      - application/json
      User-Agent:
      - ms-fabric-cli-test/1.3.1
    method: GET
    uri: https://api.fabric.microsoft.com/v1/workspaces/368f354f-9d92-4982-b04b-9c397928cdf0/folders?recursive=True
  response:
    body:
      string: '{"value": [{"id": "7db5be11-34c2-4179-814c-1e3d20f480b9", "displayName":
        "fabcli000001", "workspaceId": "368f354f-9d92-4982-b04b-9c397928cdf0"}]}'
    headers:
      Access-Control-Expose-Headers:
      - RequestId
      Cache-Control:
      - no-store, must-revalidate, no-cache
      Content-Encoding:
      - gzip
      Content-Length:
      - '144'
      Content-Type:
      - application/json; charset=utf-8
      Date:
      - Thu, 29 Jan 2026 07:35:13 GMT
      Pragma:
      - no-cache
      RequestId:
      - c424e9ac-2a06-43df-b1e5-96dbadf9044c
      Strict-Transport-Security:
      - max-age=31536000; includeSubDomains
      X-Content-Type-Options:
      - nosniff
      X-Frame-Options:
      - deny
      home-cluster-uri:
      - https://wabi-us-central-b-primary-redirect.analysis.windows.net/
      request-redirected:
      - 'true'
    status:
      code: 200
      message: OK
- request:
    body: null
    headers:
      Accept:
      - '*/*'
      Accept-Encoding:
      - gzip, deflate
      Connection:
      - keep-alive
      Content-Type:
      - application/json
      User-Agent:
      - ms-fabric-cli-test/1.3.1
    method: GET
    uri: https://api.fabric.microsoft.com/v1/workspaces/368f354f-9d92-4982-b04b-9c397928cdf0/folders?recursive=True
  response:
    body:
      string: '{"value": [{"id": "7db5be11-34c2-4179-814c-1e3d20f480b9", "displayName":
        "fabcli000001", "workspaceId": "368f354f-9d92-4982-b04b-9c397928cdf0"}]}'
    headers:
      Access-Control-Expose-Headers:
      - RequestId
      Cache-Control:
      - no-store, must-revalidate, no-cache
      Content-Encoding:
      - gzip
      Content-Length:
      - '144'
      Content-Type:
      - application/json; charset=utf-8
      Date:
      - Thu, 29 Jan 2026 07:35:14 GMT
      Pragma:
      - no-cache
      RequestId:
      - 504e6d95-b024-459e-aa49-4a467bb956fb
      Strict-Transport-Security:
      - max-age=31536000; includeSubDomains
      X-Content-Type-Options:
      - nosniff
      X-Frame-Options:
      - deny
      home-cluster-uri:
      - https://wabi-us-central-b-primary-redirect.analysis.windows.net/
      request-redirected:
      - 'true'
    status:
      code: 200
      message: OK
- request:
    body: null
    headers:
      Accept:
      - '*/*'
      Accept-Encoding:
      - gzip, deflate
      Connection:
      - keep-alive
      Content-Type:
      - application/json
      User-Agent:
      - ms-fabric-cli-test/1.3.1
    method: GET
    uri: https://api.fabric.microsoft.com/v1/workspaces
  response:
    body:
      string: '{"value": [{"id": "3634a139-2c9e-4205-910b-3b089a31be47", "displayName":
        "My workspace", "description": "", "type": "Personal"}, {"id": "368f354f-9d92-4982-b04b-9c397928cdf0",
        "displayName": "fabriccli_WorkspacePerTestclass_000001", "description": "Created
        by fab", "type": "Workspace", "capacityId": "00000000-0000-0000-0000-000000000004"}]}'
    headers:
      Access-Control-Expose-Headers:
      - RequestId
      Cache-Control:
      - no-store, must-revalidate, no-cache
      Content-Encoding:
      - gzip
      Content-Length:
      - '2304'
      Content-Type:
      - application/json; charset=utf-8
      Date:
      - Thu, 29 Jan 2026 07:35:15 GMT
      Pragma:
      - no-cache
      RequestId:
      - 3352548f-771e-4919-aa05-573b41bd36c2
      Strict-Transport-Security:
      - max-age=31536000; includeSubDomains
      X-Content-Type-Options:
      - nosniff
      X-Frame-Options:
      - deny
      home-cluster-uri:
      - https://wabi-us-central-b-primary-redirect.analysis.windows.net/
      request-redirected:
      - 'true'
    status:
      code: 200
      message: OK
- request:
    body: null
    headers:
      Accept:
      - '*/*'
      Accept-Encoding:
      - gzip, deflate
      Connection:
      - keep-alive
      Content-Type:
      - application/json
      User-Agent:
      - ms-fabric-cli-test/1.3.1
    method: GET
    uri: https://api.fabric.microsoft.com/v1/workspaces/368f354f-9d92-4982-b04b-9c397928cdf0/folders?recursive=True
  response:
    body:
      string: '{"value": [{"id": "7db5be11-34c2-4179-814c-1e3d20f480b9", "displayName":
        "fabcli000001", "workspaceId": "368f354f-9d92-4982-b04b-9c397928cdf0"}]}'
    headers:
      Access-Control-Expose-Headers:
      - RequestId
      Cache-Control:
      - no-store, must-revalidate, no-cache
      Content-Encoding:
      - gzip
      Content-Length:
      - '144'
      Content-Type:
      - application/json; charset=utf-8
      Date:
      - Thu, 29 Jan 2026 07:35:15 GMT
      Pragma:
      - no-cache
      RequestId:
      - ff72670d-54ab-413d-abcb-c7b97792601a
      Strict-Transport-Security:
      - max-age=31536000; includeSubDomains
      X-Content-Type-Options:
      - nosniff
      X-Frame-Options:
      - deny
      home-cluster-uri:
      - https://wabi-us-central-b-primary-redirect.analysis.windows.net/
      request-redirected:
      - 'true'
    status:
      code: 200
      message: OK
- request:
    body: null
    headers:
      Accept:
      - '*/*'
      Accept-Encoding:
      - gzip, deflate
      Connection:
      - keep-alive
      Content-Type:
      - application/json
      User-Agent:
      - ms-fabric-cli-test/1.3.1
    method: GET
    uri: https://api.fabric.microsoft.com/v1/workspaces/368f354f-9d92-4982-b04b-9c397928cdf0/items
  response:
    body:
      string: '{"value": [{"id": "c0655a25-e6f8-4858-b332-e84f704df3c0", "type": "SemanticModel",
        "displayName": "fabcli000001_auto", "description": "", "workspaceId": "368f354f-9d92-4982-b04b-9c397928cdf0"},
        {"id": "eb993493-fcab-4245-8f15-5b31d00680fb", "type": "SemanticModel", "displayName":
        "fabcli000001_auto", "description": "", "workspaceId": "368f354f-9d92-4982-b04b-9c397928cdf0"},
        {"id": "8a4c661e-48aa-4248-b117-ef4686dcf477", "type": "SemanticModel", "displayName":
        "fabcli000002", "description": "", "workspaceId": "368f354f-9d92-4982-b04b-9c397928cdf0",
        "folderId": "7db5be11-34c2-4179-814c-1e3d20f480b9"}, {"id": "19c63aee-97f0-479d-8d5f-b90a4de61ccd",
        "type": "SQLEndpoint", "displayName": "StagingLakehouseForDataflows_20260129064248",
        "description": "", "workspaceId": "368f354f-9d92-4982-b04b-9c397928cdf0"},
        {"id": "8339a561-3c03-407d-bf76-a117b084783a", "type": "Warehouse", "displayName":
        "StagingWarehouseForDataflows_20260129064311", "description": "", "workspaceId":
        "368f354f-9d92-4982-b04b-9c397928cdf0"}, {"id": "dd13543f-db27-422a-a3c6-880a2ba102e9",
        "type": "SQLEndpoint", "displayName": "StagingLakehouseForDataflows_20260129065256",
        "description": "", "workspaceId": "368f354f-9d92-4982-b04b-9c397928cdf0"},
        {"id": "a12b31da-e687-4ce5-99dd-b018cbeef0c0", "type": "Warehouse", "displayName":
        "StagingWarehouseForDataflows_20260129065309", "description": "", "workspaceId":
        "368f354f-9d92-4982-b04b-9c397928cdf0"}, {"id": "e8521ae4-1482-4b12-b037-6d82d2c8a277",
        "type": "Lakehouse", "displayName": "StagingLakehouseForDataflows_20260129064248",
        "description": "", "workspaceId": "368f354f-9d92-4982-b04b-9c397928cdf0"},
        {"id": "a162cea8-0266-4527-a2e0-375bbd378036", "type": "Lakehouse", "displayName":
        "StagingLakehouseForDataflows_20260129065256", "description": "", "workspaceId":
        "368f354f-9d92-4982-b04b-9c397928cdf0"}, {"id": "46ec8cf3-b649-4c0e-a5bf-8082f2c8a062",
        "type": "Eventhouse", "displayName": "fabcli000001_auto", "description": "Created
        by fab", "workspaceId": "368f354f-9d92-4982-b04b-9c397928cdf0"}, {"id": "e6bf6c94-5c22-412c-ba8b-19271ab635ae",
        "type": "KQLDatabase", "displayName": "fabcli000001_auto", "description":
        "fabcli000001_auto", "workspaceId": "368f354f-9d92-4982-b04b-9c397928cdf0"}]}'
    headers:
      Access-Control-Expose-Headers:
      - RequestId
      Cache-Control:
      - no-store, must-revalidate, no-cache
      Content-Encoding:
      - gzip
      Content-Length:
      - '615'
      Content-Type:
      - application/json; charset=utf-8
      Date:
      - Thu, 29 Jan 2026 07:35:16 GMT
      Pragma:
      - no-cache
      RequestId:
      - 3cabe9d2-bbdc-46e8-88d1-c9923d97b8ae
      Strict-Transport-Security:
      - max-age=31536000; includeSubDomains
      X-Content-Type-Options:
      - nosniff
      X-Frame-Options:
      - deny
      home-cluster-uri:
      - https://wabi-us-central-b-primary-redirect.analysis.windows.net/
      request-redirected:
      - 'true'
    status:
      code: 200
      message: OK
- request:
    body: null
    headers:
      Accept:
      - '*/*'
      Accept-Encoding:
      - gzip, deflate
      Connection:
      - keep-alive
      Content-Type:
      - application/json
      User-Agent:
      - ms-fabric-cli-test/1.3.1
    method: GET
    uri: https://api.fabric.microsoft.com/v1/workspaces/368f354f-9d92-4982-b04b-9c397928cdf0/folders?recursive=True
  response:
    body:
      string: '{"value": [{"id": "7db5be11-34c2-4179-814c-1e3d20f480b9", "displayName":
        "fabcli000001", "workspaceId": "368f354f-9d92-4982-b04b-9c397928cdf0"}]}'
    headers:
      Access-Control-Expose-Headers:
      - RequestId
      Cache-Control:
      - no-store, must-revalidate, no-cache
      Content-Encoding:
      - gzip
      Content-Length:
      - '144'
      Content-Type:
      - application/json; charset=utf-8
      Date:
      - Thu, 29 Jan 2026 07:35:17 GMT
      Pragma:
      - no-cache
      RequestId:
      - cdef0598-cd92-4704-8552-4a26d43efcc4
      Strict-Transport-Security:
      - max-age=31536000; includeSubDomains
      X-Content-Type-Options:
      - nosniff
      X-Frame-Options:
      - deny
      home-cluster-uri:
      - https://wabi-us-central-b-primary-redirect.analysis.windows.net/
      request-redirected:
      - 'true'
    status:
      code: 200
      message: OK
- request:
    body: null
    headers:
      Accept:
      - '*/*'
      Accept-Encoding:
      - gzip, deflate
      Connection:
      - keep-alive
      Content-Type:
      - application/json
      User-Agent:
      - ms-fabric-cli-test/1.3.1
    method: GET
    uri: https://api.fabric.microsoft.com/v1/workspaces/368f354f-9d92-4982-b04b-9c397928cdf0/folders?recursive=True
  response:
    body:
      string: '{"value": [{"id": "7db5be11-34c2-4179-814c-1e3d20f480b9", "displayName":
        "fabcli000001", "workspaceId": "368f354f-9d92-4982-b04b-9c397928cdf0"}]}'
    headers:
      Access-Control-Expose-Headers:
      - RequestId
      Cache-Control:
      - no-store, must-revalidate, no-cache
      Content-Encoding:
      - gzip
      Content-Length:
      - '144'
      Content-Type:
      - application/json; charset=utf-8
      Date:
      - Thu, 29 Jan 2026 07:35:18 GMT
      Pragma:
      - no-cache
      RequestId:
      - 03f6b0bc-43eb-4199-9a87-995c0ba95915
      Strict-Transport-Security:
      - max-age=31536000; includeSubDomains
      X-Content-Type-Options:
      - nosniff
      X-Frame-Options:
      - deny
      home-cluster-uri:
      - https://wabi-us-central-b-primary-redirect.analysis.windows.net/
      request-redirected:
      - 'true'
    status:
      code: 200
      message: OK
- request:
    body: null
    headers:
      Accept:
      - '*/*'
      Accept-Encoding:
      - gzip, deflate
      Connection:
      - keep-alive
      Content-Type:
      - application/json
      User-Agent:
      - ms-fabric-cli-test/1.3.1
    method: GET
    uri: https://api.fabric.microsoft.com/v1/workspaces
  response:
    body:
      string: '{"value": [{"id": "3634a139-2c9e-4205-910b-3b089a31be47", "displayName":
        "My workspace", "description": "", "type": "Personal"}, {"id": "368f354f-9d92-4982-b04b-9c397928cdf0",
        "displayName": "fabriccli_WorkspacePerTestclass_000001", "description": "Created
        by fab", "type": "Workspace", "capacityId": "00000000-0000-0000-0000-000000000004"}]}'
    headers:
      Access-Control-Expose-Headers:
      - RequestId
      Cache-Control:
      - no-store, must-revalidate, no-cache
      Content-Encoding:
      - gzip
      Content-Length:
      - '2304'
      Content-Type:
      - application/json; charset=utf-8
      Date:
      - Thu, 29 Jan 2026 07:35:19 GMT
      Pragma:
      - no-cache
      RequestId:
      - 6b639506-f42d-4775-9aa1-0611b7df11d5
      Strict-Transport-Security:
      - max-age=31536000; includeSubDomains
      X-Content-Type-Options:
      - nosniff
      X-Frame-Options:
      - deny
      home-cluster-uri:
      - https://wabi-us-central-b-primary-redirect.analysis.windows.net/
      request-redirected:
      - 'true'
    status:
      code: 200
      message: OK
- request:
    body: null
    headers:
      Accept:
      - '*/*'
      Accept-Encoding:
      - gzip, deflate
      Connection:
      - keep-alive
      Content-Type:
      - application/json
      User-Agent:
      - ms-fabric-cli-test/1.3.1
    method: GET
    uri: https://api.fabric.microsoft.com/v1/workspaces/368f354f-9d92-4982-b04b-9c397928cdf0/folders?recursive=True
  response:
    body:
      string: '{"value": [{"id": "7db5be11-34c2-4179-814c-1e3d20f480b9", "displayName":
        "fabcli000001", "workspaceId": "368f354f-9d92-4982-b04b-9c397928cdf0"}]}'
    headers:
      Access-Control-Expose-Headers:
      - RequestId
      Cache-Control:
      - no-store, must-revalidate, no-cache
      Content-Encoding:
      - gzip
      Content-Length:
      - '144'
      Content-Type:
      - application/json; charset=utf-8
      Date:
      - Thu, 29 Jan 2026 07:35:19 GMT
      Pragma:
      - no-cache
      RequestId:
      - 5c3baf0b-a504-4baf-9a04-80acd4dc70dd
      Strict-Transport-Security:
      - max-age=31536000; includeSubDomains
      X-Content-Type-Options:
      - nosniff
      X-Frame-Options:
      - deny
      home-cluster-uri:
      - https://wabi-us-central-b-primary-redirect.analysis.windows.net/
      request-redirected:
      - 'true'
    status:
      code: 200
      message: OK
- request:
    body: null
    headers:
      Accept:
      - '*/*'
      Accept-Encoding:
      - gzip, deflate
      Connection:
      - keep-alive
      Content-Type:
      - application/json
      User-Agent:
      - ms-fabric-cli-test/1.3.1
    method: GET
    uri: https://api.fabric.microsoft.com/v1/workspaces/368f354f-9d92-4982-b04b-9c397928cdf0/items
  response:
    body:
      string: '{"value": [{"id": "c0655a25-e6f8-4858-b332-e84f704df3c0", "type": "SemanticModel",
        "displayName": "fabcli000001_auto", "description": "", "workspaceId": "368f354f-9d92-4982-b04b-9c397928cdf0"},
        {"id": "eb993493-fcab-4245-8f15-5b31d00680fb", "type": "SemanticModel", "displayName":
        "fabcli000001_auto", "description": "", "workspaceId": "368f354f-9d92-4982-b04b-9c397928cdf0"},
        {"id": "8a4c661e-48aa-4248-b117-ef4686dcf477", "type": "SemanticModel", "displayName":
        "fabcli000002", "description": "", "workspaceId": "368f354f-9d92-4982-b04b-9c397928cdf0",
        "folderId": "7db5be11-34c2-4179-814c-1e3d20f480b9"}, {"id": "19c63aee-97f0-479d-8d5f-b90a4de61ccd",
        "type": "SQLEndpoint", "displayName": "StagingLakehouseForDataflows_20260129064248",
        "description": "", "workspaceId": "368f354f-9d92-4982-b04b-9c397928cdf0"},
        {"id": "8339a561-3c03-407d-bf76-a117b084783a", "type": "Warehouse", "displayName":
        "StagingWarehouseForDataflows_20260129064311", "description": "", "workspaceId":
        "368f354f-9d92-4982-b04b-9c397928cdf0"}, {"id": "dd13543f-db27-422a-a3c6-880a2ba102e9",
        "type": "SQLEndpoint", "displayName": "StagingLakehouseForDataflows_20260129065256",
        "description": "", "workspaceId": "368f354f-9d92-4982-b04b-9c397928cdf0"},
        {"id": "a12b31da-e687-4ce5-99dd-b018cbeef0c0", "type": "Warehouse", "displayName":
        "StagingWarehouseForDataflows_20260129065309", "description": "", "workspaceId":
        "368f354f-9d92-4982-b04b-9c397928cdf0"}, {"id": "e8521ae4-1482-4b12-b037-6d82d2c8a277",
        "type": "Lakehouse", "displayName": "StagingLakehouseForDataflows_20260129064248",
        "description": "", "workspaceId": "368f354f-9d92-4982-b04b-9c397928cdf0"},
        {"id": "a162cea8-0266-4527-a2e0-375bbd378036", "type": "Lakehouse", "displayName":
        "StagingLakehouseForDataflows_20260129065256", "description": "", "workspaceId":
        "368f354f-9d92-4982-b04b-9c397928cdf0"}, {"id": "46ec8cf3-b649-4c0e-a5bf-8082f2c8a062",
        "type": "Eventhouse", "displayName": "fabcli000001_auto", "description": "Created
        by fab", "workspaceId": "368f354f-9d92-4982-b04b-9c397928cdf0"}, {"id": "e6bf6c94-5c22-412c-ba8b-19271ab635ae",
        "type": "KQLDatabase", "displayName": "fabcli000001_auto", "description":
        "fabcli000001_auto", "workspaceId": "368f354f-9d92-4982-b04b-9c397928cdf0"}]}'
    headers:
      Access-Control-Expose-Headers:
      - RequestId
      Cache-Control:
      - no-store, must-revalidate, no-cache
      Content-Encoding:
      - gzip
      Content-Length:
      - '615'
      Content-Type:
      - application/json; charset=utf-8
      Date:
      - Thu, 29 Jan 2026 07:35:20 GMT
      Pragma:
      - no-cache
      RequestId:
      - d935fc7f-9961-4951-bc55-871fc491748e
      Strict-Transport-Security:
      - max-age=31536000; includeSubDomains
      X-Content-Type-Options:
      - nosniff
      X-Frame-Options:
      - deny
      home-cluster-uri:
      - https://wabi-us-central-b-primary-redirect.analysis.windows.net/
      request-redirected:
      - 'true'
    status:
      code: 200
      message: OK
- request:
    body: null
    headers:
      Accept:
      - '*/*'
      Accept-Encoding:
      - gzip, deflate
      Connection:
      - keep-alive
      Content-Type:
      - application/json
      User-Agent:
      - ms-fabric-cli-test/1.3.1
    method: GET
    uri: https://api.fabric.microsoft.com/v1/workspaces/368f354f-9d92-4982-b04b-9c397928cdf0/folders?recursive=True
  response:
    body:
      string: '{"value": [{"id": "7db5be11-34c2-4179-814c-1e3d20f480b9", "displayName":
        "fabcli000001", "workspaceId": "368f354f-9d92-4982-b04b-9c397928cdf0"}]}'
    headers:
      Access-Control-Expose-Headers:
      - RequestId
      Cache-Control:
      - no-store, must-revalidate, no-cache
      Content-Encoding:
      - gzip
      Content-Length:
      - '144'
      Content-Type:
      - application/json; charset=utf-8
      Date:
      - Thu, 29 Jan 2026 07:35:22 GMT
      Pragma:
      - no-cache
      RequestId:
      - 717c2a3d-073f-4471-9bb1-0910227eb6ec
      Strict-Transport-Security:
      - max-age=31536000; includeSubDomains
      X-Content-Type-Options:
      - nosniff
      X-Frame-Options:
      - deny
      home-cluster-uri:
      - https://wabi-us-central-b-primary-redirect.analysis.windows.net/
      request-redirected:
      - 'true'
    status:
      code: 200
      message: OK
- request:
    body: null
    headers:
      Accept:
      - '*/*'
      Accept-Encoding:
      - gzip, deflate
      Connection:
      - keep-alive
      Content-Length:
      - '0'
      Content-Type:
      - application/json
      User-Agent:
      - ms-fabric-cli-test/1.3.1
    method: DELETE
    uri: https://api.fabric.microsoft.com/v1/workspaces/368f354f-9d92-4982-b04b-9c397928cdf0/items/8a4c661e-48aa-4248-b117-ef4686dcf477
  response:
    body:
      string: ''
    headers:
      Access-Control-Expose-Headers:
      - RequestId
      Cache-Control:
      - no-store, must-revalidate, no-cache
      Content-Encoding:
      - gzip
      Content-Length:
      - '0'
      Content-Type:
      - application/octet-stream
      Date:
      - Thu, 29 Jan 2026 07:35:23 GMT
      Pragma:
      - no-cache
      RequestId:
      - fa41c6a0-4595-4098-9766-59a68a25cbc7
      Strict-Transport-Security:
      - max-age=31536000; includeSubDomains
      X-Content-Type-Options:
      - nosniff
      X-Frame-Options:
      - deny
      home-cluster-uri:
      - https://wabi-us-central-b-primary-redirect.analysis.windows.net/
      request-redirected:
      - 'true'
    status:
      code: 200
      message: OK
- request:
    body: null
    headers:
      Accept:
      - '*/*'
      Accept-Encoding:
      - gzip, deflate
      Connection:
      - keep-alive
      Content-Type:
      - application/json
      User-Agent:
      - ms-fabric-cli-test/1.3.1
    method: GET
    uri: https://api.fabric.microsoft.com/v1/workspaces
  response:
    body:
      string: '{"value": [{"id": "3634a139-2c9e-4205-910b-3b089a31be47", "displayName":
        "My workspace", "description": "", "type": "Personal"}, {"id": "368f354f-9d92-4982-b04b-9c397928cdf0",
        "displayName": "fabriccli_WorkspacePerTestclass_000001", "description": "Created
        by fab", "type": "Workspace", "capacityId": "00000000-0000-0000-0000-000000000004"}]}'
    headers:
      Access-Control-Expose-Headers:
      - RequestId
      Cache-Control:
      - no-store, must-revalidate, no-cache
      Content-Encoding:
      - gzip
      Content-Length:
      - '2304'
      Content-Type:
      - application/json; charset=utf-8
      Date:
      - Thu, 29 Jan 2026 07:35:23 GMT
      Pragma:
      - no-cache
      RequestId:
      - 95141030-30ea-4a23-9b73-ae84535dfb26
      Strict-Transport-Security:
      - max-age=31536000; includeSubDomains
      X-Content-Type-Options:
      - nosniff
      X-Frame-Options:
      - deny
      home-cluster-uri:
      - https://wabi-us-central-b-primary-redirect.analysis.windows.net/
      request-redirected:
      - 'true'
    status:
      code: 200
      message: OK
- request:
    body: null
    headers:
      Accept:
      - '*/*'
      Accept-Encoding:
      - gzip, deflate
      Connection:
      - keep-alive
      Content-Type:
      - application/json
      User-Agent:
      - ms-fabric-cli-test/1.3.1
    method: GET
    uri: https://api.fabric.microsoft.com/v1/workspaces/368f354f-9d92-4982-b04b-9c397928cdf0/folders?recursive=True
  response:
    body:
      string: '{"value": [{"id": "7db5be11-34c2-4179-814c-1e3d20f480b9", "displayName":
        "fabcli000001", "workspaceId": "368f354f-9d92-4982-b04b-9c397928cdf0"}]}'
    headers:
      Access-Control-Expose-Headers:
      - RequestId
      Cache-Control:
      - no-store, must-revalidate, no-cache
      Content-Encoding:
      - gzip
      Content-Length:
      - '144'
      Content-Type:
      - application/json; charset=utf-8
      Date:
      - Thu, 29 Jan 2026 07:35:25 GMT
      Pragma:
      - no-cache
      RequestId:
      - 1d53ff78-50fc-42ca-8605-ff0a23116493
      Strict-Transport-Security:
      - max-age=31536000; includeSubDomains
      X-Content-Type-Options:
      - nosniff
      X-Frame-Options:
      - deny
      home-cluster-uri:
      - https://wabi-us-central-b-primary-redirect.analysis.windows.net/
      request-redirected:
      - 'true'
    status:
      code: 200
      message: OK
- request:
    body: null
    headers:
      Accept:
      - '*/*'
      Accept-Encoding:
      - gzip, deflate
      Connection:
      - keep-alive
      Content-Length:
      - '0'
      Content-Type:
      - application/json
      User-Agent:
      - ms-fabric-cli-test/1.3.1
    method: DELETE
    uri: https://api.fabric.microsoft.com/v1/workspaces/368f354f-9d92-4982-b04b-9c397928cdf0/folders/7db5be11-34c2-4179-814c-1e3d20f480b9
  response:
    body:
      string: ''
    headers:
      Access-Control-Expose-Headers:
      - RequestId
      Cache-Control:
      - no-store, must-revalidate, no-cache
      Content-Encoding:
      - gzip
      Content-Length:
      - '0'
      Content-Type:
      - application/octet-stream
      Date:
      - Thu, 29 Jan 2026 07:35:26 GMT
      Pragma:
      - no-cache
      RequestId:
      - 4d4ca82a-bcc8-4655-9b5c-9441a2d9be4b
      Strict-Transport-Security:
      - max-age=31536000; includeSubDomains
      X-Content-Type-Options:
      - nosniff
      X-Frame-Options:
      - deny
      home-cluster-uri:
      - https://wabi-us-central-b-primary-redirect.analysis.windows.net/
      request-redirected:
      - 'true'
    status:
      code: 200
      message: OK
version: 1
