interactions:
- request:
    body: null
    headers:
      Accept:
      - '*/*'
      Accept-Encoding:
      - gzip, deflate
      Connection:
      - keep-alive
      Content-Type:
      - application/json
      User-Agent:
      - ms-fabric-cli-test/1.3.1
    method: GET
    uri: https://api.fabric.microsoft.com/v1/workspaces
  response:
    body:
      string: '{"value": [{"id": "3634a139-2c9e-4205-910b-3b089a31be47", "displayName":
        "My workspace", "description": "", "type": "Personal"}, {"id": "368f354f-9d92-4982-b04b-9c397928cdf0",
        "displayName": "fabriccli_WorkspacePerTestclass_000001", "description": "Created
        by fab", "type": "Workspace", "capacityId": "00000000-0000-0000-0000-000000000004"}]}'
    headers:
      Access-Control-Expose-Headers:
      - RequestId
      Cache-Control:
      - no-store, must-revalidate, no-cache
      Content-Encoding:
      - gzip
      Content-Length:
      - '2304'
      Content-Type:
      - application/json; charset=utf-8
      Date:
      - Thu, 29 Jan 2026 06:40:01 GMT
      Pragma:
      - no-cache
      RequestId:
      - 43731af5-092c-412e-bfd1-a50d749d8fea
      Strict-Transport-Security:
      - max-age=31536000; includeSubDomains
      X-Content-Type-Options:
      - nosniff
      X-Frame-Options:
      - deny
      home-cluster-uri:
      - https://wabi-us-central-b-primary-redirect.analysis.windows.net/
      request-redirected:
      - 'true'
    status:
      code: 200
      message: OK
- request:
    body: null
    headers:
      Accept:
      - '*/*'
      Accept-Encoding:
      - gzip, deflate
      Connection:
      - keep-alive
      Content-Type:
      - application/json
      User-Agent:
      - ms-fabric-cli-test/1.3.1
    method: GET
    uri: https://api.fabric.microsoft.com/v1/workspaces/368f354f-9d92-4982-b04b-9c397928cdf0/items
  response:
    body:
      string: '{"value": [{"id": "c0655a25-e6f8-4858-b332-e84f704df3c0", "type": "SemanticModel",
        "displayName": "fabcli000001_auto", "description": "", "workspaceId": "368f354f-9d92-4982-b04b-9c397928cdf0"}]}'
    headers:
      Access-Control-Expose-Headers:
      - RequestId
      Cache-Control:
      - no-store, must-revalidate, no-cache
      Content-Encoding:
      - gzip
      Content-Length:
      - '176'
      Content-Type:
      - application/json; charset=utf-8
      Date:
      - Thu, 29 Jan 2026 06:40:02 GMT
      Pragma:
      - no-cache
      RequestId:
      - 0a126181-f8c3-41ae-b6d3-b09e08c7638c
      Strict-Transport-Security:
      - max-age=31536000; includeSubDomains
      X-Content-Type-Options:
      - nosniff
      X-Frame-Options:
      - deny
      home-cluster-uri:
      - https://wabi-us-central-b-primary-redirect.analysis.windows.net/
      request-redirected:
      - 'true'
    status:
      code: 200
      message: OK
- request:
    body: null
    headers:
      Accept:
      - '*/*'
      Accept-Encoding:
      - gzip, deflate
      Connection:
      - keep-alive
      Content-Type:
      - application/json
      User-Agent:
      - ms-fabric-cli-test/1.3.1
    method: GET
    uri: https://api.fabric.microsoft.com/v1/workspaces/368f354f-9d92-4982-b04b-9c397928cdf0/items
  response:
    body:
      string: '{"value": [{"id": "c0655a25-e6f8-4858-b332-e84f704df3c0", "type": "SemanticModel",
        "displayName": "fabcli000001_auto", "description": "", "workspaceId": "368f354f-9d92-4982-b04b-9c397928cdf0"}]}'
    headers:
      Access-Control-Expose-Headers:
      - RequestId
      Cache-Control:
      - no-store, must-revalidate, no-cache
      Content-Encoding:
      - gzip
      Content-Length:
      - '176'
      Content-Type:
      - application/json; charset=utf-8
      Date:
      - Thu, 29 Jan 2026 06:40:03 GMT
      Pragma:
      - no-cache
      RequestId:
      - 3f92b055-af52-478b-a560-658dd13e59ef
      Strict-Transport-Security:
      - max-age=31536000; includeSubDomains
      X-Content-Type-Options:
      - nosniff
      X-Frame-Options:
      - deny
      home-cluster-uri:
      - https://wabi-us-central-b-primary-redirect.analysis.windows.net/
      request-redirected:
      - 'true'
    status:
      code: 200
      message: OK
- request:
    body: '{"description": "Created by fab", "displayName": "fabcli000001", "type":
      "SQLDatabase", "folderId": null}'
    headers:
      Accept:
      - '*/*'
      Accept-Encoding:
      - gzip, deflate
      Connection:
      - keep-alive
      Content-Length:
      - '109'
      Content-Type:
      - application/json
      User-Agent:
      - ms-fabric-cli-test/1.3.1
    method: POST
    uri: https://api.fabric.microsoft.com/v1/workspaces/368f354f-9d92-4982-b04b-9c397928cdf0/sqlDatabases
  response:
    body:
      string: 'null'
    headers:
      Access-Control-Expose-Headers:
      - RequestId,Location,Retry-After,ETag,x-ms-operation-id
      Cache-Control:
      - no-store, must-revalidate, no-cache
      Content-Encoding:
      - gzip
      Content-Length:
      - '24'
      Content-Type:
      - application/json; charset=utf-8
      Date:
      - Thu, 29 Jan 2026 06:40:05 GMT
      ETag:
      - '""'
      Location:
      - https://wabi-us-central-b-primary-redirect.analysis.windows.net/v1/operations/901f3391-d4b3-4fb9-82b4-6f815a1836fe
      Pragma:
      - no-cache
      RequestId:
      - 6cf1b655-321e-4c6f-a319-72263e498d59
      Retry-After:
      - '20'
      Strict-Transport-Security:
      - max-age=31536000; includeSubDomains
      X-Content-Type-Options:
      - nosniff
      X-Frame-Options:
      - deny
      home-cluster-uri:
      - https://wabi-us-central-b-primary-redirect.analysis.windows.net/
      request-redirected:
      - 'true'
      x-ms-operation-id:
      - 901f3391-d4b3-4fb9-82b4-6f815a1836fe
    status:
      code: 202
      message: Accepted
- request:
    body: null
    headers:
      Accept:
      - '*/*'
      Accept-Encoding:
      - gzip, deflate
      Connection:
      - keep-alive
      Content-Type:
      - application/json
      User-Agent:
      - ms-fabric-cli-test/1.3.1
    method: GET
    uri: https://wabi-us-central-b-primary-redirect.analysis.windows.net/v1/operations/901f3391-d4b3-4fb9-82b4-6f815a1836fe
  response:
    body:
      string: '{"status": "Succeeded", "createdTimeUtc": "2026-01-29T06:40:04.7876482",
        "lastUpdatedTimeUtc": "2026-01-29T06:40:22.2170897", "percentComplete": 100,
        "error": null}'
    headers:
      Access-Control-Expose-Headers:
      - RequestId,Location,x-ms-operation-id
      Cache-Control:
      - no-store, must-revalidate, no-cache
      Content-Encoding:
      - gzip
      Content-Length:
      - '130'
      Content-Type:
      - application/json; charset=utf-8
      Date:
      - Thu, 29 Jan 2026 06:40:27 GMT
      Location:
      - https://wabi-us-central-b-primary-redirect.analysis.windows.net/v1/operations/901f3391-d4b3-4fb9-82b4-6f815a1836fe/result
      Pragma:
      - no-cache
      RequestId:
      - 489db585-9456-4e27-a230-4e7131e6b3a7
      Strict-Transport-Security:
      - max-age=31536000; includeSubDomains
      X-Content-Type-Options:
      - nosniff
      X-Frame-Options:
      - deny
      x-ms-operation-id:
      - 901f3391-d4b3-4fb9-82b4-6f815a1836fe
    status:
      code: 200
      message: OK
- request:
    body: null
    headers:
      Accept:
      - '*/*'
      Accept-Encoding:
      - gzip, deflate
      Connection:
      - keep-alive
      Content-Type:
      - application/json
      User-Agent:
      - ms-fabric-cli-test/1.3.1
    method: GET
    uri: https://wabi-us-central-b-primary-redirect.analysis.windows.net/v1/operations/901f3391-d4b3-4fb9-82b4-6f815a1836fe/result
  response:
    body:
      string: '{"id": "fb104204-178f-48cd-9a27-baf8a25a0e89", "type": "SQLDatabase",
        "displayName": "fabcli000001", "description": "Created by fab", "workspaceId":
        "368f354f-9d92-4982-b04b-9c397928cdf0"}'
    headers:
      Access-Control-Expose-Headers:
      - RequestId
      Cache-Control:
      - no-store, must-revalidate, no-cache
      Content-Encoding:
      - gzip
      Content-Type:
      - application/json
      Date:
      - Thu, 29 Jan 2026 06:40:27 GMT
      Pragma:
      - no-cache
      RequestId:
      - d9b95d48-7d79-4d09-ab79-51bb1cc79ea0
      Strict-Transport-Security:
      - max-age=31536000; includeSubDomains
      Transfer-Encoding:
      - chunked
      X-Content-Type-Options:
      - nosniff
      X-Frame-Options:
      - deny
    status:
      code: 200
      message: OK
- request:
    body: null
    headers:
      Accept:
      - '*/*'
      Accept-Encoding:
      - gzip, deflate
      Connection:
      - keep-alive
      Content-Type:
      - application/json
      User-Agent:
      - ms-fabric-cli-test/1.3.1
    method: GET
    uri: https://api.fabric.microsoft.com/v1/workspaces
  response:
    body:
      string: '{"value": [{"id": "3634a139-2c9e-4205-910b-3b089a31be47", "displayName":
        "My workspace", "description": "", "type": "Personal"}, {"id": "368f354f-9d92-4982-b04b-9c397928cdf0",
        "displayName": "fabriccli_WorkspacePerTestclass_000001", "description": "Created
        by fab", "type": "Workspace", "capacityId": "00000000-0000-0000-0000-000000000004"}]}'
    headers:
      Access-Control-Expose-Headers:
      - RequestId
      Cache-Control:
      - no-store, must-revalidate, no-cache
      Content-Encoding:
      - gzip
      Content-Length:
      - '2304'
      Content-Type:
      - application/json; charset=utf-8
      Date:
      - Thu, 29 Jan 2026 06:40:28 GMT
      Pragma:
      - no-cache
      RequestId:
      - 9640ba05-0c6b-45db-aa0a-e87169e53690
      Strict-Transport-Security:
      - max-age=31536000; includeSubDomains
      X-Content-Type-Options:
      - nosniff
      X-Frame-Options:
      - deny
      home-cluster-uri:
      - https://wabi-us-central-b-primary-redirect.analysis.windows.net/
      request-redirected:
      - 'true'
    status:
      code: 200
      message: OK
- request:
    body: null
    headers:
      Accept:
      - '*/*'
      Accept-Encoding:
      - gzip, deflate
      Connection:
      - keep-alive
      Content-Type:
      - application/json
      User-Agent:
      - ms-fabric-cli-test/1.3.1
    method: GET
    uri: https://api.fabric.microsoft.com/v1/workspaces/368f354f-9d92-4982-b04b-9c397928cdf0/items
  response:
    body:
      string: '{"value": [{"id": "c0655a25-e6f8-4858-b332-e84f704df3c0", "type": "SemanticModel",
        "displayName": "fabcli000001_auto", "description": "", "workspaceId": "368f354f-9d92-4982-b04b-9c397928cdf0"},
        {"id": "fb104204-178f-48cd-9a27-baf8a25a0e89", "type": "SQLDatabase", "displayName":
        "fabcli000001", "description": "Created by fab", "workspaceId": "368f354f-9d92-4982-b04b-9c397928cdf0"}]}'
    headers:
      Access-Control-Expose-Headers:
      - RequestId
      Cache-Control:
      - no-store, must-revalidate, no-cache
      Content-Encoding:
      - gzip
      Content-Length:
      - '244'
      Content-Type:
      - application/json; charset=utf-8
      Date:
      - Thu, 29 Jan 2026 06:40:29 GMT
      Pragma:
      - no-cache
      RequestId:
      - 94c754ef-8d3b-411a-8585-6e9c7e1b38f8
      Strict-Transport-Security:
      - max-age=31536000; includeSubDomains
      X-Content-Type-Options:
      - nosniff
      X-Frame-Options:
      - deny
      home-cluster-uri:
      - https://wabi-us-central-b-primary-redirect.analysis.windows.net/
      request-redirected:
      - 'true'
    status:
      code: 200
      message: OK
- request:
    body: null
    headers:
      Accept:
      - '*/*'
      Accept-Encoding:
      - gzip, deflate
      Connection:
      - keep-alive
      Content-Type:
      - application/json
      User-Agent:
      - ms-fabric-cli-test/1.3.1
    method: GET
    uri: https://api.fabric.microsoft.com/v1/workspaces/368f354f-9d92-4982-b04b-9c397928cdf0/folders?recursive=True
  response:
    body:
      string: '{"value": []}'
    headers:
      Access-Control-Expose-Headers:
      - RequestId
      Cache-Control:
      - no-store, must-revalidate, no-cache
      Content-Encoding:
      - gzip
      Content-Length:
      - '32'
      Content-Type:
      - application/json; charset=utf-8
      Date:
      - Thu, 29 Jan 2026 06:40:30 GMT
      Pragma:
      - no-cache
      RequestId:
      - 743652b2-2bdd-470a-a832-e0d8f729da70
      Strict-Transport-Security:
      - max-age=31536000; includeSubDomains
      X-Content-Type-Options:
      - nosniff
      X-Frame-Options:
      - deny
      home-cluster-uri:
      - https://wabi-us-central-b-primary-redirect.analysis.windows.net/
      request-redirected:
      - 'true'
    status:
      code: 200
      message: OK
- request:
    body: null
    headers:
      Accept:
      - '*/*'
      Accept-Encoding:
      - gzip, deflate
      Connection:
      - keep-alive
      Content-Type:
      - application/json
      User-Agent:
      - ms-fabric-cli-test/1.3.1
    method: GET
    uri: https://api.fabric.microsoft.com/v1/workspaces
  response:
    body:
      string: '{"value": [{"id": "3634a139-2c9e-4205-910b-3b089a31be47", "displayName":
        "My workspace", "description": "", "type": "Personal"}, {"id": "368f354f-9d92-4982-b04b-9c397928cdf0",
        "displayName": "fabriccli_WorkspacePerTestclass_000001", "description": "Created
        by fab", "type": "Workspace", "capacityId": "00000000-0000-0000-0000-000000000004"}]}'
    headers:
      Access-Control-Expose-Headers:
      - RequestId
      Cache-Control:
      - no-store, must-revalidate, no-cache
      Content-Encoding:
      - gzip
      Content-Length:
      - '2304'
      Content-Type:
      - application/json; charset=utf-8
      Date:
      - Thu, 29 Jan 2026 06:40:31 GMT
      Pragma:
      - no-cache
      RequestId:
      - ab835a14-a66e-49d6-8e10-a6581cdc49ed
      Strict-Transport-Security:
      - max-age=31536000; includeSubDomains
      X-Content-Type-Options:
      - nosniff
      X-Frame-Options:
      - deny
      home-cluster-uri:
      - https://wabi-us-central-b-primary-redirect.analysis.windows.net/
      request-redirected:
      - 'true'
    status:
      code: 200
      message: OK
- request:
    body: null
    headers:
      Accept:
      - '*/*'
      Accept-Encoding:
      - gzip, deflate
      Connection:
      - keep-alive
      Content-Type:
      - application/json
      User-Agent:
      - ms-fabric-cli-test/1.3.1
    method: GET
    uri: https://api.fabric.microsoft.com/v1/workspaces/368f354f-9d92-4982-b04b-9c397928cdf0/items
  response:
    body:
      string: '{"value": [{"id": "c0655a25-e6f8-4858-b332-e84f704df3c0", "type": "SemanticModel",
        "displayName": "fabcli000001_auto", "description": "", "workspaceId": "368f354f-9d92-4982-b04b-9c397928cdf0"},
        {"id": "fb104204-178f-48cd-9a27-baf8a25a0e89", "type": "SQLDatabase", "displayName":
        "fabcli000001", "description": "Created by fab", "workspaceId": "368f354f-9d92-4982-b04b-9c397928cdf0"}]}'
    headers:
      Access-Control-Expose-Headers:
      - RequestId
      Cache-Control:
      - no-store, must-revalidate, no-cache
      Content-Encoding:
      - gzip
      Content-Length:
      - '244'
      Content-Type:
      - application/json; charset=utf-8
      Date:
      - Thu, 29 Jan 2026 06:40:31 GMT
      Pragma:
      - no-cache
      RequestId:
      - 29d5e196-fd27-4554-b1aa-f4dc08e64865
      Strict-Transport-Security:
      - max-age=31536000; includeSubDomains
      X-Content-Type-Options:
      - nosniff
      X-Frame-Options:
      - deny
      home-cluster-uri:
      - https://wabi-us-central-b-primary-redirect.analysis.windows.net/
      request-redirected:
      - 'true'
    status:
      code: 200
      message: OK
- request:
    body: null
    headers:
      Accept:
      - '*/*'
      Accept-Encoding:
      - gzip, deflate
      Connection:
      - keep-alive
      Content-Type:
      - application/json
      User-Agent:
      - ms-fabric-cli-test/1.3.1
    method: GET
    uri: https://api.fabric.microsoft.com/v1/workspaces/368f354f-9d92-4982-b04b-9c397928cdf0/folders?recursive=True
  response:
    body:
      string: '{"value": []}'
    headers:
      Access-Control-Expose-Headers:
      - RequestId
      Cache-Control:
      - no-store, must-revalidate, no-cache
      Content-Encoding:
      - gzip
      Content-Length:
      - '32'
      Content-Type:
      - application/json; charset=utf-8
      Date:
      - Thu, 29 Jan 2026 06:40:31 GMT
      Pragma:
      - no-cache
      RequestId:
      - 86f2f782-3b64-40b4-b163-a840b10df154
      Strict-Transport-Security:
      - max-age=31536000; includeSubDomains
      X-Content-Type-Options:
      - nosniff
      X-Frame-Options:
      - deny
      home-cluster-uri:
      - https://wabi-us-central-b-primary-redirect.analysis.windows.net/
      request-redirected:
      - 'true'
    status:
      code: 200
      message: OK
- request:
    body: null
    headers:
      Accept:
      - '*/*'
      Accept-Encoding:
      - gzip, deflate
      Connection:
      - keep-alive
      Content-Type:
      - application/json
      User-Agent:
      - ms-fabric-cli-test/1.3.1
    method: GET
    uri: https://api.fabric.microsoft.com/v1/workspaces
  response:
    body:
      string: '{"value": [{"id": "3634a139-2c9e-4205-910b-3b089a31be47", "displayName":
        "My workspace", "description": "", "type": "Personal"}, {"id": "368f354f-9d92-4982-b04b-9c397928cdf0",
        "displayName": "fabriccli_WorkspacePerTestclass_000001", "description": "Created
        by fab", "type": "Workspace", "capacityId": "00000000-0000-0000-0000-000000000004"}]}'
    headers:
      Access-Control-Expose-Headers:
      - RequestId
      Cache-Control:
      - no-store, must-revalidate, no-cache
      Content-Encoding:
      - gzip
      Content-Length:
      - '2304'
      Content-Type:
      - application/json; charset=utf-8
      Date:
      - Thu, 29 Jan 2026 06:40:32 GMT
      Pragma:
      - no-cache
      RequestId:
      - 20d658b9-63dc-466c-8ddf-7bd14f6d0768
      Strict-Transport-Security:
      - max-age=31536000; includeSubDomains
      X-Content-Type-Options:
      - nosniff
      X-Frame-Options:
      - deny
      home-cluster-uri:
      - https://wabi-us-central-b-primary-redirect.analysis.windows.net/
      request-redirected:
      - 'true'
    status:
      code: 200
      message: OK
- request:
    body: null
    headers:
      Accept:
      - '*/*'
      Accept-Encoding:
      - gzip, deflate
      Connection:
      - keep-alive
      Content-Type:
      - application/json
      User-Agent:
      - ms-fabric-cli-test/1.3.1
    method: GET
    uri: https://api.fabric.microsoft.com/v1/workspaces/368f354f-9d92-4982-b04b-9c397928cdf0/items
  response:
    body:
      string: '{"value": [{"id": "c0655a25-e6f8-4858-b332-e84f704df3c0", "type": "SemanticModel",
        "displayName": "fabcli000001_auto", "description": "", "workspaceId": "368f354f-9d92-4982-b04b-9c397928cdf0"},
        {"id": "fb104204-178f-48cd-9a27-baf8a25a0e89", "type": "SQLDatabase", "displayName":
        "fabcli000001", "description": "Created by fab", "workspaceId": "368f354f-9d92-4982-b04b-9c397928cdf0"}]}'
    headers:
      Access-Control-Expose-Headers:
      - RequestId
      Cache-Control:
      - no-store, must-revalidate, no-cache
      Content-Encoding:
      - gzip
      Content-Length:
      - '244'
      Content-Type:
      - application/json; charset=utf-8
      Date:
      - Thu, 29 Jan 2026 06:40:33 GMT
      Pragma:
      - no-cache
      RequestId:
      - a3c5e66b-ca30-4da6-b50d-a8d6c5688ad3
      Strict-Transport-Security:
      - max-age=31536000; includeSubDomains
      X-Content-Type-Options:
      - nosniff
      X-Frame-Options:
      - deny
      home-cluster-uri:
      - https://wabi-us-central-b-primary-redirect.analysis.windows.net/
      request-redirected:
      - 'true'
    status:
      code: 200
      message: OK
- request:
    body: null
    headers:
      Accept:
      - '*/*'
      Accept-Encoding:
      - gzip, deflate
      Connection:
      - keep-alive
      Content-Type:
      - application/json
      User-Agent:
      - ms-fabric-cli-test/1.3.1
    method: GET
    uri: https://api.fabric.microsoft.com/v1/workspaces/368f354f-9d92-4982-b04b-9c397928cdf0/folders?recursive=True
  response:
    body:
      string: '{"value": []}'
    headers:
      Access-Control-Expose-Headers:
      - RequestId
      Cache-Control:
      - no-store, must-revalidate, no-cache
      Content-Encoding:
      - gzip
      Content-Length:
      - '32'
      Content-Type:
      - application/json; charset=utf-8
      Date:
      - Thu, 29 Jan 2026 06:40:34 GMT
      Pragma:
      - no-cache
      RequestId:
      - c753f1a5-b787-4b11-bd76-8b29bc0ca40c
      Strict-Transport-Security:
      - max-age=31536000; includeSubDomains
      X-Content-Type-Options:
      - nosniff
      X-Frame-Options:
      - deny
      home-cluster-uri:
      - https://wabi-us-central-b-primary-redirect.analysis.windows.net/
      request-redirected:
      - 'true'
    status:
      code: 200
      message: OK
- request:
    body: null
    headers:
      Accept:
      - '*/*'
      Accept-Encoding:
      - gzip, deflate
      Connection:
      - keep-alive
      Content-Type:
      - application/json
      User-Agent:
      - ms-fabric-cli-test/1.3.1
    method: GET
    uri: https://api.fabric.microsoft.com/v1/workspaces
  response:
    body:
      string: '{"value": [{"id": "3634a139-2c9e-4205-910b-3b089a31be47", "displayName":
        "My workspace", "description": "", "type": "Personal"}, {"id": "368f354f-9d92-4982-b04b-9c397928cdf0",
        "displayName": "fabriccli_WorkspacePerTestclass_000001", "description": "Created
        by fab", "type": "Workspace", "capacityId": "00000000-0000-0000-0000-000000000004"}]}'
    headers:
      Access-Control-Expose-Headers:
      - RequestId
      Cache-Control:
      - no-store, must-revalidate, no-cache
      Content-Encoding:
      - gzip
      Content-Length:
      - '2304'
      Content-Type:
      - application/json; charset=utf-8
      Date:
      - Thu, 29 Jan 2026 06:40:34 GMT
      Pragma:
      - no-cache
      RequestId:
      - 5e8164e2-a2a3-45a0-bf24-34d2b0d95261
      Strict-Transport-Security:
      - max-age=31536000; includeSubDomains
      X-Content-Type-Options:
      - nosniff
      X-Frame-Options:
      - deny
      home-cluster-uri:
      - https://wabi-us-central-b-primary-redirect.analysis.windows.net/
      request-redirected:
      - 'true'
    status:
      code: 200
      message: OK
- request:
    body: null
    headers:
      Accept:
      - '*/*'
      Accept-Encoding:
      - gzip, deflate
      Connection:
      - keep-alive
      Content-Type:
      - application/json
      User-Agent:
      - ms-fabric-cli-test/1.3.1
    method: GET
    uri: https://api.fabric.microsoft.com/v1/workspaces/368f354f-9d92-4982-b04b-9c397928cdf0/items
  response:
    body:
      string: '{"value": [{"id": "c0655a25-e6f8-4858-b332-e84f704df3c0", "type": "SemanticModel",
        "displayName": "fabcli000001_auto", "description": "", "workspaceId": "368f354f-9d92-4982-b04b-9c397928cdf0"},
        {"id": "ca564102-cfeb-4fe2-9646-5b3f53bf819e", "type": "SQLEndpoint", "displayName":
        "fabcli000001", "description": "", "workspaceId": "368f354f-9d92-4982-b04b-9c397928cdf0"},
        {"id": "fb104204-178f-48cd-9a27-baf8a25a0e89", "type": "SQLDatabase", "displayName":
        "fabcli000001", "description": "Created by fab", "workspaceId": "368f354f-9d92-4982-b04b-9c397928cdf0"}]}'
    headers:
      Access-Control-Expose-Headers:
      - RequestId
      Cache-Control:
      - no-store, must-revalidate, no-cache
      Content-Encoding:
      - gzip
      Content-Length:
      - '278'
      Content-Type:
      - application/json; charset=utf-8
      Date:
      - Thu, 29 Jan 2026 06:40:34 GMT
      Pragma:
      - no-cache
      RequestId:
      - e705b846-2c0e-469b-86b9-59196c494304
      Strict-Transport-Security:
      - max-age=31536000; includeSubDomains
      X-Content-Type-Options:
      - nosniff
      X-Frame-Options:
      - deny
      home-cluster-uri:
      - https://wabi-us-central-b-primary-redirect.analysis.windows.net/
      request-redirected:
      - 'true'
    status:
      code: 200
      message: OK
- request:
    body: null
    headers:
      Accept:
      - '*/*'
      Accept-Encoding:
      - gzip, deflate
      Connection:
      - keep-alive
      Content-Type:
      - application/json
      User-Agent:
      - ms-fabric-cli-test/1.3.1
    method: GET
    uri: https://api.fabric.microsoft.com/v1/workspaces/368f354f-9d92-4982-b04b-9c397928cdf0/folders?recursive=True
  response:
    body:
      string: '{"value": []}'
    headers:
      Access-Control-Expose-Headers:
      - RequestId
      Cache-Control:
      - no-store, must-revalidate, no-cache
      Content-Encoding:
      - gzip
      Content-Length:
      - '32'
      Content-Type:
      - application/json; charset=utf-8
      Date:
      - Thu, 29 Jan 2026 06:40:36 GMT
      Pragma:
      - no-cache
      RequestId:
      - 1ffb9274-c10a-4e51-978a-2ef74b5f2ae3
      Strict-Transport-Security:
      - max-age=31536000; includeSubDomains
      X-Content-Type-Options:
      - nosniff
      X-Frame-Options:
      - deny
      home-cluster-uri:
      - https://wabi-us-central-b-primary-redirect.analysis.windows.net/
      request-redirected:
      - 'true'
    status:
      code: 200
      message: OK
- request:
    body: null
    headers:
      Accept:
      - '*/*'
      Accept-Encoding:
      - gzip, deflate
      Connection:
      - keep-alive
      Content-Type:
      - application/json
      User-Agent:
      - ms-fabric-cli-test/1.3.1
    method: GET
    uri: https://api.fabric.microsoft.com/v1/workspaces
  response:
    body:
      string: '{"value": [{"id": "3634a139-2c9e-4205-910b-3b089a31be47", "displayName":
        "My workspace", "description": "", "type": "Personal"}, {"id": "368f354f-9d92-4982-b04b-9c397928cdf0",
        "displayName": "fabriccli_WorkspacePerTestclass_000001", "description": "Created
        by fab", "type": "Workspace", "capacityId": "00000000-0000-0000-0000-000000000004"}]}'
    headers:
      Access-Control-Expose-Headers:
      - RequestId
      Cache-Control:
      - no-store, must-revalidate, no-cache
      Content-Encoding:
      - gzip
      Content-Length:
      - '2304'
      Content-Type:
      - application/json; charset=utf-8
      Date:
      - Thu, 29 Jan 2026 06:40:36 GMT
      Pragma:
      - no-cache
      RequestId:
      - d013293a-0908-413c-8215-9e32fff1b5f0
      Strict-Transport-Security:
      - max-age=31536000; includeSubDomains
      X-Content-Type-Options:
      - nosniff
      X-Frame-Options:
      - deny
      home-cluster-uri:
      - https://wabi-us-central-b-primary-redirect.analysis.windows.net/
      request-redirected:
      - 'true'
    status:
      code: 200
      message: OK
- request:
    body: null
    headers:
      Accept:
      - '*/*'
      Accept-Encoding:
      - gzip, deflate
      Connection:
      - keep-alive
      Content-Type:
      - application/json
      User-Agent:
      - ms-fabric-cli-test/1.3.1
    method: GET
    uri: https://api.fabric.microsoft.com/v1/workspaces/368f354f-9d92-4982-b04b-9c397928cdf0/items
  response:
    body:
      string: '{"value": [{"id": "c0655a25-e6f8-4858-b332-e84f704df3c0", "type": "SemanticModel",
        "displayName": "fabcli000001_auto", "description": "", "workspaceId": "368f354f-9d92-4982-b04b-9c397928cdf0"},
        {"id": "ca564102-cfeb-4fe2-9646-5b3f53bf819e", "type": "SQLEndpoint", "displayName":
        "fabcli000001", "description": "", "workspaceId": "368f354f-9d92-4982-b04b-9c397928cdf0"},
        {"id": "fb104204-178f-48cd-9a27-baf8a25a0e89", "type": "SQLDatabase", "displayName":
        "fabcli000001", "description": "Created by fab", "workspaceId": "368f354f-9d92-4982-b04b-9c397928cdf0"}]}'
    headers:
      Access-Control-Expose-Headers:
      - RequestId
      Cache-Control:
      - no-store, must-revalidate, no-cache
      Content-Encoding:
      - gzip
      Content-Length:
      - '278'
      Content-Type:
      - application/json; charset=utf-8
      Date:
      - Thu, 29 Jan 2026 06:40:37 GMT
      Pragma:
      - no-cache
      RequestId:
      - 97c996cb-9bb8-4482-9c19-276d50a51d8f
      Strict-Transport-Security:
      - max-age=31536000; includeSubDomains
      X-Content-Type-Options:
      - nosniff
      X-Frame-Options:
      - deny
      home-cluster-uri:
      - https://wabi-us-central-b-primary-redirect.analysis.windows.net/
      request-redirected:
      - 'true'
    status:
      code: 200
      message: OK
- request:
    body: null
    headers:
      Accept:
      - '*/*'
      Accept-Encoding:
      - gzip, deflate
      Connection:
      - keep-alive
      Content-Length:
      - '0'
      Content-Type:
      - application/json
      User-Agent:
      - ms-fabric-cli-test/1.3.1
    method: DELETE
    uri: https://api.fabric.microsoft.com/v1/workspaces/368f354f-9d92-4982-b04b-9c397928cdf0/items/fb104204-178f-48cd-9a27-baf8a25a0e89
  response:
    body:
      string: ''
    headers:
      Access-Control-Expose-Headers:
      - RequestId
      Cache-Control:
      - no-store, must-revalidate, no-cache
      Content-Encoding:
      - gzip
      Content-Length:
      - '0'
      Content-Type:
      - application/octet-stream
      Date:
      - Thu, 29 Jan 2026 06:40:38 GMT
      Pragma:
      - no-cache
      RequestId:
      - 1298d130-cca8-45dc-ba1a-5593cc7a0b1a
      Strict-Transport-Security:
      - max-age=31536000; includeSubDomains
      X-Content-Type-Options:
      - nosniff
      X-Frame-Options:
      - deny
      home-cluster-uri:
      - https://wabi-us-central-b-primary-redirect.analysis.windows.net/
      request-redirected:
      - 'true'
    status:
      code: 200
      message: OK
version: 1
