interactions:
- request:
    body: null
    headers:
      Accept:
      - '*/*'
      Accept-Encoding:
      - gzip, deflate
      Connection:
      - keep-alive
      Content-Type:
      - application/json
      User-Agent:
      - ms-fabric-cli-test/1.1.0.rc2
    method: GET
    uri: https://api.fabric.microsoft.com/v1/admin/domains
  response:
    body:
      string: '{"domains": []}'
    headers:
      Access-Control-Expose-Headers:
      - RequestId
      Cache-Control:
      - no-store, must-revalidate, no-cache
      Content-Encoding:
      - gzip
      Content-Length:
      - '825'
      Content-Type:
      - application/json; charset=utf-8
      Date:
      - Mon, 08 Sep 2025 17:19:48 GMT
      Pragma:
      - no-cache
      RequestId:
      - 960c20dc-343e-43c6-8f80-19d46c9630d7
      Strict-Transport-Security:
      - max-age=31536000; includeSubDomains
      X-Content-Type-Options:
      - nosniff
      X-Frame-Options:
      - deny
      home-cluster-uri:
      - https://wabi-west-europe-redirect.analysis.windows.net/
      request-redirected:
      - 'true'
    status:
      code: 200
      message: OK
- request:
    body: '{"displayName": "fabcli000001"}'
    headers:
      Accept:
      - '*/*'
      Accept-Encoding:
      - gzip, deflate
      Connection:
      - keep-alive
      Content-Length:
      - '35'
      Content-Type:
      - application/json
      User-Agent:
      - ms-fabric-cli-test/1.1.0.rc2
    method: POST
    uri: https://api.fabric.microsoft.com/v1/admin/domains
  response:
    body:
      string: '{"contributorsScope": "AllTenant", "id": "38b8b024-e69b-4f21-9644-dfe5b0e60031",
        "displayName": "fabcli000001", "description": ""}'
    headers:
      Access-Control-Expose-Headers:
      - RequestId,Location
      Cache-Control:
      - no-store, must-revalidate, no-cache
      Content-Encoding:
      - gzip
      Content-Length:
      - '133'
      Content-Type:
      - application/json; charset=utf-8
      Date:
      - Mon, 08 Sep 2025 17:19:49 GMT
      Location:
      - https://api.fabric.microsoft.com/v1/admin/domains/38b8b024-e69b-4f21-9644-dfe5b0e60031
      Pragma:
      - no-cache
      RequestId:
      - f8fdd81f-4c6a-4dec-985c-8160a16b4093
      Strict-Transport-Security:
      - max-age=31536000; includeSubDomains
      X-Content-Type-Options:
      - nosniff
      X-Frame-Options:
      - deny
      home-cluster-uri:
      - https://wabi-west-europe-redirect.analysis.windows.net/
      request-redirected:
      - 'true'
    status:
      code: 201
      message: Created
- request:
    body: null
    headers:
      Accept:
      - '*/*'
      Accept-Encoding:
      - gzip, deflate
      Connection:
      - keep-alive
      Content-Type:
      - application/json
      User-Agent:
      - ms-fabric-cli-test/1.1.0.rc2
    method: GET
    uri: https://api.fabric.microsoft.com/v1/admin/domains
  response:
    body:
      string: '{"domains": [{"contributorsScope": "AllTenant", "id": "38b8b024-e69b-4f21-9644-dfe5b0e60031",
        "displayName": "fabcli000001", "description": ""}]}'
    headers:
      Access-Control-Expose-Headers:
      - RequestId
      Cache-Control:
      - no-store, must-revalidate, no-cache
      Content-Encoding:
      - gzip
      Content-Length:
      - '860'
      Content-Type:
      - application/json; charset=utf-8
      Date:
      - Mon, 08 Sep 2025 17:19:50 GMT
      Pragma:
      - no-cache
      RequestId:
      - a8ccac84-5611-4e6b-8f02-08e22baa4e28
      Strict-Transport-Security:
      - max-age=31536000; includeSubDomains
      X-Content-Type-Options:
      - nosniff
      X-Frame-Options:
      - deny
      home-cluster-uri:
      - https://wabi-west-europe-redirect.analysis.windows.net/
      request-redirected:
      - 'true'
    status:
      code: 200
      message: OK
- request:
    body: null
    headers:
      Accept:
      - '*/*'
      Accept-Encoding:
      - gzip, deflate
      Connection:
      - keep-alive
      Content-Type:
      - application/json
      User-Agent:
      - ms-fabric-cli-test/1.1.0.rc2
    method: GET
    uri: https://api.fabric.microsoft.com/v1/admin/domains
  response:
    body:
      string: '{"domains": [{"contributorsScope": "AllTenant", "id": "38b8b024-e69b-4f21-9644-dfe5b0e60031",
        "displayName": "fabcli000001", "description": ""}]}'
    headers:
      Access-Control-Expose-Headers:
      - RequestId
      Cache-Control:
      - no-store, must-revalidate, no-cache
      Content-Encoding:
      - gzip
      Content-Length:
      - '860'
      Content-Type:
      - application/json; charset=utf-8
      Date:
      - Mon, 08 Sep 2025 17:19:49 GMT
      Pragma:
      - no-cache
      RequestId:
      - 353cc842-f548-4a3d-8b47-1ac2c6f43bdb
      Strict-Transport-Security:
      - max-age=31536000; includeSubDomains
      X-Content-Type-Options:
      - nosniff
      X-Frame-Options:
      - deny
      home-cluster-uri:
      - https://wabi-west-europe-redirect.analysis.windows.net/
      request-redirected:
      - 'true'
    status:
      code: 200
      message: OK
- request:
    body: null
    headers:
      Accept:
      - '*/*'
      Accept-Encoding:
      - gzip, deflate
      Connection:
      - keep-alive
      Content-Type:
      - application/json
      User-Agent:
      - ms-fabric-cli-test/1.1.0.rc2
    method: GET
    uri: https://api.fabric.microsoft.com/v1/admin/domains
  response:
    body:
      string: '{"domains": [{"contributorsScope": "AllTenant", "id": "38b8b024-e69b-4f21-9644-dfe5b0e60031",
        "displayName": "fabcli000001", "description": ""}]}'
    headers:
      Access-Control-Expose-Headers:
      - RequestId
      Cache-Control:
      - no-store, must-revalidate, no-cache
      Content-Encoding:
      - gzip
      Content-Length:
      - '860'
      Content-Type:
      - application/json; charset=utf-8
      Date:
      - Mon, 08 Sep 2025 17:19:50 GMT
      Pragma:
      - no-cache
      RequestId:
      - 471864fc-84d4-4255-886e-fea3faf8a6b7
      Strict-Transport-Security:
      - max-age=31536000; includeSubDomains
      X-Content-Type-Options:
      - nosniff
      X-Frame-Options:
      - deny
      home-cluster-uri:
      - https://wabi-west-europe-redirect.analysis.windows.net/
      request-redirected:
      - 'true'
    status:
      code: 200
      message: OK
- request:
    body: null
    headers:
      Accept:
      - '*/*'
      Accept-Encoding:
      - gzip, deflate
      Connection:
      - keep-alive
      Content-Type:
      - application/json
      User-Agent:
      - ms-fabric-cli-test/1.1.0.rc2
    method: GET
    uri: https://api.fabric.microsoft.com/v1/admin/domains
  response:
    body:
      string: '{"domains": [{"contributorsScope": "AllTenant", "id": "38b8b024-e69b-4f21-9644-dfe5b0e60031",
        "displayName": "fabcli000001", "description": ""}]}'
    headers:
      Access-Control-Expose-Headers:
      - RequestId
      Cache-Control:
      - no-store, must-revalidate, no-cache
      Content-Encoding:
      - gzip
      Content-Length:
      - '860'
      Content-Type:
      - application/json; charset=utf-8
      Date:
      - Mon, 08 Sep 2025 17:19:50 GMT
      Pragma:
      - no-cache
      RequestId:
      - 07d93a20-35d1-4a77-aa42-3e14a54fb7d6
      Strict-Transport-Security:
      - max-age=31536000; includeSubDomains
      X-Content-Type-Options:
      - nosniff
      X-Frame-Options:
      - deny
      home-cluster-uri:
      - https://wabi-west-europe-redirect.analysis.windows.net/
      request-redirected:
      - 'true'
    status:
      code: 200
      message: OK
- request:
    body: null
    headers:
      Accept:
      - '*/*'
      Accept-Encoding:
      - gzip, deflate
      Connection:
      - keep-alive
      Content-Length:
      - '0'
      Content-Type:
      - application/json
      User-Agent:
      - ms-fabric-cli-test/1.1.0.rc2
    method: DELETE
    uri: https://api.fabric.microsoft.com/v1/admin/domains/38b8b024-e69b-4f21-9644-dfe5b0e60031
  response:
    body:
      string: ''
    headers:
      Access-Control-Expose-Headers:
      - RequestId
      Cache-Control:
      - no-store, must-revalidate, no-cache
      Content-Encoding:
      - gzip
      Content-Length:
      - '0'
      Content-Type:
      - application/octet-stream
      Date:
      - Mon, 08 Sep 2025 17:19:50 GMT
      Pragma:
      - no-cache
      RequestId:
      - 69495108-54cc-44b1-bb0d-ade10ec70eb5
      Strict-Transport-Security:
      - max-age=31536000; includeSubDomains
      X-Content-Type-Options:
      - nosniff
      X-Frame-Options:
      - deny
      home-cluster-uri:
      - https://wabi-west-europe-redirect.analysis.windows.net/
      request-redirected:
      - 'true'
    status:
      code: 200
      message: OK
version: 1
