interactions:
- request:
    body: null
    headers:
      Accept:
      - '*/*'
      Accept-Encoding:
      - gzip, deflate
      Connection:
      - keep-alive
      Content-Type:
      - application/json
      User-Agent:
      - ms-fabric-cli-test/1.3.1
    method: GET
    uri: https://api.fabric.microsoft.com/v1/workspaces
  response:
    body:
      string: '{"value": [{"id": "983d6c2b-ac95-468f-8085-6663983fc4fb", "displayName":
        "fabriccli_WorkspacePerTestclass_000001", "description": "Created by fab",
        "type": "Workspace", "capacityId": "07b1fd56-9969-4ff5-a2c8-05df5f82759a"}]}'
    headers:
      Access-Control-Expose-Headers:
      - RequestId
      Cache-Control:
      - no-store, must-revalidate, no-cache
      Content-Encoding:
      - gzip
      Content-Length:
      - '5946'
      Content-Type:
      - application/json; charset=utf-8
      Date:
      - Fri, 16 Jan 2026 14:26:35 GMT
      Pragma:
      - no-cache
      RequestId:
      - 3ed5b1b1-00af-475c-8c11-850044843658
      Strict-Transport-Security:
      - max-age=31536000; includeSubDomains
      X-Content-Type-Options:
      - nosniff
      X-Frame-Options:
      - deny
      home-cluster-uri:
      - https://wabi-us-central-b-primary-redirect.analysis.windows.net/
      request-redirected:
      - 'true'
    status:
      code: 200
      message: OK
- request:
    body: null
    headers:
      Accept:
      - '*/*'
      Accept-Encoding:
      - gzip, deflate
      Connection:
      - keep-alive
      Content-Type:
      - application/json
      User-Agent:
      - ms-fabric-cli-test/1.3.1
    method: GET
    uri: https://api.fabric.microsoft.com/v1/workspaces/983d6c2b-ac95-468f-8085-6663983fc4fb/folders?recursive=True
  response:
    body:
      string: '{"value": [{"id": "2d341b0f-9f4d-466a-8160-34c8d9f689aa", "displayName":
        "fabcli000001", "workspaceId": "983d6c2b-ac95-468f-8085-6663983fc4fb"}]}'
    headers:
      Access-Control-Expose-Headers:
      - RequestId
      Cache-Control:
      - no-store, must-revalidate, no-cache
      Content-Encoding:
      - gzip
      Content-Length:
      - '141'
      Content-Type:
      - application/json; charset=utf-8
      Date:
      - Fri, 16 Jan 2026 14:26:37 GMT
      Pragma:
      - no-cache
      RequestId:
      - 92c4bcf7-2faf-430e-9cca-0660389a2125
      Strict-Transport-Security:
      - max-age=31536000; includeSubDomains
      X-Content-Type-Options:
      - nosniff
      X-Frame-Options:
      - deny
      home-cluster-uri:
      - https://wabi-us-central-b-primary-redirect.analysis.windows.net/
      request-redirected:
      - 'true'
    status:
      code: 200
      message: OK
- request:
    body: null
    headers:
      Accept:
      - '*/*'
      Accept-Encoding:
      - gzip, deflate
      Connection:
      - keep-alive
      Content-Type:
      - application/json
      User-Agent:
      - ms-fabric-cli-test/1.3.1
    method: GET
    uri: https://api.fabric.microsoft.com/v1/workspaces/983d6c2b-ac95-468f-8085-6663983fc4fb/folders?recursive=True
  response:
    body:
      string: '{"value": [{"id": "2d341b0f-9f4d-466a-8160-34c8d9f689aa", "displayName":
        "fabcli000001", "workspaceId": "983d6c2b-ac95-468f-8085-6663983fc4fb"}]}'
    headers:
      Access-Control-Expose-Headers:
      - RequestId
      Cache-Control:
      - no-store, must-revalidate, no-cache
      Content-Encoding:
      - gzip
      Content-Length:
      - '141'
      Content-Type:
      - application/json; charset=utf-8
      Date:
      - Fri, 16 Jan 2026 14:26:37 GMT
      Pragma:
      - no-cache
      RequestId:
      - 50d9f7da-4d45-4ccb-97ce-328bdff92d01
      Strict-Transport-Security:
      - max-age=31536000; includeSubDomains
      X-Content-Type-Options:
      - nosniff
      X-Frame-Options:
      - deny
      home-cluster-uri:
      - https://wabi-us-central-b-primary-redirect.analysis.windows.net/
      request-redirected:
      - 'true'
    status:
      code: 200
      message: OK
- request:
    body: '{"description": "Created by fab", "displayName": "fabcli000001"}'
    headers:
      Accept:
      - '*/*'
      Accept-Encoding:
      - gzip, deflate
      Connection:
      - keep-alive
      Content-Length:
      - '68'
      Content-Type:
      - application/json
      User-Agent:
      - ms-fabric-cli-test/1.3.1
    method: POST
    uri: https://api.fabric.microsoft.com/v1/workspaces/983d6c2b-ac95-468f-8085-6663983fc4fb/folders
  response:
    body:
      string: '{"id": "07bfc2a1-94f1-43d2-9075-be98afe61e9d", "displayName": "fabcli000001",
        "workspaceId": "983d6c2b-ac95-468f-8085-6663983fc4fb"}'
    headers:
      Access-Control-Expose-Headers:
      - RequestId,Location
      Cache-Control:
      - no-store, must-revalidate, no-cache
      Content-Encoding:
      - gzip
      Content-Length:
      - '130'
      Content-Type:
      - application/json; charset=utf-8
      Date:
      - Fri, 16 Jan 2026 14:26:38 GMT
      Location:
      - https://api.fabric.microsoft.com/v1/workspaces/983d6c2b-ac95-468f-8085-6663983fc4fb/folders/07bfc2a1-94f1-43d2-9075-be98afe61e9d
      Pragma:
      - no-cache
      RequestId:
      - c747b61c-38ea-4a84-8532-ec1c2136321f
      Strict-Transport-Security:
      - max-age=31536000; includeSubDomains
      X-Content-Type-Options:
      - nosniff
      X-Frame-Options:
      - deny
      home-cluster-uri:
      - https://wabi-us-central-b-primary-redirect.analysis.windows.net/
      request-redirected:
      - 'true'
    status:
      code: 201
      message: Created
- request:
    body: null
    headers:
      Accept:
      - '*/*'
      Accept-Encoding:
      - gzip, deflate
      Connection:
      - keep-alive
      Content-Type:
      - application/json
      User-Agent:
      - ms-fabric-cli-test/1.3.1
    method: GET
    uri: https://api.fabric.microsoft.com/v1/workspaces
  response:
    body:
      string: '{"value": [{"id": "983d6c2b-ac95-468f-8085-6663983fc4fb", "displayName":
        "fabriccli_WorkspacePerTestclass_000001", "description": "Created by fab",
        "type": "Workspace", "capacityId": "07b1fd56-9969-4ff5-a2c8-05df5f82759a"}]}'
    headers:
      Access-Control-Expose-Headers:
      - RequestId
      Cache-Control:
      - no-store, must-revalidate, no-cache
      Content-Encoding:
      - gzip
      Content-Length:
      - '5946'
      Content-Type:
      - application/json; charset=utf-8
      Date:
      - Fri, 16 Jan 2026 14:26:39 GMT
      Pragma:
      - no-cache
      RequestId:
      - 7acd0383-7e35-4d02-bce0-99e6ab6eb0a4
      Strict-Transport-Security:
      - max-age=31536000; includeSubDomains
      X-Content-Type-Options:
      - nosniff
      X-Frame-Options:
      - deny
      home-cluster-uri:
      - https://wabi-us-central-b-primary-redirect.analysis.windows.net/
      request-redirected:
      - 'true'
    status:
      code: 200
      message: OK
- request:
    body: null
    headers:
      Accept:
      - '*/*'
      Accept-Encoding:
      - gzip, deflate
      Connection:
      - keep-alive
      Content-Type:
      - application/json
      User-Agent:
      - ms-fabric-cli-test/1.3.1
    method: GET
    uri: https://api.fabric.microsoft.com/v1/workspaces/983d6c2b-ac95-468f-8085-6663983fc4fb/folders?recursive=True
  response:
    body:
      string: '{"value": [{"id": "2d341b0f-9f4d-466a-8160-34c8d9f689aa", "displayName":
        "fabcli000001", "workspaceId": "983d6c2b-ac95-468f-8085-6663983fc4fb"}, {"id":
        "07bfc2a1-94f1-43d2-9075-be98afe61e9d", "displayName": "fabcli000001", "workspaceId":
        "983d6c2b-ac95-468f-8085-6663983fc4fb"}]}'
    headers:
      Access-Control-Expose-Headers:
      - RequestId
      Cache-Control:
      - no-store, must-revalidate, no-cache
      Content-Encoding:
      - gzip
      Content-Length:
      - '184'
      Content-Type:
      - application/json; charset=utf-8
      Date:
      - Fri, 16 Jan 2026 14:26:40 GMT
      Pragma:
      - no-cache
      RequestId:
      - 83f975e6-e564-4ce1-9afa-d58ce5cf45d5
      Strict-Transport-Security:
      - max-age=31536000; includeSubDomains
      X-Content-Type-Options:
      - nosniff
      X-Frame-Options:
      - deny
      home-cluster-uri:
      - https://wabi-us-central-b-primary-redirect.analysis.windows.net/
      request-redirected:
      - 'true'
    status:
      code: 200
      message: OK
- request:
    body: null
    headers:
      Accept:
      - '*/*'
      Accept-Encoding:
      - gzip, deflate
      Connection:
      - keep-alive
      Content-Type:
      - application/json
      User-Agent:
      - ms-fabric-cli-test/1.3.1
    method: GET
    uri: https://api.fabric.microsoft.com/v1/workspaces/983d6c2b-ac95-468f-8085-6663983fc4fb/items
  response:
    body:
      string: '{"value": [{"id": "410fcc96-e8fa-4d0f-a60b-519e8a5de73f", "type": "SemanticModel",
        "displayName": "fabcli000002_auto", "description": "", "workspaceId": "983d6c2b-ac95-468f-8085-6663983fc4fb",
        "folderId": "2d341b0f-9f4d-466a-8160-34c8d9f689aa"}]}'
    headers:
      Access-Control-Expose-Headers:
      - RequestId
      Cache-Control:
      - no-store, must-revalidate, no-cache
      Content-Encoding:
      - gzip
      Content-Length:
      - '204'
      Content-Type:
      - application/json; charset=utf-8
      Date:
      - Fri, 16 Jan 2026 14:26:41 GMT
      Pragma:
      - no-cache
      RequestId:
      - 7282b09d-1ca1-41e9-8249-d7816b950830
      Strict-Transport-Security:
      - max-age=31536000; includeSubDomains
      X-Content-Type-Options:
      - nosniff
      X-Frame-Options:
      - deny
      home-cluster-uri:
      - https://wabi-us-central-b-primary-redirect.analysis.windows.net/
      request-redirected:
      - 'true'
    status:
      code: 200
      message: OK
- request:
    body: null
    headers:
      Accept:
      - '*/*'
      Accept-Encoding:
      - gzip, deflate
      Connection:
      - keep-alive
      Content-Type:
      - application/json
      User-Agent:
      - ms-fabric-cli-test/1.3.1
    method: GET
    uri: https://api.fabric.microsoft.com/v1/workspaces/983d6c2b-ac95-468f-8085-6663983fc4fb/folders?recursive=True
  response:
    body:
      string: '{"value": [{"id": "2d341b0f-9f4d-466a-8160-34c8d9f689aa", "displayName":
        "fabcli000001", "workspaceId": "983d6c2b-ac95-468f-8085-6663983fc4fb"}, {"id":
        "07bfc2a1-94f1-43d2-9075-be98afe61e9d", "displayName": "fabcli000001", "workspaceId":
        "983d6c2b-ac95-468f-8085-6663983fc4fb"}]}'
    headers:
      Access-Control-Expose-Headers:
      - RequestId
      Cache-Control:
      - no-store, must-revalidate, no-cache
      Content-Encoding:
      - gzip
      Content-Length:
      - '184'
      Content-Type:
      - application/json; charset=utf-8
      Date:
      - Fri, 16 Jan 2026 14:26:41 GMT
      Pragma:
      - no-cache
      RequestId:
      - d386690b-b48b-4588-ab76-d2ae7be0ade8
      Strict-Transport-Security:
      - max-age=31536000; includeSubDomains
      X-Content-Type-Options:
      - nosniff
      X-Frame-Options:
      - deny
      home-cluster-uri:
      - https://wabi-us-central-b-primary-redirect.analysis.windows.net/
      request-redirected:
      - 'true'
    status:
      code: 200
      message: OK
- request:
    body: null
    headers:
      Accept:
      - '*/*'
      Accept-Encoding:
      - gzip, deflate
      Connection:
      - keep-alive
      Content-Type:
      - application/json
      User-Agent:
      - ms-fabric-cli-test/1.3.1
    method: GET
    uri: https://api.fabric.microsoft.com/v1/workspaces/983d6c2b-ac95-468f-8085-6663983fc4fb/items
  response:
    body:
      string: '{"value": [{"id": "410fcc96-e8fa-4d0f-a60b-519e8a5de73f", "type": "SemanticModel",
        "displayName": "fabcli000002_auto", "description": "", "workspaceId": "983d6c2b-ac95-468f-8085-6663983fc4fb",
        "folderId": "2d341b0f-9f4d-466a-8160-34c8d9f689aa"}]}'
    headers:
      Access-Control-Expose-Headers:
      - RequestId
      Cache-Control:
      - no-store, must-revalidate, no-cache
      Content-Encoding:
      - gzip
      Content-Length:
      - '204'
      Content-Type:
      - application/json; charset=utf-8
      Date:
      - Fri, 16 Jan 2026 14:26:42 GMT
      Pragma:
      - no-cache
      RequestId:
      - 95cfa3d4-96ca-47ab-bb1b-3cdf1ea21720
      Strict-Transport-Security:
      - max-age=31536000; includeSubDomains
      X-Content-Type-Options:
      - nosniff
      X-Frame-Options:
      - deny
      home-cluster-uri:
      - https://wabi-us-central-b-primary-redirect.analysis.windows.net/
      request-redirected:
      - 'true'
    status:
      code: 200
      message: OK
- request:
    body: null
    headers:
      Accept:
      - '*/*'
      Accept-Encoding:
      - gzip, deflate
      Connection:
      - keep-alive
      Content-Type:
      - application/json
      User-Agent:
      - ms-fabric-cli-test/1.3.1
    method: GET
    uri: https://api.fabric.microsoft.com/v1/workspaces/983d6c2b-ac95-468f-8085-6663983fc4fb/folders?recursive=True
  response:
    body:
      string: '{"value": [{"id": "2d341b0f-9f4d-466a-8160-34c8d9f689aa", "displayName":
        "fabcli000001", "workspaceId": "983d6c2b-ac95-468f-8085-6663983fc4fb"}, {"id":
        "07bfc2a1-94f1-43d2-9075-be98afe61e9d", "displayName": "fabcli000001", "workspaceId":
        "983d6c2b-ac95-468f-8085-6663983fc4fb"}]}'
    headers:
      Access-Control-Expose-Headers:
      - RequestId
      Cache-Control:
      - no-store, must-revalidate, no-cache
      Content-Encoding:
      - gzip
      Content-Length:
      - '184'
      Content-Type:
      - application/json; charset=utf-8
      Date:
      - Fri, 16 Jan 2026 14:26:42 GMT
      Pragma:
      - no-cache
      RequestId:
      - c8ab23bb-dbd7-4195-ae15-2750764095c2
      Strict-Transport-Security:
      - max-age=31536000; includeSubDomains
      X-Content-Type-Options:
      - nosniff
      X-Frame-Options:
      - deny
      home-cluster-uri:
      - https://wabi-us-central-b-primary-redirect.analysis.windows.net/
      request-redirected:
      - 'true'
    status:
      code: 200
      message: OK
- request:
    body: '{"description": "Created by fab", "displayName": "fabcli000002", "type":
      "CopyJob", "folderId": "07bfc2a1-94f1-43d2-9075-be98afe61e9d"}'
    headers:
      Accept:
      - '*/*'
      Accept-Encoding:
      - gzip, deflate
      Connection:
      - keep-alive
      Content-Length:
      - '139'
      Content-Type:
      - application/json
      User-Agent:
      - ms-fabric-cli-test/1.3.1
    method: POST
    uri: https://api.fabric.microsoft.com/v1/workspaces/983d6c2b-ac95-468f-8085-6663983fc4fb/copyJobs
  response:
    body:
      string: '{"id": "fa0a17f7-90ee-4abd-887c-6e9ba5c774c1", "type": "CopyJob", "displayName":
        "fabcli000002", "description": "Created by fab", "workspaceId": "983d6c2b-ac95-468f-8085-6663983fc4fb",
        "folderId": "07bfc2a1-94f1-43d2-9075-be98afe61e9d"}'
    headers:
      Access-Control-Expose-Headers:
      - RequestId,ETag
      Cache-Control:
      - no-store, must-revalidate, no-cache
      Content-Encoding:
      - gzip
      Content-Length:
      - '195'
      Content-Type:
      - application/json; charset=utf-8
      Date:
      - Fri, 16 Jan 2026 14:26:46 GMT
      ETag:
      - '""'
      Pragma:
      - no-cache
      RequestId:
      - dba5dfa4-11c3-4cab-8524-c767b99b2d90
      Strict-Transport-Security:
      - max-age=31536000; includeSubDomains
      X-Content-Type-Options:
      - nosniff
      X-Frame-Options:
      - deny
      home-cluster-uri:
      - https://wabi-us-central-b-primary-redirect.analysis.windows.net/
      request-redirected:
      - 'true'
    status:
      code: 201
      message: Created
- request:
    body: null
    headers:
      Accept:
      - '*/*'
      Accept-Encoding:
      - gzip, deflate
      Connection:
      - keep-alive
      Content-Type:
      - application/json
      User-Agent:
      - ms-fabric-cli-test/1.3.1
    method: GET
    uri: https://api.fabric.microsoft.com/v1/workspaces
  response:
    body:
      string: '{"value": [{"id": "983d6c2b-ac95-468f-8085-6663983fc4fb", "displayName":
        "fabriccli_WorkspacePerTestclass_000001", "description": "Created by fab",
        "type": "Workspace", "capacityId": "07b1fd56-9969-4ff5-a2c8-05df5f82759a"}]}'
    headers:
      Access-Control-Expose-Headers:
      - RequestId
      Cache-Control:
      - no-store, must-revalidate, no-cache
      Content-Encoding:
      - gzip
      Content-Length:
      - '5946'
      Content-Type:
      - application/json; charset=utf-8
      Date:
      - Fri, 16 Jan 2026 14:26:46 GMT
      Pragma:
      - no-cache
      RequestId:
      - d0054e45-1ca2-41d9-b9e4-ada5425ceca1
      Strict-Transport-Security:
      - max-age=31536000; includeSubDomains
      X-Content-Type-Options:
      - nosniff
      X-Frame-Options:
      - deny
      home-cluster-uri:
      - https://wabi-us-central-b-primary-redirect.analysis.windows.net/
      request-redirected:
      - 'true'
    status:
      code: 200
      message: OK
- request:
    body: null
    headers:
      Accept:
      - '*/*'
      Accept-Encoding:
      - gzip, deflate
      Connection:
      - keep-alive
      Content-Type:
      - application/json
      User-Agent:
      - ms-fabric-cli-test/1.3.1
    method: GET
    uri: https://api.fabric.microsoft.com/v1/workspaces/983d6c2b-ac95-468f-8085-6663983fc4fb/folders?recursive=True
  response:
    body:
      string: '{"value": [{"id": "2d341b0f-9f4d-466a-8160-34c8d9f689aa", "displayName":
        "fabcli000001", "workspaceId": "983d6c2b-ac95-468f-8085-6663983fc4fb"}, {"id":
        "07bfc2a1-94f1-43d2-9075-be98afe61e9d", "displayName": "fabcli000001", "workspaceId":
        "983d6c2b-ac95-468f-8085-6663983fc4fb"}]}'
    headers:
      Access-Control-Expose-Headers:
      - RequestId
      Cache-Control:
      - no-store, must-revalidate, no-cache
      Content-Encoding:
      - gzip
      Content-Length:
      - '184'
      Content-Type:
      - application/json; charset=utf-8
      Date:
      - Fri, 16 Jan 2026 14:26:47 GMT
      Pragma:
      - no-cache
      RequestId:
      - 01441294-5fd6-420c-af03-b0a217acb4d7
      Strict-Transport-Security:
      - max-age=31536000; includeSubDomains
      X-Content-Type-Options:
      - nosniff
      X-Frame-Options:
      - deny
      home-cluster-uri:
      - https://wabi-us-central-b-primary-redirect.analysis.windows.net/
      request-redirected:
      - 'true'
    status:
      code: 200
      message: OK
- request:
    body: null
    headers:
      Accept:
      - '*/*'
      Accept-Encoding:
      - gzip, deflate
      Connection:
      - keep-alive
      Content-Type:
      - application/json
      User-Agent:
      - ms-fabric-cli-test/1.3.1
    method: GET
    uri: https://api.fabric.microsoft.com/v1/workspaces/983d6c2b-ac95-468f-8085-6663983fc4fb/items
  response:
    body:
      string: '{"value": [{"id": "410fcc96-e8fa-4d0f-a60b-519e8a5de73f", "type": "SemanticModel",
        "displayName": "fabcli000002_auto", "description": "", "workspaceId": "983d6c2b-ac95-468f-8085-6663983fc4fb",
        "folderId": "2d341b0f-9f4d-466a-8160-34c8d9f689aa"}, {"id": "fa0a17f7-90ee-4abd-887c-6e9ba5c774c1",
        "type": "CopyJob", "displayName": "fabcli000002", "description": "Created
        by fab", "workspaceId": "983d6c2b-ac95-468f-8085-6663983fc4fb", "folderId":
        "07bfc2a1-94f1-43d2-9075-be98afe61e9d"}]}'
    headers:
      Access-Control-Expose-Headers:
      - RequestId
      Cache-Control:
      - no-store, must-revalidate, no-cache
      Content-Encoding:
      - gzip
      Content-Length:
      - '292'
      Content-Type:
      - application/json; charset=utf-8
      Date:
      - Fri, 16 Jan 2026 14:26:48 GMT
      Pragma:
      - no-cache
      RequestId:
      - 83439c0f-1b12-4127-ab88-5e2debd7fbff
      Strict-Transport-Security:
      - max-age=31536000; includeSubDomains
      X-Content-Type-Options:
      - nosniff
      X-Frame-Options:
      - deny
      home-cluster-uri:
      - https://wabi-us-central-b-primary-redirect.analysis.windows.net/
      request-redirected:
      - 'true'
    status:
      code: 200
      message: OK
- request:
    body: null
    headers:
      Accept:
      - '*/*'
      Accept-Encoding:
      - gzip, deflate
      Connection:
      - keep-alive
      Content-Type:
      - application/json
      User-Agent:
      - ms-fabric-cli-test/1.3.1
    method: GET
    uri: https://api.fabric.microsoft.com/v1/workspaces/983d6c2b-ac95-468f-8085-6663983fc4fb/folders?recursive=True
  response:
    body:
      string: '{"value": [{"id": "2d341b0f-9f4d-466a-8160-34c8d9f689aa", "displayName":
        "fabcli000001", "workspaceId": "983d6c2b-ac95-468f-8085-6663983fc4fb"}, {"id":
        "07bfc2a1-94f1-43d2-9075-be98afe61e9d", "displayName": "fabcli000001", "workspaceId":
        "983d6c2b-ac95-468f-8085-6663983fc4fb"}]}'
    headers:
      Access-Control-Expose-Headers:
      - RequestId
      Cache-Control:
      - no-store, must-revalidate, no-cache
      Content-Encoding:
      - gzip
      Content-Length:
      - '184'
      Content-Type:
      - application/json; charset=utf-8
      Date:
      - Fri, 16 Jan 2026 14:26:48 GMT
      Pragma:
      - no-cache
      RequestId:
      - 9f45ebd6-192f-49a9-9a41-8f4a7b845b8c
      Strict-Transport-Security:
      - max-age=31536000; includeSubDomains
      X-Content-Type-Options:
      - nosniff
      X-Frame-Options:
      - deny
      home-cluster-uri:
      - https://wabi-us-central-b-primary-redirect.analysis.windows.net/
      request-redirected:
      - 'true'
    status:
      code: 200
      message: OK
- request:
    body: null
    headers:
      Accept:
      - '*/*'
      Accept-Encoding:
      - gzip, deflate
      Connection:
      - keep-alive
      Content-Type:
      - application/json
      User-Agent:
      - ms-fabric-cli-test/1.3.1
    method: GET
    uri: https://api.fabric.microsoft.com/v1/workspaces/983d6c2b-ac95-468f-8085-6663983fc4fb/folders?recursive=True
  response:
    body:
      string: '{"requestId": "88f84f8e-88b5-4178-b195-17e30b05c027", "errorCode":
        "RequestBlocked", "message": "Request is blocked by the upstream service until:
        1/16/2026 2:27:31 PM (UTC)"}'
    headers:
      Content-Length:
      - '170'
      Content-Type:
      - application/json; charset=utf-8
      Date:
      - Fri, 16 Jan 2026 14:26:49 GMT
      RequestId:
      - 88f84f8e-88b5-4178-b195-17e30b05c027
      Retry-After:
      - '42'
      home-cluster-uri:
      - https://wabi-us-central-b-primary-redirect.analysis.windows.net/
      request-redirected:
      - 'true'
      x-ms-public-api-error-code:
      - RequestBlocked
    status:
      code: 429
      message: ''
- request:
    body: null
    headers:
      Accept:
      - '*/*'
      Accept-Encoding:
      - gzip, deflate
      Connection:
      - keep-alive
      Content-Type:
      - application/json
      User-Agent:
      - ms-fabric-cli-test/1.3.1
    method: GET
    uri: https://api.fabric.microsoft.com/v1/workspaces/983d6c2b-ac95-468f-8085-6663983fc4fb/folders?recursive=True
  response:
    body:
      string: '{"value": [{"id": "2d341b0f-9f4d-466a-8160-34c8d9f689aa", "displayName":
        "fabcli000001", "workspaceId": "983d6c2b-ac95-468f-8085-6663983fc4fb"}, {"id":
        "07bfc2a1-94f1-43d2-9075-be98afe61e9d", "displayName": "fabcli000001", "workspaceId":
        "983d6c2b-ac95-468f-8085-6663983fc4fb"}]}'
    headers:
      Access-Control-Expose-Headers:
      - RequestId
      Cache-Control:
      - no-store, must-revalidate, no-cache
      Content-Encoding:
      - gzip
      Content-Length:
      - '184'
      Content-Type:
      - application/json; charset=utf-8
      Date:
      - Fri, 16 Jan 2026 14:27:32 GMT
      Pragma:
      - no-cache
      RequestId:
      - de1b1857-2c67-4db1-9f98-61b699e8f915
      Strict-Transport-Security:
      - max-age=31536000; includeSubDomains
      X-Content-Type-Options:
      - nosniff
      X-Frame-Options:
      - deny
      home-cluster-uri:
      - https://wabi-us-central-b-primary-redirect.analysis.windows.net/
      request-redirected:
      - 'true'
    status:
      code: 200
      message: OK
- request:
    body: null
    headers:
      Accept:
      - '*/*'
      Accept-Encoding:
      - gzip, deflate
      Connection:
      - keep-alive
      Content-Type:
      - application/json
      User-Agent:
      - ms-fabric-cli-test/1.3.1
    method: GET
    uri: https://api.fabric.microsoft.com/v1/workspaces/983d6c2b-ac95-468f-8085-6663983fc4fb/folders?recursive=True
  response:
    body:
      string: '{"value": [{"id": "2d341b0f-9f4d-466a-8160-34c8d9f689aa", "displayName":
        "fabcli000001", "workspaceId": "983d6c2b-ac95-468f-8085-6663983fc4fb"}, {"id":
        "07bfc2a1-94f1-43d2-9075-be98afe61e9d", "displayName": "fabcli000001", "workspaceId":
        "983d6c2b-ac95-468f-8085-6663983fc4fb"}]}'
    headers:
      Access-Control-Expose-Headers:
      - RequestId
      Cache-Control:
      - no-store, must-revalidate, no-cache
      Content-Encoding:
      - gzip
      Content-Length:
      - '184'
      Content-Type:
      - application/json; charset=utf-8
      Date:
      - Fri, 16 Jan 2026 14:27:33 GMT
      Pragma:
      - no-cache
      RequestId:
      - 1bab1989-1421-4d65-83f3-0aca4b9a29d1
      Strict-Transport-Security:
      - max-age=31536000; includeSubDomains
      X-Content-Type-Options:
      - nosniff
      X-Frame-Options:
      - deny
      home-cluster-uri:
      - https://wabi-us-central-b-primary-redirect.analysis.windows.net/
      request-redirected:
      - 'true'
    status:
      code: 200
      message: OK
- request:
    body: null
    headers:
      Accept:
      - '*/*'
      Accept-Encoding:
      - gzip, deflate
      Connection:
      - keep-alive
      Content-Type:
      - application/json
      User-Agent:
      - ms-fabric-cli-test/1.3.1
    method: GET
    uri: https://api.fabric.microsoft.com/v1/workspaces
  response:
    body:
      string: '{"value": [{"id": "983d6c2b-ac95-468f-8085-6663983fc4fb", "displayName":
        "fabriccli_WorkspacePerTestclass_000001", "description": "Created by fab",
        "type": "Workspace", "capacityId": "07b1fd56-9969-4ff5-a2c8-05df5f82759a"}]}'
    headers:
      Access-Control-Expose-Headers:
      - RequestId
      Cache-Control:
      - no-store, must-revalidate, no-cache
      Content-Encoding:
      - gzip
      Content-Length:
      - '5946'
      Content-Type:
      - application/json; charset=utf-8
      Date:
      - Fri, 16 Jan 2026 14:27:34 GMT
      Pragma:
      - no-cache
      RequestId:
      - 6234fb55-8206-4f92-8311-e44d424cf13c
      Strict-Transport-Security:
      - max-age=31536000; includeSubDomains
      X-Content-Type-Options:
      - nosniff
      X-Frame-Options:
      - deny
      home-cluster-uri:
      - https://wabi-us-central-b-primary-redirect.analysis.windows.net/
      request-redirected:
      - 'true'
    status:
      code: 200
      message: OK
- request:
    body: null
    headers:
      Accept:
      - '*/*'
      Accept-Encoding:
      - gzip, deflate
      Connection:
      - keep-alive
      Content-Type:
      - application/json
      User-Agent:
      - ms-fabric-cli-test/1.3.1
    method: GET
    uri: https://api.fabric.microsoft.com/v1/workspaces/983d6c2b-ac95-468f-8085-6663983fc4fb/folders?recursive=True
  response:
    body:
      string: '{"value": [{"id": "2d341b0f-9f4d-466a-8160-34c8d9f689aa", "displayName":
        "fabcli000001", "workspaceId": "983d6c2b-ac95-468f-8085-6663983fc4fb"}, {"id":
        "07bfc2a1-94f1-43d2-9075-be98afe61e9d", "displayName": "fabcli000001", "workspaceId":
        "983d6c2b-ac95-468f-8085-6663983fc4fb"}]}'
    headers:
      Access-Control-Expose-Headers:
      - RequestId
      Cache-Control:
      - no-store, must-revalidate, no-cache
      Content-Encoding:
      - gzip
      Content-Length:
      - '184'
      Content-Type:
      - application/json; charset=utf-8
      Date:
      - Fri, 16 Jan 2026 14:27:34 GMT
      Pragma:
      - no-cache
      RequestId:
      - 2c39b5d8-f41b-4ab0-959e-ed9066c2cc3b
      Strict-Transport-Security:
      - max-age=31536000; includeSubDomains
      X-Content-Type-Options:
      - nosniff
      X-Frame-Options:
      - deny
      home-cluster-uri:
      - https://wabi-us-central-b-primary-redirect.analysis.windows.net/
      request-redirected:
      - 'true'
    status:
      code: 200
      message: OK
- request:
    body: null
    headers:
      Accept:
      - '*/*'
      Accept-Encoding:
      - gzip, deflate
      Connection:
      - keep-alive
      Content-Type:
      - application/json
      User-Agent:
      - ms-fabric-cli-test/1.3.1
    method: GET
    uri: https://api.fabric.microsoft.com/v1/workspaces/983d6c2b-ac95-468f-8085-6663983fc4fb/items
  response:
    body:
      string: '{"value": [{"id": "410fcc96-e8fa-4d0f-a60b-519e8a5de73f", "type": "SemanticModel",
        "displayName": "fabcli000002_auto", "description": "", "workspaceId": "983d6c2b-ac95-468f-8085-6663983fc4fb",
        "folderId": "2d341b0f-9f4d-466a-8160-34c8d9f689aa"}, {"id": "fa0a17f7-90ee-4abd-887c-6e9ba5c774c1",
        "type": "CopyJob", "displayName": "fabcli000002", "description": "Created
        by fab", "workspaceId": "983d6c2b-ac95-468f-8085-6663983fc4fb", "folderId":
        "07bfc2a1-94f1-43d2-9075-be98afe61e9d"}]}'
    headers:
      Access-Control-Expose-Headers:
      - RequestId
      Cache-Control:
      - no-store, must-revalidate, no-cache
      Content-Encoding:
      - gzip
      Content-Length:
      - '292'
      Content-Type:
      - application/json; charset=utf-8
      Date:
      - Fri, 16 Jan 2026 14:27:35 GMT
      Pragma:
      - no-cache
      RequestId:
      - 8cf8a865-d0c5-4528-94c5-c44986310830
      Strict-Transport-Security:
      - max-age=31536000; includeSubDomains
      X-Content-Type-Options:
      - nosniff
      X-Frame-Options:
      - deny
      home-cluster-uri:
      - https://wabi-us-central-b-primary-redirect.analysis.windows.net/
      request-redirected:
      - 'true'
    status:
      code: 200
      message: OK
- request:
    body: null
    headers:
      Accept:
      - '*/*'
      Accept-Encoding:
      - gzip, deflate
      Connection:
      - keep-alive
      Content-Type:
      - application/json
      User-Agent:
      - ms-fabric-cli-test/1.3.1
    method: GET
    uri: https://api.fabric.microsoft.com/v1/workspaces/983d6c2b-ac95-468f-8085-6663983fc4fb/folders?recursive=True
  response:
    body:
      string: '{"value": [{"id": "2d341b0f-9f4d-466a-8160-34c8d9f689aa", "displayName":
        "fabcli000001", "workspaceId": "983d6c2b-ac95-468f-8085-6663983fc4fb"}, {"id":
        "07bfc2a1-94f1-43d2-9075-be98afe61e9d", "displayName": "fabcli000001", "workspaceId":
        "983d6c2b-ac95-468f-8085-6663983fc4fb"}]}'
    headers:
      Access-Control-Expose-Headers:
      - RequestId
      Cache-Control:
      - no-store, must-revalidate, no-cache
      Content-Encoding:
      - gzip
      Content-Length:
      - '184'
      Content-Type:
      - application/json; charset=utf-8
      Date:
      - Fri, 16 Jan 2026 14:27:35 GMT
      Pragma:
      - no-cache
      RequestId:
      - b4f64d2b-53e7-4957-a633-3a80a61221b0
      Strict-Transport-Security:
      - max-age=31536000; includeSubDomains
      X-Content-Type-Options:
      - nosniff
      X-Frame-Options:
      - deny
      home-cluster-uri:
      - https://wabi-us-central-b-primary-redirect.analysis.windows.net/
      request-redirected:
      - 'true'
    status:
      code: 200
      message: OK
- request:
    body: null
    headers:
      Accept:
      - '*/*'
      Accept-Encoding:
      - gzip, deflate
      Connection:
      - keep-alive
      Content-Type:
      - application/json
      User-Agent:
      - ms-fabric-cli-test/1.3.1
    method: GET
    uri: https://api.fabric.microsoft.com/v1/workspaces/983d6c2b-ac95-468f-8085-6663983fc4fb/folders?recursive=True
  response:
    body:
      string: '{"value": [{"id": "2d341b0f-9f4d-466a-8160-34c8d9f689aa", "displayName":
        "fabcli000001", "workspaceId": "983d6c2b-ac95-468f-8085-6663983fc4fb"}, {"id":
        "07bfc2a1-94f1-43d2-9075-be98afe61e9d", "displayName": "fabcli000001", "workspaceId":
        "983d6c2b-ac95-468f-8085-6663983fc4fb"}]}'
    headers:
      Access-Control-Expose-Headers:
      - RequestId
      Cache-Control:
      - no-store, must-revalidate, no-cache
      Content-Encoding:
      - gzip
      Content-Length:
      - '184'
      Content-Type:
      - application/json; charset=utf-8
      Date:
      - Fri, 16 Jan 2026 14:27:37 GMT
      Pragma:
      - no-cache
      RequestId:
      - c7f985fc-7a2b-4e50-9d87-5b79751ee1b8
      Strict-Transport-Security:
      - max-age=31536000; includeSubDomains
      X-Content-Type-Options:
      - nosniff
      X-Frame-Options:
      - deny
      home-cluster-uri:
      - https://wabi-us-central-b-primary-redirect.analysis.windows.net/
      request-redirected:
      - 'true'
    status:
      code: 200
      message: OK
- request:
    body: null
    headers:
      Accept:
      - '*/*'
      Accept-Encoding:
      - gzip, deflate
      Connection:
      - keep-alive
      Content-Type:
      - application/json
      User-Agent:
      - ms-fabric-cli-test/1.3.1
    method: GET
    uri: https://api.fabric.microsoft.com/v1/workspaces/983d6c2b-ac95-468f-8085-6663983fc4fb/folders?recursive=True
  response:
    body:
      string: '{"value": [{"id": "2d341b0f-9f4d-466a-8160-34c8d9f689aa", "displayName":
        "fabcli000001", "workspaceId": "983d6c2b-ac95-468f-8085-6663983fc4fb"}, {"id":
        "07bfc2a1-94f1-43d2-9075-be98afe61e9d", "displayName": "fabcli000001", "workspaceId":
        "983d6c2b-ac95-468f-8085-6663983fc4fb"}]}'
    headers:
      Access-Control-Expose-Headers:
      - RequestId
      Cache-Control:
      - no-store, must-revalidate, no-cache
      Content-Encoding:
      - gzip
      Content-Length:
      - '184'
      Content-Type:
      - application/json; charset=utf-8
      Date:
      - Fri, 16 Jan 2026 14:27:38 GMT
      Pragma:
      - no-cache
      RequestId:
      - e3e3161b-6528-4ae8-9838-2ac3fbb726fd
      Strict-Transport-Security:
      - max-age=31536000; includeSubDomains
      X-Content-Type-Options:
      - nosniff
      X-Frame-Options:
      - deny
      home-cluster-uri:
      - https://wabi-us-central-b-primary-redirect.analysis.windows.net/
      request-redirected:
      - 'true'
    status:
      code: 200
      message: OK
- request:
    body: null
    headers:
      Accept:
      - '*/*'
      Accept-Encoding:
      - gzip, deflate
      Connection:
      - keep-alive
      Content-Type:
      - application/json
      User-Agent:
      - ms-fabric-cli-test/1.3.1
    method: GET
    uri: https://api.fabric.microsoft.com/v1/workspaces
  response:
    body:
      string: '{"value": [{"id": "983d6c2b-ac95-468f-8085-6663983fc4fb", "displayName":
        "fabriccli_WorkspacePerTestclass_000001", "description": "Created by fab",
        "type": "Workspace", "capacityId": "07b1fd56-9969-4ff5-a2c8-05df5f82759a"}]}'
    headers:
      Access-Control-Expose-Headers:
      - RequestId
      Cache-Control:
      - no-store, must-revalidate, no-cache
      Content-Encoding:
      - gzip
      Content-Length:
      - '5946'
      Content-Type:
      - application/json; charset=utf-8
      Date:
      - Fri, 16 Jan 2026 14:27:38 GMT
      Pragma:
      - no-cache
      RequestId:
      - 60e10308-0d6a-4cae-8687-e6d576eef443
      Strict-Transport-Security:
      - max-age=31536000; includeSubDomains
      X-Content-Type-Options:
      - nosniff
      X-Frame-Options:
      - deny
      home-cluster-uri:
      - https://wabi-us-central-b-primary-redirect.analysis.windows.net/
      request-redirected:
      - 'true'
    status:
      code: 200
      message: OK
- request:
    body: null
    headers:
      Accept:
      - '*/*'
      Accept-Encoding:
      - gzip, deflate
      Connection:
      - keep-alive
      Content-Type:
      - application/json
      User-Agent:
      - ms-fabric-cli-test/1.3.1
    method: GET
    uri: https://api.fabric.microsoft.com/v1/workspaces/983d6c2b-ac95-468f-8085-6663983fc4fb/folders?recursive=True
  response:
    body:
      string: '{"value": [{"id": "2d341b0f-9f4d-466a-8160-34c8d9f689aa", "displayName":
        "fabcli000001", "workspaceId": "983d6c2b-ac95-468f-8085-6663983fc4fb"}, {"id":
        "07bfc2a1-94f1-43d2-9075-be98afe61e9d", "displayName": "fabcli000001", "workspaceId":
        "983d6c2b-ac95-468f-8085-6663983fc4fb"}]}'
    headers:
      Access-Control-Expose-Headers:
      - RequestId
      Cache-Control:
      - no-store, must-revalidate, no-cache
      Content-Encoding:
      - gzip
      Content-Length:
      - '184'
      Content-Type:
      - application/json; charset=utf-8
      Date:
      - Fri, 16 Jan 2026 14:27:39 GMT
      Pragma:
      - no-cache
      RequestId:
      - c4fd843b-3b01-4f80-8403-40779af93aa1
      Strict-Transport-Security:
      - max-age=31536000; includeSubDomains
      X-Content-Type-Options:
      - nosniff
      X-Frame-Options:
      - deny
      home-cluster-uri:
      - https://wabi-us-central-b-primary-redirect.analysis.windows.net/
      request-redirected:
      - 'true'
    status:
      code: 200
      message: OK
- request:
    body: null
    headers:
      Accept:
      - '*/*'
      Accept-Encoding:
      - gzip, deflate
      Connection:
      - keep-alive
      Content-Type:
      - application/json
      User-Agent:
      - ms-fabric-cli-test/1.3.1
    method: GET
    uri: https://api.fabric.microsoft.com/v1/workspaces/983d6c2b-ac95-468f-8085-6663983fc4fb/items
  response:
    body:
      string: '{"value": [{"id": "410fcc96-e8fa-4d0f-a60b-519e8a5de73f", "type": "SemanticModel",
        "displayName": "fabcli000002_auto", "description": "", "workspaceId": "983d6c2b-ac95-468f-8085-6663983fc4fb",
        "folderId": "2d341b0f-9f4d-466a-8160-34c8d9f689aa"}, {"id": "fa0a17f7-90ee-4abd-887c-6e9ba5c774c1",
        "type": "CopyJob", "displayName": "fabcli000002", "description": "Created
        by fab", "workspaceId": "983d6c2b-ac95-468f-8085-6663983fc4fb", "folderId":
        "07bfc2a1-94f1-43d2-9075-be98afe61e9d"}]}'
    headers:
      Access-Control-Expose-Headers:
      - RequestId
      Cache-Control:
      - no-store, must-revalidate, no-cache
      Content-Encoding:
      - gzip
      Content-Length:
      - '292'
      Content-Type:
      - application/json; charset=utf-8
      Date:
      - Fri, 16 Jan 2026 14:27:40 GMT
      Pragma:
      - no-cache
      RequestId:
      - 4141812a-7e52-4820-871e-05f930b8847f
      Strict-Transport-Security:
      - max-age=31536000; includeSubDomains
      X-Content-Type-Options:
      - nosniff
      X-Frame-Options:
      - deny
      home-cluster-uri:
      - https://wabi-us-central-b-primary-redirect.analysis.windows.net/
      request-redirected:
      - 'true'
    status:
      code: 200
      message: OK
- request:
    body: null
    headers:
      Accept:
      - '*/*'
      Accept-Encoding:
      - gzip, deflate
      Connection:
      - keep-alive
      Content-Type:
      - application/json
      User-Agent:
      - ms-fabric-cli-test/1.3.1
    method: GET
    uri: https://api.fabric.microsoft.com/v1/workspaces/983d6c2b-ac95-468f-8085-6663983fc4fb/folders?recursive=True
  response:
    body:
      string: '{"value": [{"id": "2d341b0f-9f4d-466a-8160-34c8d9f689aa", "displayName":
        "fabcli000001", "workspaceId": "983d6c2b-ac95-468f-8085-6663983fc4fb"}, {"id":
        "07bfc2a1-94f1-43d2-9075-be98afe61e9d", "displayName": "fabcli000001", "workspaceId":
        "983d6c2b-ac95-468f-8085-6663983fc4fb"}]}'
    headers:
      Access-Control-Expose-Headers:
      - RequestId
      Cache-Control:
      - no-store, must-revalidate, no-cache
      Content-Encoding:
      - gzip
      Content-Length:
      - '184'
      Content-Type:
      - application/json; charset=utf-8
      Date:
      - Fri, 16 Jan 2026 14:27:40 GMT
      Pragma:
      - no-cache
      RequestId:
      - 1b5a1cc8-8464-4fa3-bab6-f3d9abf876e2
      Strict-Transport-Security:
      - max-age=31536000; includeSubDomains
      X-Content-Type-Options:
      - nosniff
      X-Frame-Options:
      - deny
      home-cluster-uri:
      - https://wabi-us-central-b-primary-redirect.analysis.windows.net/
      request-redirected:
      - 'true'
    status:
      code: 200
      message: OK
- request:
    body: null
    headers:
      Accept:
      - '*/*'
      Accept-Encoding:
      - gzip, deflate
      Connection:
      - keep-alive
      Content-Type:
      - application/json
      User-Agent:
      - ms-fabric-cli-test/1.3.1
    method: GET
    uri: https://api.fabric.microsoft.com/v1/workspaces/983d6c2b-ac95-468f-8085-6663983fc4fb/folders?recursive=True
  response:
    body:
      string: '{"value": [{"id": "2d341b0f-9f4d-466a-8160-34c8d9f689aa", "displayName":
        "fabcli000001", "workspaceId": "983d6c2b-ac95-468f-8085-6663983fc4fb"}, {"id":
        "07bfc2a1-94f1-43d2-9075-be98afe61e9d", "displayName": "fabcli000001", "workspaceId":
        "983d6c2b-ac95-468f-8085-6663983fc4fb"}]}'
    headers:
      Access-Control-Expose-Headers:
      - RequestId
      Cache-Control:
      - no-store, must-revalidate, no-cache
      Content-Encoding:
      - gzip
      Content-Length:
      - '184'
      Content-Type:
      - application/json; charset=utf-8
      Date:
      - Fri, 16 Jan 2026 14:27:42 GMT
      Pragma:
      - no-cache
      RequestId:
      - 57e2b7a0-8333-441a-9933-19199f23c5c6
      Strict-Transport-Security:
      - max-age=31536000; includeSubDomains
      X-Content-Type-Options:
      - nosniff
      X-Frame-Options:
      - deny
      home-cluster-uri:
      - https://wabi-us-central-b-primary-redirect.analysis.windows.net/
      request-redirected:
      - 'true'
    status:
      code: 200
      message: OK
- request:
    body: null
    headers:
      Accept:
      - '*/*'
      Accept-Encoding:
      - gzip, deflate
      Connection:
      - keep-alive
      Content-Type:
      - application/json
      User-Agent:
      - ms-fabric-cli-test/1.3.1
    method: GET
    uri: https://api.fabric.microsoft.com/v1/workspaces/983d6c2b-ac95-468f-8085-6663983fc4fb/folders?recursive=True
  response:
    body:
      string: '{"value": [{"id": "2d341b0f-9f4d-466a-8160-34c8d9f689aa", "displayName":
        "fabcli000001", "workspaceId": "983d6c2b-ac95-468f-8085-6663983fc4fb"}, {"id":
        "07bfc2a1-94f1-43d2-9075-be98afe61e9d", "displayName": "fabcli000001", "workspaceId":
        "983d6c2b-ac95-468f-8085-6663983fc4fb"}]}'
    headers:
      Access-Control-Expose-Headers:
      - RequestId
      Cache-Control:
      - no-store, must-revalidate, no-cache
      Content-Encoding:
      - gzip
      Content-Length:
      - '184'
      Content-Type:
      - application/json; charset=utf-8
      Date:
      - Fri, 16 Jan 2026 14:27:43 GMT
      Pragma:
      - no-cache
      RequestId:
      - a169691e-c9cf-49e7-9ddc-dd60cb110ff4
      Strict-Transport-Security:
      - max-age=31536000; includeSubDomains
      X-Content-Type-Options:
      - nosniff
      X-Frame-Options:
      - deny
      home-cluster-uri:
      - https://wabi-us-central-b-primary-redirect.analysis.windows.net/
      request-redirected:
      - 'true'
    status:
      code: 200
      message: OK
- request:
    body: null
    headers:
      Accept:
      - '*/*'
      Accept-Encoding:
      - gzip, deflate
      Connection:
      - keep-alive
      Content-Type:
      - application/json
      User-Agent:
      - ms-fabric-cli-test/1.3.1
    method: GET
    uri: https://api.fabric.microsoft.com/v1/workspaces
  response:
    body:
      string: '{"value": [{"id": "983d6c2b-ac95-468f-8085-6663983fc4fb", "displayName":
        "fabriccli_WorkspacePerTestclass_000001", "description": "Created by fab",
        "type": "Workspace", "capacityId": "07b1fd56-9969-4ff5-a2c8-05df5f82759a"}]}'
    headers:
      Access-Control-Expose-Headers:
      - RequestId
      Cache-Control:
      - no-store, must-revalidate, no-cache
      Content-Encoding:
      - gzip
      Content-Length:
      - '5946'
      Content-Type:
      - application/json; charset=utf-8
      Date:
      - Fri, 16 Jan 2026 14:27:43 GMT
      Pragma:
      - no-cache
      RequestId:
      - 53b09278-f2be-44ee-bf36-2e17a0e20077
      Strict-Transport-Security:
      - max-age=31536000; includeSubDomains
      X-Content-Type-Options:
      - nosniff
      X-Frame-Options:
      - deny
      home-cluster-uri:
      - https://wabi-us-central-b-primary-redirect.analysis.windows.net/
      request-redirected:
      - 'true'
    status:
      code: 200
      message: OK
- request:
    body: null
    headers:
      Accept:
      - '*/*'
      Accept-Encoding:
      - gzip, deflate
      Connection:
      - keep-alive
      Content-Type:
      - application/json
      User-Agent:
      - ms-fabric-cli-test/1.3.1
    method: GET
    uri: https://api.fabric.microsoft.com/v1/workspaces/983d6c2b-ac95-468f-8085-6663983fc4fb/folders?recursive=True
  response:
    body:
      string: '{"requestId": "6d53d0c3-7be0-4449-b128-9e9608d31112", "errorCode":
        "RequestBlocked", "message": "Request is blocked by the upstream service until:
        1/16/2026 2:28:33 PM (UTC)"}'
    headers:
      Content-Length:
      - '170'
      Content-Type:
      - application/json; charset=utf-8
      Date:
      - Fri, 16 Jan 2026 14:27:44 GMT
      RequestId:
      - 6d53d0c3-7be0-4449-b128-9e9608d31112
      Retry-After:
      - '48'
      home-cluster-uri:
      - https://wabi-us-central-b-primary-redirect.analysis.windows.net/
      request-redirected:
      - 'true'
      x-ms-public-api-error-code:
      - RequestBlocked
    status:
      code: 429
      message: ''
- request:
    body: null
    headers:
      Accept:
      - '*/*'
      Accept-Encoding:
      - gzip, deflate
      Connection:
      - keep-alive
      Content-Type:
      - application/json
      User-Agent:
      - ms-fabric-cli-test/1.3.1
    method: GET
    uri: https://api.fabric.microsoft.com/v1/workspaces/983d6c2b-ac95-468f-8085-6663983fc4fb/folders?recursive=True
  response:
    body:
      string: '{"value": [{"id": "2d341b0f-9f4d-466a-8160-34c8d9f689aa", "displayName":
        "fabcli000001", "workspaceId": "983d6c2b-ac95-468f-8085-6663983fc4fb"}, {"id":
        "07bfc2a1-94f1-43d2-9075-be98afe61e9d", "displayName": "fabcli000001", "workspaceId":
        "983d6c2b-ac95-468f-8085-6663983fc4fb"}]}'
    headers:
      Access-Control-Expose-Headers:
      - RequestId
      Cache-Control:
      - no-store, must-revalidate, no-cache
      Content-Encoding:
      - gzip
      Content-Length:
      - '184'
      Content-Type:
      - application/json; charset=utf-8
      Date:
      - Fri, 16 Jan 2026 14:28:34 GMT
      Pragma:
      - no-cache
      RequestId:
      - f866d408-3c33-4a75-b37b-578b33544470
      Strict-Transport-Security:
      - max-age=31536000; includeSubDomains
      X-Content-Type-Options:
      - nosniff
      X-Frame-Options:
      - deny
      home-cluster-uri:
      - https://wabi-us-central-b-primary-redirect.analysis.windows.net/
      request-redirected:
      - 'true'
    status:
      code: 200
      message: OK
- request:
    body: null
    headers:
      Accept:
      - '*/*'
      Accept-Encoding:
      - gzip, deflate
      Connection:
      - keep-alive
      Content-Type:
      - application/json
      User-Agent:
      - ms-fabric-cli-test/1.3.1
    method: GET
    uri: https://api.fabric.microsoft.com/v1/workspaces/983d6c2b-ac95-468f-8085-6663983fc4fb/items
  response:
    body:
      string: '{"value": [{"id": "410fcc96-e8fa-4d0f-a60b-519e8a5de73f", "type": "SemanticModel",
        "displayName": "fabcli000002_auto", "description": "", "workspaceId": "983d6c2b-ac95-468f-8085-6663983fc4fb",
        "folderId": "2d341b0f-9f4d-466a-8160-34c8d9f689aa"}, {"id": "fa0a17f7-90ee-4abd-887c-6e9ba5c774c1",
        "type": "CopyJob", "displayName": "fabcli000002", "description": "Created
        by fab", "workspaceId": "983d6c2b-ac95-468f-8085-6663983fc4fb", "folderId":
        "07bfc2a1-94f1-43d2-9075-be98afe61e9d"}]}'
    headers:
      Access-Control-Expose-Headers:
      - RequestId
      Cache-Control:
      - no-store, must-revalidate, no-cache
      Content-Encoding:
      - gzip
      Content-Length:
      - '292'
      Content-Type:
      - application/json; charset=utf-8
      Date:
      - Fri, 16 Jan 2026 14:28:35 GMT
      Pragma:
      - no-cache
      RequestId:
      - b166e0cd-f5c5-4ff1-b33f-e25a8ac5e936
      Strict-Transport-Security:
      - max-age=31536000; includeSubDomains
      X-Content-Type-Options:
      - nosniff
      X-Frame-Options:
      - deny
      home-cluster-uri:
      - https://wabi-us-central-b-primary-redirect.analysis.windows.net/
      request-redirected:
      - 'true'
    status:
      code: 200
      message: OK
- request:
    body: null
    headers:
      Accept:
      - '*/*'
      Accept-Encoding:
      - gzip, deflate
      Connection:
      - keep-alive
      Content-Type:
      - application/json
      User-Agent:
      - ms-fabric-cli-test/1.3.1
    method: GET
    uri: https://api.fabric.microsoft.com/v1/workspaces/983d6c2b-ac95-468f-8085-6663983fc4fb/folders?recursive=True
  response:
    body:
      string: '{"value": [{"id": "2d341b0f-9f4d-466a-8160-34c8d9f689aa", "displayName":
        "fabcli000001", "workspaceId": "983d6c2b-ac95-468f-8085-6663983fc4fb"}, {"id":
        "07bfc2a1-94f1-43d2-9075-be98afe61e9d", "displayName": "fabcli000001", "workspaceId":
        "983d6c2b-ac95-468f-8085-6663983fc4fb"}]}'
    headers:
      Access-Control-Expose-Headers:
      - RequestId
      Cache-Control:
      - no-store, must-revalidate, no-cache
      Content-Encoding:
      - gzip
      Content-Length:
      - '184'
      Content-Type:
      - application/json; charset=utf-8
      Date:
      - Fri, 16 Jan 2026 14:28:36 GMT
      Pragma:
      - no-cache
      RequestId:
      - 32904c41-d05e-4160-87d4-75d31cb021c5
      Strict-Transport-Security:
      - max-age=31536000; includeSubDomains
      X-Content-Type-Options:
      - nosniff
      X-Frame-Options:
      - deny
      home-cluster-uri:
      - https://wabi-us-central-b-primary-redirect.analysis.windows.net/
      request-redirected:
      - 'true'
    status:
      code: 200
      message: OK
- request:
    body: null
    headers:
      Accept:
      - '*/*'
      Accept-Encoding:
      - gzip, deflate
      Connection:
      - keep-alive
      Content-Type:
      - application/json
      User-Agent:
      - ms-fabric-cli-test/1.3.1
    method: GET
    uri: https://api.fabric.microsoft.com/v1/workspaces/983d6c2b-ac95-468f-8085-6663983fc4fb/folders?recursive=True
  response:
    body:
      string: '{"value": [{"id": "2d341b0f-9f4d-466a-8160-34c8d9f689aa", "displayName":
        "fabcli000001", "workspaceId": "983d6c2b-ac95-468f-8085-6663983fc4fb"}, {"id":
        "07bfc2a1-94f1-43d2-9075-be98afe61e9d", "displayName": "fabcli000001", "workspaceId":
        "983d6c2b-ac95-468f-8085-6663983fc4fb"}]}'
    headers:
      Access-Control-Expose-Headers:
      - RequestId
      Cache-Control:
      - no-store, must-revalidate, no-cache
      Content-Encoding:
      - gzip
      Content-Length:
      - '184'
      Content-Type:
      - application/json; charset=utf-8
      Date:
      - Fri, 16 Jan 2026 14:28:36 GMT
      Pragma:
      - no-cache
      RequestId:
      - fc26e0c5-527c-4217-96c4-0ae7a111f938
      Strict-Transport-Security:
      - max-age=31536000; includeSubDomains
      X-Content-Type-Options:
      - nosniff
      X-Frame-Options:
      - deny
      home-cluster-uri:
      - https://wabi-us-central-b-primary-redirect.analysis.windows.net/
      request-redirected:
      - 'true'
    status:
      code: 200
      message: OK
- request:
    body: null
    headers:
      Accept:
      - '*/*'
      Accept-Encoding:
      - gzip, deflate
      Connection:
      - keep-alive
      Content-Type:
      - application/json
      User-Agent:
      - ms-fabric-cli-test/1.3.1
    method: GET
    uri: https://api.fabric.microsoft.com/v1/workspaces/983d6c2b-ac95-468f-8085-6663983fc4fb/folders?recursive=True
  response:
    body:
      string: '{"value": [{"id": "2d341b0f-9f4d-466a-8160-34c8d9f689aa", "displayName":
        "fabcli000001", "workspaceId": "983d6c2b-ac95-468f-8085-6663983fc4fb"}, {"id":
        "07bfc2a1-94f1-43d2-9075-be98afe61e9d", "displayName": "fabcli000001", "workspaceId":
        "983d6c2b-ac95-468f-8085-6663983fc4fb"}]}'
    headers:
      Access-Control-Expose-Headers:
      - RequestId
      Cache-Control:
      - no-store, must-revalidate, no-cache
      Content-Encoding:
      - gzip
      Content-Length:
      - '184'
      Content-Type:
      - application/json; charset=utf-8
      Date:
      - Fri, 16 Jan 2026 14:28:37 GMT
      Pragma:
      - no-cache
      RequestId:
      - b14401af-2bcd-4322-95c7-729bb2c65bf5
      Strict-Transport-Security:
      - max-age=31536000; includeSubDomains
      X-Content-Type-Options:
      - nosniff
      X-Frame-Options:
      - deny
      home-cluster-uri:
      - https://wabi-us-central-b-primary-redirect.analysis.windows.net/
      request-redirected:
      - 'true'
    status:
      code: 200
      message: OK
- request:
    body: null
    headers:
      Accept:
      - '*/*'
      Accept-Encoding:
      - gzip, deflate
      Connection:
      - keep-alive
      Content-Type:
      - application/json
      User-Agent:
      - ms-fabric-cli-test/1.3.1
    method: GET
    uri: https://api.fabric.microsoft.com/v1/workspaces
  response:
    body:
      string: '{"value": [{"id": "983d6c2b-ac95-468f-8085-6663983fc4fb", "displayName":
        "fabriccli_WorkspacePerTestclass_000001", "description": "Created by fab",
        "type": "Workspace", "capacityId": "07b1fd56-9969-4ff5-a2c8-05df5f82759a"}]}'
    headers:
      Access-Control-Expose-Headers:
      - RequestId
      Cache-Control:
      - no-store, must-revalidate, no-cache
      Content-Encoding:
      - gzip
      Content-Length:
      - '5946'
      Content-Type:
      - application/json; charset=utf-8
      Date:
      - Fri, 16 Jan 2026 14:28:38 GMT
      Pragma:
      - no-cache
      RequestId:
      - 736a006c-49e3-4893-9d2d-60c38a4b47be
      Strict-Transport-Security:
      - max-age=31536000; includeSubDomains
      X-Content-Type-Options:
      - nosniff
      X-Frame-Options:
      - deny
      home-cluster-uri:
      - https://wabi-us-central-b-primary-redirect.analysis.windows.net/
      request-redirected:
      - 'true'
    status:
      code: 200
      message: OK
- request:
    body: null
    headers:
      Accept:
      - '*/*'
      Accept-Encoding:
      - gzip, deflate
      Connection:
      - keep-alive
      Content-Type:
      - application/json
      User-Agent:
      - ms-fabric-cli-test/1.3.1
    method: GET
    uri: https://api.fabric.microsoft.com/v1/workspaces/983d6c2b-ac95-468f-8085-6663983fc4fb/folders?recursive=True
  response:
    body:
      string: '{"value": [{"id": "2d341b0f-9f4d-466a-8160-34c8d9f689aa", "displayName":
        "fabcli000001", "workspaceId": "983d6c2b-ac95-468f-8085-6663983fc4fb"}, {"id":
        "07bfc2a1-94f1-43d2-9075-be98afe61e9d", "displayName": "fabcli000001", "workspaceId":
        "983d6c2b-ac95-468f-8085-6663983fc4fb"}]}'
    headers:
      Access-Control-Expose-Headers:
      - RequestId
      Cache-Control:
      - no-store, must-revalidate, no-cache
      Content-Encoding:
      - gzip
      Content-Length:
      - '184'
      Content-Type:
      - application/json; charset=utf-8
      Date:
      - Fri, 16 Jan 2026 14:28:39 GMT
      Pragma:
      - no-cache
      RequestId:
      - 136d0c32-333c-43ca-a3fb-e41a6f04bd31
      Strict-Transport-Security:
      - max-age=31536000; includeSubDomains
      X-Content-Type-Options:
      - nosniff
      X-Frame-Options:
      - deny
      home-cluster-uri:
      - https://wabi-us-central-b-primary-redirect.analysis.windows.net/
      request-redirected:
      - 'true'
    status:
      code: 200
      message: OK
- request:
    body: null
    headers:
      Accept:
      - '*/*'
      Accept-Encoding:
      - gzip, deflate
      Connection:
      - keep-alive
      Content-Type:
      - application/json
      User-Agent:
      - ms-fabric-cli-test/1.3.1
    method: GET
    uri: https://api.fabric.microsoft.com/v1/workspaces/983d6c2b-ac95-468f-8085-6663983fc4fb/items
  response:
    body:
      string: '{"value": [{"id": "410fcc96-e8fa-4d0f-a60b-519e8a5de73f", "type": "SemanticModel",
        "displayName": "fabcli000002_auto", "description": "", "workspaceId": "983d6c2b-ac95-468f-8085-6663983fc4fb",
        "folderId": "2d341b0f-9f4d-466a-8160-34c8d9f689aa"}, {"id": "fa0a17f7-90ee-4abd-887c-6e9ba5c774c1",
        "type": "CopyJob", "displayName": "fabcli000002", "description": "Created
        by fab", "workspaceId": "983d6c2b-ac95-468f-8085-6663983fc4fb", "folderId":
        "07bfc2a1-94f1-43d2-9075-be98afe61e9d"}]}'
    headers:
      Access-Control-Expose-Headers:
      - RequestId
      Cache-Control:
      - no-store, must-revalidate, no-cache
      Content-Encoding:
      - gzip
      Content-Length:
      - '292'
      Content-Type:
      - application/json; charset=utf-8
      Date:
      - Fri, 16 Jan 2026 14:28:40 GMT
      Pragma:
      - no-cache
      RequestId:
      - b431b9b5-61dd-4fbd-b006-f133aef6e81e
      Strict-Transport-Security:
      - max-age=31536000; includeSubDomains
      X-Content-Type-Options:
      - nosniff
      X-Frame-Options:
      - deny
      home-cluster-uri:
      - https://wabi-us-central-b-primary-redirect.analysis.windows.net/
      request-redirected:
      - 'true'
    status:
      code: 200
      message: OK
- request:
    body: null
    headers:
      Accept:
      - '*/*'
      Accept-Encoding:
      - gzip, deflate
      Connection:
      - keep-alive
      Content-Type:
      - application/json
      User-Agent:
      - ms-fabric-cli-test/1.3.1
    method: GET
    uri: https://api.fabric.microsoft.com/v1/workspaces/983d6c2b-ac95-468f-8085-6663983fc4fb/folders?recursive=True
  response:
    body:
      string: '{"value": [{"id": "2d341b0f-9f4d-466a-8160-34c8d9f689aa", "displayName":
        "fabcli000001", "workspaceId": "983d6c2b-ac95-468f-8085-6663983fc4fb"}, {"id":
        "07bfc2a1-94f1-43d2-9075-be98afe61e9d", "displayName": "fabcli000001", "workspaceId":
        "983d6c2b-ac95-468f-8085-6663983fc4fb"}]}'
    headers:
      Access-Control-Expose-Headers:
      - RequestId
      Cache-Control:
      - no-store, must-revalidate, no-cache
      Content-Encoding:
      - gzip
      Content-Length:
      - '184'
      Content-Type:
      - application/json; charset=utf-8
      Date:
      - Fri, 16 Jan 2026 14:28:41 GMT
      Pragma:
      - no-cache
      RequestId:
      - cc63c3d6-d56c-4bcc-bfbb-6c39e8a38c6e
      Strict-Transport-Security:
      - max-age=31536000; includeSubDomains
      X-Content-Type-Options:
      - nosniff
      X-Frame-Options:
      - deny
      home-cluster-uri:
      - https://wabi-us-central-b-primary-redirect.analysis.windows.net/
      request-redirected:
      - 'true'
    status:
      code: 200
      message: OK
- request:
    body: null
    headers:
      Accept:
      - '*/*'
      Accept-Encoding:
      - gzip, deflate
      Connection:
      - keep-alive
      Content-Type:
      - application/json
      User-Agent:
      - ms-fabric-cli-test/1.3.1
    method: GET
    uri: https://api.fabric.microsoft.com/v1/workspaces/983d6c2b-ac95-468f-8085-6663983fc4fb/folders?recursive=True
  response:
    body:
      string: '{"value": [{"id": "2d341b0f-9f4d-466a-8160-34c8d9f689aa", "displayName":
        "fabcli000001", "workspaceId": "983d6c2b-ac95-468f-8085-6663983fc4fb"}, {"id":
        "07bfc2a1-94f1-43d2-9075-be98afe61e9d", "displayName": "fabcli000001", "workspaceId":
        "983d6c2b-ac95-468f-8085-6663983fc4fb"}]}'
    headers:
      Access-Control-Expose-Headers:
      - RequestId
      Cache-Control:
      - no-store, must-revalidate, no-cache
      Content-Encoding:
      - gzip
      Content-Length:
      - '184'
      Content-Type:
      - application/json; charset=utf-8
      Date:
      - Fri, 16 Jan 2026 14:28:41 GMT
      Pragma:
      - no-cache
      RequestId:
      - c23aa4b4-d085-40f8-9da4-6e5e6988908c
      Strict-Transport-Security:
      - max-age=31536000; includeSubDomains
      X-Content-Type-Options:
      - nosniff
      X-Frame-Options:
      - deny
      home-cluster-uri:
      - https://wabi-us-central-b-primary-redirect.analysis.windows.net/
      request-redirected:
      - 'true'
    status:
      code: 200
      message: OK
- request:
    body: null
    headers:
      Accept:
      - '*/*'
      Accept-Encoding:
      - gzip, deflate
      Connection:
      - keep-alive
      Content-Length:
      - '0'
      Content-Type:
      - application/json
      User-Agent:
      - ms-fabric-cli-test/1.3.1
    method: DELETE
    uri: https://api.fabric.microsoft.com/v1/workspaces/983d6c2b-ac95-468f-8085-6663983fc4fb/items/fa0a17f7-90ee-4abd-887c-6e9ba5c774c1
  response:
    body:
      string: ''
    headers:
      Access-Control-Expose-Headers:
      - RequestId
      Cache-Control:
      - no-store, must-revalidate, no-cache
      Content-Encoding:
      - gzip
      Content-Length:
      - '0'
      Content-Type:
      - application/octet-stream
      Date:
      - Fri, 16 Jan 2026 14:28:43 GMT
      Pragma:
      - no-cache
      RequestId:
      - d587472b-d27f-4887-ad02-408aac7a4a96
      Strict-Transport-Security:
      - max-age=31536000; includeSubDomains
      X-Content-Type-Options:
      - nosniff
      X-Frame-Options:
      - deny
      home-cluster-uri:
      - https://wabi-us-central-b-primary-redirect.analysis.windows.net/
      request-redirected:
      - 'true'
    status:
      code: 200
      message: OK
- request:
    body: null
    headers:
      Accept:
      - '*/*'
      Accept-Encoding:
      - gzip, deflate
      Connection:
      - keep-alive
      Content-Type:
      - application/json
      User-Agent:
      - ms-fabric-cli-test/1.3.1
    method: GET
    uri: https://api.fabric.microsoft.com/v1/workspaces
  response:
    body:
      string: '{"value": [{"id": "983d6c2b-ac95-468f-8085-6663983fc4fb", "displayName":
        "fabriccli_WorkspacePerTestclass_000001", "description": "Created by fab",
        "type": "Workspace", "capacityId": "07b1fd56-9969-4ff5-a2c8-05df5f82759a"}]}'
    headers:
      Access-Control-Expose-Headers:
      - RequestId
      Cache-Control:
      - no-store, must-revalidate, no-cache
      Content-Encoding:
      - gzip
      Content-Length:
      - '5946'
      Content-Type:
      - application/json; charset=utf-8
      Date:
      - Fri, 16 Jan 2026 14:28:44 GMT
      Pragma:
      - no-cache
      RequestId:
      - 31c65cc2-cec7-4a75-9f99-f4c43dc8145f
      Strict-Transport-Security:
      - max-age=31536000; includeSubDomains
      X-Content-Type-Options:
      - nosniff
      X-Frame-Options:
      - deny
      home-cluster-uri:
      - https://wabi-us-central-b-primary-redirect.analysis.windows.net/
      request-redirected:
      - 'true'
    status:
      code: 200
      message: OK
- request:
    body: null
    headers:
      Accept:
      - '*/*'
      Accept-Encoding:
      - gzip, deflate
      Connection:
      - keep-alive
      Content-Type:
      - application/json
      User-Agent:
      - ms-fabric-cli-test/1.3.1
    method: GET
    uri: https://api.fabric.microsoft.com/v1/workspaces/983d6c2b-ac95-468f-8085-6663983fc4fb/folders?recursive=True
  response:
    body:
      string: '{"value": [{"id": "2d341b0f-9f4d-466a-8160-34c8d9f689aa", "displayName":
        "fabcli000001", "workspaceId": "983d6c2b-ac95-468f-8085-6663983fc4fb"}, {"id":
        "07bfc2a1-94f1-43d2-9075-be98afe61e9d", "displayName": "fabcli000001", "workspaceId":
        "983d6c2b-ac95-468f-8085-6663983fc4fb"}]}'
    headers:
      Access-Control-Expose-Headers:
      - RequestId
      Cache-Control:
      - no-store, must-revalidate, no-cache
      Content-Encoding:
      - gzip
      Content-Length:
      - '184'
      Content-Type:
      - application/json; charset=utf-8
      Date:
      - Fri, 16 Jan 2026 14:28:45 GMT
      Pragma:
      - no-cache
      RequestId:
      - bf327786-59cf-4f33-90f8-6f90ae3976d6
      Strict-Transport-Security:
      - max-age=31536000; includeSubDomains
      X-Content-Type-Options:
      - nosniff
      X-Frame-Options:
      - deny
      home-cluster-uri:
      - https://wabi-us-central-b-primary-redirect.analysis.windows.net/
      request-redirected:
      - 'true'
    status:
      code: 200
      message: OK
- request:
    body: null
    headers:
      Accept:
      - '*/*'
      Accept-Encoding:
      - gzip, deflate
      Connection:
      - keep-alive
      Content-Length:
      - '0'
      Content-Type:
      - application/json
      User-Agent:
      - ms-fabric-cli-test/1.3.1
    method: DELETE
    uri: https://api.fabric.microsoft.com/v1/workspaces/983d6c2b-ac95-468f-8085-6663983fc4fb/folders/07bfc2a1-94f1-43d2-9075-be98afe61e9d
  response:
    body:
      string: ''
    headers:
      Access-Control-Expose-Headers:
      - RequestId
      Cache-Control:
      - no-store, must-revalidate, no-cache
      Content-Encoding:
      - gzip
      Content-Length:
      - '0'
      Content-Type:
      - application/octet-stream
      Date:
      - Fri, 16 Jan 2026 14:28:45 GMT
      Pragma:
      - no-cache
      RequestId:
      - d7b75028-4e94-4048-896e-e9099c003407
      Strict-Transport-Security:
      - max-age=31536000; includeSubDomains
      X-Content-Type-Options:
      - nosniff
      X-Frame-Options:
      - deny
      home-cluster-uri:
      - https://wabi-us-central-b-primary-redirect.analysis.windows.net/
      request-redirected:
      - 'true'
    status:
      code: 200
      message: OK
version: 1
