interactions:
- request:
    body: null
    headers:
      Accept:
      - '*/*'
      Accept-Encoding:
      - gzip, deflate
      Connection:
      - keep-alive
      Content-Type:
      - application/json
      User-Agent:
      - ms-fabric-cli-test/1.3.1
    method: GET
    uri: https://api.fabric.microsoft.com/v1/workspaces
  response:
    body:
      string: '{"value": [{"id": "3634a139-2c9e-4205-910b-3b089a31be47", "displayName":
        "My workspace", "description": "", "type": "Personal"}, {"id": "20015b53-cb84-4f8d-8814-33b22729b0d7",
        "displayName": "fabriccli_WorkspacePerTestclass_000001", "description": "Created
        by fab", "type": "Workspace", "capacityId": "00000000-0000-0000-0000-000000000004"}]}'
    headers:
      Access-Control-Expose-Headers:
      - RequestId
      Cache-Control:
      - no-store, must-revalidate, no-cache
      Content-Encoding:
      - gzip
      Content-Length:
      - '2803'
      Content-Type:
      - application/json; charset=utf-8
      Date:
      - Thu, 05 Feb 2026 13:40:48 GMT
      Pragma:
      - no-cache
      RequestId:
      - 1d30377a-267d-4b63-8c6c-e4c239a61c3e
      Strict-Transport-Security:
      - max-age=31536000; includeSubDomains
      X-Content-Type-Options:
      - nosniff
      X-Frame-Options:
      - deny
      home-cluster-uri:
      - https://wabi-us-central-b-primary-redirect.analysis.windows.net/
      request-redirected:
      - 'true'
    status:
      code: 200
      message: OK
- request:
    body: null
    headers:
      Accept:
      - '*/*'
      Accept-Encoding:
      - gzip, deflate
      Connection:
      - keep-alive
      Content-Type:
      - application/json
      User-Agent:
      - ms-fabric-cli-test/1.3.1
    method: GET
    uri: https://api.fabric.microsoft.com/v1/workspaces/20015b53-cb84-4f8d-8814-33b22729b0d7/folders?recursive=True
  response:
    body:
      string: '{"value": []}'
    headers:
      Access-Control-Expose-Headers:
      - RequestId
      Cache-Control:
      - no-store, must-revalidate, no-cache
      Content-Encoding:
      - gzip
      Content-Length:
      - '32'
      Content-Type:
      - application/json; charset=utf-8
      Date:
      - Thu, 05 Feb 2026 13:40:49 GMT
      Pragma:
      - no-cache
      RequestId:
      - 2614f967-86ca-42a5-9250-75d124b7b3c6
      Strict-Transport-Security:
      - max-age=31536000; includeSubDomains
      X-Content-Type-Options:
      - nosniff
      X-Frame-Options:
      - deny
      home-cluster-uri:
      - https://wabi-us-central-b-primary-redirect.analysis.windows.net/
      request-redirected:
      - 'true'
    status:
      code: 200
      message: OK
- request:
    body: null
    headers:
      Accept:
      - '*/*'
      Accept-Encoding:
      - gzip, deflate
      Connection:
      - keep-alive
      Content-Type:
      - application/json
      User-Agent:
      - ms-fabric-cli-test/1.3.1
    method: GET
    uri: https://api.fabric.microsoft.com/v1/workspaces/20015b53-cb84-4f8d-8814-33b22729b0d7/folders?recursive=True
  response:
    body:
      string: '{"value": []}'
    headers:
      Access-Control-Expose-Headers:
      - RequestId
      Cache-Control:
      - no-store, must-revalidate, no-cache
      Content-Encoding:
      - gzip
      Content-Length:
      - '32'
      Content-Type:
      - application/json; charset=utf-8
      Date:
      - Thu, 05 Feb 2026 13:40:49 GMT
      Pragma:
      - no-cache
      RequestId:
      - bfca11fb-4444-4cd5-b9e5-354968aebbd4
      Strict-Transport-Security:
      - max-age=31536000; includeSubDomains
      X-Content-Type-Options:
      - nosniff
      X-Frame-Options:
      - deny
      home-cluster-uri:
      - https://wabi-us-central-b-primary-redirect.analysis.windows.net/
      request-redirected:
      - 'true'
    status:
      code: 200
      message: OK
- request:
    body: '{"description": "Created by fab", "displayName": "fabcli000001"}'
    headers:
      Accept:
      - '*/*'
      Accept-Encoding:
      - gzip, deflate
      Connection:
      - keep-alive
      Content-Length:
      - '68'
      Content-Type:
      - application/json
      User-Agent:
      - ms-fabric-cli-test/1.3.1
    method: POST
    uri: https://api.fabric.microsoft.com/v1/workspaces/20015b53-cb84-4f8d-8814-33b22729b0d7/folders
  response:
    body:
      string: '{"id": "ba19c5c9-55cc-4fc7-9803-fe30c3713e5a", "displayName": "fabcli000001",
        "workspaceId": "20015b53-cb84-4f8d-8814-33b22729b0d7"}'
    headers:
      Access-Control-Expose-Headers:
      - RequestId,Location
      Cache-Control:
      - no-store, must-revalidate, no-cache
      Content-Encoding:
      - gzip
      Content-Length:
      - '132'
      Content-Type:
      - application/json; charset=utf-8
      Date:
      - Thu, 05 Feb 2026 13:40:51 GMT
      Location:
      - https://api.fabric.microsoft.com/v1/workspaces/20015b53-cb84-4f8d-8814-33b22729b0d7/folders/ba19c5c9-55cc-4fc7-9803-fe30c3713e5a
      Pragma:
      - no-cache
      RequestId:
      - 9c584a0b-2c70-488d-b6dd-9b2d46f84dd2
      Strict-Transport-Security:
      - max-age=31536000; includeSubDomains
      X-Content-Type-Options:
      - nosniff
      X-Frame-Options:
      - deny
      home-cluster-uri:
      - https://wabi-us-central-b-primary-redirect.analysis.windows.net/
      request-redirected:
      - 'true'
    status:
      code: 201
      message: Created
- request:
    body: null
    headers:
      Accept:
      - '*/*'
      Accept-Encoding:
      - gzip, deflate
      Connection:
      - keep-alive
      Content-Type:
      - application/json
      User-Agent:
      - ms-fabric-cli-test/1.3.1
    method: GET
    uri: https://api.fabric.microsoft.com/v1/workspaces
  response:
    body:
      string: '{"value": [{"id": "3634a139-2c9e-4205-910b-3b089a31be47", "displayName":
        "My workspace", "description": "", "type": "Personal"}, {"id": "20015b53-cb84-4f8d-8814-33b22729b0d7",
        "displayName": "fabriccli_WorkspacePerTestclass_000001", "description": "Created
        by fab", "type": "Workspace", "capacityId": "00000000-0000-0000-0000-000000000004"}]}'
    headers:
      Access-Control-Expose-Headers:
      - RequestId
      Cache-Control:
      - no-store, must-revalidate, no-cache
      Content-Encoding:
      - gzip
      Content-Length:
      - '2803'
      Content-Type:
      - application/json; charset=utf-8
      Date:
      - Thu, 05 Feb 2026 13:40:52 GMT
      Pragma:
      - no-cache
      RequestId:
      - fa910499-770f-4a4c-a327-3546454af43d
      Strict-Transport-Security:
      - max-age=31536000; includeSubDomains
      X-Content-Type-Options:
      - nosniff
      X-Frame-Options:
      - deny
      home-cluster-uri:
      - https://wabi-us-central-b-primary-redirect.analysis.windows.net/
      request-redirected:
      - 'true'
    status:
      code: 200
      message: OK
- request:
    body: null
    headers:
      Accept:
      - '*/*'
      Accept-Encoding:
      - gzip, deflate
      Connection:
      - keep-alive
      Content-Type:
      - application/json
      User-Agent:
      - ms-fabric-cli-test/1.3.1
    method: GET
    uri: https://api.fabric.microsoft.com/v1/workspaces/20015b53-cb84-4f8d-8814-33b22729b0d7/items
  response:
    body:
      string: '{"value": []}'
    headers:
      Access-Control-Expose-Headers:
      - RequestId
      Cache-Control:
      - no-store, must-revalidate, no-cache
      Content-Encoding:
      - gzip
      Content-Length:
      - '32'
      Content-Type:
      - application/json; charset=utf-8
      Date:
      - Thu, 05 Feb 2026 13:40:53 GMT
      Pragma:
      - no-cache
      RequestId:
      - e64a5d88-f701-4447-8498-2e0c0718b678
      Strict-Transport-Security:
      - max-age=31536000; includeSubDomains
      X-Content-Type-Options:
      - nosniff
      X-Frame-Options:
      - deny
      home-cluster-uri:
      - https://wabi-us-central-b-primary-redirect.analysis.windows.net/
      request-redirected:
      - 'true'
    status:
      code: 200
      message: OK
- request:
    body: null
    headers:
      Accept:
      - '*/*'
      Accept-Encoding:
      - gzip, deflate
      Connection:
      - keep-alive
      Content-Type:
      - application/json
      User-Agent:
      - ms-fabric-cli-test/1.3.1
    method: GET
    uri: https://api.fabric.microsoft.com/v1/workspaces/20015b53-cb84-4f8d-8814-33b22729b0d7/items
  response:
    body:
      string: '{"value": []}'
    headers:
      Access-Control-Expose-Headers:
      - RequestId
      Cache-Control:
      - no-store, must-revalidate, no-cache
      Content-Encoding:
      - gzip
      Content-Length:
      - '32'
      Content-Type:
      - application/json; charset=utf-8
      Date:
      - Thu, 05 Feb 2026 13:40:53 GMT
      Pragma:
      - no-cache
      RequestId:
      - 1674c26a-34d1-484c-9dff-3b6dfeda7d7a
      Strict-Transport-Security:
      - max-age=31536000; includeSubDomains
      X-Content-Type-Options:
      - nosniff
      X-Frame-Options:
      - deny
      home-cluster-uri:
      - https://wabi-us-central-b-primary-redirect.analysis.windows.net/
      request-redirected:
      - 'true'
    status:
      code: 200
      message: OK
- request:
    body: '{"description": "Created by fab", "displayName": "fabcli000002", "type":
      "DigitalTwinBuilder", "folderId": null}'
    headers:
      Accept:
      - '*/*'
      Accept-Encoding:
      - gzip, deflate
      Connection:
      - keep-alive
      Content-Length:
      - '116'
      Content-Type:
      - application/json
      User-Agent:
      - ms-fabric-cli-test/1.3.1
    method: POST
    uri: https://api.fabric.microsoft.com/v1/workspaces/20015b53-cb84-4f8d-8814-33b22729b0d7/digitalTwinBuilders
  response:
    body:
      string: 'null'
    headers:
      Access-Control-Expose-Headers:
      - RequestId,Location,Retry-After,ETag,x-ms-operation-id
      Cache-Control:
      - no-store, must-revalidate, no-cache
      Content-Encoding:
      - gzip
      Content-Length:
      - '24'
      Content-Type:
      - application/json; charset=utf-8
      Date:
      - Thu, 05 Feb 2026 13:40:57 GMT
      ETag:
      - '""'
      Location:
      - https://wabi-us-central-b-primary-redirect.analysis.windows.net/v1/operations/2f8544e0-c46b-4988-8717-0bc6fcf2cf49
      Pragma:
      - no-cache
      RequestId:
      - 66b9b6a6-d4d6-4c6a-bbb7-150d76ec23ad
      Retry-After:
      - '20'
      Strict-Transport-Security:
      - max-age=31536000; includeSubDomains
      X-Content-Type-Options:
      - nosniff
      X-Frame-Options:
      - deny
      home-cluster-uri:
      - https://wabi-us-central-b-primary-redirect.analysis.windows.net/
      request-redirected:
      - 'true'
      x-ms-operation-id:
      - 2f8544e0-c46b-4988-8717-0bc6fcf2cf49
    status:
      code: 202
      message: Accepted
- request:
    body: null
    headers:
      Accept:
      - '*/*'
      Accept-Encoding:
      - gzip, deflate
      Connection:
      - keep-alive
      Content-Type:
      - application/json
      User-Agent:
      - ms-fabric-cli-test/1.3.1
    method: GET
    uri: https://wabi-us-central-b-primary-redirect.analysis.windows.net/v1/operations/2f8544e0-c46b-4988-8717-0bc6fcf2cf49
  response:
    body:
      string: '{"status": "Succeeded", "createdTimeUtc": "2026-02-05T13:40:55.3123803",
        "lastUpdatedTimeUtc": "2026-02-05T13:41:06.7835019", "percentComplete": 100,
        "error": null}'
    headers:
      Access-Control-Expose-Headers:
      - RequestId,Location,x-ms-operation-id
      Cache-Control:
      - no-store, must-revalidate, no-cache
      Content-Encoding:
      - gzip
      Content-Length:
      - '133'
      Content-Type:
      - application/json; charset=utf-8
      Date:
      - Thu, 05 Feb 2026 13:41:19 GMT
      Location:
      - https://wabi-us-central-b-primary-redirect.analysis.windows.net/v1/operations/2f8544e0-c46b-4988-8717-0bc6fcf2cf49/result
      Pragma:
      - no-cache
      RequestId:
      - cef53979-7326-4626-abe1-6b5bc4337377
      Strict-Transport-Security:
      - max-age=31536000; includeSubDomains
      X-Content-Type-Options:
      - nosniff
      X-Frame-Options:
      - deny
      x-ms-operation-id:
      - 2f8544e0-c46b-4988-8717-0bc6fcf2cf49
    status:
      code: 200
      message: OK
- request:
    body: null
    headers:
      Accept:
      - '*/*'
      Accept-Encoding:
      - gzip, deflate
      Connection:
      - keep-alive
      Content-Type:
      - application/json
      User-Agent:
      - ms-fabric-cli-test/1.3.1
    method: GET
    uri: https://wabi-us-central-b-primary-redirect.analysis.windows.net/v1/operations/2f8544e0-c46b-4988-8717-0bc6fcf2cf49/result
  response:
    body:
      string: '{"id": "3f4a2bb7-506c-4e79-9ed8-646f68200ede", "type": "DigitalTwinBuilder",
        "displayName": "fabcli000002", "description": "Created by fab", "workspaceId":
        "20015b53-cb84-4f8d-8814-33b22729b0d7"}'
    headers:
      Access-Control-Expose-Headers:
      - RequestId
      Cache-Control:
      - no-store, must-revalidate, no-cache
      Content-Encoding:
      - gzip
      Content-Type:
      - application/json
      Date:
      - Thu, 05 Feb 2026 13:41:19 GMT
      Pragma:
      - no-cache
      RequestId:
      - bebf2168-2517-4f1e-afdd-cbebd3c1f735
      Strict-Transport-Security:
      - max-age=31536000; includeSubDomains
      Transfer-Encoding:
      - chunked
      X-Content-Type-Options:
      - nosniff
      X-Frame-Options:
      - deny
    status:
      code: 200
      message: OK
- request:
    body: null
    headers:
      Accept:
      - '*/*'
      Accept-Encoding:
      - gzip, deflate
      Connection:
      - keep-alive
      Content-Type:
      - application/json
      User-Agent:
      - ms-fabric-cli-test/1.3.1
    method: GET
    uri: https://api.fabric.microsoft.com/v1/workspaces
  response:
    body:
      string: '{"value": [{"id": "3634a139-2c9e-4205-910b-3b089a31be47", "displayName":
        "My workspace", "description": "", "type": "Personal"}, {"id": "20015b53-cb84-4f8d-8814-33b22729b0d7",
        "displayName": "fabriccli_WorkspacePerTestclass_000001", "description": "Created
        by fab", "type": "Workspace", "capacityId": "00000000-0000-0000-0000-000000000004"}]}'
    headers:
      Access-Control-Expose-Headers:
      - RequestId
      Cache-Control:
      - no-store, must-revalidate, no-cache
      Content-Encoding:
      - gzip
      Content-Length:
      - '2803'
      Content-Type:
      - application/json; charset=utf-8
      Date:
      - Thu, 05 Feb 2026 13:41:21 GMT
      Pragma:
      - no-cache
      RequestId:
      - 6ea53d22-51d9-4441-8567-fd0ab0644d03
      Strict-Transport-Security:
      - max-age=31536000; includeSubDomains
      X-Content-Type-Options:
      - nosniff
      X-Frame-Options:
      - deny
      home-cluster-uri:
      - https://wabi-us-central-b-primary-redirect.analysis.windows.net/
      request-redirected:
      - 'true'
    status:
      code: 200
      message: OK
- request:
    body: null
    headers:
      Accept:
      - '*/*'
      Accept-Encoding:
      - gzip, deflate
      Connection:
      - keep-alive
      Content-Type:
      - application/json
      User-Agent:
      - ms-fabric-cli-test/1.3.1
    method: GET
    uri: https://api.fabric.microsoft.com/v1/workspaces/20015b53-cb84-4f8d-8814-33b22729b0d7/folders?recursive=True
  response:
    body:
      string: '{"value": [{"id": "ba19c5c9-55cc-4fc7-9803-fe30c3713e5a", "displayName":
        "fabcli000001", "workspaceId": "20015b53-cb84-4f8d-8814-33b22729b0d7"}]}'
    headers:
      Access-Control-Expose-Headers:
      - RequestId
      Cache-Control:
      - no-store, must-revalidate, no-cache
      Content-Encoding:
      - gzip
      Content-Length:
      - '143'
      Content-Type:
      - application/json; charset=utf-8
      Date:
      - Thu, 05 Feb 2026 13:41:21 GMT
      Pragma:
      - no-cache
      RequestId:
      - 8f8c7907-dc79-4852-9d35-cefd4f07e3ce
      Strict-Transport-Security:
      - max-age=31536000; includeSubDomains
      X-Content-Type-Options:
      - nosniff
      X-Frame-Options:
      - deny
      home-cluster-uri:
      - https://wabi-us-central-b-primary-redirect.analysis.windows.net/
      request-redirected:
      - 'true'
    status:
      code: 200
      message: OK
- request:
    body: null
    headers:
      Accept:
      - '*/*'
      Accept-Encoding:
      - gzip, deflate
      Connection:
      - keep-alive
      Content-Type:
      - application/json
      User-Agent:
      - ms-fabric-cli-test/1.3.1
    method: GET
    uri: https://api.fabric.microsoft.com/v1/workspaces/20015b53-cb84-4f8d-8814-33b22729b0d7/items
  response:
    body:
      string: '{"value": [{"id": "6c0e1e54-6279-4e45-9ae7-b2921e78b091", "type": "SQLEndpoint",
        "displayName": "fabcli000002dtdm", "description": "", "workspaceId": "20015b53-cb84-4f8d-8814-33b22729b0d7"},
        {"id": "3f4a2bb7-506c-4e79-9ed8-646f68200ede", "type": "DigitalTwinBuilder",
        "displayName": "fabcli000002", "description": "Created by fab", "workspaceId":
        "20015b53-cb84-4f8d-8814-33b22729b0d7"}, {"id": "b7b5a991-9c79-484b-8ecc-07ebf68d081a",
        "type": "Lakehouse", "displayName": "fabcli000002dtdm", "description": "",
        "workspaceId": "20015b53-cb84-4f8d-8814-33b22729b0d7"}, {"id": "6f2caa13-4178-473d-8da3-584320f7645b",
        "type": "DigitalTwinBuilderFlow", "displayName": "fabcli000002OnDemand", "description":
        "", "workspaceId": "20015b53-cb84-4f8d-8814-33b22729b0d7"}]}'
    headers:
      Access-Control-Expose-Headers:
      - RequestId
      Cache-Control:
      - no-store, must-revalidate, no-cache
      Content-Encoding:
      - gzip
      Content-Length:
      - '318'
      Content-Type:
      - application/json; charset=utf-8
      Date:
      - Thu, 05 Feb 2026 13:41:21 GMT
      Pragma:
      - no-cache
      RequestId:
      - e252a19b-a79d-46b8-86e3-46341ce60fed
      Strict-Transport-Security:
      - max-age=31536000; includeSubDomains
      X-Content-Type-Options:
      - nosniff
      X-Frame-Options:
      - deny
      home-cluster-uri:
      - https://wabi-us-central-b-primary-redirect.analysis.windows.net/
      request-redirected:
      - 'true'
    status:
      code: 200
      message: OK
- request:
    body: null
    headers:
      Accept:
      - '*/*'
      Accept-Encoding:
      - gzip, deflate
      Connection:
      - keep-alive
      Content-Type:
      - application/json
      User-Agent:
      - ms-fabric-cli-test/1.3.1
    method: GET
    uri: https://api.fabric.microsoft.com/v1/workspaces/20015b53-cb84-4f8d-8814-33b22729b0d7/items
  response:
    body:
      string: '{"value": [{"id": "6c0e1e54-6279-4e45-9ae7-b2921e78b091", "type": "SQLEndpoint",
        "displayName": "fabcli000002dtdm", "description": "", "workspaceId": "20015b53-cb84-4f8d-8814-33b22729b0d7"},
        {"id": "3f4a2bb7-506c-4e79-9ed8-646f68200ede", "type": "DigitalTwinBuilder",
        "displayName": "fabcli000002", "description": "Created by fab", "workspaceId":
        "20015b53-cb84-4f8d-8814-33b22729b0d7"}, {"id": "b7b5a991-9c79-484b-8ecc-07ebf68d081a",
        "type": "Lakehouse", "displayName": "fabcli000002dtdm", "description": "",
        "workspaceId": "20015b53-cb84-4f8d-8814-33b22729b0d7"}, {"id": "6f2caa13-4178-473d-8da3-584320f7645b",
        "type": "DigitalTwinBuilderFlow", "displayName": "fabcli000002OnDemand", "description":
        "", "workspaceId": "20015b53-cb84-4f8d-8814-33b22729b0d7"}]}'
    headers:
      Access-Control-Expose-Headers:
      - RequestId
      Cache-Control:
      - no-store, must-revalidate, no-cache
      Content-Encoding:
      - gzip
      Content-Length:
      - '318'
      Content-Type:
      - application/json; charset=utf-8
      Date:
      - Thu, 05 Feb 2026 13:41:22 GMT
      Pragma:
      - no-cache
      RequestId:
      - a1faef9b-ecc2-4fe6-ab8c-581317fd176b
      Strict-Transport-Security:
      - max-age=31536000; includeSubDomains
      X-Content-Type-Options:
      - nosniff
      X-Frame-Options:
      - deny
      home-cluster-uri:
      - https://wabi-us-central-b-primary-redirect.analysis.windows.net/
      request-redirected:
      - 'true'
    status:
      code: 200
      message: OK
- request:
    body: '{"description": "Created by fab", "displayName": "fabcli000003", "type":
      "DigitalTwinBuilder", "folderId": "ba19c5c9-55cc-4fc7-9803-fe30c3713e5a"}'
    headers:
      Accept:
      - '*/*'
      Accept-Encoding:
      - gzip, deflate
      Connection:
      - keep-alive
      Content-Length:
      - '150'
      Content-Type:
      - application/json
      User-Agent:
      - ms-fabric-cli-test/1.3.1
    method: POST
    uri: https://api.fabric.microsoft.com/v1/workspaces/20015b53-cb84-4f8d-8814-33b22729b0d7/digitalTwinBuilders
  response:
    body:
      string: 'null'
    headers:
      Access-Control-Expose-Headers:
      - RequestId,Location,Retry-After,ETag,x-ms-operation-id
      Cache-Control:
      - no-store, must-revalidate, no-cache
      Content-Encoding:
      - gzip
      Content-Length:
      - '24'
      Content-Type:
      - application/json; charset=utf-8
      Date:
      - Thu, 05 Feb 2026 13:41:25 GMT
      ETag:
      - '""'
      Location:
      - https://wabi-us-central-b-primary-redirect.analysis.windows.net/v1/operations/eca4555e-df0c-4abf-927b-c13bf416c3c3
      Pragma:
      - no-cache
      RequestId:
      - 93d20892-5956-46b7-a59a-51bb269f6e05
      Retry-After:
      - '20'
      Strict-Transport-Security:
      - max-age=31536000; includeSubDomains
      X-Content-Type-Options:
      - nosniff
      X-Frame-Options:
      - deny
      home-cluster-uri:
      - https://wabi-us-central-b-primary-redirect.analysis.windows.net/
      request-redirected:
      - 'true'
      x-ms-operation-id:
      - eca4555e-df0c-4abf-927b-c13bf416c3c3
    status:
      code: 202
      message: Accepted
- request:
    body: null
    headers:
      Accept:
      - '*/*'
      Accept-Encoding:
      - gzip, deflate
      Connection:
      - keep-alive
      Content-Type:
      - application/json
      User-Agent:
      - ms-fabric-cli-test/1.3.1
    method: GET
    uri: https://wabi-us-central-b-primary-redirect.analysis.windows.net/v1/operations/eca4555e-df0c-4abf-927b-c13bf416c3c3
  response:
    body:
      string: '{"status": "Succeeded", "createdTimeUtc": "2026-02-05T13:41:24.251376",
        "lastUpdatedTimeUtc": "2026-02-05T13:41:32.7534422", "percentComplete": 100,
        "error": null}'
    headers:
      Access-Control-Expose-Headers:
      - RequestId,Location,x-ms-operation-id
      Cache-Control:
      - no-store, must-revalidate, no-cache
      Content-Encoding:
      - gzip
      Content-Length:
      - '130'
      Content-Type:
      - application/json; charset=utf-8
      Date:
      - Thu, 05 Feb 2026 13:41:47 GMT
      Location:
      - https://wabi-us-central-b-primary-redirect.analysis.windows.net/v1/operations/eca4555e-df0c-4abf-927b-c13bf416c3c3/result
      Pragma:
      - no-cache
      RequestId:
      - 53fc6c87-8ce6-437a-a81f-d4c52df4a822
      Strict-Transport-Security:
      - max-age=31536000; includeSubDomains
      X-Content-Type-Options:
      - nosniff
      X-Frame-Options:
      - deny
      x-ms-operation-id:
      - eca4555e-df0c-4abf-927b-c13bf416c3c3
    status:
      code: 200
      message: OK
- request:
    body: null
    headers:
      Accept:
      - '*/*'
      Accept-Encoding:
      - gzip, deflate
      Connection:
      - keep-alive
      Content-Type:
      - application/json
      User-Agent:
      - ms-fabric-cli-test/1.3.1
    method: GET
    uri: https://wabi-us-central-b-primary-redirect.analysis.windows.net/v1/operations/eca4555e-df0c-4abf-927b-c13bf416c3c3/result
  response:
    body:
      string: '{"id": "da4cb73f-65b2-452f-8e37-23ffb75090f7", "type": "DigitalTwinBuilder",
        "displayName": "fabcli000003", "description": "Created by fab", "workspaceId":
        "20015b53-cb84-4f8d-8814-33b22729b0d7", "folderId": "ba19c5c9-55cc-4fc7-9803-fe30c3713e5a"}'
    headers:
      Access-Control-Expose-Headers:
      - RequestId
      Cache-Control:
      - no-store, must-revalidate, no-cache
      Content-Encoding:
      - gzip
      Content-Type:
      - application/json
      Date:
      - Thu, 05 Feb 2026 13:41:47 GMT
      Pragma:
      - no-cache
      RequestId:
      - fad5cba8-758f-4894-a489-71f715c76420
      Strict-Transport-Security:
      - max-age=31536000; includeSubDomains
      Transfer-Encoding:
      - chunked
      X-Content-Type-Options:
      - nosniff
      X-Frame-Options:
      - deny
    status:
      code: 200
      message: OK
- request:
    body: null
    headers:
      Accept:
      - '*/*'
      Accept-Encoding:
      - gzip, deflate
      Connection:
      - keep-alive
      Content-Type:
      - application/json
      User-Agent:
      - ms-fabric-cli-test/1.3.1
    method: GET
    uri: https://api.fabric.microsoft.com/v1/workspaces
  response:
    body:
      string: '{"value": [{"id": "3634a139-2c9e-4205-910b-3b089a31be47", "displayName":
        "My workspace", "description": "", "type": "Personal"}, {"id": "20015b53-cb84-4f8d-8814-33b22729b0d7",
        "displayName": "fabriccli_WorkspacePerTestclass_000001", "description": "Created
        by fab", "type": "Workspace", "capacityId": "00000000-0000-0000-0000-000000000004"}]}'
    headers:
      Access-Control-Expose-Headers:
      - RequestId
      Cache-Control:
      - no-store, must-revalidate, no-cache
      Content-Encoding:
      - gzip
      Content-Length:
      - '2803'
      Content-Type:
      - application/json; charset=utf-8
      Date:
      - Thu, 05 Feb 2026 13:41:48 GMT
      Pragma:
      - no-cache
      RequestId:
      - 656c436f-fb72-4cc7-94d1-2c545e1f953b
      Strict-Transport-Security:
      - max-age=31536000; includeSubDomains
      X-Content-Type-Options:
      - nosniff
      X-Frame-Options:
      - deny
      home-cluster-uri:
      - https://wabi-us-central-b-primary-redirect.analysis.windows.net/
      request-redirected:
      - 'true'
    status:
      code: 200
      message: OK
- request:
    body: null
    headers:
      Accept:
      - '*/*'
      Accept-Encoding:
      - gzip, deflate
      Connection:
      - keep-alive
      Content-Type:
      - application/json
      User-Agent:
      - ms-fabric-cli-test/1.3.1
    method: GET
    uri: https://api.fabric.microsoft.com/v1/workspaces/20015b53-cb84-4f8d-8814-33b22729b0d7/items
  response:
    body:
      string: '{"value": [{"id": "6c0e1e54-6279-4e45-9ae7-b2921e78b091", "type": "SQLEndpoint",
        "displayName": "fabcli000002dtdm", "description": "", "workspaceId": "20015b53-cb84-4f8d-8814-33b22729b0d7"},
        {"id": "fc82e0c4-1aec-44e5-ad45-eda08bbc9840", "type": "SQLEndpoint", "displayName":
        "fabcli000003dtdm", "description": "", "workspaceId": "20015b53-cb84-4f8d-8814-33b22729b0d7",
        "folderId": "ba19c5c9-55cc-4fc7-9803-fe30c3713e5a"}, {"id": "3f4a2bb7-506c-4e79-9ed8-646f68200ede",
        "type": "DigitalTwinBuilder", "displayName": "fabcli000002", "description":
        "Created by fab", "workspaceId": "20015b53-cb84-4f8d-8814-33b22729b0d7"},
        {"id": "b7b5a991-9c79-484b-8ecc-07ebf68d081a", "type": "Lakehouse", "displayName":
        "fabcli000002dtdm", "description": "", "workspaceId": "20015b53-cb84-4f8d-8814-33b22729b0d7"},
        {"id": "6f2caa13-4178-473d-8da3-584320f7645b", "type": "DigitalTwinBuilderFlow",
        "displayName": "fabcli000002OnDemand", "description": "", "workspaceId": "20015b53-cb84-4f8d-8814-33b22729b0d7"},
        {"id": "da4cb73f-65b2-452f-8e37-23ffb75090f7", "type": "DigitalTwinBuilder",
        "displayName": "fabcli000003", "description": "Created by fab", "workspaceId":
        "20015b53-cb84-4f8d-8814-33b22729b0d7", "folderId": "ba19c5c9-55cc-4fc7-9803-fe30c3713e5a"},
        {"id": "b57dc56c-a811-443f-a3bf-33f03846c9d9", "type": "Lakehouse", "displayName":
        "fabcli000003dtdm", "description": "", "workspaceId": "20015b53-cb84-4f8d-8814-33b22729b0d7",
        "folderId": "ba19c5c9-55cc-4fc7-9803-fe30c3713e5a"}, {"id": "21722c44-8720-4778-90af-0123cd2eaa65",
        "type": "DigitalTwinBuilderFlow", "displayName": "fabcli000003OnDemand", "description":
        "", "workspaceId": "20015b53-cb84-4f8d-8814-33b22729b0d7", "folderId": "ba19c5c9-55cc-4fc7-9803-fe30c3713e5a"}]}'
    headers:
      Access-Control-Expose-Headers:
      - RequestId
      Cache-Control:
      - no-store, must-revalidate, no-cache
      Content-Encoding:
      - gzip
      Content-Length:
      - '484'
      Content-Type:
      - application/json; charset=utf-8
      Date:
      - Thu, 05 Feb 2026 13:41:49 GMT
      Pragma:
      - no-cache
      RequestId:
      - d1a9ede3-14b0-41e2-9411-3f209c720ff9
      Strict-Transport-Security:
      - max-age=31536000; includeSubDomains
      X-Content-Type-Options:
      - nosniff
      X-Frame-Options:
      - deny
      home-cluster-uri:
      - https://wabi-us-central-b-primary-redirect.analysis.windows.net/
      request-redirected:
      - 'true'
    status:
      code: 200
      message: OK
- request:
    body: null
    headers:
      Accept:
      - '*/*'
      Accept-Encoding:
      - gzip, deflate
      Connection:
      - keep-alive
      Content-Type:
      - application/json
      User-Agent:
      - ms-fabric-cli-test/1.3.1
    method: GET
    uri: https://api.fabric.microsoft.com/v1/workspaces/20015b53-cb84-4f8d-8814-33b22729b0d7/folders?recursive=True
  response:
    body:
      string: '{"value": [{"id": "ba19c5c9-55cc-4fc7-9803-fe30c3713e5a", "displayName":
        "fabcli000001", "workspaceId": "20015b53-cb84-4f8d-8814-33b22729b0d7"}]}'
    headers:
      Access-Control-Expose-Headers:
      - RequestId
      Cache-Control:
      - no-store, must-revalidate, no-cache
      Content-Encoding:
      - gzip
      Content-Length:
      - '143'
      Content-Type:
      - application/json; charset=utf-8
      Date:
      - Thu, 05 Feb 2026 13:41:50 GMT
      Pragma:
      - no-cache
      RequestId:
      - 2fd91b6e-a08a-47e4-a815-cad0486302b1
      Strict-Transport-Security:
      - max-age=31536000; includeSubDomains
      X-Content-Type-Options:
      - nosniff
      X-Frame-Options:
      - deny
      home-cluster-uri:
      - https://wabi-us-central-b-primary-redirect.analysis.windows.net/
      request-redirected:
      - 'true'
    status:
      code: 200
      message: OK
- request:
    body: null
    headers:
      Accept:
      - '*/*'
      Accept-Encoding:
      - gzip, deflate
      Connection:
      - keep-alive
      Content-Type:
      - application/json
      User-Agent:
      - ms-fabric-cli-test/1.3.1
    method: GET
    uri: https://api.fabric.microsoft.com/v1/workspaces/20015b53-cb84-4f8d-8814-33b22729b0d7/folders?recursive=True
  response:
    body:
      string: '{"value": [{"id": "ba19c5c9-55cc-4fc7-9803-fe30c3713e5a", "displayName":
        "fabcli000001", "workspaceId": "20015b53-cb84-4f8d-8814-33b22729b0d7"}]}'
    headers:
      Access-Control-Expose-Headers:
      - RequestId
      Cache-Control:
      - no-store, must-revalidate, no-cache
      Content-Encoding:
      - gzip
      Content-Length:
      - '143'
      Content-Type:
      - application/json; charset=utf-8
      Date:
      - Thu, 05 Feb 2026 13:41:51 GMT
      Pragma:
      - no-cache
      RequestId:
      - ac2d43a0-3ff3-4721-83e0-8130ce206483
      Strict-Transport-Security:
      - max-age=31536000; includeSubDomains
      X-Content-Type-Options:
      - nosniff
      X-Frame-Options:
      - deny
      home-cluster-uri:
      - https://wabi-us-central-b-primary-redirect.analysis.windows.net/
      request-redirected:
      - 'true'
    status:
      code: 200
      message: OK
- request:
    body: null
    headers:
      Accept:
      - '*/*'
      Accept-Encoding:
      - gzip, deflate
      Connection:
      - keep-alive
      Content-Type:
      - application/json
      User-Agent:
      - ms-fabric-cli-test/1.3.1
    method: GET
    uri: https://api.fabric.microsoft.com/v1/workspaces/20015b53-cb84-4f8d-8814-33b22729b0d7/folders?recursive=True
  response:
    body:
      string: '{"value": [{"id": "ba19c5c9-55cc-4fc7-9803-fe30c3713e5a", "displayName":
        "fabcli000001", "workspaceId": "20015b53-cb84-4f8d-8814-33b22729b0d7"}]}'
    headers:
      Access-Control-Expose-Headers:
      - RequestId
      Cache-Control:
      - no-store, must-revalidate, no-cache
      Content-Encoding:
      - gzip
      Content-Length:
      - '143'
      Content-Type:
      - application/json; charset=utf-8
      Date:
      - Thu, 05 Feb 2026 13:41:52 GMT
      Pragma:
      - no-cache
      RequestId:
      - 3666e0c6-90f1-4c99-8cfb-2b5e0042cb04
      Strict-Transport-Security:
      - max-age=31536000; includeSubDomains
      X-Content-Type-Options:
      - nosniff
      X-Frame-Options:
      - deny
      home-cluster-uri:
      - https://wabi-us-central-b-primary-redirect.analysis.windows.net/
      request-redirected:
      - 'true'
    status:
      code: 200
      message: OK
- request:
    body: null
    headers:
      Accept:
      - '*/*'
      Accept-Encoding:
      - gzip, deflate
      Connection:
      - keep-alive
      Content-Type:
      - application/json
      User-Agent:
      - ms-fabric-cli-test/1.3.1
    method: GET
    uri: https://api.fabric.microsoft.com/v1/workspaces/20015b53-cb84-4f8d-8814-33b22729b0d7/folders?recursive=True
  response:
    body:
      string: '{"value": [{"id": "ba19c5c9-55cc-4fc7-9803-fe30c3713e5a", "displayName":
        "fabcli000001", "workspaceId": "20015b53-cb84-4f8d-8814-33b22729b0d7"}]}'
    headers:
      Access-Control-Expose-Headers:
      - RequestId
      Cache-Control:
      - no-store, must-revalidate, no-cache
      Content-Encoding:
      - gzip
      Content-Length:
      - '143'
      Content-Type:
      - application/json; charset=utf-8
      Date:
      - Thu, 05 Feb 2026 13:41:53 GMT
      Pragma:
      - no-cache
      RequestId:
      - 2ba5843a-83d9-4f91-bd73-046355392a34
      Strict-Transport-Security:
      - max-age=31536000; includeSubDomains
      X-Content-Type-Options:
      - nosniff
      X-Frame-Options:
      - deny
      home-cluster-uri:
      - https://wabi-us-central-b-primary-redirect.analysis.windows.net/
      request-redirected:
      - 'true'
    status:
      code: 200
      message: OK
- request:
    body: null
    headers:
      Accept:
      - '*/*'
      Accept-Encoding:
      - gzip, deflate
      Connection:
      - keep-alive
      Content-Type:
      - application/json
      User-Agent:
      - ms-fabric-cli-test/1.3.1
    method: GET
    uri: https://api.fabric.microsoft.com/v1/workspaces/20015b53-cb84-4f8d-8814-33b22729b0d7/folders?recursive=True
  response:
    body:
      string: '{"value": [{"id": "ba19c5c9-55cc-4fc7-9803-fe30c3713e5a", "displayName":
        "fabcli000001", "workspaceId": "20015b53-cb84-4f8d-8814-33b22729b0d7"}]}'
    headers:
      Access-Control-Expose-Headers:
      - RequestId
      Cache-Control:
      - no-store, must-revalidate, no-cache
      Content-Encoding:
      - gzip
      Content-Length:
      - '143'
      Content-Type:
      - application/json; charset=utf-8
      Date:
      - Thu, 05 Feb 2026 13:41:53 GMT
      Pragma:
      - no-cache
      RequestId:
      - 3a0a7f4b-70c0-4259-b143-350efd921a42
      Strict-Transport-Security:
      - max-age=31536000; includeSubDomains
      X-Content-Type-Options:
      - nosniff
      X-Frame-Options:
      - deny
      home-cluster-uri:
      - https://wabi-us-central-b-primary-redirect.analysis.windows.net/
      request-redirected:
      - 'true'
    status:
      code: 200
      message: OK
- request:
    body: null
    headers:
      Accept:
      - '*/*'
      Accept-Encoding:
      - gzip, deflate
      Connection:
      - keep-alive
      Content-Type:
      - application/json
      User-Agent:
      - ms-fabric-cli-test/1.3.1
    method: GET
    uri: https://api.fabric.microsoft.com/v1/workspaces
  response:
    body:
      string: '{"value": [{"id": "3634a139-2c9e-4205-910b-3b089a31be47", "displayName":
        "My workspace", "description": "", "type": "Personal"}, {"id": "20015b53-cb84-4f8d-8814-33b22729b0d7",
        "displayName": "fabriccli_WorkspacePerTestclass_000001", "description": "Created
        by fab", "type": "Workspace", "capacityId": "00000000-0000-0000-0000-000000000004"}]}'
    headers:
      Access-Control-Expose-Headers:
      - RequestId
      Cache-Control:
      - no-store, must-revalidate, no-cache
      Content-Encoding:
      - gzip
      Content-Length:
      - '2803'
      Content-Type:
      - application/json; charset=utf-8
      Date:
      - Thu, 05 Feb 2026 13:41:55 GMT
      Pragma:
      - no-cache
      RequestId:
      - edf927b5-274f-4267-9ace-893c2bd4de48
      Strict-Transport-Security:
      - max-age=31536000; includeSubDomains
      X-Content-Type-Options:
      - nosniff
      X-Frame-Options:
      - deny
      home-cluster-uri:
      - https://wabi-us-central-b-primary-redirect.analysis.windows.net/
      request-redirected:
      - 'true'
    status:
      code: 200
      message: OK
- request:
    body: null
    headers:
      Accept:
      - '*/*'
      Accept-Encoding:
      - gzip, deflate
      Connection:
      - keep-alive
      Content-Type:
      - application/json
      User-Agent:
      - ms-fabric-cli-test/1.3.1
    method: GET
    uri: https://api.fabric.microsoft.com/v1/workspaces/20015b53-cb84-4f8d-8814-33b22729b0d7/folders?recursive=True
  response:
    body:
      string: '{"value": [{"id": "ba19c5c9-55cc-4fc7-9803-fe30c3713e5a", "displayName":
        "fabcli000001", "workspaceId": "20015b53-cb84-4f8d-8814-33b22729b0d7"}]}'
    headers:
      Access-Control-Expose-Headers:
      - RequestId
      Cache-Control:
      - no-store, must-revalidate, no-cache
      Content-Encoding:
      - gzip
      Content-Length:
      - '143'
      Content-Type:
      - application/json; charset=utf-8
      Date:
      - Thu, 05 Feb 2026 13:41:56 GMT
      Pragma:
      - no-cache
      RequestId:
      - e0b4254f-0b0c-4db7-8e19-8400daa7e809
      Strict-Transport-Security:
      - max-age=31536000; includeSubDomains
      X-Content-Type-Options:
      - nosniff
      X-Frame-Options:
      - deny
      home-cluster-uri:
      - https://wabi-us-central-b-primary-redirect.analysis.windows.net/
      request-redirected:
      - 'true'
    status:
      code: 200
      message: OK
- request:
    body: null
    headers:
      Accept:
      - '*/*'
      Accept-Encoding:
      - gzip, deflate
      Connection:
      - keep-alive
      Content-Type:
      - application/json
      User-Agent:
      - ms-fabric-cli-test/1.3.1
    method: GET
    uri: https://api.fabric.microsoft.com/v1/workspaces/20015b53-cb84-4f8d-8814-33b22729b0d7/items
  response:
    body:
      string: '{"value": [{"id": "6c0e1e54-6279-4e45-9ae7-b2921e78b091", "type": "SQLEndpoint",
        "displayName": "fabcli000002dtdm", "description": "", "workspaceId": "20015b53-cb84-4f8d-8814-33b22729b0d7"},
        {"id": "fc82e0c4-1aec-44e5-ad45-eda08bbc9840", "type": "SQLEndpoint", "displayName":
        "fabcli000003dtdm", "description": "", "workspaceId": "20015b53-cb84-4f8d-8814-33b22729b0d7",
        "folderId": "ba19c5c9-55cc-4fc7-9803-fe30c3713e5a"}, {"id": "3f4a2bb7-506c-4e79-9ed8-646f68200ede",
        "type": "DigitalTwinBuilder", "displayName": "fabcli000002", "description":
        "Created by fab", "workspaceId": "20015b53-cb84-4f8d-8814-33b22729b0d7"},
        {"id": "b7b5a991-9c79-484b-8ecc-07ebf68d081a", "type": "Lakehouse", "displayName":
        "fabcli000002dtdm", "description": "", "workspaceId": "20015b53-cb84-4f8d-8814-33b22729b0d7"},
        {"id": "6f2caa13-4178-473d-8da3-584320f7645b", "type": "DigitalTwinBuilderFlow",
        "displayName": "fabcli000002OnDemand", "description": "", "workspaceId": "20015b53-cb84-4f8d-8814-33b22729b0d7"},
        {"id": "da4cb73f-65b2-452f-8e37-23ffb75090f7", "type": "DigitalTwinBuilder",
        "displayName": "fabcli000003", "description": "Created by fab", "workspaceId":
        "20015b53-cb84-4f8d-8814-33b22729b0d7", "folderId": "ba19c5c9-55cc-4fc7-9803-fe30c3713e5a"},
        {"id": "b57dc56c-a811-443f-a3bf-33f03846c9d9", "type": "Lakehouse", "displayName":
        "fabcli000003dtdm", "description": "", "workspaceId": "20015b53-cb84-4f8d-8814-33b22729b0d7",
        "folderId": "ba19c5c9-55cc-4fc7-9803-fe30c3713e5a"}, {"id": "21722c44-8720-4778-90af-0123cd2eaa65",
        "type": "DigitalTwinBuilderFlow", "displayName": "fabcli000003OnDemand", "description":
        "", "workspaceId": "20015b53-cb84-4f8d-8814-33b22729b0d7", "folderId": "ba19c5c9-55cc-4fc7-9803-fe30c3713e5a"}]}'
    headers:
      Access-Control-Expose-Headers:
      - RequestId
      Cache-Control:
      - no-store, must-revalidate, no-cache
      Content-Encoding:
      - gzip
      Content-Length:
      - '484'
      Content-Type:
      - application/json; charset=utf-8
      Date:
      - Thu, 05 Feb 2026 13:41:56 GMT
      Pragma:
      - no-cache
      RequestId:
      - 5df0f6ae-df44-4226-912e-3cff21c9ed07
      Strict-Transport-Security:
      - max-age=31536000; includeSubDomains
      X-Content-Type-Options:
      - nosniff
      X-Frame-Options:
      - deny
      home-cluster-uri:
      - https://wabi-us-central-b-primary-redirect.analysis.windows.net/
      request-redirected:
      - 'true'
    status:
      code: 200
      message: OK
- request:
    body: null
    headers:
      Accept:
      - '*/*'
      Accept-Encoding:
      - gzip, deflate
      Connection:
      - keep-alive
      Content-Type:
      - application/json
      User-Agent:
      - ms-fabric-cli-test/1.3.1
    method: GET
    uri: https://api.fabric.microsoft.com/v1/workspaces/20015b53-cb84-4f8d-8814-33b22729b0d7/folders?recursive=True
  response:
    body:
      string: '{"value": [{"id": "ba19c5c9-55cc-4fc7-9803-fe30c3713e5a", "displayName":
        "fabcli000001", "workspaceId": "20015b53-cb84-4f8d-8814-33b22729b0d7"}]}'
    headers:
      Access-Control-Expose-Headers:
      - RequestId
      Cache-Control:
      - no-store, must-revalidate, no-cache
      Content-Encoding:
      - gzip
      Content-Length:
      - '143'
      Content-Type:
      - application/json; charset=utf-8
      Date:
      - Thu, 05 Feb 2026 13:41:57 GMT
      Pragma:
      - no-cache
      RequestId:
      - 4b39eca0-58e6-4991-b338-392604f93c36
      Strict-Transport-Security:
      - max-age=31536000; includeSubDomains
      X-Content-Type-Options:
      - nosniff
      X-Frame-Options:
      - deny
      home-cluster-uri:
      - https://wabi-us-central-b-primary-redirect.analysis.windows.net/
      request-redirected:
      - 'true'
    status:
      code: 200
      message: OK
- request:
    body: null
    headers:
      Accept:
      - '*/*'
      Accept-Encoding:
      - gzip, deflate
      Connection:
      - keep-alive
      Content-Type:
      - application/json
      User-Agent:
      - ms-fabric-cli-test/1.3.1
    method: GET
    uri: https://api.fabric.microsoft.com/v1/workspaces/20015b53-cb84-4f8d-8814-33b22729b0d7/folders?recursive=True
  response:
    body:
      string: '{"value": [{"id": "ba19c5c9-55cc-4fc7-9803-fe30c3713e5a", "displayName":
        "fabcli000001", "workspaceId": "20015b53-cb84-4f8d-8814-33b22729b0d7"}]}'
    headers:
      Access-Control-Expose-Headers:
      - RequestId
      Cache-Control:
      - no-store, must-revalidate, no-cache
      Content-Encoding:
      - gzip
      Content-Length:
      - '143'
      Content-Type:
      - application/json; charset=utf-8
      Date:
      - Thu, 05 Feb 2026 13:41:57 GMT
      Pragma:
      - no-cache
      RequestId:
      - cee25d6a-f4f7-4bc7-8bd5-3ce3e7388b4f
      Strict-Transport-Security:
      - max-age=31536000; includeSubDomains
      X-Content-Type-Options:
      - nosniff
      X-Frame-Options:
      - deny
      home-cluster-uri:
      - https://wabi-us-central-b-primary-redirect.analysis.windows.net/
      request-redirected:
      - 'true'
    status:
      code: 200
      message: OK
- request:
    body: null
    headers:
      Accept:
      - '*/*'
      Accept-Encoding:
      - gzip, deflate
      Connection:
      - keep-alive
      Content-Type:
      - application/json
      User-Agent:
      - ms-fabric-cli-test/1.3.1
    method: GET
    uri: https://api.fabric.microsoft.com/v1/workspaces/20015b53-cb84-4f8d-8814-33b22729b0d7/folders?recursive=True
  response:
    body:
      string: '{"value": [{"id": "ba19c5c9-55cc-4fc7-9803-fe30c3713e5a", "displayName":
        "fabcli000001", "workspaceId": "20015b53-cb84-4f8d-8814-33b22729b0d7"}]}'
    headers:
      Access-Control-Expose-Headers:
      - RequestId
      Cache-Control:
      - no-store, must-revalidate, no-cache
      Content-Encoding:
      - gzip
      Content-Length:
      - '143'
      Content-Type:
      - application/json; charset=utf-8
      Date:
      - Thu, 05 Feb 2026 13:41:58 GMT
      Pragma:
      - no-cache
      RequestId:
      - 68c9a0f1-00c9-41a6-bf8d-d686b71ac1a8
      Strict-Transport-Security:
      - max-age=31536000; includeSubDomains
      X-Content-Type-Options:
      - nosniff
      X-Frame-Options:
      - deny
      home-cluster-uri:
      - https://wabi-us-central-b-primary-redirect.analysis.windows.net/
      request-redirected:
      - 'true'
    status:
      code: 200
      message: OK
- request:
    body: null
    headers:
      Accept:
      - '*/*'
      Accept-Encoding:
      - gzip, deflate
      Connection:
      - keep-alive
      Content-Type:
      - application/json
      User-Agent:
      - ms-fabric-cli-test/1.3.1
    method: GET
    uri: https://api.fabric.microsoft.com/v1/workspaces/20015b53-cb84-4f8d-8814-33b22729b0d7/folders?recursive=True
  response:
    body:
      string: '{"requestId": "eff44eb3-32a5-4f0d-88dd-ddefa88fa4a8", "errorCode":
        "RequestBlocked", "message": "Request is blocked by the upstream service until:
        2/5/2026 1:42:22 PM (UTC)", "isRetriable": true}'
    headers:
      Content-Length:
      - '188'
      Content-Type:
      - application/json; charset=utf-8
      Date:
      - Thu, 05 Feb 2026 13:41:59 GMT
      RequestId:
      - eff44eb3-32a5-4f0d-88dd-ddefa88fa4a8
      Retry-After:
      - '22'
      home-cluster-uri:
      - https://wabi-us-central-b-primary-redirect.analysis.windows.net/
      request-redirected:
      - 'true'
      x-ms-public-api-error-code:
      - RequestBlocked
    status:
      code: 429
      message: ''
- request:
    body: null
    headers:
      Accept:
      - '*/*'
      Accept-Encoding:
      - gzip, deflate
      Connection:
      - keep-alive
      Content-Type:
      - application/json
      User-Agent:
      - ms-fabric-cli-test/1.3.1
    method: GET
    uri: https://api.fabric.microsoft.com/v1/workspaces/20015b53-cb84-4f8d-8814-33b22729b0d7/folders?recursive=True
  response:
    body:
      string: '{"value": [{"id": "ba19c5c9-55cc-4fc7-9803-fe30c3713e5a", "displayName":
        "fabcli000001", "workspaceId": "20015b53-cb84-4f8d-8814-33b22729b0d7"}]}'
    headers:
      Access-Control-Expose-Headers:
      - RequestId
      Cache-Control:
      - no-store, must-revalidate, no-cache
      Content-Encoding:
      - gzip
      Content-Length:
      - '143'
      Content-Type:
      - application/json; charset=utf-8
      Date:
      - Thu, 05 Feb 2026 13:42:23 GMT
      Pragma:
      - no-cache
      RequestId:
      - 1d0b8195-d220-4143-8bba-a3c319abcbd0
      Strict-Transport-Security:
      - max-age=31536000; includeSubDomains
      X-Content-Type-Options:
      - nosniff
      X-Frame-Options:
      - deny
      home-cluster-uri:
      - https://wabi-us-central-b-primary-redirect.analysis.windows.net/
      request-redirected:
      - 'true'
    status:
      code: 200
      message: OK
- request:
    body: null
    headers:
      Accept:
      - '*/*'
      Accept-Encoding:
      - gzip, deflate
      Connection:
      - keep-alive
      Content-Type:
      - application/json
      User-Agent:
      - ms-fabric-cli-test/1.3.1
    method: GET
    uri: https://api.fabric.microsoft.com/v1/workspaces/20015b53-cb84-4f8d-8814-33b22729b0d7/folders?recursive=True
  response:
    body:
      string: '{"value": [{"id": "ba19c5c9-55cc-4fc7-9803-fe30c3713e5a", "displayName":
        "fabcli000001", "workspaceId": "20015b53-cb84-4f8d-8814-33b22729b0d7"}]}'
    headers:
      Access-Control-Expose-Headers:
      - RequestId
      Cache-Control:
      - no-store, must-revalidate, no-cache
      Content-Encoding:
      - gzip
      Content-Length:
      - '143'
      Content-Type:
      - application/json; charset=utf-8
      Date:
      - Thu, 05 Feb 2026 13:42:24 GMT
      Pragma:
      - no-cache
      RequestId:
      - 821c29e3-a4f4-4f94-b5c2-23a74489c343
      Strict-Transport-Security:
      - max-age=31536000; includeSubDomains
      X-Content-Type-Options:
      - nosniff
      X-Frame-Options:
      - deny
      home-cluster-uri:
      - https://wabi-us-central-b-primary-redirect.analysis.windows.net/
      request-redirected:
      - 'true'
    status:
      code: 200
      message: OK
- request:
    body: null
    headers:
      Accept:
      - '*/*'
      Accept-Encoding:
      - gzip, deflate
      Connection:
      - keep-alive
      Content-Type:
      - application/json
      User-Agent:
      - ms-fabric-cli-test/1.3.1
    method: GET
    uri: https://api.fabric.microsoft.com/v1/workspaces
  response:
    body:
      string: '{"value": [{"id": "3634a139-2c9e-4205-910b-3b089a31be47", "displayName":
        "My workspace", "description": "", "type": "Personal"}, {"id": "20015b53-cb84-4f8d-8814-33b22729b0d7",
        "displayName": "fabriccli_WorkspacePerTestclass_000001", "description": "Created
        by fab", "type": "Workspace", "capacityId": "00000000-0000-0000-0000-000000000004"}]}'
    headers:
      Access-Control-Expose-Headers:
      - RequestId
      Cache-Control:
      - no-store, must-revalidate, no-cache
      Content-Encoding:
      - gzip
      Content-Length:
      - '2803'
      Content-Type:
      - application/json; charset=utf-8
      Date:
      - Thu, 05 Feb 2026 13:42:25 GMT
      Pragma:
      - no-cache
      RequestId:
      - 4787cdb5-2f46-424e-9cbb-f3b55b691a82
      Strict-Transport-Security:
      - max-age=31536000; includeSubDomains
      X-Content-Type-Options:
      - nosniff
      X-Frame-Options:
      - deny
      home-cluster-uri:
      - https://wabi-us-central-b-primary-redirect.analysis.windows.net/
      request-redirected:
      - 'true'
    status:
      code: 200
      message: OK
- request:
    body: null
    headers:
      Accept:
      - '*/*'
      Accept-Encoding:
      - gzip, deflate
      Connection:
      - keep-alive
      Content-Type:
      - application/json
      User-Agent:
      - ms-fabric-cli-test/1.3.1
    method: GET
    uri: https://api.fabric.microsoft.com/v1/workspaces/20015b53-cb84-4f8d-8814-33b22729b0d7/items
  response:
    body:
      string: '{"value": [{"id": "6c0e1e54-6279-4e45-9ae7-b2921e78b091", "type": "SQLEndpoint",
        "displayName": "fabcli000002dtdm", "description": "", "workspaceId": "20015b53-cb84-4f8d-8814-33b22729b0d7"},
        {"id": "fc82e0c4-1aec-44e5-ad45-eda08bbc9840", "type": "SQLEndpoint", "displayName":
        "fabcli000003dtdm", "description": "", "workspaceId": "20015b53-cb84-4f8d-8814-33b22729b0d7",
        "folderId": "ba19c5c9-55cc-4fc7-9803-fe30c3713e5a"}, {"id": "3f4a2bb7-506c-4e79-9ed8-646f68200ede",
        "type": "DigitalTwinBuilder", "displayName": "fabcli000002", "description":
        "Created by fab", "workspaceId": "20015b53-cb84-4f8d-8814-33b22729b0d7"},
        {"id": "b7b5a991-9c79-484b-8ecc-07ebf68d081a", "type": "Lakehouse", "displayName":
        "fabcli000002dtdm", "description": "", "workspaceId": "20015b53-cb84-4f8d-8814-33b22729b0d7"},
        {"id": "6f2caa13-4178-473d-8da3-584320f7645b", "type": "DigitalTwinBuilderFlow",
        "displayName": "fabcli000002OnDemand", "description": "", "workspaceId": "20015b53-cb84-4f8d-8814-33b22729b0d7"},
        {"id": "da4cb73f-65b2-452f-8e37-23ffb75090f7", "type": "DigitalTwinBuilder",
        "displayName": "fabcli000003", "description": "Created by fab", "workspaceId":
        "20015b53-cb84-4f8d-8814-33b22729b0d7", "folderId": "ba19c5c9-55cc-4fc7-9803-fe30c3713e5a"},
        {"id": "b57dc56c-a811-443f-a3bf-33f03846c9d9", "type": "Lakehouse", "displayName":
        "fabcli000003dtdm", "description": "", "workspaceId": "20015b53-cb84-4f8d-8814-33b22729b0d7",
        "folderId": "ba19c5c9-55cc-4fc7-9803-fe30c3713e5a"}, {"id": "21722c44-8720-4778-90af-0123cd2eaa65",
        "type": "DigitalTwinBuilderFlow", "displayName": "fabcli000003OnDemand", "description":
        "", "workspaceId": "20015b53-cb84-4f8d-8814-33b22729b0d7", "folderId": "ba19c5c9-55cc-4fc7-9803-fe30c3713e5a"}]}'
    headers:
      Access-Control-Expose-Headers:
      - RequestId
      Cache-Control:
      - no-store, must-revalidate, no-cache
      Content-Encoding:
      - gzip
      Content-Length:
      - '484'
      Content-Type:
      - application/json; charset=utf-8
      Date:
      - Thu, 05 Feb 2026 13:42:26 GMT
      Pragma:
      - no-cache
      RequestId:
      - ea4d3554-f1ab-4b77-9d0a-62ae389390fa
      Strict-Transport-Security:
      - max-age=31536000; includeSubDomains
      X-Content-Type-Options:
      - nosniff
      X-Frame-Options:
      - deny
      home-cluster-uri:
      - https://wabi-us-central-b-primary-redirect.analysis.windows.net/
      request-redirected:
      - 'true'
    status:
      code: 200
      message: OK
- request:
    body: null
    headers:
      Accept:
      - '*/*'
      Accept-Encoding:
      - gzip, deflate
      Connection:
      - keep-alive
      Content-Type:
      - application/json
      User-Agent:
      - ms-fabric-cli-test/1.3.1
    method: GET
    uri: https://api.fabric.microsoft.com/v1/workspaces/20015b53-cb84-4f8d-8814-33b22729b0d7/folders?recursive=True
  response:
    body:
      string: '{"value": [{"id": "ba19c5c9-55cc-4fc7-9803-fe30c3713e5a", "displayName":
        "fabcli000001", "workspaceId": "20015b53-cb84-4f8d-8814-33b22729b0d7"}]}'
    headers:
      Access-Control-Expose-Headers:
      - RequestId
      Cache-Control:
      - no-store, must-revalidate, no-cache
      Content-Encoding:
      - gzip
      Content-Length:
      - '143'
      Content-Type:
      - application/json; charset=utf-8
      Date:
      - Thu, 05 Feb 2026 13:42:26 GMT
      Pragma:
      - no-cache
      RequestId:
      - 13770f59-53b6-4d62-af6c-26338f1535cd
      Strict-Transport-Security:
      - max-age=31536000; includeSubDomains
      X-Content-Type-Options:
      - nosniff
      X-Frame-Options:
      - deny
      home-cluster-uri:
      - https://wabi-us-central-b-primary-redirect.analysis.windows.net/
      request-redirected:
      - 'true'
    status:
      code: 200
      message: OK
- request:
    body: null
    headers:
      Accept:
      - '*/*'
      Accept-Encoding:
      - gzip, deflate
      Connection:
      - keep-alive
      Content-Type:
      - application/json
      User-Agent:
      - ms-fabric-cli-test/1.3.1
    method: GET
    uri: https://api.fabric.microsoft.com/v1/workspaces/20015b53-cb84-4f8d-8814-33b22729b0d7/folders?recursive=True
  response:
    body:
      string: '{"value": [{"id": "ba19c5c9-55cc-4fc7-9803-fe30c3713e5a", "displayName":
        "fabcli000001", "workspaceId": "20015b53-cb84-4f8d-8814-33b22729b0d7"}]}'
    headers:
      Access-Control-Expose-Headers:
      - RequestId
      Cache-Control:
      - no-store, must-revalidate, no-cache
      Content-Encoding:
      - gzip
      Content-Length:
      - '143'
      Content-Type:
      - application/json; charset=utf-8
      Date:
      - Thu, 05 Feb 2026 13:42:27 GMT
      Pragma:
      - no-cache
      RequestId:
      - c80380a2-4d72-4ede-a45c-b08f213b840e
      Strict-Transport-Security:
      - max-age=31536000; includeSubDomains
      X-Content-Type-Options:
      - nosniff
      X-Frame-Options:
      - deny
      home-cluster-uri:
      - https://wabi-us-central-b-primary-redirect.analysis.windows.net/
      request-redirected:
      - 'true'
    status:
      code: 200
      message: OK
- request:
    body: null
    headers:
      Accept:
      - '*/*'
      Accept-Encoding:
      - gzip, deflate
      Connection:
      - keep-alive
      Content-Type:
      - application/json
      User-Agent:
      - ms-fabric-cli-test/1.3.1
    method: GET
    uri: https://api.fabric.microsoft.com/v1/workspaces/20015b53-cb84-4f8d-8814-33b22729b0d7/folders?recursive=True
  response:
    body:
      string: '{"value": [{"id": "ba19c5c9-55cc-4fc7-9803-fe30c3713e5a", "displayName":
        "fabcli000001", "workspaceId": "20015b53-cb84-4f8d-8814-33b22729b0d7"}]}'
    headers:
      Access-Control-Expose-Headers:
      - RequestId
      Cache-Control:
      - no-store, must-revalidate, no-cache
      Content-Encoding:
      - gzip
      Content-Length:
      - '143'
      Content-Type:
      - application/json; charset=utf-8
      Date:
      - Thu, 05 Feb 2026 13:42:28 GMT
      Pragma:
      - no-cache
      RequestId:
      - 710dbae4-bb9f-4c83-bb97-ea0ec28f5212
      Strict-Transport-Security:
      - max-age=31536000; includeSubDomains
      X-Content-Type-Options:
      - nosniff
      X-Frame-Options:
      - deny
      home-cluster-uri:
      - https://wabi-us-central-b-primary-redirect.analysis.windows.net/
      request-redirected:
      - 'true'
    status:
      code: 200
      message: OK
- request:
    body: null
    headers:
      Accept:
      - '*/*'
      Accept-Encoding:
      - gzip, deflate
      Connection:
      - keep-alive
      Content-Type:
      - application/json
      User-Agent:
      - ms-fabric-cli-test/1.3.1
    method: GET
    uri: https://api.fabric.microsoft.com/v1/workspaces/20015b53-cb84-4f8d-8814-33b22729b0d7/folders?recursive=True
  response:
    body:
      string: '{"value": [{"id": "ba19c5c9-55cc-4fc7-9803-fe30c3713e5a", "displayName":
        "fabcli000001", "workspaceId": "20015b53-cb84-4f8d-8814-33b22729b0d7"}]}'
    headers:
      Access-Control-Expose-Headers:
      - RequestId
      Cache-Control:
      - no-store, must-revalidate, no-cache
      Content-Encoding:
      - gzip
      Content-Length:
      - '143'
      Content-Type:
      - application/json; charset=utf-8
      Date:
      - Thu, 05 Feb 2026 13:42:29 GMT
      Pragma:
      - no-cache
      RequestId:
      - 5282bee7-a217-407d-ae32-c6efb821a8ce
      Strict-Transport-Security:
      - max-age=31536000; includeSubDomains
      X-Content-Type-Options:
      - nosniff
      X-Frame-Options:
      - deny
      home-cluster-uri:
      - https://wabi-us-central-b-primary-redirect.analysis.windows.net/
      request-redirected:
      - 'true'
    status:
      code: 200
      message: OK
- request:
    body: null
    headers:
      Accept:
      - '*/*'
      Accept-Encoding:
      - gzip, deflate
      Connection:
      - keep-alive
      Content-Type:
      - application/json
      User-Agent:
      - ms-fabric-cli-test/1.3.1
    method: GET
    uri: https://api.fabric.microsoft.com/v1/workspaces
  response:
    body:
      string: '{"value": [{"id": "3634a139-2c9e-4205-910b-3b089a31be47", "displayName":
        "My workspace", "description": "", "type": "Personal"}, {"id": "20015b53-cb84-4f8d-8814-33b22729b0d7",
        "displayName": "fabriccli_WorkspacePerTestclass_000001", "description": "Created
        by fab", "type": "Workspace", "capacityId": "00000000-0000-0000-0000-000000000004"}]}'
    headers:
      Access-Control-Expose-Headers:
      - RequestId
      Cache-Control:
      - no-store, must-revalidate, no-cache
      Content-Encoding:
      - gzip
      Content-Length:
      - '2803'
      Content-Type:
      - application/json; charset=utf-8
      Date:
      - Thu, 05 Feb 2026 13:42:30 GMT
      Pragma:
      - no-cache
      RequestId:
      - 0362ed29-761e-41a3-8af1-79a88f146f91
      Strict-Transport-Security:
      - max-age=31536000; includeSubDomains
      X-Content-Type-Options:
      - nosniff
      X-Frame-Options:
      - deny
      home-cluster-uri:
      - https://wabi-us-central-b-primary-redirect.analysis.windows.net/
      request-redirected:
      - 'true'
    status:
      code: 200
      message: OK
- request:
    body: null
    headers:
      Accept:
      - '*/*'
      Accept-Encoding:
      - gzip, deflate
      Connection:
      - keep-alive
      Content-Type:
      - application/json
      User-Agent:
      - ms-fabric-cli-test/1.3.1
    method: GET
    uri: https://api.fabric.microsoft.com/v1/workspaces/20015b53-cb84-4f8d-8814-33b22729b0d7/folders?recursive=True
  response:
    body:
      string: '{"value": [{"id": "ba19c5c9-55cc-4fc7-9803-fe30c3713e5a", "displayName":
        "fabcli000001", "workspaceId": "20015b53-cb84-4f8d-8814-33b22729b0d7"}]}'
    headers:
      Access-Control-Expose-Headers:
      - RequestId
      Cache-Control:
      - no-store, must-revalidate, no-cache
      Content-Encoding:
      - gzip
      Content-Length:
      - '143'
      Content-Type:
      - application/json; charset=utf-8
      Date:
      - Thu, 05 Feb 2026 13:42:31 GMT
      Pragma:
      - no-cache
      RequestId:
      - a6a1c494-f917-42c7-9233-1545029243cc
      Strict-Transport-Security:
      - max-age=31536000; includeSubDomains
      X-Content-Type-Options:
      - nosniff
      X-Frame-Options:
      - deny
      home-cluster-uri:
      - https://wabi-us-central-b-primary-redirect.analysis.windows.net/
      request-redirected:
      - 'true'
    status:
      code: 200
      message: OK
- request:
    body: null
    headers:
      Accept:
      - '*/*'
      Accept-Encoding:
      - gzip, deflate
      Connection:
      - keep-alive
      Content-Type:
      - application/json
      User-Agent:
      - ms-fabric-cli-test/1.3.1
    method: GET
    uri: https://api.fabric.microsoft.com/v1/workspaces/20015b53-cb84-4f8d-8814-33b22729b0d7/items
  response:
    body:
      string: '{"value": [{"id": "6c0e1e54-6279-4e45-9ae7-b2921e78b091", "type": "SQLEndpoint",
        "displayName": "fabcli000002dtdm", "description": "", "workspaceId": "20015b53-cb84-4f8d-8814-33b22729b0d7"},
        {"id": "fc82e0c4-1aec-44e5-ad45-eda08bbc9840", "type": "SQLEndpoint", "displayName":
        "fabcli000003dtdm", "description": "", "workspaceId": "20015b53-cb84-4f8d-8814-33b22729b0d7",
        "folderId": "ba19c5c9-55cc-4fc7-9803-fe30c3713e5a"}, {"id": "3f4a2bb7-506c-4e79-9ed8-646f68200ede",
        "type": "DigitalTwinBuilder", "displayName": "fabcli000002", "description":
        "Created by fab", "workspaceId": "20015b53-cb84-4f8d-8814-33b22729b0d7"},
        {"id": "b7b5a991-9c79-484b-8ecc-07ebf68d081a", "type": "Lakehouse", "displayName":
        "fabcli000002dtdm", "description": "", "workspaceId": "20015b53-cb84-4f8d-8814-33b22729b0d7"},
        {"id": "6f2caa13-4178-473d-8da3-584320f7645b", "type": "DigitalTwinBuilderFlow",
        "displayName": "fabcli000002OnDemand", "description": "", "workspaceId": "20015b53-cb84-4f8d-8814-33b22729b0d7"},
        {"id": "da4cb73f-65b2-452f-8e37-23ffb75090f7", "type": "DigitalTwinBuilder",
        "displayName": "fabcli000003", "description": "Created by fab", "workspaceId":
        "20015b53-cb84-4f8d-8814-33b22729b0d7", "folderId": "ba19c5c9-55cc-4fc7-9803-fe30c3713e5a"},
        {"id": "b57dc56c-a811-443f-a3bf-33f03846c9d9", "type": "Lakehouse", "displayName":
        "fabcli000003dtdm", "description": "", "workspaceId": "20015b53-cb84-4f8d-8814-33b22729b0d7",
        "folderId": "ba19c5c9-55cc-4fc7-9803-fe30c3713e5a"}, {"id": "21722c44-8720-4778-90af-0123cd2eaa65",
        "type": "DigitalTwinBuilderFlow", "displayName": "fabcli000003OnDemand", "description":
        "", "workspaceId": "20015b53-cb84-4f8d-8814-33b22729b0d7", "folderId": "ba19c5c9-55cc-4fc7-9803-fe30c3713e5a"}]}'
    headers:
      Access-Control-Expose-Headers:
      - RequestId
      Cache-Control:
      - no-store, must-revalidate, no-cache
      Content-Encoding:
      - gzip
      Content-Length:
      - '484'
      Content-Type:
      - application/json; charset=utf-8
      Date:
      - Thu, 05 Feb 2026 13:42:32 GMT
      Pragma:
      - no-cache
      RequestId:
      - b91d36b7-cdd1-47f2-b5eb-8afc0584fa02
      Strict-Transport-Security:
      - max-age=31536000; includeSubDomains
      X-Content-Type-Options:
      - nosniff
      X-Frame-Options:
      - deny
      home-cluster-uri:
      - https://wabi-us-central-b-primary-redirect.analysis.windows.net/
      request-redirected:
      - 'true'
    status:
      code: 200
      message: OK
- request:
    body: null
    headers:
      Accept:
      - '*/*'
      Accept-Encoding:
      - gzip, deflate
      Connection:
      - keep-alive
      Content-Type:
      - application/json
      User-Agent:
      - ms-fabric-cli-test/1.3.1
    method: GET
    uri: https://api.fabric.microsoft.com/v1/workspaces/20015b53-cb84-4f8d-8814-33b22729b0d7/folders?recursive=True
  response:
    body:
      string: '{"value": [{"id": "ba19c5c9-55cc-4fc7-9803-fe30c3713e5a", "displayName":
        "fabcli000001", "workspaceId": "20015b53-cb84-4f8d-8814-33b22729b0d7"}]}'
    headers:
      Access-Control-Expose-Headers:
      - RequestId
      Cache-Control:
      - no-store, must-revalidate, no-cache
      Content-Encoding:
      - gzip
      Content-Length:
      - '143'
      Content-Type:
      - application/json; charset=utf-8
      Date:
      - Thu, 05 Feb 2026 13:42:33 GMT
      Pragma:
      - no-cache
      RequestId:
      - 5090eed8-2ade-477f-ae9b-988cb04edf3a
      Strict-Transport-Security:
      - max-age=31536000; includeSubDomains
      X-Content-Type-Options:
      - nosniff
      X-Frame-Options:
      - deny
      home-cluster-uri:
      - https://wabi-us-central-b-primary-redirect.analysis.windows.net/
      request-redirected:
      - 'true'
    status:
      code: 200
      message: OK
- request:
    body: null
    headers:
      Accept:
      - '*/*'
      Accept-Encoding:
      - gzip, deflate
      Connection:
      - keep-alive
      Content-Type:
      - application/json
      User-Agent:
      - ms-fabric-cli-test/1.3.1
    method: GET
    uri: https://api.fabric.microsoft.com/v1/workspaces/20015b53-cb84-4f8d-8814-33b22729b0d7/folders?recursive=True
  response:
    body:
      string: '{"value": [{"id": "ba19c5c9-55cc-4fc7-9803-fe30c3713e5a", "displayName":
        "fabcli000001", "workspaceId": "20015b53-cb84-4f8d-8814-33b22729b0d7"}]}'
    headers:
      Access-Control-Expose-Headers:
      - RequestId
      Cache-Control:
      - no-store, must-revalidate, no-cache
      Content-Encoding:
      - gzip
      Content-Length:
      - '143'
      Content-Type:
      - application/json; charset=utf-8
      Date:
      - Thu, 05 Feb 2026 13:42:33 GMT
      Pragma:
      - no-cache
      RequestId:
      - 988803e8-613f-45d3-8e59-1f67f817d1a5
      Strict-Transport-Security:
      - max-age=31536000; includeSubDomains
      X-Content-Type-Options:
      - nosniff
      X-Frame-Options:
      - deny
      home-cluster-uri:
      - https://wabi-us-central-b-primary-redirect.analysis.windows.net/
      request-redirected:
      - 'true'
    status:
      code: 200
      message: OK
- request:
    body: null
    headers:
      Accept:
      - '*/*'
      Accept-Encoding:
      - gzip, deflate
      Connection:
      - keep-alive
      Content-Type:
      - application/json
      User-Agent:
      - ms-fabric-cli-test/1.3.1
    method: GET
    uri: https://api.fabric.microsoft.com/v1/workspaces/20015b53-cb84-4f8d-8814-33b22729b0d7/folders?recursive=True
  response:
    body:
      string: '{"value": [{"id": "ba19c5c9-55cc-4fc7-9803-fe30c3713e5a", "displayName":
        "fabcli000001", "workspaceId": "20015b53-cb84-4f8d-8814-33b22729b0d7"}]}'
    headers:
      Access-Control-Expose-Headers:
      - RequestId
      Cache-Control:
      - no-store, must-revalidate, no-cache
      Content-Encoding:
      - gzip
      Content-Length:
      - '143'
      Content-Type:
      - application/json; charset=utf-8
      Date:
      - Thu, 05 Feb 2026 13:42:34 GMT
      Pragma:
      - no-cache
      RequestId:
      - 3761093b-988a-4d8b-b653-cfe2e2417b83
      Strict-Transport-Security:
      - max-age=31536000; includeSubDomains
      X-Content-Type-Options:
      - nosniff
      X-Frame-Options:
      - deny
      home-cluster-uri:
      - https://wabi-us-central-b-primary-redirect.analysis.windows.net/
      request-redirected:
      - 'true'
    status:
      code: 200
      message: OK
- request:
    body: null
    headers:
      Accept:
      - '*/*'
      Accept-Encoding:
      - gzip, deflate
      Connection:
      - keep-alive
      Content-Type:
      - application/json
      User-Agent:
      - ms-fabric-cli-test/1.3.1
    method: GET
    uri: https://api.fabric.microsoft.com/v1/workspaces/20015b53-cb84-4f8d-8814-33b22729b0d7/folders?recursive=True
  response:
    body:
      string: '{"requestId": "7adfd31b-b3ec-4d8e-82c6-2db319c6e0bb", "errorCode":
        "RequestBlocked", "message": "Request is blocked by the upstream service until:
        2/5/2026 1:43:24 PM (UTC)", "isRetriable": true}'
    headers:
      Content-Length:
      - '188'
      Content-Type:
      - application/json; charset=utf-8
      Date:
      - Thu, 05 Feb 2026 13:42:34 GMT
      RequestId:
      - 7adfd31b-b3ec-4d8e-82c6-2db319c6e0bb
      Retry-After:
      - '49'
      home-cluster-uri:
      - https://wabi-us-central-b-primary-redirect.analysis.windows.net/
      request-redirected:
      - 'true'
      x-ms-public-api-error-code:
      - RequestBlocked
    status:
      code: 429
      message: ''
- request:
    body: null
    headers:
      Accept:
      - '*/*'
      Accept-Encoding:
      - gzip, deflate
      Connection:
      - keep-alive
      Content-Type:
      - application/json
      User-Agent:
      - ms-fabric-cli-test/1.3.1
    method: GET
    uri: https://api.fabric.microsoft.com/v1/workspaces/20015b53-cb84-4f8d-8814-33b22729b0d7/folders?recursive=True
  response:
    body:
      string: '{"value": [{"id": "ba19c5c9-55cc-4fc7-9803-fe30c3713e5a", "displayName":
        "fabcli000001", "workspaceId": "20015b53-cb84-4f8d-8814-33b22729b0d7"}]}'
    headers:
      Access-Control-Expose-Headers:
      - RequestId
      Cache-Control:
      - no-store, must-revalidate, no-cache
      Content-Encoding:
      - gzip
      Content-Length:
      - '143'
      Content-Type:
      - application/json; charset=utf-8
      Date:
      - Thu, 05 Feb 2026 13:43:27 GMT
      Pragma:
      - no-cache
      RequestId:
      - d86cb846-4e24-4ad1-9615-d5b08f0f3833
      Strict-Transport-Security:
      - max-age=31536000; includeSubDomains
      X-Content-Type-Options:
      - nosniff
      X-Frame-Options:
      - deny
      home-cluster-uri:
      - https://wabi-us-central-b-primary-redirect.analysis.windows.net/
      request-redirected:
      - 'true'
    status:
      code: 200
      message: OK
- request:
    body: null
    headers:
      Accept:
      - '*/*'
      Accept-Encoding:
      - gzip, deflate
      Connection:
      - keep-alive
      Content-Length:
      - '0'
      Content-Type:
      - application/json
      User-Agent:
      - ms-fabric-cli-test/1.3.1
    method: DELETE
    uri: https://api.fabric.microsoft.com/v1/workspaces/20015b53-cb84-4f8d-8814-33b22729b0d7/items/da4cb73f-65b2-452f-8e37-23ffb75090f7
  response:
    body:
      string: ''
    headers:
      Access-Control-Expose-Headers:
      - RequestId
      Cache-Control:
      - no-store, must-revalidate, no-cache
      Content-Encoding:
      - gzip
      Content-Length:
      - '0'
      Content-Type:
      - application/octet-stream
      Date:
      - Thu, 05 Feb 2026 13:43:27 GMT
      Pragma:
      - no-cache
      RequestId:
      - 00933a5e-9bd7-4a09-9545-1eac09747a19
      Strict-Transport-Security:
      - max-age=31536000; includeSubDomains
      X-Content-Type-Options:
      - nosniff
      X-Frame-Options:
      - deny
      home-cluster-uri:
      - https://wabi-us-central-b-primary-redirect.analysis.windows.net/
      request-redirected:
      - 'true'
    status:
      code: 200
      message: OK
- request:
    body: null
    headers:
      Accept:
      - '*/*'
      Accept-Encoding:
      - gzip, deflate
      Connection:
      - keep-alive
      Content-Type:
      - application/json
      User-Agent:
      - ms-fabric-cli-test/1.3.1
    method: GET
    uri: https://api.fabric.microsoft.com/v1/workspaces
  response:
    body:
      string: '{"value": [{"id": "3634a139-2c9e-4205-910b-3b089a31be47", "displayName":
        "My workspace", "description": "", "type": "Personal"}, {"id": "20015b53-cb84-4f8d-8814-33b22729b0d7",
        "displayName": "fabriccli_WorkspacePerTestclass_000001", "description": "Created
        by fab", "type": "Workspace", "capacityId": "00000000-0000-0000-0000-000000000004"}]}'
    headers:
      Access-Control-Expose-Headers:
      - RequestId
      Cache-Control:
      - no-store, must-revalidate, no-cache
      Content-Encoding:
      - gzip
      Content-Length:
      - '2803'
      Content-Type:
      - application/json; charset=utf-8
      Date:
      - Thu, 05 Feb 2026 13:43:28 GMT
      Pragma:
      - no-cache
      RequestId:
      - fcf76169-39f3-4aa6-84ad-4497ba7ff2f0
      Strict-Transport-Security:
      - max-age=31536000; includeSubDomains
      X-Content-Type-Options:
      - nosniff
      X-Frame-Options:
      - deny
      home-cluster-uri:
      - https://wabi-us-central-b-primary-redirect.analysis.windows.net/
      request-redirected:
      - 'true'
    status:
      code: 200
      message: OK
- request:
    body: null
    headers:
      Accept:
      - '*/*'
      Accept-Encoding:
      - gzip, deflate
      Connection:
      - keep-alive
      Content-Type:
      - application/json
      User-Agent:
      - ms-fabric-cli-test/1.3.1
    method: GET
    uri: https://api.fabric.microsoft.com/v1/workspaces/20015b53-cb84-4f8d-8814-33b22729b0d7/items
  response:
    body:
      string: '{"value": [{"id": "6c0e1e54-6279-4e45-9ae7-b2921e78b091", "type": "SQLEndpoint",
        "displayName": "fabcli000002dtdm", "description": "", "workspaceId": "20015b53-cb84-4f8d-8814-33b22729b0d7"},
        {"id": "fc82e0c4-1aec-44e5-ad45-eda08bbc9840", "type": "SQLEndpoint", "displayName":
        "fabcli000003dtdm", "description": "", "workspaceId": "20015b53-cb84-4f8d-8814-33b22729b0d7",
        "folderId": "ba19c5c9-55cc-4fc7-9803-fe30c3713e5a"}, {"id": "3f4a2bb7-506c-4e79-9ed8-646f68200ede",
        "type": "DigitalTwinBuilder", "displayName": "fabcli000002", "description":
        "Created by fab", "workspaceId": "20015b53-cb84-4f8d-8814-33b22729b0d7"},
        {"id": "b7b5a991-9c79-484b-8ecc-07ebf68d081a", "type": "Lakehouse", "displayName":
        "fabcli000002dtdm", "description": "", "workspaceId": "20015b53-cb84-4f8d-8814-33b22729b0d7"},
        {"id": "6f2caa13-4178-473d-8da3-584320f7645b", "type": "DigitalTwinBuilderFlow",
        "displayName": "fabcli000002OnDemand", "description": "", "workspaceId": "20015b53-cb84-4f8d-8814-33b22729b0d7"},
        {"id": "b57dc56c-a811-443f-a3bf-33f03846c9d9", "type": "Lakehouse", "displayName":
        "fabcli000003dtdm", "description": "", "workspaceId": "20015b53-cb84-4f8d-8814-33b22729b0d7",
        "folderId": "ba19c5c9-55cc-4fc7-9803-fe30c3713e5a"}]}'
    headers:
      Access-Control-Expose-Headers:
      - RequestId
      Cache-Control:
      - no-store, must-revalidate, no-cache
      Content-Encoding:
      - gzip
      Content-Length:
      - '415'
      Content-Type:
      - application/json; charset=utf-8
      Date:
      - Thu, 05 Feb 2026 13:43:30 GMT
      Pragma:
      - no-cache
      RequestId:
      - 4b1fc21a-aa76-4729-9f18-98993d7a4cb8
      Strict-Transport-Security:
      - max-age=31536000; includeSubDomains
      X-Content-Type-Options:
      - nosniff
      X-Frame-Options:
      - deny
      home-cluster-uri:
      - https://wabi-us-central-b-primary-redirect.analysis.windows.net/
      request-redirected:
      - 'true'
    status:
      code: 200
      message: OK
- request:
    body: null
    headers:
      Accept:
      - '*/*'
      Accept-Encoding:
      - gzip, deflate
      Connection:
      - keep-alive
      Content-Type:
      - application/json
      User-Agent:
      - ms-fabric-cli-test/1.3.1
    method: GET
    uri: https://api.fabric.microsoft.com/v1/workspaces/20015b53-cb84-4f8d-8814-33b22729b0d7/folders?recursive=True
  response:
    body:
      string: '{"value": [{"id": "ba19c5c9-55cc-4fc7-9803-fe30c3713e5a", "displayName":
        "fabcli000001", "workspaceId": "20015b53-cb84-4f8d-8814-33b22729b0d7"}]}'
    headers:
      Access-Control-Expose-Headers:
      - RequestId
      Cache-Control:
      - no-store, must-revalidate, no-cache
      Content-Encoding:
      - gzip
      Content-Length:
      - '143'
      Content-Type:
      - application/json; charset=utf-8
      Date:
      - Thu, 05 Feb 2026 13:43:30 GMT
      Pragma:
      - no-cache
      RequestId:
      - e2a54a4a-a79e-4bf4-93ba-f927b5d25cea
      Strict-Transport-Security:
      - max-age=31536000; includeSubDomains
      X-Content-Type-Options:
      - nosniff
      X-Frame-Options:
      - deny
      home-cluster-uri:
      - https://wabi-us-central-b-primary-redirect.analysis.windows.net/
      request-redirected:
      - 'true'
    status:
      code: 200
      message: OK
- request:
    body: null
    headers:
      Accept:
      - '*/*'
      Accept-Encoding:
      - gzip, deflate
      Connection:
      - keep-alive
      Content-Type:
      - application/json
      User-Agent:
      - ms-fabric-cli-test/1.3.1
    method: GET
    uri: https://api.fabric.microsoft.com/v1/workspaces/20015b53-cb84-4f8d-8814-33b22729b0d7/folders?recursive=True
  response:
    body:
      string: '{"value": [{"id": "ba19c5c9-55cc-4fc7-9803-fe30c3713e5a", "displayName":
        "fabcli000001", "workspaceId": "20015b53-cb84-4f8d-8814-33b22729b0d7"}]}'
    headers:
      Access-Control-Expose-Headers:
      - RequestId
      Cache-Control:
      - no-store, must-revalidate, no-cache
      Content-Encoding:
      - gzip
      Content-Length:
      - '143'
      Content-Type:
      - application/json; charset=utf-8
      Date:
      - Thu, 05 Feb 2026 13:43:31 GMT
      Pragma:
      - no-cache
      RequestId:
      - 1d5d6522-4678-4f93-8636-a1f4ac2d2d02
      Strict-Transport-Security:
      - max-age=31536000; includeSubDomains
      X-Content-Type-Options:
      - nosniff
      X-Frame-Options:
      - deny
      home-cluster-uri:
      - https://wabi-us-central-b-primary-redirect.analysis.windows.net/
      request-redirected:
      - 'true'
    status:
      code: 200
      message: OK
- request:
    body: null
    headers:
      Accept:
      - '*/*'
      Accept-Encoding:
      - gzip, deflate
      Connection:
      - keep-alive
      Content-Length:
      - '0'
      Content-Type:
      - application/json
      User-Agent:
      - ms-fabric-cli-test/1.3.1
    method: DELETE
    uri: https://api.fabric.microsoft.com/v1/workspaces/20015b53-cb84-4f8d-8814-33b22729b0d7/items/3f4a2bb7-506c-4e79-9ed8-646f68200ede
  response:
    body:
      string: ''
    headers:
      Access-Control-Expose-Headers:
      - RequestId
      Cache-Control:
      - no-store, must-revalidate, no-cache
      Content-Encoding:
      - gzip
      Content-Length:
      - '0'
      Content-Type:
      - application/octet-stream
      Date:
      - Thu, 05 Feb 2026 13:43:32 GMT
      Pragma:
      - no-cache
      RequestId:
      - d13c6150-3f51-42b6-a85e-80431242f357
      Strict-Transport-Security:
      - max-age=31536000; includeSubDomains
      X-Content-Type-Options:
      - nosniff
      X-Frame-Options:
      - deny
      home-cluster-uri:
      - https://wabi-us-central-b-primary-redirect.analysis.windows.net/
      request-redirected:
      - 'true'
    status:
      code: 200
      message: OK
- request:
    body: null
    headers:
      Accept:
      - '*/*'
      Accept-Encoding:
      - gzip, deflate
      Connection:
      - keep-alive
      Content-Type:
      - application/json
      User-Agent:
      - ms-fabric-cli-test/1.3.1
    method: GET
    uri: https://api.fabric.microsoft.com/v1/workspaces
  response:
    body:
      string: '{"value": [{"id": "3634a139-2c9e-4205-910b-3b089a31be47", "displayName":
        "My workspace", "description": "", "type": "Personal"}, {"id": "20015b53-cb84-4f8d-8814-33b22729b0d7",
        "displayName": "fabriccli_WorkspacePerTestclass_000001", "description": "Created
        by fab", "type": "Workspace", "capacityId": "00000000-0000-0000-0000-000000000004"}]}'
    headers:
      Access-Control-Expose-Headers:
      - RequestId
      Cache-Control:
      - no-store, must-revalidate, no-cache
      Content-Encoding:
      - gzip
      Content-Length:
      - '2803'
      Content-Type:
      - application/json; charset=utf-8
      Date:
      - Thu, 05 Feb 2026 13:43:33 GMT
      Pragma:
      - no-cache
      RequestId:
      - 1afbb328-b438-48e4-a861-b6ffc596729a
      Strict-Transport-Security:
      - max-age=31536000; includeSubDomains
      X-Content-Type-Options:
      - nosniff
      X-Frame-Options:
      - deny
      home-cluster-uri:
      - https://wabi-us-central-b-primary-redirect.analysis.windows.net/
      request-redirected:
      - 'true'
    status:
      code: 200
      message: OK
- request:
    body: null
    headers:
      Accept:
      - '*/*'
      Accept-Encoding:
      - gzip, deflate
      Connection:
      - keep-alive
      Content-Type:
      - application/json
      User-Agent:
      - ms-fabric-cli-test/1.3.1
    method: GET
    uri: https://api.fabric.microsoft.com/v1/workspaces/20015b53-cb84-4f8d-8814-33b22729b0d7/folders?recursive=True
  response:
    body:
      string: '{"value": [{"id": "ba19c5c9-55cc-4fc7-9803-fe30c3713e5a", "displayName":
        "fabcli000001", "workspaceId": "20015b53-cb84-4f8d-8814-33b22729b0d7"}]}'
    headers:
      Access-Control-Expose-Headers:
      - RequestId
      Cache-Control:
      - no-store, must-revalidate, no-cache
      Content-Encoding:
      - gzip
      Content-Length:
      - '143'
      Content-Type:
      - application/json; charset=utf-8
      Date:
      - Thu, 05 Feb 2026 13:43:33 GMT
      Pragma:
      - no-cache
      RequestId:
      - b20b8925-6a5e-4ceb-889b-f196c483380a
      Strict-Transport-Security:
      - max-age=31536000; includeSubDomains
      X-Content-Type-Options:
      - nosniff
      X-Frame-Options:
      - deny
      home-cluster-uri:
      - https://wabi-us-central-b-primary-redirect.analysis.windows.net/
      request-redirected:
      - 'true'
    status:
      code: 200
      message: OK
- request:
    body: null
    headers:
      Accept:
      - '*/*'
      Accept-Encoding:
      - gzip, deflate
      Connection:
      - keep-alive
      Content-Length:
      - '0'
      Content-Type:
      - application/json
      User-Agent:
      - ms-fabric-cli-test/1.3.1
    method: DELETE
    uri: https://api.fabric.microsoft.com/v1/workspaces/20015b53-cb84-4f8d-8814-33b22729b0d7/folders/ba19c5c9-55cc-4fc7-9803-fe30c3713e5a
  response:
    body:
      string: '{"requestId": "1173d294-d40c-4928-ae4f-c8019f059866", "errorCode":
        "FolderNotEmpty", "message": "The requested folder was not empty.", "relatedResource":
        {"resourceId": "ba19c5c9-55cc-4fc7-9803-fe30c3713e5a", "resourceType": "Folder"}}'
    headers:
      Access-Control-Expose-Headers:
      - RequestId
      Cache-Control:
      - no-store, must-revalidate, no-cache
      Content-Type:
      - application/json; charset=utf-8
      Date:
      - Thu, 05 Feb 2026 13:43:34 GMT
      Pragma:
      - no-cache
      RequestId:
      - 1173d294-d40c-4928-ae4f-c8019f059866
      Strict-Transport-Security:
      - max-age=31536000; includeSubDomains
      Transfer-Encoding:
      - chunked
      X-Content-Type-Options:
      - nosniff
      X-Frame-Options:
      - deny
      home-cluster-uri:
      - https://wabi-us-central-b-primary-redirect.analysis.windows.net/
      request-redirected:
      - 'true'
      x-ms-public-api-error-code:
      - FolderNotEmpty
    status:
      code: 400
      message: Bad Request
version: 1
