interactions:
- request:
    body: null
    headers:
      Accept:
      - '*/*'
      Accept-Encoding:
      - gzip, deflate
      Connection:
      - keep-alive
      Content-Type:
      - application/json
      User-Agent:
      - ms-fabric-cli-test/1.3.1
    method: GET
    uri: https://api.fabric.microsoft.com/v1/workspaces
  response:
    body:
      string: '{"value": [{"id": "3634a139-2c9e-4205-910b-3b089a31be47", "displayName":
        "My workspace", "description": "", "type": "Personal"}, {"id": "368f354f-9d92-4982-b04b-9c397928cdf0",
        "displayName": "fabriccli_WorkspacePerTestclass_000001", "description": "Created
        by fab", "type": "Workspace", "capacityId": "00000000-0000-0000-0000-000000000004"}]}'
    headers:
      Access-Control-Expose-Headers:
      - RequestId
      Cache-Control:
      - no-store, must-revalidate, no-cache
      Content-Encoding:
      - gzip
      Content-Length:
      - '2304'
      Content-Type:
      - application/json; charset=utf-8
      Date:
      - Thu, 29 Jan 2026 07:56:25 GMT
      Pragma:
      - no-cache
      RequestId:
      - 404e4640-9b23-4429-ab1b-408db69d29aa
      Strict-Transport-Security:
      - max-age=31536000; includeSubDomains
      X-Content-Type-Options:
      - nosniff
      X-Frame-Options:
      - deny
      home-cluster-uri:
      - https://wabi-us-central-b-primary-redirect.analysis.windows.net/
      request-redirected:
      - 'true'
    status:
      code: 200
      message: OK
- request:
    body: null
    headers:
      Accept:
      - '*/*'
      Accept-Encoding:
      - gzip, deflate
      Connection:
      - keep-alive
      Content-Type:
      - application/json
      User-Agent:
      - ms-fabric-cli-test/1.3.1
    method: GET
    uri: https://api.fabric.microsoft.com/v1/workspaces/368f354f-9d92-4982-b04b-9c397928cdf0/folders?recursive=True
  response:
    body:
      string: '{"value": [{"id": "44fe9d55-96c6-4fe4-ae2e-8fe5e54331d4", "displayName":
        "fabcli000001", "workspaceId": "368f354f-9d92-4982-b04b-9c397928cdf0"}]}'
    headers:
      Access-Control-Expose-Headers:
      - RequestId
      Cache-Control:
      - no-store, must-revalidate, no-cache
      Content-Encoding:
      - gzip
      Content-Length:
      - '144'
      Content-Type:
      - application/json; charset=utf-8
      Date:
      - Thu, 29 Jan 2026 07:56:26 GMT
      Pragma:
      - no-cache
      RequestId:
      - d0f2800e-cc3a-4f4f-9f85-51b8fc26151d
      Strict-Transport-Security:
      - max-age=31536000; includeSubDomains
      X-Content-Type-Options:
      - nosniff
      X-Frame-Options:
      - deny
      home-cluster-uri:
      - https://wabi-us-central-b-primary-redirect.analysis.windows.net/
      request-redirected:
      - 'true'
    status:
      code: 200
      message: OK
- request:
    body: null
    headers:
      Accept:
      - '*/*'
      Accept-Encoding:
      - gzip, deflate
      Connection:
      - keep-alive
      Content-Type:
      - application/json
      User-Agent:
      - ms-fabric-cli-test/1.3.1
    method: GET
    uri: https://api.fabric.microsoft.com/v1/workspaces/368f354f-9d92-4982-b04b-9c397928cdf0/folders?recursive=True
  response:
    body:
      string: '{"value": [{"id": "44fe9d55-96c6-4fe4-ae2e-8fe5e54331d4", "displayName":
        "fabcli000001", "workspaceId": "368f354f-9d92-4982-b04b-9c397928cdf0"}]}'
    headers:
      Access-Control-Expose-Headers:
      - RequestId
      Cache-Control:
      - no-store, must-revalidate, no-cache
      Content-Encoding:
      - gzip
      Content-Length:
      - '144'
      Content-Type:
      - application/json; charset=utf-8
      Date:
      - Thu, 29 Jan 2026 07:56:26 GMT
      Pragma:
      - no-cache
      RequestId:
      - 166c9259-4328-4656-b61d-75774545acc2
      Strict-Transport-Security:
      - max-age=31536000; includeSubDomains
      X-Content-Type-Options:
      - nosniff
      X-Frame-Options:
      - deny
      home-cluster-uri:
      - https://wabi-us-central-b-primary-redirect.analysis.windows.net/
      request-redirected:
      - 'true'
    status:
      code: 200
      message: OK
- request:
    body: '{"description": "Created by fab", "displayName": "fabcli000001"}'
    headers:
      Accept:
      - '*/*'
      Accept-Encoding:
      - gzip, deflate
      Connection:
      - keep-alive
      Content-Length:
      - '68'
      Content-Type:
      - application/json
      User-Agent:
      - ms-fabric-cli-test/1.3.1
    method: POST
    uri: https://api.fabric.microsoft.com/v1/workspaces/368f354f-9d92-4982-b04b-9c397928cdf0/folders
  response:
    body:
      string: '{"id": "a8e9689e-0f17-49a4-9a1b-4835e87e7a01", "displayName": "fabcli000001",
        "workspaceId": "368f354f-9d92-4982-b04b-9c397928cdf0"}'
    headers:
      Access-Control-Expose-Headers:
      - RequestId,Location
      Cache-Control:
      - no-store, must-revalidate, no-cache
      Content-Encoding:
      - gzip
      Content-Length:
      - '133'
      Content-Type:
      - application/json; charset=utf-8
      Date:
      - Thu, 29 Jan 2026 07:56:27 GMT
      Location:
      - https://api.fabric.microsoft.com/v1/workspaces/368f354f-9d92-4982-b04b-9c397928cdf0/folders/a8e9689e-0f17-49a4-9a1b-4835e87e7a01
      Pragma:
      - no-cache
      RequestId:
      - 53a60256-6933-4ed0-a6df-894a8229e6b0
      Strict-Transport-Security:
      - max-age=31536000; includeSubDomains
      X-Content-Type-Options:
      - nosniff
      X-Frame-Options:
      - deny
      home-cluster-uri:
      - https://wabi-us-central-b-primary-redirect.analysis.windows.net/
      request-redirected:
      - 'true'
    status:
      code: 201
      message: Created
- request:
    body: null
    headers:
      Accept:
      - '*/*'
      Accept-Encoding:
      - gzip, deflate
      Connection:
      - keep-alive
      Content-Type:
      - application/json
      User-Agent:
      - ms-fabric-cli-test/1.3.1
    method: GET
    uri: https://api.fabric.microsoft.com/v1/workspaces
  response:
    body:
      string: '{"value": [{"id": "3634a139-2c9e-4205-910b-3b089a31be47", "displayName":
        "My workspace", "description": "", "type": "Personal"}, {"id": "368f354f-9d92-4982-b04b-9c397928cdf0",
        "displayName": "fabriccli_WorkspacePerTestclass_000001", "description": "Created
        by fab", "type": "Workspace", "capacityId": "00000000-0000-0000-0000-000000000004"}]}'
    headers:
      Access-Control-Expose-Headers:
      - RequestId
      Cache-Control:
      - no-store, must-revalidate, no-cache
      Content-Encoding:
      - gzip
      Content-Length:
      - '2304'
      Content-Type:
      - application/json; charset=utf-8
      Date:
      - Thu, 29 Jan 2026 07:56:28 GMT
      Pragma:
      - no-cache
      RequestId:
      - d2762a7b-6e3c-4a4c-9b10-5dc4e328127f
      Strict-Transport-Security:
      - max-age=31536000; includeSubDomains
      X-Content-Type-Options:
      - nosniff
      X-Frame-Options:
      - deny
      home-cluster-uri:
      - https://wabi-us-central-b-primary-redirect.analysis.windows.net/
      request-redirected:
      - 'true'
    status:
      code: 200
      message: OK
- request:
    body: null
    headers:
      Accept:
      - '*/*'
      Accept-Encoding:
      - gzip, deflate
      Connection:
      - keep-alive
      Content-Type:
      - application/json
      User-Agent:
      - ms-fabric-cli-test/1.3.1
    method: GET
    uri: https://api.fabric.microsoft.com/v1/workspaces/368f354f-9d92-4982-b04b-9c397928cdf0/items
  response:
    body:
      string: '{"value": [{"id": "c0655a25-e6f8-4858-b332-e84f704df3c0", "type": "SemanticModel",
        "displayName": "fabcli000001_auto", "description": "", "workspaceId": "368f354f-9d92-4982-b04b-9c397928cdf0"},
        {"id": "eb993493-fcab-4245-8f15-5b31d00680fb", "type": "SemanticModel", "displayName":
        "fabcli000001_auto", "description": "", "workspaceId": "368f354f-9d92-4982-b04b-9c397928cdf0"},
        {"id": "19c63aee-97f0-479d-8d5f-b90a4de61ccd", "type": "SQLEndpoint", "displayName":
        "StagingLakehouseForDataflows_20260129064248", "description": "", "workspaceId":
        "368f354f-9d92-4982-b04b-9c397928cdf0"}, {"id": "8339a561-3c03-407d-bf76-a117b084783a",
        "type": "Warehouse", "displayName": "StagingWarehouseForDataflows_20260129064311",
        "description": "", "workspaceId": "368f354f-9d92-4982-b04b-9c397928cdf0"},
        {"id": "dd13543f-db27-422a-a3c6-880a2ba102e9", "type": "SQLEndpoint", "displayName":
        "StagingLakehouseForDataflows_20260129065256", "description": "", "workspaceId":
        "368f354f-9d92-4982-b04b-9c397928cdf0"}, {"id": "a12b31da-e687-4ce5-99dd-b018cbeef0c0",
        "type": "Warehouse", "displayName": "StagingWarehouseForDataflows_20260129065309",
        "description": "", "workspaceId": "368f354f-9d92-4982-b04b-9c397928cdf0"},
        {"id": "e8521ae4-1482-4b12-b037-6d82d2c8a277", "type": "Lakehouse", "displayName":
        "StagingLakehouseForDataflows_20260129064248", "description": "", "workspaceId":
        "368f354f-9d92-4982-b04b-9c397928cdf0"}, {"id": "a162cea8-0266-4527-a2e0-375bbd378036",
        "type": "Lakehouse", "displayName": "StagingLakehouseForDataflows_20260129065256",
        "description": "", "workspaceId": "368f354f-9d92-4982-b04b-9c397928cdf0"},
        {"id": "46ec8cf3-b649-4c0e-a5bf-8082f2c8a062", "type": "Eventhouse", "displayName":
        "fabcli000001_auto", "description": "Created by fab", "workspaceId": "368f354f-9d92-4982-b04b-9c397928cdf0"},
        {"id": "e6bf6c94-5c22-412c-ba8b-19271ab635ae", "type": "KQLDatabase", "displayName":
        "fabcli000001_auto", "description": "fabcli000001_auto", "workspaceId": "368f354f-9d92-4982-b04b-9c397928cdf0"}]}'
    headers:
      Access-Control-Expose-Headers:
      - RequestId
      Cache-Control:
      - no-store, must-revalidate, no-cache
      Content-Encoding:
      - gzip
      Content-Length:
      - '550'
      Content-Type:
      - application/json; charset=utf-8
      Date:
      - Thu, 29 Jan 2026 07:56:28 GMT
      Pragma:
      - no-cache
      RequestId:
      - 16e271e5-c029-46e9-bd72-d0dd4dc0a266
      Strict-Transport-Security:
      - max-age=31536000; includeSubDomains
      X-Content-Type-Options:
      - nosniff
      X-Frame-Options:
      - deny
      home-cluster-uri:
      - https://wabi-us-central-b-primary-redirect.analysis.windows.net/
      request-redirected:
      - 'true'
    status:
      code: 200
      message: OK
- request:
    body: null
    headers:
      Accept:
      - '*/*'
      Accept-Encoding:
      - gzip, deflate
      Connection:
      - keep-alive
      Content-Type:
      - application/json
      User-Agent:
      - ms-fabric-cli-test/1.3.1
    method: GET
    uri: https://api.fabric.microsoft.com/v1/workspaces/368f354f-9d92-4982-b04b-9c397928cdf0/items
  response:
    body:
      string: '{"value": [{"id": "c0655a25-e6f8-4858-b332-e84f704df3c0", "type": "SemanticModel",
        "displayName": "fabcli000001_auto", "description": "", "workspaceId": "368f354f-9d92-4982-b04b-9c397928cdf0"},
        {"id": "eb993493-fcab-4245-8f15-5b31d00680fb", "type": "SemanticModel", "displayName":
        "fabcli000001_auto", "description": "", "workspaceId": "368f354f-9d92-4982-b04b-9c397928cdf0"},
        {"id": "19c63aee-97f0-479d-8d5f-b90a4de61ccd", "type": "SQLEndpoint", "displayName":
        "StagingLakehouseForDataflows_20260129064248", "description": "", "workspaceId":
        "368f354f-9d92-4982-b04b-9c397928cdf0"}, {"id": "8339a561-3c03-407d-bf76-a117b084783a",
        "type": "Warehouse", "displayName": "StagingWarehouseForDataflows_20260129064311",
        "description": "", "workspaceId": "368f354f-9d92-4982-b04b-9c397928cdf0"},
        {"id": "dd13543f-db27-422a-a3c6-880a2ba102e9", "type": "SQLEndpoint", "displayName":
        "StagingLakehouseForDataflows_20260129065256", "description": "", "workspaceId":
        "368f354f-9d92-4982-b04b-9c397928cdf0"}, {"id": "a12b31da-e687-4ce5-99dd-b018cbeef0c0",
        "type": "Warehouse", "displayName": "StagingWarehouseForDataflows_20260129065309",
        "description": "", "workspaceId": "368f354f-9d92-4982-b04b-9c397928cdf0"},
        {"id": "e8521ae4-1482-4b12-b037-6d82d2c8a277", "type": "Lakehouse", "displayName":
        "StagingLakehouseForDataflows_20260129064248", "description": "", "workspaceId":
        "368f354f-9d92-4982-b04b-9c397928cdf0"}, {"id": "a162cea8-0266-4527-a2e0-375bbd378036",
        "type": "Lakehouse", "displayName": "StagingLakehouseForDataflows_20260129065256",
        "description": "", "workspaceId": "368f354f-9d92-4982-b04b-9c397928cdf0"},
        {"id": "46ec8cf3-b649-4c0e-a5bf-8082f2c8a062", "type": "Eventhouse", "displayName":
        "fabcli000001_auto", "description": "Created by fab", "workspaceId": "368f354f-9d92-4982-b04b-9c397928cdf0"},
        {"id": "e6bf6c94-5c22-412c-ba8b-19271ab635ae", "type": "KQLDatabase", "displayName":
        "fabcli000001_auto", "description": "fabcli000001_auto", "workspaceId": "368f354f-9d92-4982-b04b-9c397928cdf0"}]}'
    headers:
      Access-Control-Expose-Headers:
      - RequestId
      Cache-Control:
      - no-store, must-revalidate, no-cache
      Content-Encoding:
      - gzip
      Content-Length:
      - '550'
      Content-Type:
      - application/json; charset=utf-8
      Date:
      - Thu, 29 Jan 2026 07:56:29 GMT
      Pragma:
      - no-cache
      RequestId:
      - 5226ab84-fea9-4d43-9a83-d90f344b6a12
      Strict-Transport-Security:
      - max-age=31536000; includeSubDomains
      X-Content-Type-Options:
      - nosniff
      X-Frame-Options:
      - deny
      home-cluster-uri:
      - https://wabi-us-central-b-primary-redirect.analysis.windows.net/
      request-redirected:
      - 'true'
    status:
      code: 200
      message: OK
- request:
    body: '{"description": "Created by fab", "displayName": "fabcli000002", "type":
      "Notebook", "folderId": null, "definition": {"parts": [{"path": "notebook-content.py",
      "payload": "IyBGYWJyaWMgbm90ZWJvb2sgc291cmNlCgojIE1FVEFEQVRBICoqKioqKioqKioqKioqKioqKioqCgojIE1FVEEgewojIE1FVEEgICAia2VybmVsX2luZm8iOiB7CiMgTUVUQSAgICAgIm5hbWUiOiAic3luYXBzZV9weXNwYXJrIgojIE1FVEEgICB9LAojIE1FVEEgICAiZGVwZW5kZW5jaWVzIjoge30KIyBNRVRBIH0KCiMgQ0VMTCAqKioqKioqKioqKioqKioqKioqKgoKIyBXZWxjb21lIHRvIHlvdXIgbmV3IG5vdGVib29rCiMgVHlwZSBoZXJlIGluIHRoZSBjZWxsIGVkaXRvciB0byBhZGQgY29kZSEKCgojIE1FVEFEQVRBICoqKioqKioqKioqKioqKioqKioqCgojIE1FVEEgewojIE1FVEEgICAibGFuZ3VhZ2UiOiAicHl0aG9uIiwKIyBNRVRBICAgImxhbmd1YWdlX2dyb3VwIjogInN5bmFwc2VfcHlzcGFyayIKIyBNRVRBIH0K",
      "payloadType": "InlineBase64"}]}}'
    headers:
      Accept:
      - '*/*'
      Accept-Encoding:
      - gzip, deflate
      Connection:
      - keep-alive
      Content-Length:
      - '764'
      Content-Type:
      - application/json
      User-Agent:
      - ms-fabric-cli-test/1.3.1
    method: POST
    uri: https://api.fabric.microsoft.com/v1/workspaces/368f354f-9d92-4982-b04b-9c397928cdf0/notebooks
  response:
    body:
      string: 'null'
    headers:
      Access-Control-Expose-Headers:
      - RequestId,Location,Retry-After,ETag,x-ms-operation-id
      Cache-Control:
      - no-store, must-revalidate, no-cache
      Content-Encoding:
      - gzip
      Content-Length:
      - '24'
      Content-Type:
      - application/json; charset=utf-8
      Date:
      - Thu, 29 Jan 2026 07:56:31 GMT
      ETag:
      - '""'
      Location:
      - https://wabi-us-central-b-primary-redirect.analysis.windows.net/v1/operations/5493739a-3752-40e3-83c6-368e69102139
      Pragma:
      - no-cache
      RequestId:
      - 805cf48c-0778-45e0-ad5d-cb06198d8b89
      Retry-After:
      - '20'
      Strict-Transport-Security:
      - max-age=31536000; includeSubDomains
      X-Content-Type-Options:
      - nosniff
      X-Frame-Options:
      - deny
      home-cluster-uri:
      - https://wabi-us-central-b-primary-redirect.analysis.windows.net/
      request-redirected:
      - 'true'
      x-ms-operation-id:
      - 5493739a-3752-40e3-83c6-368e69102139
    status:
      code: 202
      message: Accepted
- request:
    body: null
    headers:
      Accept:
      - '*/*'
      Accept-Encoding:
      - gzip, deflate
      Connection:
      - keep-alive
      Content-Type:
      - application/json
      User-Agent:
      - ms-fabric-cli-test/1.3.1
    method: GET
    uri: https://wabi-us-central-b-primary-redirect.analysis.windows.net/v1/operations/5493739a-3752-40e3-83c6-368e69102139
  response:
    body:
      string: '{"status": "Succeeded", "createdTimeUtc": "2026-01-29T07:56:31.2244074",
        "lastUpdatedTimeUtc": "2026-01-29T07:56:31.9744113", "percentComplete": 100,
        "error": null}'
    headers:
      Access-Control-Expose-Headers:
      - RequestId,Location,x-ms-operation-id
      Cache-Control:
      - no-store, must-revalidate, no-cache
      Content-Encoding:
      - gzip
      Content-Length:
      - '129'
      Content-Type:
      - application/json; charset=utf-8
      Date:
      - Thu, 29 Jan 2026 07:56:53 GMT
      Location:
      - https://wabi-us-central-b-primary-redirect.analysis.windows.net/v1/operations/5493739a-3752-40e3-83c6-368e69102139/result
      Pragma:
      - no-cache
      RequestId:
      - e6e665f0-7492-4cd5-8596-41f6e9c9ac53
      Strict-Transport-Security:
      - max-age=31536000; includeSubDomains
      X-Content-Type-Options:
      - nosniff
      X-Frame-Options:
      - deny
      x-ms-operation-id:
      - 5493739a-3752-40e3-83c6-368e69102139
    status:
      code: 200
      message: OK
- request:
    body: null
    headers:
      Accept:
      - '*/*'
      Accept-Encoding:
      - gzip, deflate
      Connection:
      - keep-alive
      Content-Type:
      - application/json
      User-Agent:
      - ms-fabric-cli-test/1.3.1
    method: GET
    uri: https://wabi-us-central-b-primary-redirect.analysis.windows.net/v1/operations/5493739a-3752-40e3-83c6-368e69102139/result
  response:
    body:
      string: '{"id": "33251535-bc2c-478c-a64f-75922ccc209e", "type": "Notebook",
        "displayName": "fabcli000002", "description": "Created by fab", "workspaceId":
        "368f354f-9d92-4982-b04b-9c397928cdf0"}'
    headers:
      Access-Control-Expose-Headers:
      - RequestId
      Cache-Control:
      - no-store, must-revalidate, no-cache
      Content-Encoding:
      - gzip
      Content-Type:
      - application/json
      Date:
      - Thu, 29 Jan 2026 07:56:54 GMT
      Pragma:
      - no-cache
      RequestId:
      - d79c60c0-5e20-4c87-b777-a0c083fdee3f
      Strict-Transport-Security:
      - max-age=31536000; includeSubDomains
      Transfer-Encoding:
      - chunked
      X-Content-Type-Options:
      - nosniff
      X-Frame-Options:
      - deny
    status:
      code: 200
      message: OK
- request:
    body: null
    headers:
      Accept:
      - '*/*'
      Accept-Encoding:
      - gzip, deflate
      Connection:
      - keep-alive
      Content-Type:
      - application/json
      User-Agent:
      - ms-fabric-cli-test/1.3.1
    method: GET
    uri: https://api.fabric.microsoft.com/v1/workspaces
  response:
    body:
      string: '{"value": [{"id": "3634a139-2c9e-4205-910b-3b089a31be47", "displayName":
        "My workspace", "description": "", "type": "Personal"}, {"id": "368f354f-9d92-4982-b04b-9c397928cdf0",
        "displayName": "fabriccli_WorkspacePerTestclass_000001", "description": "Created
        by fab", "type": "Workspace", "capacityId": "00000000-0000-0000-0000-000000000004"}]}'
    headers:
      Access-Control-Expose-Headers:
      - RequestId
      Cache-Control:
      - no-store, must-revalidate, no-cache
      Content-Encoding:
      - gzip
      Content-Length:
      - '2304'
      Content-Type:
      - application/json; charset=utf-8
      Date:
      - Thu, 29 Jan 2026 07:56:54 GMT
      Pragma:
      - no-cache
      RequestId:
      - 352be17b-daca-477b-a3bf-d1d82bcac9b6
      Strict-Transport-Security:
      - max-age=31536000; includeSubDomains
      X-Content-Type-Options:
      - nosniff
      X-Frame-Options:
      - deny
      home-cluster-uri:
      - https://wabi-us-central-b-primary-redirect.analysis.windows.net/
      request-redirected:
      - 'true'
    status:
      code: 200
      message: OK
- request:
    body: null
    headers:
      Accept:
      - '*/*'
      Accept-Encoding:
      - gzip, deflate
      Connection:
      - keep-alive
      Content-Type:
      - application/json
      User-Agent:
      - ms-fabric-cli-test/1.3.1
    method: GET
    uri: https://api.fabric.microsoft.com/v1/workspaces/368f354f-9d92-4982-b04b-9c397928cdf0/folders?recursive=True
  response:
    body:
      string: '{"value": [{"id": "44fe9d55-96c6-4fe4-ae2e-8fe5e54331d4", "displayName":
        "fabcli000001", "workspaceId": "368f354f-9d92-4982-b04b-9c397928cdf0"}, {"id":
        "a8e9689e-0f17-49a4-9a1b-4835e87e7a01", "displayName": "fabcli000001", "workspaceId":
        "368f354f-9d92-4982-b04b-9c397928cdf0"}]}'
    headers:
      Access-Control-Expose-Headers:
      - RequestId
      Cache-Control:
      - no-store, must-revalidate, no-cache
      Content-Encoding:
      - gzip
      Content-Length:
      - '185'
      Content-Type:
      - application/json; charset=utf-8
      Date:
      - Thu, 29 Jan 2026 07:56:56 GMT
      Pragma:
      - no-cache
      RequestId:
      - b6538999-bc9d-43b3-b4f7-097b917677de
      Strict-Transport-Security:
      - max-age=31536000; includeSubDomains
      X-Content-Type-Options:
      - nosniff
      X-Frame-Options:
      - deny
      home-cluster-uri:
      - https://wabi-us-central-b-primary-redirect.analysis.windows.net/
      request-redirected:
      - 'true'
    status:
      code: 200
      message: OK
- request:
    body: null
    headers:
      Accept:
      - '*/*'
      Accept-Encoding:
      - gzip, deflate
      Connection:
      - keep-alive
      Content-Type:
      - application/json
      User-Agent:
      - ms-fabric-cli-test/1.3.1
    method: GET
    uri: https://api.fabric.microsoft.com/v1/workspaces/368f354f-9d92-4982-b04b-9c397928cdf0/items
  response:
    body:
      string: '{"value": [{"id": "c0655a25-e6f8-4858-b332-e84f704df3c0", "type": "SemanticModel",
        "displayName": "fabcli000001_auto", "description": "", "workspaceId": "368f354f-9d92-4982-b04b-9c397928cdf0"},
        {"id": "eb993493-fcab-4245-8f15-5b31d00680fb", "type": "SemanticModel", "displayName":
        "fabcli000001_auto", "description": "", "workspaceId": "368f354f-9d92-4982-b04b-9c397928cdf0"},
        {"id": "19c63aee-97f0-479d-8d5f-b90a4de61ccd", "type": "SQLEndpoint", "displayName":
        "StagingLakehouseForDataflows_20260129064248", "description": "", "workspaceId":
        "368f354f-9d92-4982-b04b-9c397928cdf0"}, {"id": "8339a561-3c03-407d-bf76-a117b084783a",
        "type": "Warehouse", "displayName": "StagingWarehouseForDataflows_20260129064311",
        "description": "", "workspaceId": "368f354f-9d92-4982-b04b-9c397928cdf0"},
        {"id": "dd13543f-db27-422a-a3c6-880a2ba102e9", "type": "SQLEndpoint", "displayName":
        "StagingLakehouseForDataflows_20260129065256", "description": "", "workspaceId":
        "368f354f-9d92-4982-b04b-9c397928cdf0"}, {"id": "a12b31da-e687-4ce5-99dd-b018cbeef0c0",
        "type": "Warehouse", "displayName": "StagingWarehouseForDataflows_20260129065309",
        "description": "", "workspaceId": "368f354f-9d92-4982-b04b-9c397928cdf0"},
        {"id": "e8521ae4-1482-4b12-b037-6d82d2c8a277", "type": "Lakehouse", "displayName":
        "StagingLakehouseForDataflows_20260129064248", "description": "", "workspaceId":
        "368f354f-9d92-4982-b04b-9c397928cdf0"}, {"id": "a162cea8-0266-4527-a2e0-375bbd378036",
        "type": "Lakehouse", "displayName": "StagingLakehouseForDataflows_20260129065256",
        "description": "", "workspaceId": "368f354f-9d92-4982-b04b-9c397928cdf0"},
        {"id": "46ec8cf3-b649-4c0e-a5bf-8082f2c8a062", "type": "Eventhouse", "displayName":
        "fabcli000001_auto", "description": "Created by fab", "workspaceId": "368f354f-9d92-4982-b04b-9c397928cdf0"},
        {"id": "e6bf6c94-5c22-412c-ba8b-19271ab635ae", "type": "KQLDatabase", "displayName":
        "fabcli000001_auto", "description": "fabcli000001_auto", "workspaceId": "368f354f-9d92-4982-b04b-9c397928cdf0"},
        {"id": "33251535-bc2c-478c-a64f-75922ccc209e", "type": "Notebook", "displayName":
        "fabcli000002", "description": "Created by fab", "workspaceId": "368f354f-9d92-4982-b04b-9c397928cdf0"}]}'
    headers:
      Access-Control-Expose-Headers:
      - RequestId
      Cache-Control:
      - no-store, must-revalidate, no-cache
      Content-Encoding:
      - gzip
      Content-Length:
      - '592'
      Content-Type:
      - application/json; charset=utf-8
      Date:
      - Thu, 29 Jan 2026 07:56:56 GMT
      Pragma:
      - no-cache
      RequestId:
      - 5db62073-6bed-45f7-bfc2-6a11e7d4e8b9
      Strict-Transport-Security:
      - max-age=31536000; includeSubDomains
      X-Content-Type-Options:
      - nosniff
      X-Frame-Options:
      - deny
      home-cluster-uri:
      - https://wabi-us-central-b-primary-redirect.analysis.windows.net/
      request-redirected:
      - 'true'
    status:
      code: 200
      message: OK
- request:
    body: null
    headers:
      Accept:
      - '*/*'
      Accept-Encoding:
      - gzip, deflate
      Connection:
      - keep-alive
      Content-Type:
      - application/json
      User-Agent:
      - ms-fabric-cli-test/1.3.1
    method: GET
    uri: https://api.fabric.microsoft.com/v1/workspaces/368f354f-9d92-4982-b04b-9c397928cdf0/items
  response:
    body:
      string: '{"value": [{"id": "c0655a25-e6f8-4858-b332-e84f704df3c0", "type": "SemanticModel",
        "displayName": "fabcli000001_auto", "description": "", "workspaceId": "368f354f-9d92-4982-b04b-9c397928cdf0"},
        {"id": "eb993493-fcab-4245-8f15-5b31d00680fb", "type": "SemanticModel", "displayName":
        "fabcli000001_auto", "description": "", "workspaceId": "368f354f-9d92-4982-b04b-9c397928cdf0"},
        {"id": "19c63aee-97f0-479d-8d5f-b90a4de61ccd", "type": "SQLEndpoint", "displayName":
        "StagingLakehouseForDataflows_20260129064248", "description": "", "workspaceId":
        "368f354f-9d92-4982-b04b-9c397928cdf0"}, {"id": "8339a561-3c03-407d-bf76-a117b084783a",
        "type": "Warehouse", "displayName": "StagingWarehouseForDataflows_20260129064311",
        "description": "", "workspaceId": "368f354f-9d92-4982-b04b-9c397928cdf0"},
        {"id": "dd13543f-db27-422a-a3c6-880a2ba102e9", "type": "SQLEndpoint", "displayName":
        "StagingLakehouseForDataflows_20260129065256", "description": "", "workspaceId":
        "368f354f-9d92-4982-b04b-9c397928cdf0"}, {"id": "a12b31da-e687-4ce5-99dd-b018cbeef0c0",
        "type": "Warehouse", "displayName": "StagingWarehouseForDataflows_20260129065309",
        "description": "", "workspaceId": "368f354f-9d92-4982-b04b-9c397928cdf0"},
        {"id": "e8521ae4-1482-4b12-b037-6d82d2c8a277", "type": "Lakehouse", "displayName":
        "StagingLakehouseForDataflows_20260129064248", "description": "", "workspaceId":
        "368f354f-9d92-4982-b04b-9c397928cdf0"}, {"id": "a162cea8-0266-4527-a2e0-375bbd378036",
        "type": "Lakehouse", "displayName": "StagingLakehouseForDataflows_20260129065256",
        "description": "", "workspaceId": "368f354f-9d92-4982-b04b-9c397928cdf0"},
        {"id": "46ec8cf3-b649-4c0e-a5bf-8082f2c8a062", "type": "Eventhouse", "displayName":
        "fabcli000001_auto", "description": "Created by fab", "workspaceId": "368f354f-9d92-4982-b04b-9c397928cdf0"},
        {"id": "e6bf6c94-5c22-412c-ba8b-19271ab635ae", "type": "KQLDatabase", "displayName":
        "fabcli000001_auto", "description": "fabcli000001_auto", "workspaceId": "368f354f-9d92-4982-b04b-9c397928cdf0"},
        {"id": "33251535-bc2c-478c-a64f-75922ccc209e", "type": "Notebook", "displayName":
        "fabcli000002", "description": "Created by fab", "workspaceId": "368f354f-9d92-4982-b04b-9c397928cdf0"}]}'
    headers:
      Access-Control-Expose-Headers:
      - RequestId
      Cache-Control:
      - no-store, must-revalidate, no-cache
      Content-Encoding:
      - gzip
      Content-Length:
      - '592'
      Content-Type:
      - application/json; charset=utf-8
      Date:
      - Thu, 29 Jan 2026 07:56:57 GMT
      Pragma:
      - no-cache
      RequestId:
      - b04147f0-56ae-4617-b788-c28b9c5d8fcb
      Strict-Transport-Security:
      - max-age=31536000; includeSubDomains
      X-Content-Type-Options:
      - nosniff
      X-Frame-Options:
      - deny
      home-cluster-uri:
      - https://wabi-us-central-b-primary-redirect.analysis.windows.net/
      request-redirected:
      - 'true'
    status:
      code: 200
      message: OK
- request:
    body: '{"description": "Created by fab", "displayName": "fabcli000003", "type":
      "Notebook", "folderId": "a8e9689e-0f17-49a4-9a1b-4835e87e7a01", "definition":
      {"parts": [{"path": "notebook-content.py", "payload": "IyBGYWJyaWMgbm90ZWJvb2sgc291cmNlCgojIE1FVEFEQVRBICoqKioqKioqKioqKioqKioqKioqCgojIE1FVEEgewojIE1FVEEgICAia2VybmVsX2luZm8iOiB7CiMgTUVUQSAgICAgIm5hbWUiOiAic3luYXBzZV9weXNwYXJrIgojIE1FVEEgICB9LAojIE1FVEEgICAiZGVwZW5kZW5jaWVzIjoge30KIyBNRVRBIH0KCiMgQ0VMTCAqKioqKioqKioqKioqKioqKioqKgoKIyBXZWxjb21lIHRvIHlvdXIgbmV3IG5vdGVib29rCiMgVHlwZSBoZXJlIGluIHRoZSBjZWxsIGVkaXRvciB0byBhZGQgY29kZSEKCgojIE1FVEFEQVRBICoqKioqKioqKioqKioqKioqKioqCgojIE1FVEEgewojIE1FVEEgICAibGFuZ3VhZ2UiOiAicHl0aG9uIiwKIyBNRVRBICAgImxhbmd1YWdlX2dyb3VwIjogInN5bmFwc2VfcHlzcGFyayIKIyBNRVRBIH0K",
      "payloadType": "InlineBase64"}]}}'
    headers:
      Accept:
      - '*/*'
      Accept-Encoding:
      - gzip, deflate
      Connection:
      - keep-alive
      Content-Length:
      - '798'
      Content-Type:
      - application/json
      User-Agent:
      - ms-fabric-cli-test/1.3.1
    method: POST
    uri: https://api.fabric.microsoft.com/v1/workspaces/368f354f-9d92-4982-b04b-9c397928cdf0/notebooks
  response:
    body:
      string: 'null'
    headers:
      Access-Control-Expose-Headers:
      - RequestId,Location,Retry-After,ETag,x-ms-operation-id
      Cache-Control:
      - no-store, must-revalidate, no-cache
      Content-Encoding:
      - gzip
      Content-Length:
      - '24'
      Content-Type:
      - application/json; charset=utf-8
      Date:
      - Thu, 29 Jan 2026 07:56:58 GMT
      ETag:
      - '""'
      Location:
      - https://wabi-us-central-b-primary-redirect.analysis.windows.net/v1/operations/079f6f6e-bf10-45c4-aa2b-91f76a1c962f
      Pragma:
      - no-cache
      RequestId:
      - 1a30f775-3ed8-4ef4-8357-c745206b4a5b
      Retry-After:
      - '20'
      Strict-Transport-Security:
      - max-age=31536000; includeSubDomains
      X-Content-Type-Options:
      - nosniff
      X-Frame-Options:
      - deny
      home-cluster-uri:
      - https://wabi-us-central-b-primary-redirect.analysis.windows.net/
      request-redirected:
      - 'true'
      x-ms-operation-id:
      - 079f6f6e-bf10-45c4-aa2b-91f76a1c962f
    status:
      code: 202
      message: Accepted
- request:
    body: null
    headers:
      Accept:
      - '*/*'
      Accept-Encoding:
      - gzip, deflate
      Connection:
      - keep-alive
      Content-Type:
      - application/json
      User-Agent:
      - ms-fabric-cli-test/1.3.1
    method: GET
    uri: https://wabi-us-central-b-primary-redirect.analysis.windows.net/v1/operations/079f6f6e-bf10-45c4-aa2b-91f76a1c962f
  response:
    body:
      string: '{"status": "Succeeded", "createdTimeUtc": "2026-01-29T07:56:58.5582389",
        "lastUpdatedTimeUtc": "2026-01-29T07:56:59.7773904", "percentComplete": 100,
        "error": null}'
    headers:
      Access-Control-Expose-Headers:
      - RequestId,Location,x-ms-operation-id
      Cache-Control:
      - no-store, must-revalidate, no-cache
      Content-Encoding:
      - gzip
      Content-Length:
      - '132'
      Content-Type:
      - application/json; charset=utf-8
      Date:
      - Thu, 29 Jan 2026 07:57:20 GMT
      Location:
      - https://wabi-us-central-b-primary-redirect.analysis.windows.net/v1/operations/079f6f6e-bf10-45c4-aa2b-91f76a1c962f/result
      Pragma:
      - no-cache
      RequestId:
      - fd133b0c-417f-44dd-a33d-97ebfde70eeb
      Strict-Transport-Security:
      - max-age=31536000; includeSubDomains
      X-Content-Type-Options:
      - nosniff
      X-Frame-Options:
      - deny
      x-ms-operation-id:
      - 079f6f6e-bf10-45c4-aa2b-91f76a1c962f
    status:
      code: 200
      message: OK
- request:
    body: null
    headers:
      Accept:
      - '*/*'
      Accept-Encoding:
      - gzip, deflate
      Connection:
      - keep-alive
      Content-Type:
      - application/json
      User-Agent:
      - ms-fabric-cli-test/1.3.1
    method: GET
    uri: https://wabi-us-central-b-primary-redirect.analysis.windows.net/v1/operations/079f6f6e-bf10-45c4-aa2b-91f76a1c962f/result
  response:
    body:
      string: '{"id": "587c3218-ade6-4986-9267-27befa6741e2", "type": "Notebook",
        "displayName": "fabcli000003", "description": "Created by fab", "workspaceId":
        "368f354f-9d92-4982-b04b-9c397928cdf0", "folderId": "a8e9689e-0f17-49a4-9a1b-4835e87e7a01"}'
    headers:
      Access-Control-Expose-Headers:
      - RequestId
      Cache-Control:
      - no-store, must-revalidate, no-cache
      Content-Encoding:
      - gzip
      Content-Type:
      - application/json
      Date:
      - Thu, 29 Jan 2026 07:57:21 GMT
      Pragma:
      - no-cache
      RequestId:
      - b17c32af-365a-4a94-8e0f-13369800106e
      Strict-Transport-Security:
      - max-age=31536000; includeSubDomains
      Transfer-Encoding:
      - chunked
      X-Content-Type-Options:
      - nosniff
      X-Frame-Options:
      - deny
    status:
      code: 200
      message: OK
- request:
    body: null
    headers:
      Accept:
      - '*/*'
      Accept-Encoding:
      - gzip, deflate
      Connection:
      - keep-alive
      Content-Type:
      - application/json
      User-Agent:
      - ms-fabric-cli-test/1.3.1
    method: GET
    uri: https://api.fabric.microsoft.com/v1/workspaces
  response:
    body:
      string: '{"value": [{"id": "3634a139-2c9e-4205-910b-3b089a31be47", "displayName":
        "My workspace", "description": "", "type": "Personal"}, {"id": "368f354f-9d92-4982-b04b-9c397928cdf0",
        "displayName": "fabriccli_WorkspacePerTestclass_000001", "description": "Created
        by fab", "type": "Workspace", "capacityId": "00000000-0000-0000-0000-000000000004"}]}'
    headers:
      Access-Control-Expose-Headers:
      - RequestId
      Cache-Control:
      - no-store, must-revalidate, no-cache
      Content-Encoding:
      - gzip
      Content-Length:
      - '2304'
      Content-Type:
      - application/json; charset=utf-8
      Date:
      - Thu, 29 Jan 2026 07:57:22 GMT
      Pragma:
      - no-cache
      RequestId:
      - a0b214c2-7b10-4c29-843c-194755f72bf4
      Strict-Transport-Security:
      - max-age=31536000; includeSubDomains
      X-Content-Type-Options:
      - nosniff
      X-Frame-Options:
      - deny
      home-cluster-uri:
      - https://wabi-us-central-b-primary-redirect.analysis.windows.net/
      request-redirected:
      - 'true'
    status:
      code: 200
      message: OK
- request:
    body: null
    headers:
      Accept:
      - '*/*'
      Accept-Encoding:
      - gzip, deflate
      Connection:
      - keep-alive
      Content-Type:
      - application/json
      User-Agent:
      - ms-fabric-cli-test/1.3.1
    method: GET
    uri: https://api.fabric.microsoft.com/v1/workspaces/368f354f-9d92-4982-b04b-9c397928cdf0/items
  response:
    body:
      string: '{"value": [{"id": "c0655a25-e6f8-4858-b332-e84f704df3c0", "type": "SemanticModel",
        "displayName": "fabcli000001_auto", "description": "", "workspaceId": "368f354f-9d92-4982-b04b-9c397928cdf0"},
        {"id": "eb993493-fcab-4245-8f15-5b31d00680fb", "type": "SemanticModel", "displayName":
        "fabcli000001_auto", "description": "", "workspaceId": "368f354f-9d92-4982-b04b-9c397928cdf0"},
        {"id": "19c63aee-97f0-479d-8d5f-b90a4de61ccd", "type": "SQLEndpoint", "displayName":
        "StagingLakehouseForDataflows_20260129064248", "description": "", "workspaceId":
        "368f354f-9d92-4982-b04b-9c397928cdf0"}, {"id": "8339a561-3c03-407d-bf76-a117b084783a",
        "type": "Warehouse", "displayName": "StagingWarehouseForDataflows_20260129064311",
        "description": "", "workspaceId": "368f354f-9d92-4982-b04b-9c397928cdf0"},
        {"id": "dd13543f-db27-422a-a3c6-880a2ba102e9", "type": "SQLEndpoint", "displayName":
        "StagingLakehouseForDataflows_20260129065256", "description": "", "workspaceId":
        "368f354f-9d92-4982-b04b-9c397928cdf0"}, {"id": "a12b31da-e687-4ce5-99dd-b018cbeef0c0",
        "type": "Warehouse", "displayName": "StagingWarehouseForDataflows_20260129065309",
        "description": "", "workspaceId": "368f354f-9d92-4982-b04b-9c397928cdf0"},
        {"id": "e8521ae4-1482-4b12-b037-6d82d2c8a277", "type": "Lakehouse", "displayName":
        "StagingLakehouseForDataflows_20260129064248", "description": "", "workspaceId":
        "368f354f-9d92-4982-b04b-9c397928cdf0"}, {"id": "a162cea8-0266-4527-a2e0-375bbd378036",
        "type": "Lakehouse", "displayName": "StagingLakehouseForDataflows_20260129065256",
        "description": "", "workspaceId": "368f354f-9d92-4982-b04b-9c397928cdf0"},
        {"id": "46ec8cf3-b649-4c0e-a5bf-8082f2c8a062", "type": "Eventhouse", "displayName":
        "fabcli000001_auto", "description": "Created by fab", "workspaceId": "368f354f-9d92-4982-b04b-9c397928cdf0"},
        {"id": "e6bf6c94-5c22-412c-ba8b-19271ab635ae", "type": "KQLDatabase", "displayName":
        "fabcli000001_auto", "description": "fabcli000001_auto", "workspaceId": "368f354f-9d92-4982-b04b-9c397928cdf0"},
        {"id": "33251535-bc2c-478c-a64f-75922ccc209e", "type": "Notebook", "displayName":
        "fabcli000002", "description": "Created by fab", "workspaceId": "368f354f-9d92-4982-b04b-9c397928cdf0"},
        {"id": "587c3218-ade6-4986-9267-27befa6741e2", "type": "Notebook", "displayName":
        "fabcli000003", "description": "Created by fab", "workspaceId": "368f354f-9d92-4982-b04b-9c397928cdf0",
        "folderId": "a8e9689e-0f17-49a4-9a1b-4835e87e7a01"}]}'
    headers:
      Access-Control-Expose-Headers:
      - RequestId
      Cache-Control:
      - no-store, must-revalidate, no-cache
      Content-Encoding:
      - gzip
      Content-Length:
      - '658'
      Content-Type:
      - application/json; charset=utf-8
      Date:
      - Thu, 29 Jan 2026 07:57:23 GMT
      Pragma:
      - no-cache
      RequestId:
      - b35feff7-c541-46d8-b5a4-b173a1047cda
      Strict-Transport-Security:
      - max-age=31536000; includeSubDomains
      X-Content-Type-Options:
      - nosniff
      X-Frame-Options:
      - deny
      home-cluster-uri:
      - https://wabi-us-central-b-primary-redirect.analysis.windows.net/
      request-redirected:
      - 'true'
    status:
      code: 200
      message: OK
- request:
    body: null
    headers:
      Accept:
      - '*/*'
      Accept-Encoding:
      - gzip, deflate
      Connection:
      - keep-alive
      Content-Type:
      - application/json
      User-Agent:
      - ms-fabric-cli-test/1.3.1
    method: GET
    uri: https://api.fabric.microsoft.com/v1/workspaces/368f354f-9d92-4982-b04b-9c397928cdf0/folders?recursive=True
  response:
    body:
      string: '{"value": [{"id": "44fe9d55-96c6-4fe4-ae2e-8fe5e54331d4", "displayName":
        "fabcli000001", "workspaceId": "368f354f-9d92-4982-b04b-9c397928cdf0"}, {"id":
        "a8e9689e-0f17-49a4-9a1b-4835e87e7a01", "displayName": "fabcli000001", "workspaceId":
        "368f354f-9d92-4982-b04b-9c397928cdf0"}]}'
    headers:
      Access-Control-Expose-Headers:
      - RequestId
      Cache-Control:
      - no-store, must-revalidate, no-cache
      Content-Encoding:
      - gzip
      Content-Length:
      - '185'
      Content-Type:
      - application/json; charset=utf-8
      Date:
      - Thu, 29 Jan 2026 07:57:24 GMT
      Pragma:
      - no-cache
      RequestId:
      - 7607230d-2864-4a87-9e1e-d5b2259e11a3
      Strict-Transport-Security:
      - max-age=31536000; includeSubDomains
      X-Content-Type-Options:
      - nosniff
      X-Frame-Options:
      - deny
      home-cluster-uri:
      - https://wabi-us-central-b-primary-redirect.analysis.windows.net/
      request-redirected:
      - 'true'
    status:
      code: 200
      message: OK
- request:
    body: null
    headers:
      Accept:
      - '*/*'
      Accept-Encoding:
      - gzip, deflate
      Connection:
      - keep-alive
      Content-Type:
      - application/json
      User-Agent:
      - ms-fabric-cli-test/1.3.1
    method: GET
    uri: https://api.fabric.microsoft.com/v1/workspaces/368f354f-9d92-4982-b04b-9c397928cdf0/folders?recursive=True
  response:
    body:
      string: '{"value": [{"id": "44fe9d55-96c6-4fe4-ae2e-8fe5e54331d4", "displayName":
        "fabcli000001", "workspaceId": "368f354f-9d92-4982-b04b-9c397928cdf0"}, {"id":
        "a8e9689e-0f17-49a4-9a1b-4835e87e7a01", "displayName": "fabcli000001", "workspaceId":
        "368f354f-9d92-4982-b04b-9c397928cdf0"}]}'
    headers:
      Access-Control-Expose-Headers:
      - RequestId
      Cache-Control:
      - no-store, must-revalidate, no-cache
      Content-Encoding:
      - gzip
      Content-Length:
      - '185'
      Content-Type:
      - application/json; charset=utf-8
      Date:
      - Thu, 29 Jan 2026 07:57:24 GMT
      Pragma:
      - no-cache
      RequestId:
      - 16fe8fc6-5e21-44b0-859d-904d46a2848e
      Strict-Transport-Security:
      - max-age=31536000; includeSubDomains
      X-Content-Type-Options:
      - nosniff
      X-Frame-Options:
      - deny
      home-cluster-uri:
      - https://wabi-us-central-b-primary-redirect.analysis.windows.net/
      request-redirected:
      - 'true'
    status:
      code: 200
      message: OK
- request:
    body: null
    headers:
      Accept:
      - '*/*'
      Accept-Encoding:
      - gzip, deflate
      Connection:
      - keep-alive
      Content-Type:
      - application/json
      User-Agent:
      - ms-fabric-cli-test/1.3.1
    method: GET
    uri: https://api.fabric.microsoft.com/v1/workspaces
  response:
    body:
      string: '{"value": [{"id": "3634a139-2c9e-4205-910b-3b089a31be47", "displayName":
        "My workspace", "description": "", "type": "Personal"}, {"id": "368f354f-9d92-4982-b04b-9c397928cdf0",
        "displayName": "fabriccli_WorkspacePerTestclass_000001", "description": "Created
        by fab", "type": "Workspace", "capacityId": "00000000-0000-0000-0000-000000000004"}]}'
    headers:
      Access-Control-Expose-Headers:
      - RequestId
      Cache-Control:
      - no-store, must-revalidate, no-cache
      Content-Encoding:
      - gzip
      Content-Length:
      - '2304'
      Content-Type:
      - application/json; charset=utf-8
      Date:
      - Thu, 29 Jan 2026 07:57:25 GMT
      Pragma:
      - no-cache
      RequestId:
      - cb619601-e8be-42aa-8592-22d7e008b28f
      Strict-Transport-Security:
      - max-age=31536000; includeSubDomains
      X-Content-Type-Options:
      - nosniff
      X-Frame-Options:
      - deny
      home-cluster-uri:
      - https://wabi-us-central-b-primary-redirect.analysis.windows.net/
      request-redirected:
      - 'true'
    status:
      code: 200
      message: OK
- request:
    body: null
    headers:
      Accept:
      - '*/*'
      Accept-Encoding:
      - gzip, deflate
      Connection:
      - keep-alive
      Content-Type:
      - application/json
      User-Agent:
      - ms-fabric-cli-test/1.3.1
    method: GET
    uri: https://api.fabric.microsoft.com/v1/workspaces/368f354f-9d92-4982-b04b-9c397928cdf0/folders?recursive=True
  response:
    body:
      string: '{"value": [{"id": "44fe9d55-96c6-4fe4-ae2e-8fe5e54331d4", "displayName":
        "fabcli000001", "workspaceId": "368f354f-9d92-4982-b04b-9c397928cdf0"}, {"id":
        "a8e9689e-0f17-49a4-9a1b-4835e87e7a01", "displayName": "fabcli000001", "workspaceId":
        "368f354f-9d92-4982-b04b-9c397928cdf0"}]}'
    headers:
      Access-Control-Expose-Headers:
      - RequestId
      Cache-Control:
      - no-store, must-revalidate, no-cache
      Content-Encoding:
      - gzip
      Content-Length:
      - '185'
      Content-Type:
      - application/json; charset=utf-8
      Date:
      - Thu, 29 Jan 2026 07:57:25 GMT
      Pragma:
      - no-cache
      RequestId:
      - 087b793d-f857-4504-8fa1-ba8ef36c145c
      Strict-Transport-Security:
      - max-age=31536000; includeSubDomains
      X-Content-Type-Options:
      - nosniff
      X-Frame-Options:
      - deny
      home-cluster-uri:
      - https://wabi-us-central-b-primary-redirect.analysis.windows.net/
      request-redirected:
      - 'true'
    status:
      code: 200
      message: OK
- request:
    body: null
    headers:
      Accept:
      - '*/*'
      Accept-Encoding:
      - gzip, deflate
      Connection:
      - keep-alive
      Content-Type:
      - application/json
      User-Agent:
      - ms-fabric-cli-test/1.3.1
    method: GET
    uri: https://api.fabric.microsoft.com/v1/workspaces/368f354f-9d92-4982-b04b-9c397928cdf0/items
  response:
    body:
      string: '{"value": [{"id": "c0655a25-e6f8-4858-b332-e84f704df3c0", "type": "SemanticModel",
        "displayName": "fabcli000001_auto", "description": "", "workspaceId": "368f354f-9d92-4982-b04b-9c397928cdf0"},
        {"id": "eb993493-fcab-4245-8f15-5b31d00680fb", "type": "SemanticModel", "displayName":
        "fabcli000001_auto", "description": "", "workspaceId": "368f354f-9d92-4982-b04b-9c397928cdf0"},
        {"id": "19c63aee-97f0-479d-8d5f-b90a4de61ccd", "type": "SQLEndpoint", "displayName":
        "StagingLakehouseForDataflows_20260129064248", "description": "", "workspaceId":
        "368f354f-9d92-4982-b04b-9c397928cdf0"}, {"id": "8339a561-3c03-407d-bf76-a117b084783a",
        "type": "Warehouse", "displayName": "StagingWarehouseForDataflows_20260129064311",
        "description": "", "workspaceId": "368f354f-9d92-4982-b04b-9c397928cdf0"},
        {"id": "dd13543f-db27-422a-a3c6-880a2ba102e9", "type": "SQLEndpoint", "displayName":
        "StagingLakehouseForDataflows_20260129065256", "description": "", "workspaceId":
        "368f354f-9d92-4982-b04b-9c397928cdf0"}, {"id": "a12b31da-e687-4ce5-99dd-b018cbeef0c0",
        "type": "Warehouse", "displayName": "StagingWarehouseForDataflows_20260129065309",
        "description": "", "workspaceId": "368f354f-9d92-4982-b04b-9c397928cdf0"},
        {"id": "e8521ae4-1482-4b12-b037-6d82d2c8a277", "type": "Lakehouse", "displayName":
        "StagingLakehouseForDataflows_20260129064248", "description": "", "workspaceId":
        "368f354f-9d92-4982-b04b-9c397928cdf0"}, {"id": "a162cea8-0266-4527-a2e0-375bbd378036",
        "type": "Lakehouse", "displayName": "StagingLakehouseForDataflows_20260129065256",
        "description": "", "workspaceId": "368f354f-9d92-4982-b04b-9c397928cdf0"},
        {"id": "46ec8cf3-b649-4c0e-a5bf-8082f2c8a062", "type": "Eventhouse", "displayName":
        "fabcli000001_auto", "description": "Created by fab", "workspaceId": "368f354f-9d92-4982-b04b-9c397928cdf0"},
        {"id": "e6bf6c94-5c22-412c-ba8b-19271ab635ae", "type": "KQLDatabase", "displayName":
        "fabcli000001_auto", "description": "fabcli000001_auto", "workspaceId": "368f354f-9d92-4982-b04b-9c397928cdf0"},
        {"id": "33251535-bc2c-478c-a64f-75922ccc209e", "type": "Notebook", "displayName":
        "fabcli000002", "description": "Created by fab", "workspaceId": "368f354f-9d92-4982-b04b-9c397928cdf0"},
        {"id": "587c3218-ade6-4986-9267-27befa6741e2", "type": "Notebook", "displayName":
        "fabcli000003", "description": "Created by fab", "workspaceId": "368f354f-9d92-4982-b04b-9c397928cdf0",
        "folderId": "a8e9689e-0f17-49a4-9a1b-4835e87e7a01"}]}'
    headers:
      Access-Control-Expose-Headers:
      - RequestId
      Cache-Control:
      - no-store, must-revalidate, no-cache
      Content-Encoding:
      - gzip
      Content-Length:
      - '658'
      Content-Type:
      - application/json; charset=utf-8
      Date:
      - Thu, 29 Jan 2026 07:57:26 GMT
      Pragma:
      - no-cache
      RequestId:
      - 28c6ec94-0bea-4842-91d7-aa9d37c0e5f2
      Strict-Transport-Security:
      - max-age=31536000; includeSubDomains
      X-Content-Type-Options:
      - nosniff
      X-Frame-Options:
      - deny
      home-cluster-uri:
      - https://wabi-us-central-b-primary-redirect.analysis.windows.net/
      request-redirected:
      - 'true'
    status:
      code: 200
      message: OK
- request:
    body: null
    headers:
      Accept:
      - '*/*'
      Accept-Encoding:
      - gzip, deflate
      Connection:
      - keep-alive
      Content-Type:
      - application/json
      User-Agent:
      - ms-fabric-cli-test/1.3.1
    method: GET
    uri: https://api.fabric.microsoft.com/v1/workspaces/368f354f-9d92-4982-b04b-9c397928cdf0/folders?recursive=True
  response:
    body:
      string: '{"value": [{"id": "44fe9d55-96c6-4fe4-ae2e-8fe5e54331d4", "displayName":
        "fabcli000001", "workspaceId": "368f354f-9d92-4982-b04b-9c397928cdf0"}, {"id":
        "a8e9689e-0f17-49a4-9a1b-4835e87e7a01", "displayName": "fabcli000001", "workspaceId":
        "368f354f-9d92-4982-b04b-9c397928cdf0"}]}'
    headers:
      Access-Control-Expose-Headers:
      - RequestId
      Cache-Control:
      - no-store, must-revalidate, no-cache
      Content-Encoding:
      - gzip
      Content-Length:
      - '185'
      Content-Type:
      - application/json; charset=utf-8
      Date:
      - Thu, 29 Jan 2026 07:57:27 GMT
      Pragma:
      - no-cache
      RequestId:
      - e3734978-578d-419a-86c9-49ad46408d8f
      Strict-Transport-Security:
      - max-age=31536000; includeSubDomains
      X-Content-Type-Options:
      - nosniff
      X-Frame-Options:
      - deny
      home-cluster-uri:
      - https://wabi-us-central-b-primary-redirect.analysis.windows.net/
      request-redirected:
      - 'true'
    status:
      code: 200
      message: OK
- request:
    body: null
    headers:
      Accept:
      - '*/*'
      Accept-Encoding:
      - gzip, deflate
      Connection:
      - keep-alive
      Content-Type:
      - application/json
      User-Agent:
      - ms-fabric-cli-test/1.3.1
    method: GET
    uri: https://api.fabric.microsoft.com/v1/workspaces/368f354f-9d92-4982-b04b-9c397928cdf0/folders?recursive=True
  response:
    body:
      string: '{"value": [{"id": "44fe9d55-96c6-4fe4-ae2e-8fe5e54331d4", "displayName":
        "fabcli000001", "workspaceId": "368f354f-9d92-4982-b04b-9c397928cdf0"}, {"id":
        "a8e9689e-0f17-49a4-9a1b-4835e87e7a01", "displayName": "fabcli000001", "workspaceId":
        "368f354f-9d92-4982-b04b-9c397928cdf0"}]}'
    headers:
      Access-Control-Expose-Headers:
      - RequestId
      Cache-Control:
      - no-store, must-revalidate, no-cache
      Content-Encoding:
      - gzip
      Content-Length:
      - '185'
      Content-Type:
      - application/json; charset=utf-8
      Date:
      - Thu, 29 Jan 2026 07:57:28 GMT
      Pragma:
      - no-cache
      RequestId:
      - c36a1cc8-a743-41e3-b903-935d7c2c1bde
      Strict-Transport-Security:
      - max-age=31536000; includeSubDomains
      X-Content-Type-Options:
      - nosniff
      X-Frame-Options:
      - deny
      home-cluster-uri:
      - https://wabi-us-central-b-primary-redirect.analysis.windows.net/
      request-redirected:
      - 'true'
    status:
      code: 200
      message: OK
- request:
    body: null
    headers:
      Accept:
      - '*/*'
      Accept-Encoding:
      - gzip, deflate
      Connection:
      - keep-alive
      Content-Type:
      - application/json
      User-Agent:
      - ms-fabric-cli-test/1.3.1
    method: GET
    uri: https://api.fabric.microsoft.com/v1/workspaces
  response:
    body:
      string: '{"value": [{"id": "3634a139-2c9e-4205-910b-3b089a31be47", "displayName":
        "My workspace", "description": "", "type": "Personal"}, {"id": "368f354f-9d92-4982-b04b-9c397928cdf0",
        "displayName": "fabriccli_WorkspacePerTestclass_000001", "description": "Created
        by fab", "type": "Workspace", "capacityId": "00000000-0000-0000-0000-000000000004"}]}'
    headers:
      Access-Control-Expose-Headers:
      - RequestId
      Cache-Control:
      - no-store, must-revalidate, no-cache
      Content-Encoding:
      - gzip
      Content-Length:
      - '2304'
      Content-Type:
      - application/json; charset=utf-8
      Date:
      - Thu, 29 Jan 2026 07:57:29 GMT
      Pragma:
      - no-cache
      RequestId:
      - b1968243-a6a4-49e7-a02d-8952631d783a
      Strict-Transport-Security:
      - max-age=31536000; includeSubDomains
      X-Content-Type-Options:
      - nosniff
      X-Frame-Options:
      - deny
      home-cluster-uri:
      - https://wabi-us-central-b-primary-redirect.analysis.windows.net/
      request-redirected:
      - 'true'
    status:
      code: 200
      message: OK
- request:
    body: null
    headers:
      Accept:
      - '*/*'
      Accept-Encoding:
      - gzip, deflate
      Connection:
      - keep-alive
      Content-Type:
      - application/json
      User-Agent:
      - ms-fabric-cli-test/1.3.1
    method: GET
    uri: https://api.fabric.microsoft.com/v1/workspaces/368f354f-9d92-4982-b04b-9c397928cdf0/items
  response:
    body:
      string: '{"value": [{"id": "c0655a25-e6f8-4858-b332-e84f704df3c0", "type": "SemanticModel",
        "displayName": "fabcli000001_auto", "description": "", "workspaceId": "368f354f-9d92-4982-b04b-9c397928cdf0"},
        {"id": "eb993493-fcab-4245-8f15-5b31d00680fb", "type": "SemanticModel", "displayName":
        "fabcli000001_auto", "description": "", "workspaceId": "368f354f-9d92-4982-b04b-9c397928cdf0"},
        {"id": "19c63aee-97f0-479d-8d5f-b90a4de61ccd", "type": "SQLEndpoint", "displayName":
        "StagingLakehouseForDataflows_20260129064248", "description": "", "workspaceId":
        "368f354f-9d92-4982-b04b-9c397928cdf0"}, {"id": "8339a561-3c03-407d-bf76-a117b084783a",
        "type": "Warehouse", "displayName": "StagingWarehouseForDataflows_20260129064311",
        "description": "", "workspaceId": "368f354f-9d92-4982-b04b-9c397928cdf0"},
        {"id": "dd13543f-db27-422a-a3c6-880a2ba102e9", "type": "SQLEndpoint", "displayName":
        "StagingLakehouseForDataflows_20260129065256", "description": "", "workspaceId":
        "368f354f-9d92-4982-b04b-9c397928cdf0"}, {"id": "a12b31da-e687-4ce5-99dd-b018cbeef0c0",
        "type": "Warehouse", "displayName": "StagingWarehouseForDataflows_20260129065309",
        "description": "", "workspaceId": "368f354f-9d92-4982-b04b-9c397928cdf0"},
        {"id": "e8521ae4-1482-4b12-b037-6d82d2c8a277", "type": "Lakehouse", "displayName":
        "StagingLakehouseForDataflows_20260129064248", "description": "", "workspaceId":
        "368f354f-9d92-4982-b04b-9c397928cdf0"}, {"id": "a162cea8-0266-4527-a2e0-375bbd378036",
        "type": "Lakehouse", "displayName": "StagingLakehouseForDataflows_20260129065256",
        "description": "", "workspaceId": "368f354f-9d92-4982-b04b-9c397928cdf0"},
        {"id": "46ec8cf3-b649-4c0e-a5bf-8082f2c8a062", "type": "Eventhouse", "displayName":
        "fabcli000001_auto", "description": "Created by fab", "workspaceId": "368f354f-9d92-4982-b04b-9c397928cdf0"},
        {"id": "e6bf6c94-5c22-412c-ba8b-19271ab635ae", "type": "KQLDatabase", "displayName":
        "fabcli000001_auto", "description": "fabcli000001_auto", "workspaceId": "368f354f-9d92-4982-b04b-9c397928cdf0"},
        {"id": "33251535-bc2c-478c-a64f-75922ccc209e", "type": "Notebook", "displayName":
        "fabcli000002", "description": "Created by fab", "workspaceId": "368f354f-9d92-4982-b04b-9c397928cdf0"},
        {"id": "587c3218-ade6-4986-9267-27befa6741e2", "type": "Notebook", "displayName":
        "fabcli000003", "description": "Created by fab", "workspaceId": "368f354f-9d92-4982-b04b-9c397928cdf0",
        "folderId": "a8e9689e-0f17-49a4-9a1b-4835e87e7a01"}]}'
    headers:
      Access-Control-Expose-Headers:
      - RequestId
      Cache-Control:
      - no-store, must-revalidate, no-cache
      Content-Encoding:
      - gzip
      Content-Length:
      - '658'
      Content-Type:
      - application/json; charset=utf-8
      Date:
      - Thu, 29 Jan 2026 07:57:29 GMT
      Pragma:
      - no-cache
      RequestId:
      - 652664ac-df75-462d-9788-a4cf6f35a16a
      Strict-Transport-Security:
      - max-age=31536000; includeSubDomains
      X-Content-Type-Options:
      - nosniff
      X-Frame-Options:
      - deny
      home-cluster-uri:
      - https://wabi-us-central-b-primary-redirect.analysis.windows.net/
      request-redirected:
      - 'true'
    status:
      code: 200
      message: OK
- request:
    body: null
    headers:
      Accept:
      - '*/*'
      Accept-Encoding:
      - gzip, deflate
      Connection:
      - keep-alive
      Content-Type:
      - application/json
      User-Agent:
      - ms-fabric-cli-test/1.3.1
    method: GET
    uri: https://api.fabric.microsoft.com/v1/workspaces/368f354f-9d92-4982-b04b-9c397928cdf0/folders?recursive=True
  response:
    body:
      string: '{"value": [{"id": "44fe9d55-96c6-4fe4-ae2e-8fe5e54331d4", "displayName":
        "fabcli000001", "workspaceId": "368f354f-9d92-4982-b04b-9c397928cdf0"}, {"id":
        "a8e9689e-0f17-49a4-9a1b-4835e87e7a01", "displayName": "fabcli000001", "workspaceId":
        "368f354f-9d92-4982-b04b-9c397928cdf0"}]}'
    headers:
      Access-Control-Expose-Headers:
      - RequestId
      Cache-Control:
      - no-store, must-revalidate, no-cache
      Content-Encoding:
      - gzip
      Content-Length:
      - '185'
      Content-Type:
      - application/json; charset=utf-8
      Date:
      - Thu, 29 Jan 2026 07:57:30 GMT
      Pragma:
      - no-cache
      RequestId:
      - f6442b7a-52a6-4b3f-bfb2-831a5ba271a0
      Strict-Transport-Security:
      - max-age=31536000; includeSubDomains
      X-Content-Type-Options:
      - nosniff
      X-Frame-Options:
      - deny
      home-cluster-uri:
      - https://wabi-us-central-b-primary-redirect.analysis.windows.net/
      request-redirected:
      - 'true'
    status:
      code: 200
      message: OK
- request:
    body: null
    headers:
      Accept:
      - '*/*'
      Accept-Encoding:
      - gzip, deflate
      Connection:
      - keep-alive
      Content-Type:
      - application/json
      User-Agent:
      - ms-fabric-cli-test/1.3.1
    method: GET
    uri: https://api.fabric.microsoft.com/v1/workspaces
  response:
    body:
      string: '{"value": [{"id": "3634a139-2c9e-4205-910b-3b089a31be47", "displayName":
        "My workspace", "description": "", "type": "Personal"}, {"id": "368f354f-9d92-4982-b04b-9c397928cdf0",
        "displayName": "fabriccli_WorkspacePerTestclass_000001", "description": "Created
        by fab", "type": "Workspace", "capacityId": "00000000-0000-0000-0000-000000000004"}]}'
    headers:
      Access-Control-Expose-Headers:
      - RequestId
      Cache-Control:
      - no-store, must-revalidate, no-cache
      Content-Encoding:
      - gzip
      Content-Length:
      - '2304'
      Content-Type:
      - application/json; charset=utf-8
      Date:
      - Thu, 29 Jan 2026 07:57:31 GMT
      Pragma:
      - no-cache
      RequestId:
      - bb152dd0-9300-4dd1-8994-0beae5c31ba4
      Strict-Transport-Security:
      - max-age=31536000; includeSubDomains
      X-Content-Type-Options:
      - nosniff
      X-Frame-Options:
      - deny
      home-cluster-uri:
      - https://wabi-us-central-b-primary-redirect.analysis.windows.net/
      request-redirected:
      - 'true'
    status:
      code: 200
      message: OK
- request:
    body: null
    headers:
      Accept:
      - '*/*'
      Accept-Encoding:
      - gzip, deflate
      Connection:
      - keep-alive
      Content-Type:
      - application/json
      User-Agent:
      - ms-fabric-cli-test/1.3.1
    method: GET
    uri: https://api.fabric.microsoft.com/v1/workspaces/368f354f-9d92-4982-b04b-9c397928cdf0/folders?recursive=True
  response:
    body:
      string: '{"value": [{"id": "44fe9d55-96c6-4fe4-ae2e-8fe5e54331d4", "displayName":
        "fabcli000001", "workspaceId": "368f354f-9d92-4982-b04b-9c397928cdf0"}, {"id":
        "a8e9689e-0f17-49a4-9a1b-4835e87e7a01", "displayName": "fabcli000001", "workspaceId":
        "368f354f-9d92-4982-b04b-9c397928cdf0"}]}'
    headers:
      Access-Control-Expose-Headers:
      - RequestId
      Cache-Control:
      - no-store, must-revalidate, no-cache
      Content-Encoding:
      - gzip
      Content-Length:
      - '185'
      Content-Type:
      - application/json; charset=utf-8
      Date:
      - Thu, 29 Jan 2026 07:57:32 GMT
      Pragma:
      - no-cache
      RequestId:
      - 5464391c-5562-404c-9468-67be364a8675
      Strict-Transport-Security:
      - max-age=31536000; includeSubDomains
      X-Content-Type-Options:
      - nosniff
      X-Frame-Options:
      - deny
      home-cluster-uri:
      - https://wabi-us-central-b-primary-redirect.analysis.windows.net/
      request-redirected:
      - 'true'
    status:
      code: 200
      message: OK
- request:
    body: null
    headers:
      Accept:
      - '*/*'
      Accept-Encoding:
      - gzip, deflate
      Connection:
      - keep-alive
      Content-Type:
      - application/json
      User-Agent:
      - ms-fabric-cli-test/1.3.1
    method: GET
    uri: https://api.fabric.microsoft.com/v1/workspaces/368f354f-9d92-4982-b04b-9c397928cdf0/items
  response:
    body:
      string: '{"value": [{"id": "c0655a25-e6f8-4858-b332-e84f704df3c0", "type": "SemanticModel",
        "displayName": "fabcli000001_auto", "description": "", "workspaceId": "368f354f-9d92-4982-b04b-9c397928cdf0"},
        {"id": "eb993493-fcab-4245-8f15-5b31d00680fb", "type": "SemanticModel", "displayName":
        "fabcli000001_auto", "description": "", "workspaceId": "368f354f-9d92-4982-b04b-9c397928cdf0"},
        {"id": "19c63aee-97f0-479d-8d5f-b90a4de61ccd", "type": "SQLEndpoint", "displayName":
        "StagingLakehouseForDataflows_20260129064248", "description": "", "workspaceId":
        "368f354f-9d92-4982-b04b-9c397928cdf0"}, {"id": "8339a561-3c03-407d-bf76-a117b084783a",
        "type": "Warehouse", "displayName": "StagingWarehouseForDataflows_20260129064311",
        "description": "", "workspaceId": "368f354f-9d92-4982-b04b-9c397928cdf0"},
        {"id": "dd13543f-db27-422a-a3c6-880a2ba102e9", "type": "SQLEndpoint", "displayName":
        "StagingLakehouseForDataflows_20260129065256", "description": "", "workspaceId":
        "368f354f-9d92-4982-b04b-9c397928cdf0"}, {"id": "a12b31da-e687-4ce5-99dd-b018cbeef0c0",
        "type": "Warehouse", "displayName": "StagingWarehouseForDataflows_20260129065309",
        "description": "", "workspaceId": "368f354f-9d92-4982-b04b-9c397928cdf0"},
        {"id": "e8521ae4-1482-4b12-b037-6d82d2c8a277", "type": "Lakehouse", "displayName":
        "StagingLakehouseForDataflows_20260129064248", "description": "", "workspaceId":
        "368f354f-9d92-4982-b04b-9c397928cdf0"}, {"id": "a162cea8-0266-4527-a2e0-375bbd378036",
        "type": "Lakehouse", "displayName": "StagingLakehouseForDataflows_20260129065256",
        "description": "", "workspaceId": "368f354f-9d92-4982-b04b-9c397928cdf0"},
        {"id": "46ec8cf3-b649-4c0e-a5bf-8082f2c8a062", "type": "Eventhouse", "displayName":
        "fabcli000001_auto", "description": "Created by fab", "workspaceId": "368f354f-9d92-4982-b04b-9c397928cdf0"},
        {"id": "e6bf6c94-5c22-412c-ba8b-19271ab635ae", "type": "KQLDatabase", "displayName":
        "fabcli000001_auto", "description": "fabcli000001_auto", "workspaceId": "368f354f-9d92-4982-b04b-9c397928cdf0"},
        {"id": "33251535-bc2c-478c-a64f-75922ccc209e", "type": "Notebook", "displayName":
        "fabcli000002", "description": "Created by fab", "workspaceId": "368f354f-9d92-4982-b04b-9c397928cdf0"},
        {"id": "587c3218-ade6-4986-9267-27befa6741e2", "type": "Notebook", "displayName":
        "fabcli000003", "description": "Created by fab", "workspaceId": "368f354f-9d92-4982-b04b-9c397928cdf0",
        "folderId": "a8e9689e-0f17-49a4-9a1b-4835e87e7a01"}]}'
    headers:
      Access-Control-Expose-Headers:
      - RequestId
      Cache-Control:
      - no-store, must-revalidate, no-cache
      Content-Encoding:
      - gzip
      Content-Length:
      - '658'
      Content-Type:
      - application/json; charset=utf-8
      Date:
      - Thu, 29 Jan 2026 07:57:33 GMT
      Pragma:
      - no-cache
      RequestId:
      - 6b0b8980-cc6b-475d-852e-b0110166111b
      Strict-Transport-Security:
      - max-age=31536000; includeSubDomains
      X-Content-Type-Options:
      - nosniff
      X-Frame-Options:
      - deny
      home-cluster-uri:
      - https://wabi-us-central-b-primary-redirect.analysis.windows.net/
      request-redirected:
      - 'true'
    status:
      code: 200
      message: OK
- request:
    body: null
    headers:
      Accept:
      - '*/*'
      Accept-Encoding:
      - gzip, deflate
      Connection:
      - keep-alive
      Content-Type:
      - application/json
      User-Agent:
      - ms-fabric-cli-test/1.3.1
    method: GET
    uri: https://api.fabric.microsoft.com/v1/workspaces/368f354f-9d92-4982-b04b-9c397928cdf0/folders?recursive=True
  response:
    body:
      string: '{"value": [{"id": "44fe9d55-96c6-4fe4-ae2e-8fe5e54331d4", "displayName":
        "fabcli000001", "workspaceId": "368f354f-9d92-4982-b04b-9c397928cdf0"}, {"id":
        "a8e9689e-0f17-49a4-9a1b-4835e87e7a01", "displayName": "fabcli000001", "workspaceId":
        "368f354f-9d92-4982-b04b-9c397928cdf0"}]}'
    headers:
      Access-Control-Expose-Headers:
      - RequestId
      Cache-Control:
      - no-store, must-revalidate, no-cache
      Content-Encoding:
      - gzip
      Content-Length:
      - '185'
      Content-Type:
      - application/json; charset=utf-8
      Date:
      - Thu, 29 Jan 2026 07:57:34 GMT
      Pragma:
      - no-cache
      RequestId:
      - e181452d-fd23-4621-91a5-029fa52e1b06
      Strict-Transport-Security:
      - max-age=31536000; includeSubDomains
      X-Content-Type-Options:
      - nosniff
      X-Frame-Options:
      - deny
      home-cluster-uri:
      - https://wabi-us-central-b-primary-redirect.analysis.windows.net/
      request-redirected:
      - 'true'
    status:
      code: 200
      message: OK
- request:
    body: null
    headers:
      Accept:
      - '*/*'
      Accept-Encoding:
      - gzip, deflate
      Connection:
      - keep-alive
      Content-Length:
      - '0'
      Content-Type:
      - application/json
      User-Agent:
      - ms-fabric-cli-test/1.3.1
    method: DELETE
    uri: https://api.fabric.microsoft.com/v1/workspaces/368f354f-9d92-4982-b04b-9c397928cdf0/items/587c3218-ade6-4986-9267-27befa6741e2
  response:
    body:
      string: ''
    headers:
      Access-Control-Expose-Headers:
      - RequestId
      Cache-Control:
      - no-store, must-revalidate, no-cache
      Content-Encoding:
      - gzip
      Content-Length:
      - '0'
      Content-Type:
      - application/octet-stream
      Date:
      - Thu, 29 Jan 2026 07:57:35 GMT
      Pragma:
      - no-cache
      RequestId:
      - 85dd7c1e-f433-4aca-8c3d-14a63f04128b
      Strict-Transport-Security:
      - max-age=31536000; includeSubDomains
      X-Content-Type-Options:
      - nosniff
      X-Frame-Options:
      - deny
      home-cluster-uri:
      - https://wabi-us-central-b-primary-redirect.analysis.windows.net/
      request-redirected:
      - 'true'
    status:
      code: 200
      message: OK
- request:
    body: null
    headers:
      Accept:
      - '*/*'
      Accept-Encoding:
      - gzip, deflate
      Connection:
      - keep-alive
      Content-Type:
      - application/json
      User-Agent:
      - ms-fabric-cli-test/1.3.1
    method: GET
    uri: https://api.fabric.microsoft.com/v1/workspaces
  response:
    body:
      string: '{"value": [{"id": "3634a139-2c9e-4205-910b-3b089a31be47", "displayName":
        "My workspace", "description": "", "type": "Personal"}, {"id": "368f354f-9d92-4982-b04b-9c397928cdf0",
        "displayName": "fabriccli_WorkspacePerTestclass_000001", "description": "Created
        by fab", "type": "Workspace", "capacityId": "00000000-0000-0000-0000-000000000004"}]}'
    headers:
      Access-Control-Expose-Headers:
      - RequestId
      Cache-Control:
      - no-store, must-revalidate, no-cache
      Content-Encoding:
      - gzip
      Content-Length:
      - '2304'
      Content-Type:
      - application/json; charset=utf-8
      Date:
      - Thu, 29 Jan 2026 07:57:35 GMT
      Pragma:
      - no-cache
      RequestId:
      - 0961912e-1298-43ed-8242-5504ca6155b0
      Strict-Transport-Security:
      - max-age=31536000; includeSubDomains
      X-Content-Type-Options:
      - nosniff
      X-Frame-Options:
      - deny
      home-cluster-uri:
      - https://wabi-us-central-b-primary-redirect.analysis.windows.net/
      request-redirected:
      - 'true'
    status:
      code: 200
      message: OK
- request:
    body: null
    headers:
      Accept:
      - '*/*'
      Accept-Encoding:
      - gzip, deflate
      Connection:
      - keep-alive
      Content-Type:
      - application/json
      User-Agent:
      - ms-fabric-cli-test/1.3.1
    method: GET
    uri: https://api.fabric.microsoft.com/v1/workspaces/368f354f-9d92-4982-b04b-9c397928cdf0/items
  response:
    body:
      string: '{"value": [{"id": "c0655a25-e6f8-4858-b332-e84f704df3c0", "type": "SemanticModel",
        "displayName": "fabcli000001_auto", "description": "", "workspaceId": "368f354f-9d92-4982-b04b-9c397928cdf0"},
        {"id": "eb993493-fcab-4245-8f15-5b31d00680fb", "type": "SemanticModel", "displayName":
        "fabcli000001_auto", "description": "", "workspaceId": "368f354f-9d92-4982-b04b-9c397928cdf0"},
        {"id": "19c63aee-97f0-479d-8d5f-b90a4de61ccd", "type": "SQLEndpoint", "displayName":
        "StagingLakehouseForDataflows_20260129064248", "description": "", "workspaceId":
        "368f354f-9d92-4982-b04b-9c397928cdf0"}, {"id": "8339a561-3c03-407d-bf76-a117b084783a",
        "type": "Warehouse", "displayName": "StagingWarehouseForDataflows_20260129064311",
        "description": "", "workspaceId": "368f354f-9d92-4982-b04b-9c397928cdf0"},
        {"id": "dd13543f-db27-422a-a3c6-880a2ba102e9", "type": "SQLEndpoint", "displayName":
        "StagingLakehouseForDataflows_20260129065256", "description": "", "workspaceId":
        "368f354f-9d92-4982-b04b-9c397928cdf0"}, {"id": "a12b31da-e687-4ce5-99dd-b018cbeef0c0",
        "type": "Warehouse", "displayName": "StagingWarehouseForDataflows_20260129065309",
        "description": "", "workspaceId": "368f354f-9d92-4982-b04b-9c397928cdf0"},
        {"id": "e8521ae4-1482-4b12-b037-6d82d2c8a277", "type": "Lakehouse", "displayName":
        "StagingLakehouseForDataflows_20260129064248", "description": "", "workspaceId":
        "368f354f-9d92-4982-b04b-9c397928cdf0"}, {"id": "a162cea8-0266-4527-a2e0-375bbd378036",
        "type": "Lakehouse", "displayName": "StagingLakehouseForDataflows_20260129065256",
        "description": "", "workspaceId": "368f354f-9d92-4982-b04b-9c397928cdf0"},
        {"id": "46ec8cf3-b649-4c0e-a5bf-8082f2c8a062", "type": "Eventhouse", "displayName":
        "fabcli000001_auto", "description": "Created by fab", "workspaceId": "368f354f-9d92-4982-b04b-9c397928cdf0"},
        {"id": "e6bf6c94-5c22-412c-ba8b-19271ab635ae", "type": "KQLDatabase", "displayName":
        "fabcli000001_auto", "description": "fabcli000001_auto", "workspaceId": "368f354f-9d92-4982-b04b-9c397928cdf0"},
        {"id": "33251535-bc2c-478c-a64f-75922ccc209e", "type": "Notebook", "displayName":
        "fabcli000002", "description": "Created by fab", "workspaceId": "368f354f-9d92-4982-b04b-9c397928cdf0"}]}'
    headers:
      Access-Control-Expose-Headers:
      - RequestId
      Cache-Control:
      - no-store, must-revalidate, no-cache
      Content-Encoding:
      - gzip
      Content-Length:
      - '592'
      Content-Type:
      - application/json; charset=utf-8
      Date:
      - Thu, 29 Jan 2026 07:57:36 GMT
      Pragma:
      - no-cache
      RequestId:
      - b1f1f5a9-b481-4cb6-8ca1-152a41659f89
      Strict-Transport-Security:
      - max-age=31536000; includeSubDomains
      X-Content-Type-Options:
      - nosniff
      X-Frame-Options:
      - deny
      home-cluster-uri:
      - https://wabi-us-central-b-primary-redirect.analysis.windows.net/
      request-redirected:
      - 'true'
    status:
      code: 200
      message: OK
- request:
    body: null
    headers:
      Accept:
      - '*/*'
      Accept-Encoding:
      - gzip, deflate
      Connection:
      - keep-alive
      Content-Length:
      - '0'
      Content-Type:
      - application/json
      User-Agent:
      - ms-fabric-cli-test/1.3.1
    method: DELETE
    uri: https://api.fabric.microsoft.com/v1/workspaces/368f354f-9d92-4982-b04b-9c397928cdf0/items/33251535-bc2c-478c-a64f-75922ccc209e
  response:
    body:
      string: ''
    headers:
      Access-Control-Expose-Headers:
      - RequestId
      Cache-Control:
      - no-store, must-revalidate, no-cache
      Content-Encoding:
      - gzip
      Content-Length:
      - '0'
      Content-Type:
      - application/octet-stream
      Date:
      - Thu, 29 Jan 2026 07:57:37 GMT
      Pragma:
      - no-cache
      RequestId:
      - e3f9ebb3-49e0-4e39-9871-e2de7115291f
      Strict-Transport-Security:
      - max-age=31536000; includeSubDomains
      X-Content-Type-Options:
      - nosniff
      X-Frame-Options:
      - deny
      home-cluster-uri:
      - https://wabi-us-central-b-primary-redirect.analysis.windows.net/
      request-redirected:
      - 'true'
    status:
      code: 200
      message: OK
- request:
    body: null
    headers:
      Accept:
      - '*/*'
      Accept-Encoding:
      - gzip, deflate
      Connection:
      - keep-alive
      Content-Type:
      - application/json
      User-Agent:
      - ms-fabric-cli-test/1.3.1
    method: GET
    uri: https://api.fabric.microsoft.com/v1/workspaces
  response:
    body:
      string: '{"value": [{"id": "3634a139-2c9e-4205-910b-3b089a31be47", "displayName":
        "My workspace", "description": "", "type": "Personal"}, {"id": "368f354f-9d92-4982-b04b-9c397928cdf0",
        "displayName": "fabriccli_WorkspacePerTestclass_000001", "description": "Created
        by fab", "type": "Workspace", "capacityId": "00000000-0000-0000-0000-000000000004"}]}'
    headers:
      Access-Control-Expose-Headers:
      - RequestId
      Cache-Control:
      - no-store, must-revalidate, no-cache
      Content-Encoding:
      - gzip
      Content-Length:
      - '2304'
      Content-Type:
      - application/json; charset=utf-8
      Date:
      - Thu, 29 Jan 2026 07:57:38 GMT
      Pragma:
      - no-cache
      RequestId:
      - 48dd40e4-ac7c-41eb-93c1-d91aef572716
      Strict-Transport-Security:
      - max-age=31536000; includeSubDomains
      X-Content-Type-Options:
      - nosniff
      X-Frame-Options:
      - deny
      home-cluster-uri:
      - https://wabi-us-central-b-primary-redirect.analysis.windows.net/
      request-redirected:
      - 'true'
    status:
      code: 200
      message: OK
- request:
    body: null
    headers:
      Accept:
      - '*/*'
      Accept-Encoding:
      - gzip, deflate
      Connection:
      - keep-alive
      Content-Type:
      - application/json
      User-Agent:
      - ms-fabric-cli-test/1.3.1
    method: GET
    uri: https://api.fabric.microsoft.com/v1/workspaces/368f354f-9d92-4982-b04b-9c397928cdf0/folders?recursive=True
  response:
    body:
      string: '{"value": [{"id": "44fe9d55-96c6-4fe4-ae2e-8fe5e54331d4", "displayName":
        "fabcli000001", "workspaceId": "368f354f-9d92-4982-b04b-9c397928cdf0"}, {"id":
        "a8e9689e-0f17-49a4-9a1b-4835e87e7a01", "displayName": "fabcli000001", "workspaceId":
        "368f354f-9d92-4982-b04b-9c397928cdf0"}]}'
    headers:
      Access-Control-Expose-Headers:
      - RequestId
      Cache-Control:
      - no-store, must-revalidate, no-cache
      Content-Encoding:
      - gzip
      Content-Length:
      - '185'
      Content-Type:
      - application/json; charset=utf-8
      Date:
      - Thu, 29 Jan 2026 07:57:38 GMT
      Pragma:
      - no-cache
      RequestId:
      - 1167e8b7-62aa-492a-a413-4b2bd5bb0935
      Strict-Transport-Security:
      - max-age=31536000; includeSubDomains
      X-Content-Type-Options:
      - nosniff
      X-Frame-Options:
      - deny
      home-cluster-uri:
      - https://wabi-us-central-b-primary-redirect.analysis.windows.net/
      request-redirected:
      - 'true'
    status:
      code: 200
      message: OK
- request:
    body: null
    headers:
      Accept:
      - '*/*'
      Accept-Encoding:
      - gzip, deflate
      Connection:
      - keep-alive
      Content-Length:
      - '0'
      Content-Type:
      - application/json
      User-Agent:
      - ms-fabric-cli-test/1.3.1
    method: DELETE
    uri: https://api.fabric.microsoft.com/v1/workspaces/368f354f-9d92-4982-b04b-9c397928cdf0/folders/a8e9689e-0f17-49a4-9a1b-4835e87e7a01
  response:
    body:
      string: ''
    headers:
      Access-Control-Expose-Headers:
      - RequestId
      Cache-Control:
      - no-store, must-revalidate, no-cache
      Content-Encoding:
      - gzip
      Content-Length:
      - '0'
      Content-Type:
      - application/octet-stream
      Date:
      - Thu, 29 Jan 2026 07:57:38 GMT
      Pragma:
      - no-cache
      RequestId:
      - 9f2d53f4-a0df-4537-9727-5278d56a98c1
      Strict-Transport-Security:
      - max-age=31536000; includeSubDomains
      X-Content-Type-Options:
      - nosniff
      X-Frame-Options:
      - deny
      home-cluster-uri:
      - https://wabi-us-central-b-primary-redirect.analysis.windows.net/
      request-redirected:
      - 'true'
    status:
      code: 200
      message: OK
version: 1
