interactions:
- request:
    body: null
    headers:
      Accept:
      - '*/*'
      Accept-Encoding:
      - gzip, deflate
      Connection:
      - keep-alive
      Content-Type:
      - application/json
      User-Agent:
      - ms-fabric-cli-test/1.3.1
    method: GET
    uri: https://api.fabric.microsoft.com/v1/workspaces
  response:
    body:
      string: '{"value": [{"id": "4b786514-ff85-4824-88c0-4d0b64b491f1", "displayName":
        "fabriccli_WorkspacePerTestclass_000001", "description": "Created by fab",
        "type": "Workspace", "capacityId": "07b1fd56-9969-4ff5-a2c8-05df5f82759a"}]}'
    headers:
      Access-Control-Expose-Headers:
      - RequestId
      Cache-Control:
      - no-store, must-revalidate, no-cache
      Content-Encoding:
      - gzip
      Content-Length:
      - '6347'
      Content-Type:
      - application/json; charset=utf-8
      Date:
      - Tue, 20 Jan 2026 06:31:49 GMT
      Pragma:
      - no-cache
      RequestId:
      - 35632b09-db8f-4150-84a7-db5f32dcee59
      Strict-Transport-Security:
      - max-age=31536000; includeSubDomains
      X-Content-Type-Options:
      - nosniff
      X-Frame-Options:
      - deny
      home-cluster-uri:
      - https://wabi-us-central-b-primary-redirect.analysis.windows.net/
      request-redirected:
      - 'true'
    status:
      code: 200
      message: OK
- request:
    body: null
    headers:
      Accept:
      - '*/*'
      Accept-Encoding:
      - gzip, deflate
      Connection:
      - keep-alive
      Content-Type:
      - application/json
      User-Agent:
      - ms-fabric-cli-test/1.3.1
    method: GET
    uri: https://api.fabric.microsoft.com/v1/workspaces/4b786514-ff85-4824-88c0-4d0b64b491f1/folders?recursive=True
  response:
    body:
      string: '{"value": []}'
    headers:
      Access-Control-Expose-Headers:
      - RequestId
      Cache-Control:
      - no-store, must-revalidate, no-cache
      Content-Encoding:
      - gzip
      Content-Length:
      - '32'
      Content-Type:
      - application/json; charset=utf-8
      Date:
      - Tue, 20 Jan 2026 06:31:49 GMT
      Pragma:
      - no-cache
      RequestId:
      - 98b6fc34-38cc-4049-a6f1-ca96664bb8be
      Strict-Transport-Security:
      - max-age=31536000; includeSubDomains
      X-Content-Type-Options:
      - nosniff
      X-Frame-Options:
      - deny
      home-cluster-uri:
      - https://wabi-us-central-b-primary-redirect.analysis.windows.net/
      request-redirected:
      - 'true'
    status:
      code: 200
      message: OK
- request:
    body: null
    headers:
      Accept:
      - '*/*'
      Accept-Encoding:
      - gzip, deflate
      Connection:
      - keep-alive
      Content-Type:
      - application/json
      User-Agent:
      - ms-fabric-cli-test/1.3.1
    method: GET
    uri: https://api.fabric.microsoft.com/v1/workspaces/4b786514-ff85-4824-88c0-4d0b64b491f1/folders?recursive=True
  response:
    body:
      string: '{"value": []}'
    headers:
      Access-Control-Expose-Headers:
      - RequestId
      Cache-Control:
      - no-store, must-revalidate, no-cache
      Content-Encoding:
      - gzip
      Content-Length:
      - '32'
      Content-Type:
      - application/json; charset=utf-8
      Date:
      - Tue, 20 Jan 2026 06:31:50 GMT
      Pragma:
      - no-cache
      RequestId:
      - 51f68efb-e999-48e5-8bea-6297d3bc47d7
      Strict-Transport-Security:
      - max-age=31536000; includeSubDomains
      X-Content-Type-Options:
      - nosniff
      X-Frame-Options:
      - deny
      home-cluster-uri:
      - https://wabi-us-central-b-primary-redirect.analysis.windows.net/
      request-redirected:
      - 'true'
    status:
      code: 200
      message: OK
- request:
    body: '{"description": "Created by fab", "displayName": "fabcli000001"}'
    headers:
      Accept:
      - '*/*'
      Accept-Encoding:
      - gzip, deflate
      Connection:
      - keep-alive
      Content-Length:
      - '68'
      Content-Type:
      - application/json
      User-Agent:
      - ms-fabric-cli-test/1.3.1
    method: POST
    uri: https://api.fabric.microsoft.com/v1/workspaces/4b786514-ff85-4824-88c0-4d0b64b491f1/folders
  response:
    body:
      string: '{"id": "2ad4d285-440e-4753-b8d9-dcceaa4564a0", "displayName": "fabcli000001",
        "workspaceId": "4b786514-ff85-4824-88c0-4d0b64b491f1"}'
    headers:
      Access-Control-Expose-Headers:
      - RequestId,Location
      Cache-Control:
      - no-store, must-revalidate, no-cache
      Content-Encoding:
      - gzip
      Content-Length:
      - '132'
      Content-Type:
      - application/json; charset=utf-8
      Date:
      - Tue, 20 Jan 2026 06:31:51 GMT
      Location:
      - https://api.fabric.microsoft.com/v1/workspaces/4b786514-ff85-4824-88c0-4d0b64b491f1/folders/2ad4d285-440e-4753-b8d9-dcceaa4564a0
      Pragma:
      - no-cache
      RequestId:
      - 0f1e72e9-762d-4b33-b3f2-f8968a782e40
      Strict-Transport-Security:
      - max-age=31536000; includeSubDomains
      X-Content-Type-Options:
      - nosniff
      X-Frame-Options:
      - deny
      home-cluster-uri:
      - https://wabi-us-central-b-primary-redirect.analysis.windows.net/
      request-redirected:
      - 'true'
    status:
      code: 201
      message: Created
- request:
    body: null
    headers:
      Accept:
      - '*/*'
      Accept-Encoding:
      - gzip, deflate
      Connection:
      - keep-alive
      Content-Type:
      - application/json
      User-Agent:
      - ms-fabric-cli-test/1.3.1
    method: GET
    uri: https://api.fabric.microsoft.com/v1/workspaces
  response:
    body:
      string: '{"value": [{"id": "4b786514-ff85-4824-88c0-4d0b64b491f1", "displayName":
        "fabriccli_WorkspacePerTestclass_000001", "description": "Created by fab",
        "type": "Workspace", "capacityId": "07b1fd56-9969-4ff5-a2c8-05df5f82759a"}]}'
    headers:
      Access-Control-Expose-Headers:
      - RequestId
      Cache-Control:
      - no-store, must-revalidate, no-cache
      Content-Encoding:
      - gzip
      Content-Length:
      - '6347'
      Content-Type:
      - application/json; charset=utf-8
      Date:
      - Tue, 20 Jan 2026 06:31:52 GMT
      Pragma:
      - no-cache
      RequestId:
      - 23656ff8-a69f-4825-84db-65be791a8660
      Strict-Transport-Security:
      - max-age=31536000; includeSubDomains
      X-Content-Type-Options:
      - nosniff
      X-Frame-Options:
      - deny
      home-cluster-uri:
      - https://wabi-us-central-b-primary-redirect.analysis.windows.net/
      request-redirected:
      - 'true'
    status:
      code: 200
      message: OK
- request:
    body: null
    headers:
      Accept:
      - '*/*'
      Accept-Encoding:
      - gzip, deflate
      Connection:
      - keep-alive
      Content-Type:
      - application/json
      User-Agent:
      - ms-fabric-cli-test/1.3.1
    method: GET
    uri: https://api.fabric.microsoft.com/v1/workspaces/4b786514-ff85-4824-88c0-4d0b64b491f1/items
  response:
    body:
      string: '{"value": []}'
    headers:
      Access-Control-Expose-Headers:
      - RequestId
      Cache-Control:
      - no-store, must-revalidate, no-cache
      Content-Encoding:
      - gzip
      Content-Length:
      - '32'
      Content-Type:
      - application/json; charset=utf-8
      Date:
      - Tue, 20 Jan 2026 06:31:52 GMT
      Pragma:
      - no-cache
      RequestId:
      - f8a9f693-b29d-4244-8ae0-6dd00889def0
      Strict-Transport-Security:
      - max-age=31536000; includeSubDomains
      X-Content-Type-Options:
      - nosniff
      X-Frame-Options:
      - deny
      home-cluster-uri:
      - https://wabi-us-central-b-primary-redirect.analysis.windows.net/
      request-redirected:
      - 'true'
    status:
      code: 200
      message: OK
- request:
    body: null
    headers:
      Accept:
      - '*/*'
      Accept-Encoding:
      - gzip, deflate
      Connection:
      - keep-alive
      Content-Type:
      - application/json
      User-Agent:
      - ms-fabric-cli-test/1.3.1
    method: GET
    uri: https://api.fabric.microsoft.com/v1/workspaces/4b786514-ff85-4824-88c0-4d0b64b491f1/items
  response:
    body:
      string: '{"value": []}'
    headers:
      Access-Control-Expose-Headers:
      - RequestId
      Cache-Control:
      - no-store, must-revalidate, no-cache
      Content-Encoding:
      - gzip
      Content-Length:
      - '32'
      Content-Type:
      - application/json; charset=utf-8
      Date:
      - Tue, 20 Jan 2026 06:31:53 GMT
      Pragma:
      - no-cache
      RequestId:
      - a3829b0c-d7dd-4064-9f8e-c88714f95115
      Strict-Transport-Security:
      - max-age=31536000; includeSubDomains
      X-Content-Type-Options:
      - nosniff
      X-Frame-Options:
      - deny
      home-cluster-uri:
      - https://wabi-us-central-b-primary-redirect.analysis.windows.net/
      request-redirected:
      - 'true'
    status:
      code: 200
      message: OK
- request:
    body: '{"description": "Created by fab", "displayName": "fabcli000002", "type":
      "SQLDatabase", "folderId": null}'
    headers:
      Accept:
      - '*/*'
      Accept-Encoding:
      - gzip, deflate
      Connection:
      - keep-alive
      Content-Length:
      - '109'
      Content-Type:
      - application/json
      User-Agent:
      - ms-fabric-cli-test/1.3.1
    method: POST
    uri: https://api.fabric.microsoft.com/v1/workspaces/4b786514-ff85-4824-88c0-4d0b64b491f1/sqlDatabases
  response:
    body:
      string: 'null'
    headers:
      Access-Control-Expose-Headers:
      - RequestId,Location,Retry-After,ETag,x-ms-operation-id
      Cache-Control:
      - no-store, must-revalidate, no-cache
      Content-Encoding:
      - gzip
      Content-Length:
      - '24'
      Content-Type:
      - application/json; charset=utf-8
      Date:
      - Tue, 20 Jan 2026 06:31:55 GMT
      ETag:
      - '""'
      Location:
      - https://wabi-us-central-b-primary-redirect.analysis.windows.net/v1/operations/04f63b2e-b69c-4287-8e34-a796b3956855
      Pragma:
      - no-cache
      RequestId:
      - b344677c-e20d-458c-80fc-77d9cad2a17f
      Retry-After:
      - '20'
      Strict-Transport-Security:
      - max-age=31536000; includeSubDomains
      X-Content-Type-Options:
      - nosniff
      X-Frame-Options:
      - deny
      home-cluster-uri:
      - https://wabi-us-central-b-primary-redirect.analysis.windows.net/
      request-redirected:
      - 'true'
      x-ms-operation-id:
      - 04f63b2e-b69c-4287-8e34-a796b3956855
    status:
      code: 202
      message: Accepted
- request:
    body: null
    headers:
      Accept:
      - '*/*'
      Accept-Encoding:
      - gzip, deflate
      Connection:
      - keep-alive
      Content-Type:
      - application/json
      User-Agent:
      - ms-fabric-cli-test/1.3.1
    method: GET
    uri: https://wabi-us-central-b-primary-redirect.analysis.windows.net/v1/operations/04f63b2e-b69c-4287-8e34-a796b3956855
  response:
    body:
      string: '{"status": "Succeeded", "createdTimeUtc": "2026-01-20T06:31:55.1575242",
        "lastUpdatedTimeUtc": "2026-01-20T06:32:16.0372962", "percentComplete": 100,
        "error": null}'
    headers:
      Access-Control-Expose-Headers:
      - RequestId,Location,x-ms-operation-id
      Cache-Control:
      - no-store, must-revalidate, no-cache
      Content-Encoding:
      - gzip
      Content-Length:
      - '133'
      Content-Type:
      - application/json; charset=utf-8
      Date:
      - Tue, 20 Jan 2026 06:32:16 GMT
      Location:
      - https://wabi-us-central-b-primary-redirect.analysis.windows.net/v1/operations/04f63b2e-b69c-4287-8e34-a796b3956855/result
      Pragma:
      - no-cache
      RequestId:
      - 62904a05-6b74-4911-bf70-38da80dd17db
      Strict-Transport-Security:
      - max-age=31536000; includeSubDomains
      X-Content-Type-Options:
      - nosniff
      X-Frame-Options:
      - deny
      x-ms-operation-id:
      - 04f63b2e-b69c-4287-8e34-a796b3956855
    status:
      code: 200
      message: OK
- request:
    body: null
    headers:
      Accept:
      - '*/*'
      Accept-Encoding:
      - gzip, deflate
      Connection:
      - keep-alive
      Content-Type:
      - application/json
      User-Agent:
      - ms-fabric-cli-test/1.3.1
    method: GET
    uri: https://wabi-us-central-b-primary-redirect.analysis.windows.net/v1/operations/04f63b2e-b69c-4287-8e34-a796b3956855/result
  response:
    body:
      string: '{"id": "a58775d4-ac2d-4fec-b788-d1588530a32a", "type": "SQLDatabase",
        "displayName": "fabcli000002", "description": "Created by fab", "workspaceId":
        "4b786514-ff85-4824-88c0-4d0b64b491f1"}'
    headers:
      Access-Control-Expose-Headers:
      - RequestId
      Cache-Control:
      - no-store, must-revalidate, no-cache
      Content-Encoding:
      - gzip
      Content-Type:
      - application/json
      Date:
      - Tue, 20 Jan 2026 06:32:17 GMT
      Pragma:
      - no-cache
      RequestId:
      - 731ffb2d-7f72-431c-a1ba-ec24dffdd839
      Strict-Transport-Security:
      - max-age=31536000; includeSubDomains
      Transfer-Encoding:
      - chunked
      X-Content-Type-Options:
      - nosniff
      X-Frame-Options:
      - deny
    status:
      code: 200
      message: OK
- request:
    body: null
    headers:
      Accept:
      - '*/*'
      Accept-Encoding:
      - gzip, deflate
      Connection:
      - keep-alive
      Content-Type:
      - application/json
      User-Agent:
      - ms-fabric-cli-test/1.3.1
    method: GET
    uri: https://api.fabric.microsoft.com/v1/workspaces
  response:
    body:
      string: '{"value": [{"id": "4b786514-ff85-4824-88c0-4d0b64b491f1", "displayName":
        "fabriccli_WorkspacePerTestclass_000001", "description": "Created by fab",
        "type": "Workspace", "capacityId": "07b1fd56-9969-4ff5-a2c8-05df5f82759a"}]}'
    headers:
      Access-Control-Expose-Headers:
      - RequestId
      Cache-Control:
      - no-store, must-revalidate, no-cache
      Content-Encoding:
      - gzip
      Content-Length:
      - '6347'
      Content-Type:
      - application/json; charset=utf-8
      Date:
      - Tue, 20 Jan 2026 06:32:18 GMT
      Pragma:
      - no-cache
      RequestId:
      - fb85c6a7-906e-4c82-9588-f9ae84ef5654
      Strict-Transport-Security:
      - max-age=31536000; includeSubDomains
      X-Content-Type-Options:
      - nosniff
      X-Frame-Options:
      - deny
      home-cluster-uri:
      - https://wabi-us-central-b-primary-redirect.analysis.windows.net/
      request-redirected:
      - 'true'
    status:
      code: 200
      message: OK
- request:
    body: null
    headers:
      Accept:
      - '*/*'
      Accept-Encoding:
      - gzip, deflate
      Connection:
      - keep-alive
      Content-Type:
      - application/json
      User-Agent:
      - ms-fabric-cli-test/1.3.1
    method: GET
    uri: https://api.fabric.microsoft.com/v1/workspaces/4b786514-ff85-4824-88c0-4d0b64b491f1/folders?recursive=True
  response:
    body:
      string: '{"value": [{"id": "2ad4d285-440e-4753-b8d9-dcceaa4564a0", "displayName":
        "fabcli000001", "workspaceId": "4b786514-ff85-4824-88c0-4d0b64b491f1"}]}'
    headers:
      Access-Control-Expose-Headers:
      - RequestId
      Cache-Control:
      - no-store, must-revalidate, no-cache
      Content-Encoding:
      - gzip
      Content-Length:
      - '143'
      Content-Type:
      - application/json; charset=utf-8
      Date:
      - Tue, 20 Jan 2026 06:32:19 GMT
      Pragma:
      - no-cache
      RequestId:
      - 39579ac3-6d7d-477d-b92e-63d774e23dfb
      Strict-Transport-Security:
      - max-age=31536000; includeSubDomains
      X-Content-Type-Options:
      - nosniff
      X-Frame-Options:
      - deny
      home-cluster-uri:
      - https://wabi-us-central-b-primary-redirect.analysis.windows.net/
      request-redirected:
      - 'true'
    status:
      code: 200
      message: OK
- request:
    body: null
    headers:
      Accept:
      - '*/*'
      Accept-Encoding:
      - gzip, deflate
      Connection:
      - keep-alive
      Content-Type:
      - application/json
      User-Agent:
      - ms-fabric-cli-test/1.3.1
    method: GET
    uri: https://api.fabric.microsoft.com/v1/workspaces/4b786514-ff85-4824-88c0-4d0b64b491f1/items
  response:
    body:
      string: '{"value": [{"id": "a58775d4-ac2d-4fec-b788-d1588530a32a", "type": "SQLDatabase",
        "displayName": "fabcli000002", "description": "Created by fab", "workspaceId":
        "4b786514-ff85-4824-88c0-4d0b64b491f1"}]}'
    headers:
      Access-Control-Expose-Headers:
      - RequestId
      Cache-Control:
      - no-store, must-revalidate, no-cache
      Content-Encoding:
      - gzip
      Content-Length:
      - '181'
      Content-Type:
      - application/json; charset=utf-8
      Date:
      - Tue, 20 Jan 2026 06:32:19 GMT
      Pragma:
      - no-cache
      RequestId:
      - 5767dfef-c5e5-49e8-997e-9712765863ab
      Strict-Transport-Security:
      - max-age=31536000; includeSubDomains
      X-Content-Type-Options:
      - nosniff
      X-Frame-Options:
      - deny
      home-cluster-uri:
      - https://wabi-us-central-b-primary-redirect.analysis.windows.net/
      request-redirected:
      - 'true'
    status:
      code: 200
      message: OK
- request:
    body: null
    headers:
      Accept:
      - '*/*'
      Accept-Encoding:
      - gzip, deflate
      Connection:
      - keep-alive
      Content-Type:
      - application/json
      User-Agent:
      - ms-fabric-cli-test/1.3.1
    method: GET
    uri: https://api.fabric.microsoft.com/v1/workspaces/4b786514-ff85-4824-88c0-4d0b64b491f1/items
  response:
    body:
      string: '{"value": [{"id": "a58775d4-ac2d-4fec-b788-d1588530a32a", "type": "SQLDatabase",
        "displayName": "fabcli000002", "description": "Created by fab", "workspaceId":
        "4b786514-ff85-4824-88c0-4d0b64b491f1"}]}'
    headers:
      Access-Control-Expose-Headers:
      - RequestId
      Cache-Control:
      - no-store, must-revalidate, no-cache
      Content-Encoding:
      - gzip
      Content-Length:
      - '181'
      Content-Type:
      - application/json; charset=utf-8
      Date:
      - Tue, 20 Jan 2026 06:32:20 GMT
      Pragma:
      - no-cache
      RequestId:
      - e9377893-2c0c-458f-b052-6ded466e7fdc
      Strict-Transport-Security:
      - max-age=31536000; includeSubDomains
      X-Content-Type-Options:
      - nosniff
      X-Frame-Options:
      - deny
      home-cluster-uri:
      - https://wabi-us-central-b-primary-redirect.analysis.windows.net/
      request-redirected:
      - 'true'
    status:
      code: 200
      message: OK
- request:
    body: '{"description": "Created by fab", "displayName": "fabcli000003", "type":
      "SQLDatabase", "folderId": "2ad4d285-440e-4753-b8d9-dcceaa4564a0"}'
    headers:
      Accept:
      - '*/*'
      Accept-Encoding:
      - gzip, deflate
      Connection:
      - keep-alive
      Content-Length:
      - '143'
      Content-Type:
      - application/json
      User-Agent:
      - ms-fabric-cli-test/1.3.1
    method: POST
    uri: https://api.fabric.microsoft.com/v1/workspaces/4b786514-ff85-4824-88c0-4d0b64b491f1/sqlDatabases
  response:
    body:
      string: 'null'
    headers:
      Access-Control-Expose-Headers:
      - RequestId,Location,Retry-After,ETag,x-ms-operation-id
      Cache-Control:
      - no-store, must-revalidate, no-cache
      Content-Encoding:
      - gzip
      Content-Length:
      - '24'
      Content-Type:
      - application/json; charset=utf-8
      Date:
      - Tue, 20 Jan 2026 06:32:22 GMT
      ETag:
      - '""'
      Location:
      - https://wabi-us-central-b-primary-redirect.analysis.windows.net/v1/operations/b717f665-91cb-445a-9794-c36c9e609cd0
      Pragma:
      - no-cache
      RequestId:
      - ed4b0ed7-3cfc-40eb-9735-7509c8a4dcc1
      Retry-After:
      - '20'
      Strict-Transport-Security:
      - max-age=31536000; includeSubDomains
      X-Content-Type-Options:
      - nosniff
      X-Frame-Options:
      - deny
      home-cluster-uri:
      - https://wabi-us-central-b-primary-redirect.analysis.windows.net/
      request-redirected:
      - 'true'
      x-ms-operation-id:
      - b717f665-91cb-445a-9794-c36c9e609cd0
    status:
      code: 202
      message: Accepted
- request:
    body: null
    headers:
      Accept:
      - '*/*'
      Accept-Encoding:
      - gzip, deflate
      Connection:
      - keep-alive
      Content-Type:
      - application/json
      User-Agent:
      - ms-fabric-cli-test/1.3.1
    method: GET
    uri: https://wabi-us-central-b-primary-redirect.analysis.windows.net/v1/operations/b717f665-91cb-445a-9794-c36c9e609cd0
  response:
    body:
      string: '{"status": "Succeeded", "createdTimeUtc": "2026-01-20T06:32:21.9281469",
        "lastUpdatedTimeUtc": "2026-01-20T06:32:35.0864117", "percentComplete": 100,
        "error": null}'
    headers:
      Access-Control-Expose-Headers:
      - RequestId,Location,x-ms-operation-id
      Cache-Control:
      - no-store, must-revalidate, no-cache
      Content-Encoding:
      - gzip
      Content-Length:
      - '132'
      Content-Type:
      - application/json; charset=utf-8
      Date:
      - Tue, 20 Jan 2026 06:32:42 GMT
      Location:
      - https://wabi-us-central-b-primary-redirect.analysis.windows.net/v1/operations/b717f665-91cb-445a-9794-c36c9e609cd0/result
      Pragma:
      - no-cache
      RequestId:
      - 3fe632f7-d5b1-491c-a2bb-01a7e02d661f
      Strict-Transport-Security:
      - max-age=31536000; includeSubDomains
      X-Content-Type-Options:
      - nosniff
      X-Frame-Options:
      - deny
      x-ms-operation-id:
      - b717f665-91cb-445a-9794-c36c9e609cd0
    status:
      code: 200
      message: OK
- request:
    body: null
    headers:
      Accept:
      - '*/*'
      Accept-Encoding:
      - gzip, deflate
      Connection:
      - keep-alive
      Content-Type:
      - application/json
      User-Agent:
      - ms-fabric-cli-test/1.3.1
    method: GET
    uri: https://wabi-us-central-b-primary-redirect.analysis.windows.net/v1/operations/b717f665-91cb-445a-9794-c36c9e609cd0/result
  response:
    body:
      string: '{"id": "7874a54b-cfa3-4885-820a-e5e6b6593731", "type": "SQLDatabase",
        "displayName": "fabcli000003", "description": "Created by fab", "workspaceId":
        "4b786514-ff85-4824-88c0-4d0b64b491f1", "folderId": "2ad4d285-440e-4753-b8d9-dcceaa4564a0"}'
    headers:
      Access-Control-Expose-Headers:
      - RequestId
      Cache-Control:
      - no-store, must-revalidate, no-cache
      Content-Encoding:
      - gzip
      Content-Type:
      - application/json
      Date:
      - Tue, 20 Jan 2026 06:32:43 GMT
      Pragma:
      - no-cache
      RequestId:
      - f52546cc-e10d-4002-afcb-abf73de69516
      Strict-Transport-Security:
      - max-age=31536000; includeSubDomains
      Transfer-Encoding:
      - chunked
      X-Content-Type-Options:
      - nosniff
      X-Frame-Options:
      - deny
    status:
      code: 200
      message: OK
- request:
    body: null
    headers:
      Accept:
      - '*/*'
      Accept-Encoding:
      - gzip, deflate
      Connection:
      - keep-alive
      Content-Type:
      - application/json
      User-Agent:
      - ms-fabric-cli-test/1.3.1
    method: GET
    uri: https://api.fabric.microsoft.com/v1/workspaces
  response:
    body:
      string: '{"value": [{"id": "4b786514-ff85-4824-88c0-4d0b64b491f1", "displayName":
        "fabriccli_WorkspacePerTestclass_000001", "description": "Created by fab",
        "type": "Workspace", "capacityId": "07b1fd56-9969-4ff5-a2c8-05df5f82759a"}]}'
    headers:
      Access-Control-Expose-Headers:
      - RequestId
      Cache-Control:
      - no-store, must-revalidate, no-cache
      Content-Encoding:
      - gzip
      Content-Length:
      - '6347'
      Content-Type:
      - application/json; charset=utf-8
      Date:
      - Tue, 20 Jan 2026 06:32:44 GMT
      Pragma:
      - no-cache
      RequestId:
      - 19c08d9d-5075-43be-addb-2867a004a11c
      Strict-Transport-Security:
      - max-age=31536000; includeSubDomains
      X-Content-Type-Options:
      - nosniff
      X-Frame-Options:
      - deny
      home-cluster-uri:
      - https://wabi-us-central-b-primary-redirect.analysis.windows.net/
      request-redirected:
      - 'true'
    status:
      code: 200
      message: OK
- request:
    body: null
    headers:
      Accept:
      - '*/*'
      Accept-Encoding:
      - gzip, deflate
      Connection:
      - keep-alive
      Content-Type:
      - application/json
      User-Agent:
      - ms-fabric-cli-test/1.3.1
    method: GET
    uri: https://api.fabric.microsoft.com/v1/workspaces/4b786514-ff85-4824-88c0-4d0b64b491f1/items
  response:
    body:
      string: '{"value": [{"id": "1e6ade35-ae82-44d6-81a1-5101e2816cb8", "type": "SQLEndpoint",
        "displayName": "fabcli000002", "description": "", "workspaceId": "4b786514-ff85-4824-88c0-4d0b64b491f1"},
        {"id": "f6c6efcc-c053-4170-b7e6-44f0b463a0c1", "type": "SQLEndpoint", "displayName":
        "fabcli000003", "description": "", "workspaceId": "4b786514-ff85-4824-88c0-4d0b64b491f1",
        "folderId": "2ad4d285-440e-4753-b8d9-dcceaa4564a0"}, {"id": "a58775d4-ac2d-4fec-b788-d1588530a32a",
        "type": "SQLDatabase", "displayName": "fabcli000002", "description": "Created
        by fab", "workspaceId": "4b786514-ff85-4824-88c0-4d0b64b491f1"}, {"id": "7874a54b-cfa3-4885-820a-e5e6b6593731",
        "type": "SQLDatabase", "displayName": "fabcli000003", "description": "Created
        by fab", "workspaceId": "4b786514-ff85-4824-88c0-4d0b64b491f1", "folderId":
        "2ad4d285-440e-4753-b8d9-dcceaa4564a0"}]}'
    headers:
      Access-Control-Expose-Headers:
      - RequestId
      Cache-Control:
      - no-store, must-revalidate, no-cache
      Content-Encoding:
      - gzip
      Content-Length:
      - '324'
      Content-Type:
      - application/json; charset=utf-8
      Date:
      - Tue, 20 Jan 2026 06:32:46 GMT
      Pragma:
      - no-cache
      RequestId:
      - fc3f53bb-130a-431d-8239-a82ebd18b3ed
      Strict-Transport-Security:
      - max-age=31536000; includeSubDomains
      X-Content-Type-Options:
      - nosniff
      X-Frame-Options:
      - deny
      home-cluster-uri:
      - https://wabi-us-central-b-primary-redirect.analysis.windows.net/
      request-redirected:
      - 'true'
    status:
      code: 200
      message: OK
- request:
    body: null
    headers:
      Accept:
      - '*/*'
      Accept-Encoding:
      - gzip, deflate
      Connection:
      - keep-alive
      Content-Type:
      - application/json
      User-Agent:
      - ms-fabric-cli-test/1.3.1
    method: GET
    uri: https://api.fabric.microsoft.com/v1/workspaces/4b786514-ff85-4824-88c0-4d0b64b491f1/folders?recursive=True
  response:
    body:
      string: '{"value": [{"id": "2ad4d285-440e-4753-b8d9-dcceaa4564a0", "displayName":
        "fabcli000001", "workspaceId": "4b786514-ff85-4824-88c0-4d0b64b491f1"}]}'
    headers:
      Access-Control-Expose-Headers:
      - RequestId
      Cache-Control:
      - no-store, must-revalidate, no-cache
      Content-Encoding:
      - gzip
      Content-Length:
      - '143'
      Content-Type:
      - application/json; charset=utf-8
      Date:
      - Tue, 20 Jan 2026 06:32:46 GMT
      Pragma:
      - no-cache
      RequestId:
      - 8e4aa5e6-0f92-4fdd-b6b7-7285be710a3b
      Strict-Transport-Security:
      - max-age=31536000; includeSubDomains
      X-Content-Type-Options:
      - nosniff
      X-Frame-Options:
      - deny
      home-cluster-uri:
      - https://wabi-us-central-b-primary-redirect.analysis.windows.net/
      request-redirected:
      - 'true'
    status:
      code: 200
      message: OK
- request:
    body: null
    headers:
      Accept:
      - '*/*'
      Accept-Encoding:
      - gzip, deflate
      Connection:
      - keep-alive
      Content-Type:
      - application/json
      User-Agent:
      - ms-fabric-cli-test/1.3.1
    method: GET
    uri: https://api.fabric.microsoft.com/v1/workspaces/4b786514-ff85-4824-88c0-4d0b64b491f1/folders?recursive=True
  response:
    body:
      string: '{"value": [{"id": "2ad4d285-440e-4753-b8d9-dcceaa4564a0", "displayName":
        "fabcli000001", "workspaceId": "4b786514-ff85-4824-88c0-4d0b64b491f1"}]}'
    headers:
      Access-Control-Expose-Headers:
      - RequestId
      Cache-Control:
      - no-store, must-revalidate, no-cache
      Content-Encoding:
      - gzip
      Content-Length:
      - '143'
      Content-Type:
      - application/json; charset=utf-8
      Date:
      - Tue, 20 Jan 2026 06:32:47 GMT
      Pragma:
      - no-cache
      RequestId:
      - ed051b26-86b0-4cb0-a440-b85fb787a2f1
      Strict-Transport-Security:
      - max-age=31536000; includeSubDomains
      X-Content-Type-Options:
      - nosniff
      X-Frame-Options:
      - deny
      home-cluster-uri:
      - https://wabi-us-central-b-primary-redirect.analysis.windows.net/
      request-redirected:
      - 'true'
    status:
      code: 200
      message: OK
- request:
    body: null
    headers:
      Accept:
      - '*/*'
      Accept-Encoding:
      - gzip, deflate
      Connection:
      - keep-alive
      Content-Type:
      - application/json
      User-Agent:
      - ms-fabric-cli-test/1.3.1
    method: GET
    uri: https://api.fabric.microsoft.com/v1/workspaces/4b786514-ff85-4824-88c0-4d0b64b491f1/folders?recursive=True
  response:
    body:
      string: '{"value": [{"id": "2ad4d285-440e-4753-b8d9-dcceaa4564a0", "displayName":
        "fabcli000001", "workspaceId": "4b786514-ff85-4824-88c0-4d0b64b491f1"}]}'
    headers:
      Access-Control-Expose-Headers:
      - RequestId
      Cache-Control:
      - no-store, must-revalidate, no-cache
      Content-Encoding:
      - gzip
      Content-Length:
      - '143'
      Content-Type:
      - application/json; charset=utf-8
      Date:
      - Tue, 20 Jan 2026 06:32:47 GMT
      Pragma:
      - no-cache
      RequestId:
      - 90326a8c-ac95-4c1c-a3aa-eb320d3cc7bd
      Strict-Transport-Security:
      - max-age=31536000; includeSubDomains
      X-Content-Type-Options:
      - nosniff
      X-Frame-Options:
      - deny
      home-cluster-uri:
      - https://wabi-us-central-b-primary-redirect.analysis.windows.net/
      request-redirected:
      - 'true'
    status:
      code: 200
      message: OK
- request:
    body: null
    headers:
      Accept:
      - '*/*'
      Accept-Encoding:
      - gzip, deflate
      Connection:
      - keep-alive
      Content-Type:
      - application/json
      User-Agent:
      - ms-fabric-cli-test/1.3.1
    method: GET
    uri: https://api.fabric.microsoft.com/v1/workspaces
  response:
    body:
      string: '{"value": [{"id": "4b786514-ff85-4824-88c0-4d0b64b491f1", "displayName":
        "fabriccli_WorkspacePerTestclass_000001", "description": "Created by fab",
        "type": "Workspace", "capacityId": "07b1fd56-9969-4ff5-a2c8-05df5f82759a"}]}'
    headers:
      Access-Control-Expose-Headers:
      - RequestId
      Cache-Control:
      - no-store, must-revalidate, no-cache
      Content-Encoding:
      - gzip
      Content-Length:
      - '6347'
      Content-Type:
      - application/json; charset=utf-8
      Date:
      - Tue, 20 Jan 2026 06:32:48 GMT
      Pragma:
      - no-cache
      RequestId:
      - c6fb62cf-74ed-4206-8fa4-d20647e02b17
      Strict-Transport-Security:
      - max-age=31536000; includeSubDomains
      X-Content-Type-Options:
      - nosniff
      X-Frame-Options:
      - deny
      home-cluster-uri:
      - https://wabi-us-central-b-primary-redirect.analysis.windows.net/
      request-redirected:
      - 'true'
    status:
      code: 200
      message: OK
- request:
    body: null
    headers:
      Accept:
      - '*/*'
      Accept-Encoding:
      - gzip, deflate
      Connection:
      - keep-alive
      Content-Type:
      - application/json
      User-Agent:
      - ms-fabric-cli-test/1.3.1
    method: GET
    uri: https://api.fabric.microsoft.com/v1/workspaces/4b786514-ff85-4824-88c0-4d0b64b491f1/folders?recursive=True
  response:
    body:
      string: '{"value": [{"id": "2ad4d285-440e-4753-b8d9-dcceaa4564a0", "displayName":
        "fabcli000001", "workspaceId": "4b786514-ff85-4824-88c0-4d0b64b491f1"}]}'
    headers:
      Access-Control-Expose-Headers:
      - RequestId
      Cache-Control:
      - no-store, must-revalidate, no-cache
      Content-Encoding:
      - gzip
      Content-Length:
      - '143'
      Content-Type:
      - application/json; charset=utf-8
      Date:
      - Tue, 20 Jan 2026 06:32:49 GMT
      Pragma:
      - no-cache
      RequestId:
      - 55c4819f-27ad-4d46-ba77-28aea5b4d067
      Strict-Transport-Security:
      - max-age=31536000; includeSubDomains
      X-Content-Type-Options:
      - nosniff
      X-Frame-Options:
      - deny
      home-cluster-uri:
      - https://wabi-us-central-b-primary-redirect.analysis.windows.net/
      request-redirected:
      - 'true'
    status:
      code: 200
      message: OK
- request:
    body: null
    headers:
      Accept:
      - '*/*'
      Accept-Encoding:
      - gzip, deflate
      Connection:
      - keep-alive
      Content-Type:
      - application/json
      User-Agent:
      - ms-fabric-cli-test/1.3.1
    method: GET
    uri: https://api.fabric.microsoft.com/v1/workspaces/4b786514-ff85-4824-88c0-4d0b64b491f1/items
  response:
    body:
      string: '{"value": [{"id": "1e6ade35-ae82-44d6-81a1-5101e2816cb8", "type": "SQLEndpoint",
        "displayName": "fabcli000002", "description": "", "workspaceId": "4b786514-ff85-4824-88c0-4d0b64b491f1"},
        {"id": "f6c6efcc-c053-4170-b7e6-44f0b463a0c1", "type": "SQLEndpoint", "displayName":
        "fabcli000003", "description": "", "workspaceId": "4b786514-ff85-4824-88c0-4d0b64b491f1",
        "folderId": "2ad4d285-440e-4753-b8d9-dcceaa4564a0"}, {"id": "a58775d4-ac2d-4fec-b788-d1588530a32a",
        "type": "SQLDatabase", "displayName": "fabcli000002", "description": "Created
        by fab", "workspaceId": "4b786514-ff85-4824-88c0-4d0b64b491f1"}, {"id": "7874a54b-cfa3-4885-820a-e5e6b6593731",
        "type": "SQLDatabase", "displayName": "fabcli000003", "description": "Created
        by fab", "workspaceId": "4b786514-ff85-4824-88c0-4d0b64b491f1", "folderId":
        "2ad4d285-440e-4753-b8d9-dcceaa4564a0"}]}'
    headers:
      Access-Control-Expose-Headers:
      - RequestId
      Cache-Control:
      - no-store, must-revalidate, no-cache
      Content-Encoding:
      - gzip
      Content-Length:
      - '324'
      Content-Type:
      - application/json; charset=utf-8
      Date:
      - Tue, 20 Jan 2026 06:32:50 GMT
      Pragma:
      - no-cache
      RequestId:
      - 2217464b-6de2-4d7b-b235-397f6a3ac3c3
      Strict-Transport-Security:
      - max-age=31536000; includeSubDomains
      X-Content-Type-Options:
      - nosniff
      X-Frame-Options:
      - deny
      home-cluster-uri:
      - https://wabi-us-central-b-primary-redirect.analysis.windows.net/
      request-redirected:
      - 'true'
    status:
      code: 200
      message: OK
- request:
    body: null
    headers:
      Accept:
      - '*/*'
      Accept-Encoding:
      - gzip, deflate
      Connection:
      - keep-alive
      Content-Type:
      - application/json
      User-Agent:
      - ms-fabric-cli-test/1.3.1
    method: GET
    uri: https://api.fabric.microsoft.com/v1/workspaces/4b786514-ff85-4824-88c0-4d0b64b491f1/folders?recursive=True
  response:
    body:
      string: '{"value": [{"id": "2ad4d285-440e-4753-b8d9-dcceaa4564a0", "displayName":
        "fabcli000001", "workspaceId": "4b786514-ff85-4824-88c0-4d0b64b491f1"}]}'
    headers:
      Access-Control-Expose-Headers:
      - RequestId
      Cache-Control:
      - no-store, must-revalidate, no-cache
      Content-Encoding:
      - gzip
      Content-Length:
      - '143'
      Content-Type:
      - application/json; charset=utf-8
      Date:
      - Tue, 20 Jan 2026 06:32:51 GMT
      Pragma:
      - no-cache
      RequestId:
      - a3c4be42-fd7a-4b64-8433-a55782d4fdb2
      Strict-Transport-Security:
      - max-age=31536000; includeSubDomains
      X-Content-Type-Options:
      - nosniff
      X-Frame-Options:
      - deny
      home-cluster-uri:
      - https://wabi-us-central-b-primary-redirect.analysis.windows.net/
      request-redirected:
      - 'true'
    status:
      code: 200
      message: OK
- request:
    body: null
    headers:
      Accept:
      - '*/*'
      Accept-Encoding:
      - gzip, deflate
      Connection:
      - keep-alive
      Content-Type:
      - application/json
      User-Agent:
      - ms-fabric-cli-test/1.3.1
    method: GET
    uri: https://api.fabric.microsoft.com/v1/workspaces/4b786514-ff85-4824-88c0-4d0b64b491f1/folders?recursive=True
  response:
    body:
      string: '{"value": [{"id": "2ad4d285-440e-4753-b8d9-dcceaa4564a0", "displayName":
        "fabcli000001", "workspaceId": "4b786514-ff85-4824-88c0-4d0b64b491f1"}]}'
    headers:
      Access-Control-Expose-Headers:
      - RequestId
      Cache-Control:
      - no-store, must-revalidate, no-cache
      Content-Encoding:
      - gzip
      Content-Length:
      - '143'
      Content-Type:
      - application/json; charset=utf-8
      Date:
      - Tue, 20 Jan 2026 06:32:52 GMT
      Pragma:
      - no-cache
      RequestId:
      - 0e61207e-b3ff-49b3-8034-ed2a313d8894
      Strict-Transport-Security:
      - max-age=31536000; includeSubDomains
      X-Content-Type-Options:
      - nosniff
      X-Frame-Options:
      - deny
      home-cluster-uri:
      - https://wabi-us-central-b-primary-redirect.analysis.windows.net/
      request-redirected:
      - 'true'
    status:
      code: 200
      message: OK
- request:
    body: null
    headers:
      Accept:
      - '*/*'
      Accept-Encoding:
      - gzip, deflate
      Connection:
      - keep-alive
      Content-Type:
      - application/json
      User-Agent:
      - ms-fabric-cli-test/1.3.1
    method: GET
    uri: https://api.fabric.microsoft.com/v1/workspaces/4b786514-ff85-4824-88c0-4d0b64b491f1/folders?recursive=True
  response:
    body:
      string: '{"value": [{"id": "2ad4d285-440e-4753-b8d9-dcceaa4564a0", "displayName":
        "fabcli000001", "workspaceId": "4b786514-ff85-4824-88c0-4d0b64b491f1"}]}'
    headers:
      Access-Control-Expose-Headers:
      - RequestId
      Cache-Control:
      - no-store, must-revalidate, no-cache
      Content-Encoding:
      - gzip
      Content-Length:
      - '143'
      Content-Type:
      - application/json; charset=utf-8
      Date:
      - Tue, 20 Jan 2026 06:32:52 GMT
      Pragma:
      - no-cache
      RequestId:
      - f8686607-261b-4e40-913e-ff7354acc2f0
      Strict-Transport-Security:
      - max-age=31536000; includeSubDomains
      X-Content-Type-Options:
      - nosniff
      X-Frame-Options:
      - deny
      home-cluster-uri:
      - https://wabi-us-central-b-primary-redirect.analysis.windows.net/
      request-redirected:
      - 'true'
    status:
      code: 200
      message: OK
- request:
    body: null
    headers:
      Accept:
      - '*/*'
      Accept-Encoding:
      - gzip, deflate
      Connection:
      - keep-alive
      Content-Type:
      - application/json
      User-Agent:
      - ms-fabric-cli-test/1.3.1
    method: GET
    uri: https://api.fabric.microsoft.com/v1/workspaces
  response:
    body:
      string: '{"value": [{"id": "4b786514-ff85-4824-88c0-4d0b64b491f1", "displayName":
        "fabriccli_WorkspacePerTestclass_000001", "description": "Created by fab",
        "type": "Workspace", "capacityId": "07b1fd56-9969-4ff5-a2c8-05df5f82759a"}]}'
    headers:
      Access-Control-Expose-Headers:
      - RequestId
      Cache-Control:
      - no-store, must-revalidate, no-cache
      Content-Encoding:
      - gzip
      Content-Length:
      - '6347'
      Content-Type:
      - application/json; charset=utf-8
      Date:
      - Tue, 20 Jan 2026 06:32:53 GMT
      Pragma:
      - no-cache
      RequestId:
      - e4d11335-5f77-4590-9395-cbb5aba990bd
      Strict-Transport-Security:
      - max-age=31536000; includeSubDomains
      X-Content-Type-Options:
      - nosniff
      X-Frame-Options:
      - deny
      home-cluster-uri:
      - https://wabi-us-central-b-primary-redirect.analysis.windows.net/
      request-redirected:
      - 'true'
    status:
      code: 200
      message: OK
- request:
    body: null
    headers:
      Accept:
      - '*/*'
      Accept-Encoding:
      - gzip, deflate
      Connection:
      - keep-alive
      Content-Type:
      - application/json
      User-Agent:
      - ms-fabric-cli-test/1.3.1
    method: GET
    uri: https://api.fabric.microsoft.com/v1/workspaces/4b786514-ff85-4824-88c0-4d0b64b491f1/items
  response:
    body:
      string: '{"value": [{"id": "1e6ade35-ae82-44d6-81a1-5101e2816cb8", "type": "SQLEndpoint",
        "displayName": "fabcli000002", "description": "", "workspaceId": "4b786514-ff85-4824-88c0-4d0b64b491f1"},
        {"id": "f6c6efcc-c053-4170-b7e6-44f0b463a0c1", "type": "SQLEndpoint", "displayName":
        "fabcli000003", "description": "", "workspaceId": "4b786514-ff85-4824-88c0-4d0b64b491f1",
        "folderId": "2ad4d285-440e-4753-b8d9-dcceaa4564a0"}, {"id": "a58775d4-ac2d-4fec-b788-d1588530a32a",
        "type": "SQLDatabase", "displayName": "fabcli000002", "description": "Created
        by fab", "workspaceId": "4b786514-ff85-4824-88c0-4d0b64b491f1"}, {"id": "7874a54b-cfa3-4885-820a-e5e6b6593731",
        "type": "SQLDatabase", "displayName": "fabcli000003", "description": "Created
        by fab", "workspaceId": "4b786514-ff85-4824-88c0-4d0b64b491f1", "folderId":
        "2ad4d285-440e-4753-b8d9-dcceaa4564a0"}]}'
    headers:
      Access-Control-Expose-Headers:
      - RequestId
      Cache-Control:
      - no-store, must-revalidate, no-cache
      Content-Encoding:
      - gzip
      Content-Length:
      - '324'
      Content-Type:
      - application/json; charset=utf-8
      Date:
      - Tue, 20 Jan 2026 06:32:54 GMT
      Pragma:
      - no-cache
      RequestId:
      - 9f812ae3-2e88-40e0-9de6-a9ce02e62445
      Strict-Transport-Security:
      - max-age=31536000; includeSubDomains
      X-Content-Type-Options:
      - nosniff
      X-Frame-Options:
      - deny
      home-cluster-uri:
      - https://wabi-us-central-b-primary-redirect.analysis.windows.net/
      request-redirected:
      - 'true'
    status:
      code: 200
      message: OK
- request:
    body: null
    headers:
      Accept:
      - '*/*'
      Accept-Encoding:
      - gzip, deflate
      Connection:
      - keep-alive
      Content-Type:
      - application/json
      User-Agent:
      - ms-fabric-cli-test/1.3.1
    method: GET
    uri: https://api.fabric.microsoft.com/v1/workspaces/4b786514-ff85-4824-88c0-4d0b64b491f1/folders?recursive=True
  response:
    body:
      string: '{"value": [{"id": "2ad4d285-440e-4753-b8d9-dcceaa4564a0", "displayName":
        "fabcli000001", "workspaceId": "4b786514-ff85-4824-88c0-4d0b64b491f1"}]}'
    headers:
      Access-Control-Expose-Headers:
      - RequestId
      Cache-Control:
      - no-store, must-revalidate, no-cache
      Content-Encoding:
      - gzip
      Content-Length:
      - '143'
      Content-Type:
      - application/json; charset=utf-8
      Date:
      - Tue, 20 Jan 2026 06:32:54 GMT
      Pragma:
      - no-cache
      RequestId:
      - 81eba0b5-57f3-4825-9843-b0ac0c3347e1
      Strict-Transport-Security:
      - max-age=31536000; includeSubDomains
      X-Content-Type-Options:
      - nosniff
      X-Frame-Options:
      - deny
      home-cluster-uri:
      - https://wabi-us-central-b-primary-redirect.analysis.windows.net/
      request-redirected:
      - 'true'
    status:
      code: 200
      message: OK
- request:
    body: null
    headers:
      Accept:
      - '*/*'
      Accept-Encoding:
      - gzip, deflate
      Connection:
      - keep-alive
      Content-Type:
      - application/json
      User-Agent:
      - ms-fabric-cli-test/1.3.1
    method: GET
    uri: https://api.fabric.microsoft.com/v1/workspaces/4b786514-ff85-4824-88c0-4d0b64b491f1/folders?recursive=True
  response:
    body:
      string: '{"value": [{"id": "2ad4d285-440e-4753-b8d9-dcceaa4564a0", "displayName":
        "fabcli000001", "workspaceId": "4b786514-ff85-4824-88c0-4d0b64b491f1"}]}'
    headers:
      Access-Control-Expose-Headers:
      - RequestId
      Cache-Control:
      - no-store, must-revalidate, no-cache
      Content-Encoding:
      - gzip
      Content-Length:
      - '143'
      Content-Type:
      - application/json; charset=utf-8
      Date:
      - Tue, 20 Jan 2026 06:32:56 GMT
      Pragma:
      - no-cache
      RequestId:
      - 521d7ea0-db96-442c-8a35-7c6adae3cbe6
      Strict-Transport-Security:
      - max-age=31536000; includeSubDomains
      X-Content-Type-Options:
      - nosniff
      X-Frame-Options:
      - deny
      home-cluster-uri:
      - https://wabi-us-central-b-primary-redirect.analysis.windows.net/
      request-redirected:
      - 'true'
    status:
      code: 200
      message: OK
- request:
    body: null
    headers:
      Accept:
      - '*/*'
      Accept-Encoding:
      - gzip, deflate
      Connection:
      - keep-alive
      Content-Type:
      - application/json
      User-Agent:
      - ms-fabric-cli-test/1.3.1
    method: GET
    uri: https://api.fabric.microsoft.com/v1/workspaces
  response:
    body:
      string: '{"value": [{"id": "4b786514-ff85-4824-88c0-4d0b64b491f1", "displayName":
        "fabriccli_WorkspacePerTestclass_000001", "description": "Created by fab",
        "type": "Workspace", "capacityId": "07b1fd56-9969-4ff5-a2c8-05df5f82759a"}]}'
    headers:
      Access-Control-Expose-Headers:
      - RequestId
      Cache-Control:
      - no-store, must-revalidate, no-cache
      Content-Encoding:
      - gzip
      Content-Length:
      - '6347'
      Content-Type:
      - application/json; charset=utf-8
      Date:
      - Tue, 20 Jan 2026 06:32:56 GMT
      Pragma:
      - no-cache
      RequestId:
      - 82f1ebb8-a191-47af-a630-61163a21a6ce
      Strict-Transport-Security:
      - max-age=31536000; includeSubDomains
      X-Content-Type-Options:
      - nosniff
      X-Frame-Options:
      - deny
      home-cluster-uri:
      - https://wabi-us-central-b-primary-redirect.analysis.windows.net/
      request-redirected:
      - 'true'
    status:
      code: 200
      message: OK
- request:
    body: null
    headers:
      Accept:
      - '*/*'
      Accept-Encoding:
      - gzip, deflate
      Connection:
      - keep-alive
      Content-Type:
      - application/json
      User-Agent:
      - ms-fabric-cli-test/1.3.1
    method: GET
    uri: https://api.fabric.microsoft.com/v1/workspaces/4b786514-ff85-4824-88c0-4d0b64b491f1/folders?recursive=True
  response:
    body:
      string: '{"value": [{"id": "2ad4d285-440e-4753-b8d9-dcceaa4564a0", "displayName":
        "fabcli000001", "workspaceId": "4b786514-ff85-4824-88c0-4d0b64b491f1"}]}'
    headers:
      Access-Control-Expose-Headers:
      - RequestId
      Cache-Control:
      - no-store, must-revalidate, no-cache
      Content-Encoding:
      - gzip
      Content-Length:
      - '143'
      Content-Type:
      - application/json; charset=utf-8
      Date:
      - Tue, 20 Jan 2026 06:32:57 GMT
      Pragma:
      - no-cache
      RequestId:
      - cef5151c-a522-40ff-bbdb-aaf74fd13088
      Strict-Transport-Security:
      - max-age=31536000; includeSubDomains
      X-Content-Type-Options:
      - nosniff
      X-Frame-Options:
      - deny
      home-cluster-uri:
      - https://wabi-us-central-b-primary-redirect.analysis.windows.net/
      request-redirected:
      - 'true'
    status:
      code: 200
      message: OK
- request:
    body: null
    headers:
      Accept:
      - '*/*'
      Accept-Encoding:
      - gzip, deflate
      Connection:
      - keep-alive
      Content-Type:
      - application/json
      User-Agent:
      - ms-fabric-cli-test/1.3.1
    method: GET
    uri: https://api.fabric.microsoft.com/v1/workspaces/4b786514-ff85-4824-88c0-4d0b64b491f1/items
  response:
    body:
      string: '{"value": [{"id": "1e6ade35-ae82-44d6-81a1-5101e2816cb8", "type": "SQLEndpoint",
        "displayName": "fabcli000002", "description": "", "workspaceId": "4b786514-ff85-4824-88c0-4d0b64b491f1"},
        {"id": "f6c6efcc-c053-4170-b7e6-44f0b463a0c1", "type": "SQLEndpoint", "displayName":
        "fabcli000003", "description": "", "workspaceId": "4b786514-ff85-4824-88c0-4d0b64b491f1",
        "folderId": "2ad4d285-440e-4753-b8d9-dcceaa4564a0"}, {"id": "a58775d4-ac2d-4fec-b788-d1588530a32a",
        "type": "SQLDatabase", "displayName": "fabcli000002", "description": "Created
        by fab", "workspaceId": "4b786514-ff85-4824-88c0-4d0b64b491f1"}, {"id": "7874a54b-cfa3-4885-820a-e5e6b6593731",
        "type": "SQLDatabase", "displayName": "fabcli000003", "description": "Created
        by fab", "workspaceId": "4b786514-ff85-4824-88c0-4d0b64b491f1", "folderId":
        "2ad4d285-440e-4753-b8d9-dcceaa4564a0"}]}'
    headers:
      Access-Control-Expose-Headers:
      - RequestId
      Cache-Control:
      - no-store, must-revalidate, no-cache
      Content-Encoding:
      - gzip
      Content-Length:
      - '324'
      Content-Type:
      - application/json; charset=utf-8
      Date:
      - Tue, 20 Jan 2026 06:32:58 GMT
      Pragma:
      - no-cache
      RequestId:
      - cfb33cf3-7828-43f6-8b4c-1ce6f0ea8eb3
      Strict-Transport-Security:
      - max-age=31536000; includeSubDomains
      X-Content-Type-Options:
      - nosniff
      X-Frame-Options:
      - deny
      home-cluster-uri:
      - https://wabi-us-central-b-primary-redirect.analysis.windows.net/
      request-redirected:
      - 'true'
    status:
      code: 200
      message: OK
- request:
    body: null
    headers:
      Accept:
      - '*/*'
      Accept-Encoding:
      - gzip, deflate
      Connection:
      - keep-alive
      Content-Type:
      - application/json
      User-Agent:
      - ms-fabric-cli-test/1.3.1
    method: GET
    uri: https://api.fabric.microsoft.com/v1/workspaces/4b786514-ff85-4824-88c0-4d0b64b491f1/folders?recursive=True
  response:
    body:
      string: '{"requestId": "d2511180-5fb8-4bf3-bcbd-206659bb55bd", "errorCode":
        "RequestBlocked", "message": "Request is blocked by the upstream service until:
        1/20/2026 6:33:47 AM (UTC)"}'
    headers:
      Content-Length:
      - '170'
      Content-Type:
      - application/json; charset=utf-8
      Date:
      - Tue, 20 Jan 2026 06:32:58 GMT
      RequestId:
      - d2511180-5fb8-4bf3-bcbd-206659bb55bd
      Retry-After:
      - '49'
      home-cluster-uri:
      - https://wabi-us-central-b-primary-redirect.analysis.windows.net/
      request-redirected:
      - 'true'
      x-ms-public-api-error-code:
      - RequestBlocked
    status:
      code: 429
      message: ''
- request:
    body: null
    headers:
      Accept:
      - '*/*'
      Accept-Encoding:
      - gzip, deflate
      Connection:
      - keep-alive
      Content-Type:
      - application/json
      User-Agent:
      - ms-fabric-cli-test/1.3.1
    method: GET
    uri: https://api.fabric.microsoft.com/v1/workspaces/4b786514-ff85-4824-88c0-4d0b64b491f1/folders?recursive=True
  response:
    body:
      string: '{"value": [{"id": "2ad4d285-440e-4753-b8d9-dcceaa4564a0", "displayName":
        "fabcli000001", "workspaceId": "4b786514-ff85-4824-88c0-4d0b64b491f1"}]}'
    headers:
      Access-Control-Expose-Headers:
      - RequestId
      Cache-Control:
      - no-store, must-revalidate, no-cache
      Content-Encoding:
      - gzip
      Content-Length:
      - '143'
      Content-Type:
      - application/json; charset=utf-8
      Date:
      - Tue, 20 Jan 2026 06:33:47 GMT
      Pragma:
      - no-cache
      RequestId:
      - 13178d6b-df76-4254-8b45-8420a06755f7
      Strict-Transport-Security:
      - max-age=31536000; includeSubDomains
      X-Content-Type-Options:
      - nosniff
      X-Frame-Options:
      - deny
      home-cluster-uri:
      - https://wabi-us-central-b-primary-redirect.analysis.windows.net/
      request-redirected:
      - 'true'
    status:
      code: 200
      message: OK
- request:
    body: null
    headers:
      Accept:
      - '*/*'
      Accept-Encoding:
      - gzip, deflate
      Connection:
      - keep-alive
      Content-Type:
      - application/json
      User-Agent:
      - ms-fabric-cli-test/1.3.1
    method: GET
    uri: https://api.fabric.microsoft.com/v1/workspaces/4b786514-ff85-4824-88c0-4d0b64b491f1/folders?recursive=True
  response:
    body:
      string: '{"value": [{"id": "2ad4d285-440e-4753-b8d9-dcceaa4564a0", "displayName":
        "fabcli000001", "workspaceId": "4b786514-ff85-4824-88c0-4d0b64b491f1"}]}'
    headers:
      Access-Control-Expose-Headers:
      - RequestId
      Cache-Control:
      - no-store, must-revalidate, no-cache
      Content-Encoding:
      - gzip
      Content-Length:
      - '143'
      Content-Type:
      - application/json; charset=utf-8
      Date:
      - Tue, 20 Jan 2026 06:33:49 GMT
      Pragma:
      - no-cache
      RequestId:
      - 28bb3010-6233-456d-8bbf-9138ef914857
      Strict-Transport-Security:
      - max-age=31536000; includeSubDomains
      X-Content-Type-Options:
      - nosniff
      X-Frame-Options:
      - deny
      home-cluster-uri:
      - https://wabi-us-central-b-primary-redirect.analysis.windows.net/
      request-redirected:
      - 'true'
    status:
      code: 200
      message: OK
- request:
    body: null
    headers:
      Accept:
      - '*/*'
      Accept-Encoding:
      - gzip, deflate
      Connection:
      - keep-alive
      Content-Length:
      - '0'
      Content-Type:
      - application/json
      User-Agent:
      - ms-fabric-cli-test/1.3.1
    method: DELETE
    uri: https://api.fabric.microsoft.com/v1/workspaces/4b786514-ff85-4824-88c0-4d0b64b491f1/items/7874a54b-cfa3-4885-820a-e5e6b6593731
  response:
    body:
      string: ''
    headers:
      Access-Control-Expose-Headers:
      - RequestId
      Cache-Control:
      - no-store, must-revalidate, no-cache
      Content-Encoding:
      - gzip
      Content-Length:
      - '0'
      Content-Type:
      - application/octet-stream
      Date:
      - Tue, 20 Jan 2026 06:33:49 GMT
      Pragma:
      - no-cache
      RequestId:
      - 155444b0-3146-46ca-9458-0282f3dcb4a0
      Strict-Transport-Security:
      - max-age=31536000; includeSubDomains
      X-Content-Type-Options:
      - nosniff
      X-Frame-Options:
      - deny
      home-cluster-uri:
      - https://wabi-us-central-b-primary-redirect.analysis.windows.net/
      request-redirected:
      - 'true'
    status:
      code: 200
      message: OK
- request:
    body: null
    headers:
      Accept:
      - '*/*'
      Accept-Encoding:
      - gzip, deflate
      Connection:
      - keep-alive
      Content-Type:
      - application/json
      User-Agent:
      - ms-fabric-cli-test/1.3.1
    method: GET
    uri: https://api.fabric.microsoft.com/v1/workspaces
  response:
    body:
      string: '{"value": [{"id": "4b786514-ff85-4824-88c0-4d0b64b491f1", "displayName":
        "fabriccli_WorkspacePerTestclass_000001", "description": "Created by fab",
        "type": "Workspace", "capacityId": "07b1fd56-9969-4ff5-a2c8-05df5f82759a"}]}'
    headers:
      Access-Control-Expose-Headers:
      - RequestId
      Cache-Control:
      - no-store, must-revalidate, no-cache
      Content-Encoding:
      - gzip
      Content-Length:
      - '6347'
      Content-Type:
      - application/json; charset=utf-8
      Date:
      - Tue, 20 Jan 2026 06:33:50 GMT
      Pragma:
      - no-cache
      RequestId:
      - 181a5920-1acb-4c85-a092-98d03f53c098
      Strict-Transport-Security:
      - max-age=31536000; includeSubDomains
      X-Content-Type-Options:
      - nosniff
      X-Frame-Options:
      - deny
      home-cluster-uri:
      - https://wabi-us-central-b-primary-redirect.analysis.windows.net/
      request-redirected:
      - 'true'
    status:
      code: 200
      message: OK
- request:
    body: null
    headers:
      Accept:
      - '*/*'
      Accept-Encoding:
      - gzip, deflate
      Connection:
      - keep-alive
      Content-Type:
      - application/json
      User-Agent:
      - ms-fabric-cli-test/1.3.1
    method: GET
    uri: https://api.fabric.microsoft.com/v1/workspaces/4b786514-ff85-4824-88c0-4d0b64b491f1/items
  response:
    body:
      string: '{"value": [{"id": "1e6ade35-ae82-44d6-81a1-5101e2816cb8", "type": "SQLEndpoint",
        "displayName": "fabcli000002", "description": "", "workspaceId": "4b786514-ff85-4824-88c0-4d0b64b491f1"},
        {"id": "a58775d4-ac2d-4fec-b788-d1588530a32a", "type": "SQLDatabase", "displayName":
        "fabcli000002", "description": "Created by fab", "workspaceId": "4b786514-ff85-4824-88c0-4d0b64b491f1"}]}'
    headers:
      Access-Control-Expose-Headers:
      - RequestId
      Cache-Control:
      - no-store, must-revalidate, no-cache
      Content-Encoding:
      - gzip
      Content-Length:
      - '225'
      Content-Type:
      - application/json; charset=utf-8
      Date:
      - Tue, 20 Jan 2026 06:33:51 GMT
      Pragma:
      - no-cache
      RequestId:
      - 0497ca3d-3d47-4f64-89f7-a0e0d0c79547
      Strict-Transport-Security:
      - max-age=31536000; includeSubDomains
      X-Content-Type-Options:
      - nosniff
      X-Frame-Options:
      - deny
      home-cluster-uri:
      - https://wabi-us-central-b-primary-redirect.analysis.windows.net/
      request-redirected:
      - 'true'
    status:
      code: 200
      message: OK
- request:
    body: null
    headers:
      Accept:
      - '*/*'
      Accept-Encoding:
      - gzip, deflate
      Connection:
      - keep-alive
      Content-Length:
      - '0'
      Content-Type:
      - application/json
      User-Agent:
      - ms-fabric-cli-test/1.3.1
    method: DELETE
    uri: https://api.fabric.microsoft.com/v1/workspaces/4b786514-ff85-4824-88c0-4d0b64b491f1/items/a58775d4-ac2d-4fec-b788-d1588530a32a
  response:
    body:
      string: ''
    headers:
      Access-Control-Expose-Headers:
      - RequestId
      Cache-Control:
      - no-store, must-revalidate, no-cache
      Content-Encoding:
      - gzip
      Content-Length:
      - '0'
      Content-Type:
      - application/octet-stream
      Date:
      - Tue, 20 Jan 2026 06:33:52 GMT
      Pragma:
      - no-cache
      RequestId:
      - 305e17cc-a80d-4477-9142-83ec6d163632
      Strict-Transport-Security:
      - max-age=31536000; includeSubDomains
      X-Content-Type-Options:
      - nosniff
      X-Frame-Options:
      - deny
      home-cluster-uri:
      - https://wabi-us-central-b-primary-redirect.analysis.windows.net/
      request-redirected:
      - 'true'
    status:
      code: 200
      message: OK
- request:
    body: null
    headers:
      Accept:
      - '*/*'
      Accept-Encoding:
      - gzip, deflate
      Connection:
      - keep-alive
      Content-Type:
      - application/json
      User-Agent:
      - ms-fabric-cli-test/1.3.1
    method: GET
    uri: https://api.fabric.microsoft.com/v1/workspaces
  response:
    body:
      string: '{"value": [{"id": "4b786514-ff85-4824-88c0-4d0b64b491f1", "displayName":
        "fabriccli_WorkspacePerTestclass_000001", "description": "Created by fab",
        "type": "Workspace", "capacityId": "07b1fd56-9969-4ff5-a2c8-05df5f82759a"}]}'
    headers:
      Access-Control-Expose-Headers:
      - RequestId
      Cache-Control:
      - no-store, must-revalidate, no-cache
      Content-Encoding:
      - gzip
      Content-Length:
      - '6347'
      Content-Type:
      - application/json; charset=utf-8
      Date:
      - Tue, 20 Jan 2026 06:33:52 GMT
      Pragma:
      - no-cache
      RequestId:
      - 3b6e4cbf-dabd-4647-823e-f4b291aad4af
      Strict-Transport-Security:
      - max-age=31536000; includeSubDomains
      X-Content-Type-Options:
      - nosniff
      X-Frame-Options:
      - deny
      home-cluster-uri:
      - https://wabi-us-central-b-primary-redirect.analysis.windows.net/
      request-redirected:
      - 'true'
    status:
      code: 200
      message: OK
- request:
    body: null
    headers:
      Accept:
      - '*/*'
      Accept-Encoding:
      - gzip, deflate
      Connection:
      - keep-alive
      Content-Type:
      - application/json
      User-Agent:
      - ms-fabric-cli-test/1.3.1
    method: GET
    uri: https://api.fabric.microsoft.com/v1/workspaces/4b786514-ff85-4824-88c0-4d0b64b491f1/folders?recursive=True
  response:
    body:
      string: '{"value": [{"id": "2ad4d285-440e-4753-b8d9-dcceaa4564a0", "displayName":
        "fabcli000001", "workspaceId": "4b786514-ff85-4824-88c0-4d0b64b491f1"}]}'
    headers:
      Access-Control-Expose-Headers:
      - RequestId
      Cache-Control:
      - no-store, must-revalidate, no-cache
      Content-Encoding:
      - gzip
      Content-Length:
      - '143'
      Content-Type:
      - application/json; charset=utf-8
      Date:
      - Tue, 20 Jan 2026 06:33:53 GMT
      Pragma:
      - no-cache
      RequestId:
      - ace6f75a-3d32-4914-89d2-55d0d422bb7a
      Strict-Transport-Security:
      - max-age=31536000; includeSubDomains
      X-Content-Type-Options:
      - nosniff
      X-Frame-Options:
      - deny
      home-cluster-uri:
      - https://wabi-us-central-b-primary-redirect.analysis.windows.net/
      request-redirected:
      - 'true'
    status:
      code: 200
      message: OK
- request:
    body: null
    headers:
      Accept:
      - '*/*'
      Accept-Encoding:
      - gzip, deflate
      Connection:
      - keep-alive
      Content-Length:
      - '0'
      Content-Type:
      - application/json
      User-Agent:
      - ms-fabric-cli-test/1.3.1
    method: DELETE
    uri: https://api.fabric.microsoft.com/v1/workspaces/4b786514-ff85-4824-88c0-4d0b64b491f1/folders/2ad4d285-440e-4753-b8d9-dcceaa4564a0
  response:
    body:
      string: ''
    headers:
      Access-Control-Expose-Headers:
      - RequestId
      Cache-Control:
      - no-store, must-revalidate, no-cache
      Content-Encoding:
      - gzip
      Content-Length:
      - '0'
      Content-Type:
      - application/octet-stream
      Date:
      - Tue, 20 Jan 2026 06:33:55 GMT
      Pragma:
      - no-cache
      RequestId:
      - b860ed82-8330-4a3e-9aae-4c3bc7ca6f4f
      Strict-Transport-Security:
      - max-age=31536000; includeSubDomains
      X-Content-Type-Options:
      - nosniff
      X-Frame-Options:
      - deny
      home-cluster-uri:
      - https://wabi-us-central-b-primary-redirect.analysis.windows.net/
      request-redirected:
      - 'true'
    status:
      code: 200
      message: OK
version: 1
