interactions:
- request:
    body: null
    headers:
      Accept:
      - '*/*'
      Accept-Encoding:
      - gzip, deflate
      Connection:
      - keep-alive
      Content-Type:
      - application/json
      User-Agent:
      - ms-fabric-cli-test/1.3.1
    method: GET
    uri: https://api.fabric.microsoft.com/v1/workspaces
  response:
    body:
      string: '{"value": [{"id": "3634a139-2c9e-4205-910b-3b089a31be47", "displayName":
        "My workspace", "description": "", "type": "Personal"}, {"id": "368f354f-9d92-4982-b04b-9c397928cdf0",
        "displayName": "fabriccli_WorkspacePerTestclass_000001", "description": "Created
        by fab", "type": "Workspace", "capacityId": "00000000-0000-0000-0000-000000000004"}]}'
    headers:
      Access-Control-Expose-Headers:
      - RequestId
      Cache-Control:
      - no-store, must-revalidate, no-cache
      Content-Encoding:
      - gzip
      Content-Length:
      - '2304'
      Content-Type:
      - application/json; charset=utf-8
      Date:
      - Thu, 29 Jan 2026 06:51:35 GMT
      Pragma:
      - no-cache
      RequestId:
      - 8e066981-679d-4046-a6a0-d19b6db10f23
      Strict-Transport-Security:
      - max-age=31536000; includeSubDomains
      X-Content-Type-Options:
      - nosniff
      X-Frame-Options:
      - deny
      home-cluster-uri:
      - https://wabi-us-central-b-primary-redirect.analysis.windows.net/
      request-redirected:
      - 'true'
    status:
      code: 200
      message: OK
- request:
    body: null
    headers:
      Accept:
      - '*/*'
      Accept-Encoding:
      - gzip, deflate
      Connection:
      - keep-alive
      Content-Type:
      - application/json
      User-Agent:
      - ms-fabric-cli-test/1.3.1
    method: GET
    uri: https://api.fabric.microsoft.com/v1/workspaces/368f354f-9d92-4982-b04b-9c397928cdf0/items
  response:
    body:
      string: '{"value": [{"id": "c0655a25-e6f8-4858-b332-e84f704df3c0", "type": "SemanticModel",
        "displayName": "fabcli000001_auto", "description": "", "workspaceId": "368f354f-9d92-4982-b04b-9c397928cdf0"},
        {"id": "eb993493-fcab-4245-8f15-5b31d00680fb", "type": "SemanticModel", "displayName":
        "fabcli000001_auto", "description": "", "workspaceId": "368f354f-9d92-4982-b04b-9c397928cdf0"},
        {"id": "19c63aee-97f0-479d-8d5f-b90a4de61ccd", "type": "SQLEndpoint", "displayName":
        "StagingLakehouseForDataflows_20260129064248", "description": "", "workspaceId":
        "368f354f-9d92-4982-b04b-9c397928cdf0"}, {"id": "8339a561-3c03-407d-bf76-a117b084783a",
        "type": "Warehouse", "displayName": "StagingWarehouseForDataflows_20260129064311",
        "description": "", "workspaceId": "368f354f-9d92-4982-b04b-9c397928cdf0"},
        {"id": "e8521ae4-1482-4b12-b037-6d82d2c8a277", "type": "Lakehouse", "displayName":
        "StagingLakehouseForDataflows_20260129064248", "description": "", "workspaceId":
        "368f354f-9d92-4982-b04b-9c397928cdf0"}]}'
    headers:
      Access-Control-Expose-Headers:
      - RequestId
      Cache-Control:
      - no-store, must-revalidate, no-cache
      Content-Encoding:
      - gzip
      Content-Length:
      - '363'
      Content-Type:
      - application/json; charset=utf-8
      Date:
      - Thu, 29 Jan 2026 06:51:36 GMT
      Pragma:
      - no-cache
      RequestId:
      - 01cb76a9-4b28-438a-84cf-172f6495954c
      Strict-Transport-Security:
      - max-age=31536000; includeSubDomains
      X-Content-Type-Options:
      - nosniff
      X-Frame-Options:
      - deny
      home-cluster-uri:
      - https://wabi-us-central-b-primary-redirect.analysis.windows.net/
      request-redirected:
      - 'true'
    status:
      code: 200
      message: OK
- request:
    body: null
    headers:
      Accept:
      - '*/*'
      Accept-Encoding:
      - gzip, deflate
      Connection:
      - keep-alive
      Content-Type:
      - application/json
      User-Agent:
      - ms-fabric-cli-test/1.3.1
    method: GET
    uri: https://api.fabric.microsoft.com/v1/workspaces/368f354f-9d92-4982-b04b-9c397928cdf0/items
  response:
    body:
      string: '{"value": [{"id": "c0655a25-e6f8-4858-b332-e84f704df3c0", "type": "SemanticModel",
        "displayName": "fabcli000001_auto", "description": "", "workspaceId": "368f354f-9d92-4982-b04b-9c397928cdf0"},
        {"id": "eb993493-fcab-4245-8f15-5b31d00680fb", "type": "SemanticModel", "displayName":
        "fabcli000001_auto", "description": "", "workspaceId": "368f354f-9d92-4982-b04b-9c397928cdf0"},
        {"id": "19c63aee-97f0-479d-8d5f-b90a4de61ccd", "type": "SQLEndpoint", "displayName":
        "StagingLakehouseForDataflows_20260129064248", "description": "", "workspaceId":
        "368f354f-9d92-4982-b04b-9c397928cdf0"}, {"id": "8339a561-3c03-407d-bf76-a117b084783a",
        "type": "Warehouse", "displayName": "StagingWarehouseForDataflows_20260129064311",
        "description": "", "workspaceId": "368f354f-9d92-4982-b04b-9c397928cdf0"},
        {"id": "e8521ae4-1482-4b12-b037-6d82d2c8a277", "type": "Lakehouse", "displayName":
        "StagingLakehouseForDataflows_20260129064248", "description": "", "workspaceId":
        "368f354f-9d92-4982-b04b-9c397928cdf0"}]}'
    headers:
      Access-Control-Expose-Headers:
      - RequestId
      Cache-Control:
      - no-store, must-revalidate, no-cache
      Content-Encoding:
      - gzip
      Content-Length:
      - '363'
      Content-Type:
      - application/json; charset=utf-8
      Date:
      - Thu, 29 Jan 2026 06:51:37 GMT
      Pragma:
      - no-cache
      RequestId:
      - ff9bcc82-9cab-4a4f-a32a-d76328d212a8
      Strict-Transport-Security:
      - max-age=31536000; includeSubDomains
      X-Content-Type-Options:
      - nosniff
      X-Frame-Options:
      - deny
      home-cluster-uri:
      - https://wabi-us-central-b-primary-redirect.analysis.windows.net/
      request-redirected:
      - 'true'
    status:
      code: 200
      message: OK
- request:
    body: '{"description": "Created by fab", "displayName": "fabcli000001", "type":
      "Warehouse", "folderId": null, "creationPayload": {"defaultCollation": "Latin1_General_100_BIN2_UTF8"}}'
    headers:
      Accept:
      - '*/*'
      Accept-Encoding:
      - gzip, deflate
      Connection:
      - keep-alive
      Content-Length:
      - '180'
      Content-Type:
      - application/json
      User-Agent:
      - ms-fabric-cli-test/1.3.1
    method: POST
    uri: https://api.fabric.microsoft.com/v1/workspaces/368f354f-9d92-4982-b04b-9c397928cdf0/warehouses
  response:
    body:
      string: 'null'
    headers:
      Access-Control-Expose-Headers:
      - RequestId,Location,Retry-After,ETag,x-ms-operation-id
      Cache-Control:
      - no-store, must-revalidate, no-cache
      Content-Encoding:
      - gzip
      Content-Length:
      - '24'
      Content-Type:
      - application/json; charset=utf-8
      Date:
      - Thu, 29 Jan 2026 06:51:37 GMT
      ETag:
      - '""'
      Location:
      - https://wabi-us-central-b-primary-redirect.analysis.windows.net/v1/operations/1248ebcb-26cf-4a01-9271-eeced1170b6c
      Pragma:
      - no-cache
      RequestId:
      - 01f8bb5e-aa4c-4789-81af-a577b5ef8c66
      Retry-After:
      - '20'
      Strict-Transport-Security:
      - max-age=31536000; includeSubDomains
      X-Content-Type-Options:
      - nosniff
      X-Frame-Options:
      - deny
      home-cluster-uri:
      - https://wabi-us-central-b-primary-redirect.analysis.windows.net/
      request-redirected:
      - 'true'
      x-ms-operation-id:
      - 1248ebcb-26cf-4a01-9271-eeced1170b6c
    status:
      code: 202
      message: Accepted
- request:
    body: null
    headers:
      Accept:
      - '*/*'
      Accept-Encoding:
      - gzip, deflate
      Connection:
      - keep-alive
      Content-Type:
      - application/json
      User-Agent:
      - ms-fabric-cli-test/1.3.1
    method: GET
    uri: https://wabi-us-central-b-primary-redirect.analysis.windows.net/v1/operations/1248ebcb-26cf-4a01-9271-eeced1170b6c
  response:
    body:
      string: '{"status": "Succeeded", "createdTimeUtc": "2026-01-29T06:51:38.3136788",
        "lastUpdatedTimeUtc": "2026-01-29T06:51:43.0948943", "percentComplete": 100,
        "error": null}'
    headers:
      Access-Control-Expose-Headers:
      - RequestId,Location,x-ms-operation-id
      Cache-Control:
      - no-store, must-revalidate, no-cache
      Content-Encoding:
      - gzip
      Content-Length:
      - '132'
      Content-Type:
      - application/json; charset=utf-8
      Date:
      - Thu, 29 Jan 2026 06:52:00 GMT
      Location:
      - https://wabi-us-central-b-primary-redirect.analysis.windows.net/v1/operations/1248ebcb-26cf-4a01-9271-eeced1170b6c/result
      Pragma:
      - no-cache
      RequestId:
      - 7fb11de8-611d-4d66-b876-3c4a3caf2744
      Strict-Transport-Security:
      - max-age=31536000; includeSubDomains
      X-Content-Type-Options:
      - nosniff
      X-Frame-Options:
      - deny
      x-ms-operation-id:
      - 1248ebcb-26cf-4a01-9271-eeced1170b6c
    status:
      code: 200
      message: OK
- request:
    body: null
    headers:
      Accept:
      - '*/*'
      Accept-Encoding:
      - gzip, deflate
      Connection:
      - keep-alive
      Content-Type:
      - application/json
      User-Agent:
      - ms-fabric-cli-test/1.3.1
    method: GET
    uri: https://wabi-us-central-b-primary-redirect.analysis.windows.net/v1/operations/1248ebcb-26cf-4a01-9271-eeced1170b6c/result
  response:
    body:
      string: '{"id": "d565888b-b7a0-4322-a736-4aebb5804ea8", "type": "Warehouse",
        "displayName": "fabcli000001", "description": "Created by fab", "workspaceId":
        "368f354f-9d92-4982-b04b-9c397928cdf0"}'
    headers:
      Access-Control-Expose-Headers:
      - RequestId
      Cache-Control:
      - no-store, must-revalidate, no-cache
      Content-Encoding:
      - gzip
      Content-Type:
      - application/json
      Date:
      - Thu, 29 Jan 2026 06:52:00 GMT
      Pragma:
      - no-cache
      RequestId:
      - bc4b26cd-5651-463b-9457-e49058dacd55
      Strict-Transport-Security:
      - max-age=31536000; includeSubDomains
      Transfer-Encoding:
      - chunked
      X-Content-Type-Options:
      - nosniff
      X-Frame-Options:
      - deny
    status:
      code: 200
      message: OK
- request:
    body: null
    headers:
      Accept:
      - '*/*'
      Accept-Encoding:
      - gzip, deflate
      Connection:
      - keep-alive
      Content-Type:
      - application/json
      User-Agent:
      - ms-fabric-cli-test/1.3.1
    method: GET
    uri: https://api.fabric.microsoft.com/v1/workspaces
  response:
    body:
      string: '{"value": [{"id": "3634a139-2c9e-4205-910b-3b089a31be47", "displayName":
        "My workspace", "description": "", "type": "Personal"}, {"id": "368f354f-9d92-4982-b04b-9c397928cdf0",
        "displayName": "fabriccli_WorkspacePerTestclass_000001", "description": "Created
        by fab", "type": "Workspace", "capacityId": "00000000-0000-0000-0000-000000000004"}]}'
    headers:
      Access-Control-Expose-Headers:
      - RequestId
      Cache-Control:
      - no-store, must-revalidate, no-cache
      Content-Encoding:
      - gzip
      Content-Length:
      - '2304'
      Content-Type:
      - application/json; charset=utf-8
      Date:
      - Thu, 29 Jan 2026 06:52:02 GMT
      Pragma:
      - no-cache
      RequestId:
      - 6334cc83-313c-4aef-8aa5-18d74d01f5c2
      Strict-Transport-Security:
      - max-age=31536000; includeSubDomains
      X-Content-Type-Options:
      - nosniff
      X-Frame-Options:
      - deny
      home-cluster-uri:
      - https://wabi-us-central-b-primary-redirect.analysis.windows.net/
      request-redirected:
      - 'true'
    status:
      code: 200
      message: OK
- request:
    body: null
    headers:
      Accept:
      - '*/*'
      Accept-Encoding:
      - gzip, deflate
      Connection:
      - keep-alive
      Content-Type:
      - application/json
      User-Agent:
      - ms-fabric-cli-test/1.3.1
    method: GET
    uri: https://api.fabric.microsoft.com/v1/workspaces/368f354f-9d92-4982-b04b-9c397928cdf0/items
  response:
    body:
      string: '{"value": [{"id": "c0655a25-e6f8-4858-b332-e84f704df3c0", "type": "SemanticModel",
        "displayName": "fabcli000001_auto", "description": "", "workspaceId": "368f354f-9d92-4982-b04b-9c397928cdf0"},
        {"id": "eb993493-fcab-4245-8f15-5b31d00680fb", "type": "SemanticModel", "displayName":
        "fabcli000001_auto", "description": "", "workspaceId": "368f354f-9d92-4982-b04b-9c397928cdf0"},
        {"id": "19c63aee-97f0-479d-8d5f-b90a4de61ccd", "type": "SQLEndpoint", "displayName":
        "StagingLakehouseForDataflows_20260129064248", "description": "", "workspaceId":
        "368f354f-9d92-4982-b04b-9c397928cdf0"}, {"id": "8339a561-3c03-407d-bf76-a117b084783a",
        "type": "Warehouse", "displayName": "StagingWarehouseForDataflows_20260129064311",
        "description": "", "workspaceId": "368f354f-9d92-4982-b04b-9c397928cdf0"},
        {"id": "d565888b-b7a0-4322-a736-4aebb5804ea8", "type": "Warehouse", "displayName":
        "fabcli000001", "description": "Created by fab", "workspaceId": "368f354f-9d92-4982-b04b-9c397928cdf0"},
        {"id": "e8521ae4-1482-4b12-b037-6d82d2c8a277", "type": "Lakehouse", "displayName":
        "StagingLakehouseForDataflows_20260129064248", "description": "", "workspaceId":
        "368f354f-9d92-4982-b04b-9c397928cdf0"}]}'
    headers:
      Access-Control-Expose-Headers:
      - RequestId
      Cache-Control:
      - no-store, must-revalidate, no-cache
      Content-Encoding:
      - gzip
      Content-Length:
      - '414'
      Content-Type:
      - application/json; charset=utf-8
      Date:
      - Thu, 29 Jan 2026 06:52:02 GMT
      Pragma:
      - no-cache
      RequestId:
      - 41dd9c7c-d87e-4c30-a694-ddb32b2fc21d
      Strict-Transport-Security:
      - max-age=31536000; includeSubDomains
      X-Content-Type-Options:
      - nosniff
      X-Frame-Options:
      - deny
      home-cluster-uri:
      - https://wabi-us-central-b-primary-redirect.analysis.windows.net/
      request-redirected:
      - 'true'
    status:
      code: 200
      message: OK
- request:
    body: null
    headers:
      Accept:
      - '*/*'
      Accept-Encoding:
      - gzip, deflate
      Connection:
      - keep-alive
      Content-Type:
      - application/json
      User-Agent:
      - ms-fabric-cli-test/1.3.1
    method: GET
    uri: https://api.fabric.microsoft.com/v1/workspaces/368f354f-9d92-4982-b04b-9c397928cdf0/folders?recursive=True
  response:
    body:
      string: '{"value": []}'
    headers:
      Access-Control-Expose-Headers:
      - RequestId
      Cache-Control:
      - no-store, must-revalidate, no-cache
      Content-Encoding:
      - gzip
      Content-Length:
      - '32'
      Content-Type:
      - application/json; charset=utf-8
      Date:
      - Thu, 29 Jan 2026 06:52:03 GMT
      Pragma:
      - no-cache
      RequestId:
      - ca9b0244-e778-43df-9330-b1f3b0b97057
      Strict-Transport-Security:
      - max-age=31536000; includeSubDomains
      X-Content-Type-Options:
      - nosniff
      X-Frame-Options:
      - deny
      home-cluster-uri:
      - https://wabi-us-central-b-primary-redirect.analysis.windows.net/
      request-redirected:
      - 'true'
    status:
      code: 200
      message: OK
- request:
    body: null
    headers:
      Accept:
      - '*/*'
      Accept-Encoding:
      - gzip, deflate
      Connection:
      - keep-alive
      Content-Type:
      - application/json
      User-Agent:
      - ms-fabric-cli-test/1.3.1
    method: GET
    uri: https://api.fabric.microsoft.com/v1/workspaces
  response:
    body:
      string: '{"value": [{"id": "3634a139-2c9e-4205-910b-3b089a31be47", "displayName":
        "My workspace", "description": "", "type": "Personal"}, {"id": "368f354f-9d92-4982-b04b-9c397928cdf0",
        "displayName": "fabriccli_WorkspacePerTestclass_000001", "description": "Created
        by fab", "type": "Workspace", "capacityId": "00000000-0000-0000-0000-000000000004"}]}'
    headers:
      Access-Control-Expose-Headers:
      - RequestId
      Cache-Control:
      - no-store, must-revalidate, no-cache
      Content-Encoding:
      - gzip
      Content-Length:
      - '2304'
      Content-Type:
      - application/json; charset=utf-8
      Date:
      - Thu, 29 Jan 2026 06:52:04 GMT
      Pragma:
      - no-cache
      RequestId:
      - 4e1c0014-410b-468a-bde1-841531ca45e1
      Strict-Transport-Security:
      - max-age=31536000; includeSubDomains
      X-Content-Type-Options:
      - nosniff
      X-Frame-Options:
      - deny
      home-cluster-uri:
      - https://wabi-us-central-b-primary-redirect.analysis.windows.net/
      request-redirected:
      - 'true'
    status:
      code: 200
      message: OK
- request:
    body: null
    headers:
      Accept:
      - '*/*'
      Accept-Encoding:
      - gzip, deflate
      Connection:
      - keep-alive
      Content-Type:
      - application/json
      User-Agent:
      - ms-fabric-cli-test/1.3.1
    method: GET
    uri: https://api.fabric.microsoft.com/v1/workspaces/368f354f-9d92-4982-b04b-9c397928cdf0/items
  response:
    body:
      string: '{"value": [{"id": "c0655a25-e6f8-4858-b332-e84f704df3c0", "type": "SemanticModel",
        "displayName": "fabcli000001_auto", "description": "", "workspaceId": "368f354f-9d92-4982-b04b-9c397928cdf0"},
        {"id": "eb993493-fcab-4245-8f15-5b31d00680fb", "type": "SemanticModel", "displayName":
        "fabcli000001_auto", "description": "", "workspaceId": "368f354f-9d92-4982-b04b-9c397928cdf0"},
        {"id": "19c63aee-97f0-479d-8d5f-b90a4de61ccd", "type": "SQLEndpoint", "displayName":
        "StagingLakehouseForDataflows_20260129064248", "description": "", "workspaceId":
        "368f354f-9d92-4982-b04b-9c397928cdf0"}, {"id": "8339a561-3c03-407d-bf76-a117b084783a",
        "type": "Warehouse", "displayName": "StagingWarehouseForDataflows_20260129064311",
        "description": "", "workspaceId": "368f354f-9d92-4982-b04b-9c397928cdf0"},
        {"id": "d565888b-b7a0-4322-a736-4aebb5804ea8", "type": "Warehouse", "displayName":
        "fabcli000001", "description": "Created by fab", "workspaceId": "368f354f-9d92-4982-b04b-9c397928cdf0"},
        {"id": "e8521ae4-1482-4b12-b037-6d82d2c8a277", "type": "Lakehouse", "displayName":
        "StagingLakehouseForDataflows_20260129064248", "description": "", "workspaceId":
        "368f354f-9d92-4982-b04b-9c397928cdf0"}]}'
    headers:
      Access-Control-Expose-Headers:
      - RequestId
      Cache-Control:
      - no-store, must-revalidate, no-cache
      Content-Encoding:
      - gzip
      Content-Length:
      - '414'
      Content-Type:
      - application/json; charset=utf-8
      Date:
      - Thu, 29 Jan 2026 06:52:04 GMT
      Pragma:
      - no-cache
      RequestId:
      - 5a901f6c-312c-4000-b947-3021a52aa661
      Strict-Transport-Security:
      - max-age=31536000; includeSubDomains
      X-Content-Type-Options:
      - nosniff
      X-Frame-Options:
      - deny
      home-cluster-uri:
      - https://wabi-us-central-b-primary-redirect.analysis.windows.net/
      request-redirected:
      - 'true'
    status:
      code: 200
      message: OK
- request:
    body: null
    headers:
      Accept:
      - '*/*'
      Accept-Encoding:
      - gzip, deflate
      Connection:
      - keep-alive
      Content-Type:
      - application/json
      User-Agent:
      - ms-fabric-cli-test/1.3.1
    method: GET
    uri: https://api.fabric.microsoft.com/v1/workspaces/368f354f-9d92-4982-b04b-9c397928cdf0/folders?recursive=True
  response:
    body:
      string: '{"value": []}'
    headers:
      Access-Control-Expose-Headers:
      - RequestId
      Cache-Control:
      - no-store, must-revalidate, no-cache
      Content-Encoding:
      - gzip
      Content-Length:
      - '32'
      Content-Type:
      - application/json; charset=utf-8
      Date:
      - Thu, 29 Jan 2026 06:52:04 GMT
      Pragma:
      - no-cache
      RequestId:
      - edaa1d6e-696c-484d-a8eb-c07d6ade16d8
      Strict-Transport-Security:
      - max-age=31536000; includeSubDomains
      X-Content-Type-Options:
      - nosniff
      X-Frame-Options:
      - deny
      home-cluster-uri:
      - https://wabi-us-central-b-primary-redirect.analysis.windows.net/
      request-redirected:
      - 'true'
    status:
      code: 200
      message: OK
- request:
    body: null
    headers:
      Accept:
      - '*/*'
      Accept-Encoding:
      - gzip, deflate
      Connection:
      - keep-alive
      Content-Type:
      - application/json
      User-Agent:
      - ms-fabric-cli-test/1.3.1
    method: GET
    uri: https://api.fabric.microsoft.com/v1/workspaces
  response:
    body:
      string: '{"value": [{"id": "3634a139-2c9e-4205-910b-3b089a31be47", "displayName":
        "My workspace", "description": "", "type": "Personal"}, {"id": "368f354f-9d92-4982-b04b-9c397928cdf0",
        "displayName": "fabriccli_WorkspacePerTestclass_000001", "description": "Created
        by fab", "type": "Workspace", "capacityId": "00000000-0000-0000-0000-000000000004"}]}'
    headers:
      Access-Control-Expose-Headers:
      - RequestId
      Cache-Control:
      - no-store, must-revalidate, no-cache
      Content-Encoding:
      - gzip
      Content-Length:
      - '2304'
      Content-Type:
      - application/json; charset=utf-8
      Date:
      - Thu, 29 Jan 2026 06:52:05 GMT
      Pragma:
      - no-cache
      RequestId:
      - 2ce51898-2ed0-42b7-a62c-725ac952bc7a
      Strict-Transport-Security:
      - max-age=31536000; includeSubDomains
      X-Content-Type-Options:
      - nosniff
      X-Frame-Options:
      - deny
      home-cluster-uri:
      - https://wabi-us-central-b-primary-redirect.analysis.windows.net/
      request-redirected:
      - 'true'
    status:
      code: 200
      message: OK
- request:
    body: null
    headers:
      Accept:
      - '*/*'
      Accept-Encoding:
      - gzip, deflate
      Connection:
      - keep-alive
      Content-Type:
      - application/json
      User-Agent:
      - ms-fabric-cli-test/1.3.1
    method: GET
    uri: https://api.fabric.microsoft.com/v1/workspaces/368f354f-9d92-4982-b04b-9c397928cdf0/items
  response:
    body:
      string: '{"value": [{"id": "c0655a25-e6f8-4858-b332-e84f704df3c0", "type": "SemanticModel",
        "displayName": "fabcli000001_auto", "description": "", "workspaceId": "368f354f-9d92-4982-b04b-9c397928cdf0"},
        {"id": "eb993493-fcab-4245-8f15-5b31d00680fb", "type": "SemanticModel", "displayName":
        "fabcli000001_auto", "description": "", "workspaceId": "368f354f-9d92-4982-b04b-9c397928cdf0"},
        {"id": "19c63aee-97f0-479d-8d5f-b90a4de61ccd", "type": "SQLEndpoint", "displayName":
        "StagingLakehouseForDataflows_20260129064248", "description": "", "workspaceId":
        "368f354f-9d92-4982-b04b-9c397928cdf0"}, {"id": "8339a561-3c03-407d-bf76-a117b084783a",
        "type": "Warehouse", "displayName": "StagingWarehouseForDataflows_20260129064311",
        "description": "", "workspaceId": "368f354f-9d92-4982-b04b-9c397928cdf0"},
        {"id": "d565888b-b7a0-4322-a736-4aebb5804ea8", "type": "Warehouse", "displayName":
        "fabcli000001", "description": "Created by fab", "workspaceId": "368f354f-9d92-4982-b04b-9c397928cdf0"},
        {"id": "e8521ae4-1482-4b12-b037-6d82d2c8a277", "type": "Lakehouse", "displayName":
        "StagingLakehouseForDataflows_20260129064248", "description": "", "workspaceId":
        "368f354f-9d92-4982-b04b-9c397928cdf0"}]}'
    headers:
      Access-Control-Expose-Headers:
      - RequestId
      Cache-Control:
      - no-store, must-revalidate, no-cache
      Content-Encoding:
      - gzip
      Content-Length:
      - '414'
      Content-Type:
      - application/json; charset=utf-8
      Date:
      - Thu, 29 Jan 2026 06:52:06 GMT
      Pragma:
      - no-cache
      RequestId:
      - 8bde4894-53b5-4b3d-8137-9097a861e6a4
      Strict-Transport-Security:
      - max-age=31536000; includeSubDomains
      X-Content-Type-Options:
      - nosniff
      X-Frame-Options:
      - deny
      home-cluster-uri:
      - https://wabi-us-central-b-primary-redirect.analysis.windows.net/
      request-redirected:
      - 'true'
    status:
      code: 200
      message: OK
- request:
    body: null
    headers:
      Accept:
      - '*/*'
      Accept-Encoding:
      - gzip, deflate
      Connection:
      - keep-alive
      Content-Type:
      - application/json
      User-Agent:
      - ms-fabric-cli-test/1.3.1
    method: GET
    uri: https://api.fabric.microsoft.com/v1/workspaces/368f354f-9d92-4982-b04b-9c397928cdf0/folders?recursive=True
  response:
    body:
      string: '{"requestId": "bcdc1da7-48d4-428f-b0a8-a83c055c769d", "errorCode":
        "RequestBlocked", "message": "Request is blocked by the upstream service until:
        1/29/2026 6:52:14 AM (UTC)"}'
    headers:
      Content-Length:
      - '170'
      Content-Type:
      - application/json; charset=utf-8
      Date:
      - Thu, 29 Jan 2026 06:52:06 GMT
      RequestId:
      - bcdc1da7-48d4-428f-b0a8-a83c055c769d
      Retry-After:
      - '7'
      home-cluster-uri:
      - https://wabi-us-central-b-primary-redirect.analysis.windows.net/
      request-redirected:
      - 'true'
      x-ms-public-api-error-code:
      - RequestBlocked
    status:
      code: 429
      message: ''
- request:
    body: null
    headers:
      Accept:
      - '*/*'
      Accept-Encoding:
      - gzip, deflate
      Connection:
      - keep-alive
      Content-Type:
      - application/json
      User-Agent:
      - ms-fabric-cli-test/1.3.1
    method: GET
    uri: https://api.fabric.microsoft.com/v1/workspaces/368f354f-9d92-4982-b04b-9c397928cdf0/folders?recursive=True
  response:
    body:
      string: '{"value": []}'
    headers:
      Access-Control-Expose-Headers:
      - RequestId
      Cache-Control:
      - no-store, must-revalidate, no-cache
      Content-Encoding:
      - gzip
      Content-Length:
      - '32'
      Content-Type:
      - application/json; charset=utf-8
      Date:
      - Thu, 29 Jan 2026 06:52:14 GMT
      Pragma:
      - no-cache
      RequestId:
      - 7e735406-95c4-4e4f-a119-4be144009d13
      Strict-Transport-Security:
      - max-age=31536000; includeSubDomains
      X-Content-Type-Options:
      - nosniff
      X-Frame-Options:
      - deny
      home-cluster-uri:
      - https://wabi-us-central-b-primary-redirect.analysis.windows.net/
      request-redirected:
      - 'true'
    status:
      code: 200
      message: OK
- request:
    body: null
    headers:
      Accept:
      - '*/*'
      Accept-Encoding:
      - gzip, deflate
      Connection:
      - keep-alive
      Content-Type:
      - application/json
      User-Agent:
      - ms-fabric-cli-test/1.3.1
    method: GET
    uri: https://api.fabric.microsoft.com/v1/workspaces
  response:
    body:
      string: '{"value": [{"id": "3634a139-2c9e-4205-910b-3b089a31be47", "displayName":
        "My workspace", "description": "", "type": "Personal"}, {"id": "368f354f-9d92-4982-b04b-9c397928cdf0",
        "displayName": "fabriccli_WorkspacePerTestclass_000001", "description": "Created
        by fab", "type": "Workspace", "capacityId": "00000000-0000-0000-0000-000000000004"}]}'
    headers:
      Access-Control-Expose-Headers:
      - RequestId
      Cache-Control:
      - no-store, must-revalidate, no-cache
      Content-Encoding:
      - gzip
      Content-Length:
      - '2304'
      Content-Type:
      - application/json; charset=utf-8
      Date:
      - Thu, 29 Jan 2026 06:52:15 GMT
      Pragma:
      - no-cache
      RequestId:
      - bea30a32-ece4-4da6-a239-de3c193d4cc3
      Strict-Transport-Security:
      - max-age=31536000; includeSubDomains
      X-Content-Type-Options:
      - nosniff
      X-Frame-Options:
      - deny
      home-cluster-uri:
      - https://wabi-us-central-b-primary-redirect.analysis.windows.net/
      request-redirected:
      - 'true'
    status:
      code: 200
      message: OK
- request:
    body: null
    headers:
      Accept:
      - '*/*'
      Accept-Encoding:
      - gzip, deflate
      Connection:
      - keep-alive
      Content-Type:
      - application/json
      User-Agent:
      - ms-fabric-cli-test/1.3.1
    method: GET
    uri: https://api.fabric.microsoft.com/v1/workspaces/368f354f-9d92-4982-b04b-9c397928cdf0/items
  response:
    body:
      string: '{"value": [{"id": "c0655a25-e6f8-4858-b332-e84f704df3c0", "type": "SemanticModel",
        "displayName": "fabcli000001_auto", "description": "", "workspaceId": "368f354f-9d92-4982-b04b-9c397928cdf0"},
        {"id": "eb993493-fcab-4245-8f15-5b31d00680fb", "type": "SemanticModel", "displayName":
        "fabcli000001_auto", "description": "", "workspaceId": "368f354f-9d92-4982-b04b-9c397928cdf0"},
        {"id": "19c63aee-97f0-479d-8d5f-b90a4de61ccd", "type": "SQLEndpoint", "displayName":
        "StagingLakehouseForDataflows_20260129064248", "description": "", "workspaceId":
        "368f354f-9d92-4982-b04b-9c397928cdf0"}, {"id": "8339a561-3c03-407d-bf76-a117b084783a",
        "type": "Warehouse", "displayName": "StagingWarehouseForDataflows_20260129064311",
        "description": "", "workspaceId": "368f354f-9d92-4982-b04b-9c397928cdf0"},
        {"id": "d565888b-b7a0-4322-a736-4aebb5804ea8", "type": "Warehouse", "displayName":
        "fabcli000001", "description": "Created by fab", "workspaceId": "368f354f-9d92-4982-b04b-9c397928cdf0"},
        {"id": "e8521ae4-1482-4b12-b037-6d82d2c8a277", "type": "Lakehouse", "displayName":
        "StagingLakehouseForDataflows_20260129064248", "description": "", "workspaceId":
        "368f354f-9d92-4982-b04b-9c397928cdf0"}]}'
    headers:
      Access-Control-Expose-Headers:
      - RequestId
      Cache-Control:
      - no-store, must-revalidate, no-cache
      Content-Encoding:
      - gzip
      Content-Length:
      - '414'
      Content-Type:
      - application/json; charset=utf-8
      Date:
      - Thu, 29 Jan 2026 06:52:15 GMT
      Pragma:
      - no-cache
      RequestId:
      - e57f1a45-0821-448f-a4b6-2b1df9273bf1
      Strict-Transport-Security:
      - max-age=31536000; includeSubDomains
      X-Content-Type-Options:
      - nosniff
      X-Frame-Options:
      - deny
      home-cluster-uri:
      - https://wabi-us-central-b-primary-redirect.analysis.windows.net/
      request-redirected:
      - 'true'
    status:
      code: 200
      message: OK
- request:
    body: null
    headers:
      Accept:
      - '*/*'
      Accept-Encoding:
      - gzip, deflate
      Connection:
      - keep-alive
      Content-Type:
      - application/json
      User-Agent:
      - ms-fabric-cli-test/1.3.1
    method: GET
    uri: https://api.fabric.microsoft.com/v1/workspaces/368f354f-9d92-4982-b04b-9c397928cdf0/folders?recursive=True
  response:
    body:
      string: '{"value": []}'
    headers:
      Access-Control-Expose-Headers:
      - RequestId
      Cache-Control:
      - no-store, must-revalidate, no-cache
      Content-Encoding:
      - gzip
      Content-Length:
      - '32'
      Content-Type:
      - application/json; charset=utf-8
      Date:
      - Thu, 29 Jan 2026 06:52:16 GMT
      Pragma:
      - no-cache
      RequestId:
      - 1a252f74-a043-41e9-afb6-82ef12f15bbd
      Strict-Transport-Security:
      - max-age=31536000; includeSubDomains
      X-Content-Type-Options:
      - nosniff
      X-Frame-Options:
      - deny
      home-cluster-uri:
      - https://wabi-us-central-b-primary-redirect.analysis.windows.net/
      request-redirected:
      - 'true'
    status:
      code: 200
      message: OK
- request:
    body: null
    headers:
      Accept:
      - '*/*'
      Accept-Encoding:
      - gzip, deflate
      Connection:
      - keep-alive
      Content-Type:
      - application/json
      User-Agent:
      - ms-fabric-cli-test/1.3.1
    method: GET
    uri: https://api.fabric.microsoft.com/v1/workspaces
  response:
    body:
      string: '{"value": [{"id": "3634a139-2c9e-4205-910b-3b089a31be47", "displayName":
        "My workspace", "description": "", "type": "Personal"}, {"id": "368f354f-9d92-4982-b04b-9c397928cdf0",
        "displayName": "fabriccli_WorkspacePerTestclass_000001", "description": "Created
        by fab", "type": "Workspace", "capacityId": "00000000-0000-0000-0000-000000000004"}]}'
    headers:
      Access-Control-Expose-Headers:
      - RequestId
      Cache-Control:
      - no-store, must-revalidate, no-cache
      Content-Encoding:
      - gzip
      Content-Length:
      - '2304'
      Content-Type:
      - application/json; charset=utf-8
      Date:
      - Thu, 29 Jan 2026 06:52:16 GMT
      Pragma:
      - no-cache
      RequestId:
      - d253371f-3841-4cd7-ac22-d7d6b31a563d
      Strict-Transport-Security:
      - max-age=31536000; includeSubDomains
      X-Content-Type-Options:
      - nosniff
      X-Frame-Options:
      - deny
      home-cluster-uri:
      - https://wabi-us-central-b-primary-redirect.analysis.windows.net/
      request-redirected:
      - 'true'
    status:
      code: 200
      message: OK
- request:
    body: null
    headers:
      Accept:
      - '*/*'
      Accept-Encoding:
      - gzip, deflate
      Connection:
      - keep-alive
      Content-Type:
      - application/json
      User-Agent:
      - ms-fabric-cli-test/1.3.1
    method: GET
    uri: https://api.fabric.microsoft.com/v1/workspaces/368f354f-9d92-4982-b04b-9c397928cdf0/items
  response:
    body:
      string: '{"value": [{"id": "c0655a25-e6f8-4858-b332-e84f704df3c0", "type": "SemanticModel",
        "displayName": "fabcli000001_auto", "description": "", "workspaceId": "368f354f-9d92-4982-b04b-9c397928cdf0"},
        {"id": "eb993493-fcab-4245-8f15-5b31d00680fb", "type": "SemanticModel", "displayName":
        "fabcli000001_auto", "description": "", "workspaceId": "368f354f-9d92-4982-b04b-9c397928cdf0"},
        {"id": "19c63aee-97f0-479d-8d5f-b90a4de61ccd", "type": "SQLEndpoint", "displayName":
        "StagingLakehouseForDataflows_20260129064248", "description": "", "workspaceId":
        "368f354f-9d92-4982-b04b-9c397928cdf0"}, {"id": "8339a561-3c03-407d-bf76-a117b084783a",
        "type": "Warehouse", "displayName": "StagingWarehouseForDataflows_20260129064311",
        "description": "", "workspaceId": "368f354f-9d92-4982-b04b-9c397928cdf0"},
        {"id": "d565888b-b7a0-4322-a736-4aebb5804ea8", "type": "Warehouse", "displayName":
        "fabcli000001", "description": "Created by fab", "workspaceId": "368f354f-9d92-4982-b04b-9c397928cdf0"},
        {"id": "e8521ae4-1482-4b12-b037-6d82d2c8a277", "type": "Lakehouse", "displayName":
        "StagingLakehouseForDataflows_20260129064248", "description": "", "workspaceId":
        "368f354f-9d92-4982-b04b-9c397928cdf0"}]}'
    headers:
      Access-Control-Expose-Headers:
      - RequestId
      Cache-Control:
      - no-store, must-revalidate, no-cache
      Content-Encoding:
      - gzip
      Content-Length:
      - '414'
      Content-Type:
      - application/json; charset=utf-8
      Date:
      - Thu, 29 Jan 2026 06:52:17 GMT
      Pragma:
      - no-cache
      RequestId:
      - c2762295-c223-4f93-8b70-60a72bc05e04
      Strict-Transport-Security:
      - max-age=31536000; includeSubDomains
      X-Content-Type-Options:
      - nosniff
      X-Frame-Options:
      - deny
      home-cluster-uri:
      - https://wabi-us-central-b-primary-redirect.analysis.windows.net/
      request-redirected:
      - 'true'
    status:
      code: 200
      message: OK
- request:
    body: null
    headers:
      Accept:
      - '*/*'
      Accept-Encoding:
      - gzip, deflate
      Connection:
      - keep-alive
      Content-Length:
      - '0'
      Content-Type:
      - application/json
      User-Agent:
      - ms-fabric-cli-test/1.3.1
    method: DELETE
    uri: https://api.fabric.microsoft.com/v1/workspaces/368f354f-9d92-4982-b04b-9c397928cdf0/items/d565888b-b7a0-4322-a736-4aebb5804ea8
  response:
    body:
      string: ''
    headers:
      Access-Control-Expose-Headers:
      - RequestId
      Cache-Control:
      - no-store, must-revalidate, no-cache
      Content-Encoding:
      - gzip
      Content-Length:
      - '0'
      Content-Type:
      - application/octet-stream
      Date:
      - Thu, 29 Jan 2026 06:52:17 GMT
      Pragma:
      - no-cache
      RequestId:
      - 1125941d-3975-46f1-842d-9f8c4b5bf5c0
      Strict-Transport-Security:
      - max-age=31536000; includeSubDomains
      X-Content-Type-Options:
      - nosniff
      X-Frame-Options:
      - deny
      home-cluster-uri:
      - https://wabi-us-central-b-primary-redirect.analysis.windows.net/
      request-redirected:
      - 'true'
    status:
      code: 200
      message: OK
version: 1
