interactions:
- request:
    body: null
    headers:
      Accept:
      - '*/*'
      Accept-Encoding:
      - gzip, deflate
      Connection:
      - keep-alive
      Content-Type:
      - application/json
      User-Agent:
      - ms-fabric-cli-test/1.3.1
    method: GET
    uri: https://api.fabric.microsoft.com/v1/workspaces
  response:
    body:
      string: '{"value": [{"id": "bfaf415e-635b-4a2d-a5a0-6d3a05682fc6", "displayName":
        "fabriccli_WorkspacePerTestclass_000001", "description": "Created by fab",
        "type": "Workspace", "capacityId": "07b1fd56-9969-4ff5-a2c8-05df5f82759a"}]}'
    headers:
      Access-Control-Expose-Headers:
      - RequestId
      Cache-Control:
      - no-store, must-revalidate, no-cache
      Content-Encoding:
      - gzip
      Content-Length:
      - '5916'
      Content-Type:
      - application/json; charset=utf-8
      Date:
      - Fri, 16 Jan 2026 11:48:12 GMT
      Pragma:
      - no-cache
      RequestId:
      - 1473d575-4ed5-40e4-88ab-cfb2be22820b
      Strict-Transport-Security:
      - max-age=31536000; includeSubDomains
      X-Content-Type-Options:
      - nosniff
      X-Frame-Options:
      - deny
      home-cluster-uri:
      - https://wabi-us-central-b-primary-redirect.analysis.windows.net/
      request-redirected:
      - 'true'
    status:
      code: 200
      message: OK
- request:
    body: null
    headers:
      Accept:
      - '*/*'
      Accept-Encoding:
      - gzip, deflate
      Connection:
      - keep-alive
      Content-Type:
      - application/json
      User-Agent:
      - ms-fabric-cli-test/1.3.1
    method: GET
    uri: https://api.fabric.microsoft.com/v1/workspaces/bfaf415e-635b-4a2d-a5a0-6d3a05682fc6/items
  response:
    body:
      string: '{"value": [{"id": "29d21a30-b92a-4715-bc05-a3950044cd63", "type": "SemanticModel",
        "displayName": "fabcli000001_auto", "description": "", "workspaceId": "bfaf415e-635b-4a2d-a5a0-6d3a05682fc6"},
        {"id": "a388c286-a5e2-49fe-a4d1-7ad47c829f26", "type": "SQLEndpoint", "displayName":
        "StagingLakehouseForDataflows_20260116114754", "description": "", "workspaceId":
        "bfaf415e-635b-4a2d-a5a0-6d3a05682fc6"}, {"id": "a374ddb6-fbd3-49d9-bd8f-ab7a05c6d2eb",
        "type": "Lakehouse", "displayName": "StagingLakehouseForDataflows_20260116114754",
        "description": "", "workspaceId": "bfaf415e-635b-4a2d-a5a0-6d3a05682fc6"}]}'
    headers:
      Access-Control-Expose-Headers:
      - RequestId
      Cache-Control:
      - no-store, must-revalidate, no-cache
      Content-Encoding:
      - gzip
      Content-Length:
      - '283'
      Content-Type:
      - application/json; charset=utf-8
      Date:
      - Fri, 16 Jan 2026 11:48:13 GMT
      Pragma:
      - no-cache
      RequestId:
      - bb8a6331-0d6b-4b8b-baed-a41ce154403a
      Strict-Transport-Security:
      - max-age=31536000; includeSubDomains
      X-Content-Type-Options:
      - nosniff
      X-Frame-Options:
      - deny
      home-cluster-uri:
      - https://wabi-us-central-b-primary-redirect.analysis.windows.net/
      request-redirected:
      - 'true'
    status:
      code: 200
      message: OK
- request:
    body: null
    headers:
      Accept:
      - '*/*'
      Accept-Encoding:
      - gzip, deflate
      Connection:
      - keep-alive
      Content-Type:
      - application/json
      User-Agent:
      - ms-fabric-cli-test/1.3.1
    method: GET
    uri: https://api.fabric.microsoft.com/v1/workspaces/bfaf415e-635b-4a2d-a5a0-6d3a05682fc6/items
  response:
    body:
      string: '{"value": [{"id": "29d21a30-b92a-4715-bc05-a3950044cd63", "type": "SemanticModel",
        "displayName": "fabcli000001_auto", "description": "", "workspaceId": "bfaf415e-635b-4a2d-a5a0-6d3a05682fc6"},
        {"id": "a388c286-a5e2-49fe-a4d1-7ad47c829f26", "type": "SQLEndpoint", "displayName":
        "StagingLakehouseForDataflows_20260116114754", "description": "", "workspaceId":
        "bfaf415e-635b-4a2d-a5a0-6d3a05682fc6"}, {"id": "a374ddb6-fbd3-49d9-bd8f-ab7a05c6d2eb",
        "type": "Lakehouse", "displayName": "StagingLakehouseForDataflows_20260116114754",
        "description": "", "workspaceId": "bfaf415e-635b-4a2d-a5a0-6d3a05682fc6"}]}'
    headers:
      Access-Control-Expose-Headers:
      - RequestId
      Cache-Control:
      - no-store, must-revalidate, no-cache
      Content-Encoding:
      - gzip
      Content-Length:
      - '283'
      Content-Type:
      - application/json; charset=utf-8
      Date:
      - Fri, 16 Jan 2026 11:48:14 GMT
      Pragma:
      - no-cache
      RequestId:
      - 6136621d-f655-4d0d-83c2-3fee35ffab3c
      Strict-Transport-Security:
      - max-age=31536000; includeSubDomains
      X-Content-Type-Options:
      - nosniff
      X-Frame-Options:
      - deny
      home-cluster-uri:
      - https://wabi-us-central-b-primary-redirect.analysis.windows.net/
      request-redirected:
      - 'true'
    status:
      code: 200
      message: OK
- request:
    body: '{"description": "Created by fab", "displayName": "fabcli000001", "type":
      "DataPipeline", "folderId": null}'
    headers:
      Accept:
      - '*/*'
      Accept-Encoding:
      - gzip, deflate
      Connection:
      - keep-alive
      Content-Length:
      - '110'
      Content-Type:
      - application/json
      User-Agent:
      - ms-fabric-cli-test/1.3.1
    method: POST
    uri: https://api.fabric.microsoft.com/v1/workspaces/bfaf415e-635b-4a2d-a5a0-6d3a05682fc6/dataPipelines
  response:
    body:
      string: '{"id": "fd3d3c82-babf-4666-b535-2962f8d4c6df", "type": "DataPipeline",
        "displayName": "fabcli000001", "description": "Created by fab", "workspaceId":
        "bfaf415e-635b-4a2d-a5a0-6d3a05682fc6"}'
    headers:
      Access-Control-Expose-Headers:
      - RequestId,ETag
      Cache-Control:
      - no-store, must-revalidate, no-cache
      Content-Encoding:
      - gzip
      Content-Length:
      - '167'
      Content-Type:
      - application/json; charset=utf-8
      Date:
      - Fri, 16 Jan 2026 11:48:17 GMT
      ETag:
      - '""'
      Pragma:
      - no-cache
      RequestId:
      - 4ef62338-6236-47fb-89e0-b98e2d51da37
      Strict-Transport-Security:
      - max-age=31536000; includeSubDomains
      X-Content-Type-Options:
      - nosniff
      X-Frame-Options:
      - deny
      home-cluster-uri:
      - https://wabi-us-central-b-primary-redirect.analysis.windows.net/
      request-redirected:
      - 'true'
    status:
      code: 201
      message: Created
- request:
    body: null
    headers:
      Accept:
      - '*/*'
      Accept-Encoding:
      - gzip, deflate
      Connection:
      - keep-alive
      Content-Type:
      - application/json
      User-Agent:
      - ms-fabric-cli-test/1.3.1
    method: GET
    uri: https://api.fabric.microsoft.com/v1/workspaces
  response:
    body:
      string: '{"value": [{"id": "bfaf415e-635b-4a2d-a5a0-6d3a05682fc6", "displayName":
        "fabriccli_WorkspacePerTestclass_000001", "description": "Created by fab",
        "type": "Workspace", "capacityId": "07b1fd56-9969-4ff5-a2c8-05df5f82759a"}]}'
    headers:
      Access-Control-Expose-Headers:
      - RequestId
      Cache-Control:
      - no-store, must-revalidate, no-cache
      Content-Encoding:
      - gzip
      Content-Length:
      - '5916'
      Content-Type:
      - application/json; charset=utf-8
      Date:
      - Fri, 16 Jan 2026 11:48:18 GMT
      Pragma:
      - no-cache
      RequestId:
      - 886470d7-bdba-497d-9f6f-3d2d726a2e65
      Strict-Transport-Security:
      - max-age=31536000; includeSubDomains
      X-Content-Type-Options:
      - nosniff
      X-Frame-Options:
      - deny
      home-cluster-uri:
      - https://wabi-us-central-b-primary-redirect.analysis.windows.net/
      request-redirected:
      - 'true'
    status:
      code: 200
      message: OK
- request:
    body: null
    headers:
      Accept:
      - '*/*'
      Accept-Encoding:
      - gzip, deflate
      Connection:
      - keep-alive
      Content-Type:
      - application/json
      User-Agent:
      - ms-fabric-cli-test/1.3.1
    method: GET
    uri: https://api.fabric.microsoft.com/v1/workspaces/bfaf415e-635b-4a2d-a5a0-6d3a05682fc6/items
  response:
    body:
      string: '{"value": [{"id": "29d21a30-b92a-4715-bc05-a3950044cd63", "type": "SemanticModel",
        "displayName": "fabcli000001_auto", "description": "", "workspaceId": "bfaf415e-635b-4a2d-a5a0-6d3a05682fc6"},
        {"id": "a388c286-a5e2-49fe-a4d1-7ad47c829f26", "type": "SQLEndpoint", "displayName":
        "StagingLakehouseForDataflows_20260116114754", "description": "", "workspaceId":
        "bfaf415e-635b-4a2d-a5a0-6d3a05682fc6"}, {"id": "a374ddb6-fbd3-49d9-bd8f-ab7a05c6d2eb",
        "type": "Lakehouse", "displayName": "StagingLakehouseForDataflows_20260116114754",
        "description": "", "workspaceId": "bfaf415e-635b-4a2d-a5a0-6d3a05682fc6"},
        {"id": "fd3d3c82-babf-4666-b535-2962f8d4c6df", "type": "DataPipeline", "displayName":
        "fabcli000001", "description": "Created by fab", "workspaceId": "bfaf415e-635b-4a2d-a5a0-6d3a05682fc6"}]}'
    headers:
      Access-Control-Expose-Headers:
      - RequestId
      Cache-Control:
      - no-store, must-revalidate, no-cache
      Content-Encoding:
      - gzip
      Content-Length:
      - '343'
      Content-Type:
      - application/json; charset=utf-8
      Date:
      - Fri, 16 Jan 2026 11:48:18 GMT
      Pragma:
      - no-cache
      RequestId:
      - 223a3c90-ab29-419b-a707-86b25af2850d
      Strict-Transport-Security:
      - max-age=31536000; includeSubDomains
      X-Content-Type-Options:
      - nosniff
      X-Frame-Options:
      - deny
      home-cluster-uri:
      - https://wabi-us-central-b-primary-redirect.analysis.windows.net/
      request-redirected:
      - 'true'
    status:
      code: 200
      message: OK
- request:
    body: null
    headers:
      Accept:
      - '*/*'
      Accept-Encoding:
      - gzip, deflate
      Connection:
      - keep-alive
      Content-Type:
      - application/json
      User-Agent:
      - ms-fabric-cli-test/1.3.1
    method: GET
    uri: https://api.fabric.microsoft.com/v1/workspaces/bfaf415e-635b-4a2d-a5a0-6d3a05682fc6/folders?recursive=True
  response:
    body:
      string: '{"value": []}'
    headers:
      Access-Control-Expose-Headers:
      - RequestId
      Cache-Control:
      - no-store, must-revalidate, no-cache
      Content-Encoding:
      - gzip
      Content-Length:
      - '32'
      Content-Type:
      - application/json; charset=utf-8
      Date:
      - Fri, 16 Jan 2026 11:48:20 GMT
      Pragma:
      - no-cache
      RequestId:
      - 64830d15-2eb8-48c4-93f2-99676d731c60
      Strict-Transport-Security:
      - max-age=31536000; includeSubDomains
      X-Content-Type-Options:
      - nosniff
      X-Frame-Options:
      - deny
      home-cluster-uri:
      - https://wabi-us-central-b-primary-redirect.analysis.windows.net/
      request-redirected:
      - 'true'
    status:
      code: 200
      message: OK
- request:
    body: null
    headers:
      Accept:
      - '*/*'
      Accept-Encoding:
      - gzip, deflate
      Connection:
      - keep-alive
      Content-Type:
      - application/json
      User-Agent:
      - ms-fabric-cli-test/1.3.1
    method: GET
    uri: https://api.fabric.microsoft.com/v1/workspaces
  response:
    body:
      string: '{"value": [{"id": "bfaf415e-635b-4a2d-a5a0-6d3a05682fc6", "displayName":
        "fabriccli_WorkspacePerTestclass_000001", "description": "Created by fab",
        "type": "Workspace", "capacityId": "07b1fd56-9969-4ff5-a2c8-05df5f82759a"}]}'
    headers:
      Access-Control-Expose-Headers:
      - RequestId
      Cache-Control:
      - no-store, must-revalidate, no-cache
      Content-Encoding:
      - gzip
      Content-Length:
      - '5916'
      Content-Type:
      - application/json; charset=utf-8
      Date:
      - Fri, 16 Jan 2026 11:48:21 GMT
      Pragma:
      - no-cache
      RequestId:
      - 8cd7cdc9-1760-4625-b611-afbb5b4b1e7f
      Strict-Transport-Security:
      - max-age=31536000; includeSubDomains
      X-Content-Type-Options:
      - nosniff
      X-Frame-Options:
      - deny
      home-cluster-uri:
      - https://wabi-us-central-b-primary-redirect.analysis.windows.net/
      request-redirected:
      - 'true'
    status:
      code: 200
      message: OK
- request:
    body: null
    headers:
      Accept:
      - '*/*'
      Accept-Encoding:
      - gzip, deflate
      Connection:
      - keep-alive
      Content-Type:
      - application/json
      User-Agent:
      - ms-fabric-cli-test/1.3.1
    method: GET
    uri: https://api.fabric.microsoft.com/v1/workspaces/bfaf415e-635b-4a2d-a5a0-6d3a05682fc6/items
  response:
    body:
      string: '{"value": [{"id": "29d21a30-b92a-4715-bc05-a3950044cd63", "type": "SemanticModel",
        "displayName": "fabcli000001_auto", "description": "", "workspaceId": "bfaf415e-635b-4a2d-a5a0-6d3a05682fc6"},
        {"id": "a388c286-a5e2-49fe-a4d1-7ad47c829f26", "type": "SQLEndpoint", "displayName":
        "StagingLakehouseForDataflows_20260116114754", "description": "", "workspaceId":
        "bfaf415e-635b-4a2d-a5a0-6d3a05682fc6"}, {"id": "a374ddb6-fbd3-49d9-bd8f-ab7a05c6d2eb",
        "type": "Lakehouse", "displayName": "StagingLakehouseForDataflows_20260116114754",
        "description": "", "workspaceId": "bfaf415e-635b-4a2d-a5a0-6d3a05682fc6"},
        {"id": "fd3d3c82-babf-4666-b535-2962f8d4c6df", "type": "DataPipeline", "displayName":
        "fabcli000001", "description": "Created by fab", "workspaceId": "bfaf415e-635b-4a2d-a5a0-6d3a05682fc6"}]}'
    headers:
      Access-Control-Expose-Headers:
      - RequestId
      Cache-Control:
      - no-store, must-revalidate, no-cache
      Content-Encoding:
      - gzip
      Content-Length:
      - '343'
      Content-Type:
      - application/json; charset=utf-8
      Date:
      - Fri, 16 Jan 2026 11:48:22 GMT
      Pragma:
      - no-cache
      RequestId:
      - 12a41cd7-dfc7-4268-848d-2f5d48eeeab8
      Strict-Transport-Security:
      - max-age=31536000; includeSubDomains
      X-Content-Type-Options:
      - nosniff
      X-Frame-Options:
      - deny
      home-cluster-uri:
      - https://wabi-us-central-b-primary-redirect.analysis.windows.net/
      request-redirected:
      - 'true'
    status:
      code: 200
      message: OK
- request:
    body: null
    headers:
      Accept:
      - '*/*'
      Accept-Encoding:
      - gzip, deflate
      Connection:
      - keep-alive
      Content-Type:
      - application/json
      User-Agent:
      - ms-fabric-cli-test/1.3.1
    method: GET
    uri: https://api.fabric.microsoft.com/v1/workspaces/bfaf415e-635b-4a2d-a5a0-6d3a05682fc6/folders?recursive=True
  response:
    body:
      string: '{"value": []}'
    headers:
      Access-Control-Expose-Headers:
      - RequestId
      Cache-Control:
      - no-store, must-revalidate, no-cache
      Content-Encoding:
      - gzip
      Content-Length:
      - '32'
      Content-Type:
      - application/json; charset=utf-8
      Date:
      - Fri, 16 Jan 2026 11:48:23 GMT
      Pragma:
      - no-cache
      RequestId:
      - 802f6a2c-f04d-40e3-8aa9-b74af45053e6
      Strict-Transport-Security:
      - max-age=31536000; includeSubDomains
      X-Content-Type-Options:
      - nosniff
      X-Frame-Options:
      - deny
      home-cluster-uri:
      - https://wabi-us-central-b-primary-redirect.analysis.windows.net/
      request-redirected:
      - 'true'
    status:
      code: 200
      message: OK
- request:
    body: null
    headers:
      Accept:
      - '*/*'
      Accept-Encoding:
      - gzip, deflate
      Connection:
      - keep-alive
      Content-Type:
      - application/json
      User-Agent:
      - ms-fabric-cli-test/1.3.1
    method: GET
    uri: https://api.fabric.microsoft.com/v1/workspaces
  response:
    body:
      string: '{"value": [{"id": "bfaf415e-635b-4a2d-a5a0-6d3a05682fc6", "displayName":
        "fabriccli_WorkspacePerTestclass_000001", "description": "Created by fab",
        "type": "Workspace", "capacityId": "07b1fd56-9969-4ff5-a2c8-05df5f82759a"}]}'
    headers:
      Access-Control-Expose-Headers:
      - RequestId
      Cache-Control:
      - no-store, must-revalidate, no-cache
      Content-Encoding:
      - gzip
      Content-Length:
      - '5916'
      Content-Type:
      - application/json; charset=utf-8
      Date:
      - Fri, 16 Jan 2026 11:48:24 GMT
      Pragma:
      - no-cache
      RequestId:
      - ca5e8632-63f7-48b6-a3a8-28f2c15e2361
      Strict-Transport-Security:
      - max-age=31536000; includeSubDomains
      X-Content-Type-Options:
      - nosniff
      X-Frame-Options:
      - deny
      home-cluster-uri:
      - https://wabi-us-central-b-primary-redirect.analysis.windows.net/
      request-redirected:
      - 'true'
    status:
      code: 200
      message: OK
- request:
    body: null
    headers:
      Accept:
      - '*/*'
      Accept-Encoding:
      - gzip, deflate
      Connection:
      - keep-alive
      Content-Type:
      - application/json
      User-Agent:
      - ms-fabric-cli-test/1.3.1
    method: GET
    uri: https://api.fabric.microsoft.com/v1/workspaces/bfaf415e-635b-4a2d-a5a0-6d3a05682fc6/items
  response:
    body:
      string: '{"value": [{"id": "29d21a30-b92a-4715-bc05-a3950044cd63", "type": "SemanticModel",
        "displayName": "fabcli000001_auto", "description": "", "workspaceId": "bfaf415e-635b-4a2d-a5a0-6d3a05682fc6"},
        {"id": "a388c286-a5e2-49fe-a4d1-7ad47c829f26", "type": "SQLEndpoint", "displayName":
        "StagingLakehouseForDataflows_20260116114754", "description": "", "workspaceId":
        "bfaf415e-635b-4a2d-a5a0-6d3a05682fc6"}, {"id": "a374ddb6-fbd3-49d9-bd8f-ab7a05c6d2eb",
        "type": "Lakehouse", "displayName": "StagingLakehouseForDataflows_20260116114754",
        "description": "", "workspaceId": "bfaf415e-635b-4a2d-a5a0-6d3a05682fc6"},
        {"id": "fd3d3c82-babf-4666-b535-2962f8d4c6df", "type": "DataPipeline", "displayName":
        "fabcli000001", "description": "Created by fab", "workspaceId": "bfaf415e-635b-4a2d-a5a0-6d3a05682fc6"}]}'
    headers:
      Access-Control-Expose-Headers:
      - RequestId
      Cache-Control:
      - no-store, must-revalidate, no-cache
      Content-Encoding:
      - gzip
      Content-Length:
      - '343'
      Content-Type:
      - application/json; charset=utf-8
      Date:
      - Fri, 16 Jan 2026 11:48:24 GMT
      Pragma:
      - no-cache
      RequestId:
      - 70dfa6e1-1409-4877-852f-67e61c71a476
      Strict-Transport-Security:
      - max-age=31536000; includeSubDomains
      X-Content-Type-Options:
      - nosniff
      X-Frame-Options:
      - deny
      home-cluster-uri:
      - https://wabi-us-central-b-primary-redirect.analysis.windows.net/
      request-redirected:
      - 'true'
    status:
      code: 200
      message: OK
- request:
    body: null
    headers:
      Accept:
      - '*/*'
      Accept-Encoding:
      - gzip, deflate
      Connection:
      - keep-alive
      Content-Type:
      - application/json
      User-Agent:
      - ms-fabric-cli-test/1.3.1
    method: GET
    uri: https://api.fabric.microsoft.com/v1/workspaces/bfaf415e-635b-4a2d-a5a0-6d3a05682fc6/folders?recursive=True
  response:
    body:
      string: '{"value": []}'
    headers:
      Access-Control-Expose-Headers:
      - RequestId
      Cache-Control:
      - no-store, must-revalidate, no-cache
      Content-Encoding:
      - gzip
      Content-Length:
      - '32'
      Content-Type:
      - application/json; charset=utf-8
      Date:
      - Fri, 16 Jan 2026 11:48:25 GMT
      Pragma:
      - no-cache
      RequestId:
      - 257631dc-6d3d-4dc1-8c04-ecda4c632a26
      Strict-Transport-Security:
      - max-age=31536000; includeSubDomains
      X-Content-Type-Options:
      - nosniff
      X-Frame-Options:
      - deny
      home-cluster-uri:
      - https://wabi-us-central-b-primary-redirect.analysis.windows.net/
      request-redirected:
      - 'true'
    status:
      code: 200
      message: OK
- request:
    body: null
    headers:
      Accept:
      - '*/*'
      Accept-Encoding:
      - gzip, deflate
      Connection:
      - keep-alive
      Content-Type:
      - application/json
      User-Agent:
      - ms-fabric-cli-test/1.3.1
    method: GET
    uri: https://api.fabric.microsoft.com/v1/workspaces
  response:
    body:
      string: '{"value": [{"id": "bfaf415e-635b-4a2d-a5a0-6d3a05682fc6", "displayName":
        "fabriccli_WorkspacePerTestclass_000001", "description": "Created by fab",
        "type": "Workspace", "capacityId": "07b1fd56-9969-4ff5-a2c8-05df5f82759a"}]}'
    headers:
      Access-Control-Expose-Headers:
      - RequestId
      Cache-Control:
      - no-store, must-revalidate, no-cache
      Content-Encoding:
      - gzip
      Content-Length:
      - '5916'
      Content-Type:
      - application/json; charset=utf-8
      Date:
      - Fri, 16 Jan 2026 11:48:26 GMT
      Pragma:
      - no-cache
      RequestId:
      - 49adf957-fd30-4e28-bdb3-98c042482add
      Strict-Transport-Security:
      - max-age=31536000; includeSubDomains
      X-Content-Type-Options:
      - nosniff
      X-Frame-Options:
      - deny
      home-cluster-uri:
      - https://wabi-us-central-b-primary-redirect.analysis.windows.net/
      request-redirected:
      - 'true'
    status:
      code: 200
      message: OK
- request:
    body: null
    headers:
      Accept:
      - '*/*'
      Accept-Encoding:
      - gzip, deflate
      Connection:
      - keep-alive
      Content-Type:
      - application/json
      User-Agent:
      - ms-fabric-cli-test/1.3.1
    method: GET
    uri: https://api.fabric.microsoft.com/v1/workspaces/bfaf415e-635b-4a2d-a5a0-6d3a05682fc6/items
  response:
    body:
      string: '{"value": [{"id": "29d21a30-b92a-4715-bc05-a3950044cd63", "type": "SemanticModel",
        "displayName": "fabcli000001_auto", "description": "", "workspaceId": "bfaf415e-635b-4a2d-a5a0-6d3a05682fc6"},
        {"id": "a388c286-a5e2-49fe-a4d1-7ad47c829f26", "type": "SQLEndpoint", "displayName":
        "StagingLakehouseForDataflows_20260116114754", "description": "", "workspaceId":
        "bfaf415e-635b-4a2d-a5a0-6d3a05682fc6"}, {"id": "a374ddb6-fbd3-49d9-bd8f-ab7a05c6d2eb",
        "type": "Lakehouse", "displayName": "StagingLakehouseForDataflows_20260116114754",
        "description": "", "workspaceId": "bfaf415e-635b-4a2d-a5a0-6d3a05682fc6"},
        {"id": "fd3d3c82-babf-4666-b535-2962f8d4c6df", "type": "DataPipeline", "displayName":
        "fabcli000001", "description": "Created by fab", "workspaceId": "bfaf415e-635b-4a2d-a5a0-6d3a05682fc6"}]}'
    headers:
      Access-Control-Expose-Headers:
      - RequestId
      Cache-Control:
      - no-store, must-revalidate, no-cache
      Content-Encoding:
      - gzip
      Content-Length:
      - '343'
      Content-Type:
      - application/json; charset=utf-8
      Date:
      - Fri, 16 Jan 2026 11:48:27 GMT
      Pragma:
      - no-cache
      RequestId:
      - 73a45d08-9d54-47bd-9447-299d3a9a8bb1
      Strict-Transport-Security:
      - max-age=31536000; includeSubDomains
      X-Content-Type-Options:
      - nosniff
      X-Frame-Options:
      - deny
      home-cluster-uri:
      - https://wabi-us-central-b-primary-redirect.analysis.windows.net/
      request-redirected:
      - 'true'
    status:
      code: 200
      message: OK
- request:
    body: null
    headers:
      Accept:
      - '*/*'
      Accept-Encoding:
      - gzip, deflate
      Connection:
      - keep-alive
      Content-Type:
      - application/json
      User-Agent:
      - ms-fabric-cli-test/1.3.1
    method: GET
    uri: https://api.fabric.microsoft.com/v1/workspaces/bfaf415e-635b-4a2d-a5a0-6d3a05682fc6/folders?recursive=True
  response:
    body:
      string: '{"value": []}'
    headers:
      Access-Control-Expose-Headers:
      - RequestId
      Cache-Control:
      - no-store, must-revalidate, no-cache
      Content-Encoding:
      - gzip
      Content-Length:
      - '32'
      Content-Type:
      - application/json; charset=utf-8
      Date:
      - Fri, 16 Jan 2026 11:48:29 GMT
      Pragma:
      - no-cache
      RequestId:
      - a03fef5f-fe03-4d75-b20e-eb1c17cca7cd
      Strict-Transport-Security:
      - max-age=31536000; includeSubDomains
      X-Content-Type-Options:
      - nosniff
      X-Frame-Options:
      - deny
      home-cluster-uri:
      - https://wabi-us-central-b-primary-redirect.analysis.windows.net/
      request-redirected:
      - 'true'
    status:
      code: 200
      message: OK
- request:
    body: null
    headers:
      Accept:
      - '*/*'
      Accept-Encoding:
      - gzip, deflate
      Connection:
      - keep-alive
      Content-Type:
      - application/json
      User-Agent:
      - ms-fabric-cli-test/1.3.1
    method: GET
    uri: https://api.fabric.microsoft.com/v1/workspaces
  response:
    body:
      string: '{"value": [{"id": "bfaf415e-635b-4a2d-a5a0-6d3a05682fc6", "displayName":
        "fabriccli_WorkspacePerTestclass_000001", "description": "Created by fab",
        "type": "Workspace", "capacityId": "07b1fd56-9969-4ff5-a2c8-05df5f82759a"}]}'
    headers:
      Access-Control-Expose-Headers:
      - RequestId
      Cache-Control:
      - no-store, must-revalidate, no-cache
      Content-Encoding:
      - gzip
      Content-Length:
      - '5916'
      Content-Type:
      - application/json; charset=utf-8
      Date:
      - Fri, 16 Jan 2026 11:48:29 GMT
      Pragma:
      - no-cache
      RequestId:
      - bce4f2f6-bf61-41a6-8462-029331531795
      Strict-Transport-Security:
      - max-age=31536000; includeSubDomains
      X-Content-Type-Options:
      - nosniff
      X-Frame-Options:
      - deny
      home-cluster-uri:
      - https://wabi-us-central-b-primary-redirect.analysis.windows.net/
      request-redirected:
      - 'true'
    status:
      code: 200
      message: OK
- request:
    body: null
    headers:
      Accept:
      - '*/*'
      Accept-Encoding:
      - gzip, deflate
      Connection:
      - keep-alive
      Content-Type:
      - application/json
      User-Agent:
      - ms-fabric-cli-test/1.3.1
    method: GET
    uri: https://api.fabric.microsoft.com/v1/workspaces/bfaf415e-635b-4a2d-a5a0-6d3a05682fc6/items
  response:
    body:
      string: '{"value": [{"id": "29d21a30-b92a-4715-bc05-a3950044cd63", "type": "SemanticModel",
        "displayName": "fabcli000001_auto", "description": "", "workspaceId": "bfaf415e-635b-4a2d-a5a0-6d3a05682fc6"},
        {"id": "a388c286-a5e2-49fe-a4d1-7ad47c829f26", "type": "SQLEndpoint", "displayName":
        "StagingLakehouseForDataflows_20260116114754", "description": "", "workspaceId":
        "bfaf415e-635b-4a2d-a5a0-6d3a05682fc6"}, {"id": "a374ddb6-fbd3-49d9-bd8f-ab7a05c6d2eb",
        "type": "Lakehouse", "displayName": "StagingLakehouseForDataflows_20260116114754",
        "description": "", "workspaceId": "bfaf415e-635b-4a2d-a5a0-6d3a05682fc6"},
        {"id": "fd3d3c82-babf-4666-b535-2962f8d4c6df", "type": "DataPipeline", "displayName":
        "fabcli000001", "description": "Created by fab", "workspaceId": "bfaf415e-635b-4a2d-a5a0-6d3a05682fc6"}]}'
    headers:
      Access-Control-Expose-Headers:
      - RequestId
      Cache-Control:
      - no-store, must-revalidate, no-cache
      Content-Encoding:
      - gzip
      Content-Length:
      - '343'
      Content-Type:
      - application/json; charset=utf-8
      Date:
      - Fri, 16 Jan 2026 11:48:29 GMT
      Pragma:
      - no-cache
      RequestId:
      - 7fae0030-db4a-4552-8708-6584885c536d
      Strict-Transport-Security:
      - max-age=31536000; includeSubDomains
      X-Content-Type-Options:
      - nosniff
      X-Frame-Options:
      - deny
      home-cluster-uri:
      - https://wabi-us-central-b-primary-redirect.analysis.windows.net/
      request-redirected:
      - 'true'
    status:
      code: 200
      message: OK
- request:
    body: null
    headers:
      Accept:
      - '*/*'
      Accept-Encoding:
      - gzip, deflate
      Connection:
      - keep-alive
      Content-Length:
      - '0'
      Content-Type:
      - application/json
      User-Agent:
      - ms-fabric-cli-test/1.3.1
    method: DELETE
    uri: https://api.fabric.microsoft.com/v1/workspaces/bfaf415e-635b-4a2d-a5a0-6d3a05682fc6/items/fd3d3c82-babf-4666-b535-2962f8d4c6df
  response:
    body:
      string: ''
    headers:
      Access-Control-Expose-Headers:
      - RequestId
      Cache-Control:
      - no-store, must-revalidate, no-cache
      Content-Encoding:
      - gzip
      Content-Length:
      - '0'
      Content-Type:
      - application/octet-stream
      Date:
      - Fri, 16 Jan 2026 11:48:30 GMT
      Pragma:
      - no-cache
      RequestId:
      - d63384d8-7fe6-42a2-b467-30e6318fa8bb
      Strict-Transport-Security:
      - max-age=31536000; includeSubDomains
      X-Content-Type-Options:
      - nosniff
      X-Frame-Options:
      - deny
      home-cluster-uri:
      - https://wabi-us-central-b-primary-redirect.analysis.windows.net/
      request-redirected:
      - 'true'
    status:
      code: 200
      message: OK
version: 1
