interactions:
- request:
    body: null
    headers:
      Accept:
      - '*/*'
      Accept-Encoding:
      - gzip, deflate
      Connection:
      - keep-alive
      Content-Type:
      - application/json
      User-Agent:
      - ms-fabric-cli-test/1.3.1
    method: GET
    uri: https://api.fabric.microsoft.com/v1/workspaces
  response:
    body:
      string: '{"value": [{"id": "3634a139-2c9e-4205-910b-3b089a31be47", "displayName":
        "My workspace", "description": "", "type": "Personal"}, {"id": "cf67653a-969e-41c3-836d-a8c16eb9404d",
        "displayName": "fabriccli_WorkspacePerTestclass_000001", "description": "Created
        by fab", "type": "Workspace", "capacityId": "00000000-0000-0000-0000-000000000004"}]}'
    headers:
      Access-Control-Expose-Headers:
      - RequestId
      Cache-Control:
      - no-store, must-revalidate, no-cache
      Content-Encoding:
      - gzip
      Content-Length:
      - '2806'
      Content-Type:
      - application/json; charset=utf-8
      Date:
      - Fri, 06 Feb 2026 11:42:15 GMT
      Pragma:
      - no-cache
      RequestId:
      - 12e8a9ab-d868-4489-bfb8-35ac20f4cf79
      Strict-Transport-Security:
      - max-age=31536000; includeSubDomains
      X-Content-Type-Options:
      - nosniff
      X-Frame-Options:
      - deny
      home-cluster-uri:
      - https://wabi-us-central-b-primary-redirect.analysis.windows.net/
      request-redirected:
      - 'true'
    status:
      code: 200
      message: OK
- request:
    body: null
    headers:
      Accept:
      - '*/*'
      Accept-Encoding:
      - gzip, deflate
      Connection:
      - keep-alive
      Content-Type:
      - application/json
      User-Agent:
      - ms-fabric-cli-test/1.3.1
    method: GET
    uri: https://api.fabric.microsoft.com/v1/workspaces/cf67653a-969e-41c3-836d-a8c16eb9404d/items
  response:
    body:
      string: '{"value": [{"id": "94d8e448-add6-49fc-a93e-932eb195dea7", "type": "SemanticModel",
        "displayName": "fabcli000001_auto", "description": "", "workspaceId": "cf67653a-969e-41c3-836d-a8c16eb9404d"},
        {"id": "82a052a8-1f8f-4242-9fb4-1b2b85c7a11e", "type": "Eventhouse", "displayName":
        "fabcli000001_auto", "description": "Created by fab", "workspaceId": "cf67653a-969e-41c3-836d-a8c16eb9404d"},
        {"id": "f8fc2d91-77e7-47f5-9562-4b53f61ae155", "type": "KQLDatabase", "displayName":
        "fabcli000001_auto", "description": "fabcli000001_auto", "workspaceId": "cf67653a-969e-41c3-836d-a8c16eb9404d"}]}'
    headers:
      Access-Control-Expose-Headers:
      - RequestId
      Cache-Control:
      - no-store, must-revalidate, no-cache
      Content-Encoding:
      - gzip
      Content-Length:
      - '282'
      Content-Type:
      - application/json; charset=utf-8
      Date:
      - Fri, 06 Feb 2026 11:42:15 GMT
      Pragma:
      - no-cache
      RequestId:
      - 8a66ea96-6761-403a-b727-d6f8a2269be7
      Strict-Transport-Security:
      - max-age=31536000; includeSubDomains
      X-Content-Type-Options:
      - nosniff
      X-Frame-Options:
      - deny
      home-cluster-uri:
      - https://wabi-us-central-b-primary-redirect.analysis.windows.net/
      request-redirected:
      - 'true'
    status:
      code: 200
      message: OK
- request:
    body: null
    headers:
      Accept:
      - '*/*'
      Accept-Encoding:
      - gzip, deflate
      Connection:
      - keep-alive
      Content-Type:
      - application/json
      User-Agent:
      - ms-fabric-cli-test/1.3.1
    method: GET
    uri: https://api.fabric.microsoft.com/v1/workspaces/cf67653a-969e-41c3-836d-a8c16eb9404d/items
  response:
    body:
      string: '{"value": [{"id": "94d8e448-add6-49fc-a93e-932eb195dea7", "type": "SemanticModel",
        "displayName": "fabcli000001_auto", "description": "", "workspaceId": "cf67653a-969e-41c3-836d-a8c16eb9404d"},
        {"id": "82a052a8-1f8f-4242-9fb4-1b2b85c7a11e", "type": "Eventhouse", "displayName":
        "fabcli000001_auto", "description": "Created by fab", "workspaceId": "cf67653a-969e-41c3-836d-a8c16eb9404d"},
        {"id": "f8fc2d91-77e7-47f5-9562-4b53f61ae155", "type": "KQLDatabase", "displayName":
        "fabcli000001_auto", "description": "fabcli000001_auto", "workspaceId": "cf67653a-969e-41c3-836d-a8c16eb9404d"}]}'
    headers:
      Access-Control-Expose-Headers:
      - RequestId
      Cache-Control:
      - no-store, must-revalidate, no-cache
      Content-Encoding:
      - gzip
      Content-Length:
      - '282'
      Content-Type:
      - application/json; charset=utf-8
      Date:
      - Fri, 06 Feb 2026 11:42:16 GMT
      Pragma:
      - no-cache
      RequestId:
      - 41c99281-3251-4726-80fd-b37353e74bbf
      Strict-Transport-Security:
      - max-age=31536000; includeSubDomains
      X-Content-Type-Options:
      - nosniff
      X-Frame-Options:
      - deny
      home-cluster-uri:
      - https://wabi-us-central-b-primary-redirect.analysis.windows.net/
      request-redirected:
      - 'true'
    status:
      code: 200
      message: OK
- request:
    body: '{"description": "Created by fab", "displayName": "fabcli000001", "type":
      "GraphQuerySet", "folderId": null}'
    headers:
      Accept:
      - '*/*'
      Accept-Encoding:
      - gzip, deflate
      Connection:
      - keep-alive
      Content-Length:
      - '111'
      Content-Type:
      - application/json
      User-Agent:
      - ms-fabric-cli-test/1.3.1
    method: POST
    uri: https://api.fabric.microsoft.com/v1/workspaces/cf67653a-969e-41c3-836d-a8c16eb9404d/GraphQuerySets
  response:
    body:
      string: '{"id": "18001c92-f904-43b2-ba44-c4ab9eb7bd89", "type": "GraphQuerySet",
        "displayName": "fabcli000001", "description": "Created by fab", "workspaceId":
        "cf67653a-969e-41c3-836d-a8c16eb9404d"}'
    headers:
      Access-Control-Expose-Headers:
      - RequestId,ETag
      Cache-Control:
      - no-store, must-revalidate, no-cache
      Content-Encoding:
      - gzip
      Content-Length:
      - '171'
      Content-Type:
      - application/json; charset=utf-8
      Date:
      - Fri, 06 Feb 2026 11:42:18 GMT
      ETag:
      - '""'
      Pragma:
      - no-cache
      RequestId:
      - ee9ac706-80bc-495e-aa8d-f77982370beb
      Strict-Transport-Security:
      - max-age=31536000; includeSubDomains
      X-Content-Type-Options:
      - nosniff
      X-Frame-Options:
      - deny
      home-cluster-uri:
      - https://wabi-us-central-b-primary-redirect.analysis.windows.net/
      request-redirected:
      - 'true'
    status:
      code: 201
      message: Created
- request:
    body: null
    headers:
      Accept:
      - '*/*'
      Accept-Encoding:
      - gzip, deflate
      Connection:
      - keep-alive
      Content-Type:
      - application/json
      User-Agent:
      - ms-fabric-cli-test/1.3.1
    method: GET
    uri: https://api.fabric.microsoft.com/v1/workspaces
  response:
    body:
      string: '{"value": [{"id": "3634a139-2c9e-4205-910b-3b089a31be47", "displayName":
        "My workspace", "description": "", "type": "Personal"}, {"id": "cf67653a-969e-41c3-836d-a8c16eb9404d",
        "displayName": "fabriccli_WorkspacePerTestclass_000001", "description": "Created
        by fab", "type": "Workspace", "capacityId": "00000000-0000-0000-0000-000000000004"}]}'
    headers:
      Access-Control-Expose-Headers:
      - RequestId
      Cache-Control:
      - no-store, must-revalidate, no-cache
      Content-Encoding:
      - gzip
      Content-Length:
      - '2806'
      Content-Type:
      - application/json; charset=utf-8
      Date:
      - Fri, 06 Feb 2026 11:42:19 GMT
      Pragma:
      - no-cache
      RequestId:
      - d0240229-1b59-4787-8c3c-a4f43024a906
      Strict-Transport-Security:
      - max-age=31536000; includeSubDomains
      X-Content-Type-Options:
      - nosniff
      X-Frame-Options:
      - deny
      home-cluster-uri:
      - https://wabi-us-central-b-primary-redirect.analysis.windows.net/
      request-redirected:
      - 'true'
    status:
      code: 200
      message: OK
- request:
    body: null
    headers:
      Accept:
      - '*/*'
      Accept-Encoding:
      - gzip, deflate
      Connection:
      - keep-alive
      Content-Type:
      - application/json
      User-Agent:
      - ms-fabric-cli-test/1.3.1
    method: GET
    uri: https://api.fabric.microsoft.com/v1/workspaces/cf67653a-969e-41c3-836d-a8c16eb9404d/items
  response:
    body:
      string: '{"value": [{"id": "94d8e448-add6-49fc-a93e-932eb195dea7", "type": "SemanticModel",
        "displayName": "fabcli000001_auto", "description": "", "workspaceId": "cf67653a-969e-41c3-836d-a8c16eb9404d"},
        {"id": "82a052a8-1f8f-4242-9fb4-1b2b85c7a11e", "type": "Eventhouse", "displayName":
        "fabcli000001_auto", "description": "Created by fab", "workspaceId": "cf67653a-969e-41c3-836d-a8c16eb9404d"},
        {"id": "f8fc2d91-77e7-47f5-9562-4b53f61ae155", "type": "KQLDatabase", "displayName":
        "fabcli000001_auto", "description": "fabcli000001_auto", "workspaceId": "cf67653a-969e-41c3-836d-a8c16eb9404d"},
        {"id": "18001c92-f904-43b2-ba44-c4ab9eb7bd89", "type": "GraphQuerySet", "displayName":
        "fabcli000001", "description": "Created by fab", "workspaceId": "cf67653a-969e-41c3-836d-a8c16eb9404d"}]}'
    headers:
      Access-Control-Expose-Headers:
      - RequestId
      Cache-Control:
      - no-store, must-revalidate, no-cache
      Content-Encoding:
      - gzip
      Content-Length:
      - '331'
      Content-Type:
      - application/json; charset=utf-8
      Date:
      - Fri, 06 Feb 2026 11:42:19 GMT
      Pragma:
      - no-cache
      RequestId:
      - 021d91a3-8b5b-420f-a79b-bba27aaf05dc
      Strict-Transport-Security:
      - max-age=31536000; includeSubDomains
      X-Content-Type-Options:
      - nosniff
      X-Frame-Options:
      - deny
      home-cluster-uri:
      - https://wabi-us-central-b-primary-redirect.analysis.windows.net/
      request-redirected:
      - 'true'
    status:
      code: 200
      message: OK
- request:
    body: null
    headers:
      Accept:
      - '*/*'
      Accept-Encoding:
      - gzip, deflate
      Connection:
      - keep-alive
      Content-Type:
      - application/json
      User-Agent:
      - ms-fabric-cli-test/1.3.1
    method: GET
    uri: https://api.fabric.microsoft.com/v1/workspaces/cf67653a-969e-41c3-836d-a8c16eb9404d/items/18001c92-f904-43b2-ba44-c4ab9eb7bd89
  response:
    body:
      string: '{"id": "18001c92-f904-43b2-ba44-c4ab9eb7bd89", "type": "GraphQuerySet",
        "displayName": "fabcli000001", "description": "Created by fab", "workspaceId":
        "cf67653a-969e-41c3-836d-a8c16eb9404d"}'
    headers:
      Access-Control-Expose-Headers:
      - RequestId,ETag
      Cache-Control:
      - no-store, must-revalidate, no-cache
      Content-Encoding:
      - gzip
      Content-Length:
      - '171'
      Content-Type:
      - application/json; charset=utf-8
      Date:
      - Fri, 06 Feb 2026 11:42:20 GMT
      ETag:
      - '""'
      Pragma:
      - no-cache
      RequestId:
      - c723b45c-ea77-4dcc-900a-b340109e8039
      Strict-Transport-Security:
      - max-age=31536000; includeSubDomains
      X-Content-Type-Options:
      - nosniff
      X-Frame-Options:
      - deny
      home-cluster-uri:
      - https://wabi-us-central-b-primary-redirect.analysis.windows.net/
      request-redirected:
      - 'true'
    status:
      code: 200
      message: OK
- request:
    body: null
    headers:
      Accept:
      - '*/*'
      Accept-Encoding:
      - gzip, deflate
      Connection:
      - keep-alive
      Content-Length:
      - '0'
      Content-Type:
      - application/json
      User-Agent:
      - ms-fabric-cli-test/1.3.1
    method: POST
    uri: https://api.fabric.microsoft.com/v1/workspaces/cf67653a-969e-41c3-836d-a8c16eb9404d/items/18001c92-f904-43b2-ba44-c4ab9eb7bd89/getDefinition
  response:
    body:
      string: 'null'
    headers:
      Access-Control-Expose-Headers:
      - RequestId,Location,Retry-After,x-ms-operation-id
      Cache-Control:
      - no-store, must-revalidate, no-cache
      Content-Encoding:
      - gzip
      Content-Length:
      - '24'
      Content-Type:
      - application/json; charset=utf-8
      Date:
      - Fri, 06 Feb 2026 11:42:21 GMT
      Location:
      - https://wabi-us-central-b-primary-redirect.analysis.windows.net/v1/operations/7cf6974c-9365-4482-a5bd-8b68f8f6c8bb
      Pragma:
      - no-cache
      RequestId:
      - 2a7d3f52-b30f-454b-ba9b-c93519e88e30
      Retry-After:
      - '20'
      Strict-Transport-Security:
      - max-age=31536000; includeSubDomains
      X-Content-Type-Options:
      - nosniff
      X-Frame-Options:
      - deny
      home-cluster-uri:
      - https://wabi-us-central-b-primary-redirect.analysis.windows.net/
      request-redirected:
      - 'true'
      x-ms-operation-id:
      - 7cf6974c-9365-4482-a5bd-8b68f8f6c8bb
    status:
      code: 202
      message: Accepted
- request:
    body: null
    headers:
      Accept:
      - '*/*'
      Accept-Encoding:
      - gzip, deflate
      Connection:
      - keep-alive
      Content-Type:
      - application/json
      User-Agent:
      - ms-fabric-cli-test/1.3.1
    method: GET
    uri: https://wabi-us-central-b-primary-redirect.analysis.windows.net/v1/operations/7cf6974c-9365-4482-a5bd-8b68f8f6c8bb
  response:
    body:
      string: '{"status": "Succeeded", "createdTimeUtc": "2026-02-06T11:42:22.1818636",
        "lastUpdatedTimeUtc": "2026-02-06T11:42:22.4475199", "percentComplete": 100,
        "error": null}'
    headers:
      Access-Control-Expose-Headers:
      - RequestId,Location,x-ms-operation-id
      Cache-Control:
      - no-store, must-revalidate, no-cache
      Content-Encoding:
      - gzip
      Content-Length:
      - '130'
      Content-Type:
      - application/json; charset=utf-8
      Date:
      - Fri, 06 Feb 2026 11:42:44 GMT
      Location:
      - https://wabi-us-central-b-primary-redirect.analysis.windows.net/v1/operations/7cf6974c-9365-4482-a5bd-8b68f8f6c8bb/result
      Pragma:
      - no-cache
      RequestId:
      - 4118921d-a82f-4e75-9ea7-7676036a2f07
      Strict-Transport-Security:
      - max-age=31536000; includeSubDomains
      X-Content-Type-Options:
      - nosniff
      X-Frame-Options:
      - deny
      x-ms-operation-id:
      - 7cf6974c-9365-4482-a5bd-8b68f8f6c8bb
    status:
      code: 200
      message: OK
- request:
    body: null
    headers:
      Accept:
      - '*/*'
      Accept-Encoding:
      - gzip, deflate
      Connection:
      - keep-alive
      Content-Type:
      - application/json
      User-Agent:
      - ms-fabric-cli-test/1.3.1
    method: GET
    uri: https://wabi-us-central-b-primary-redirect.analysis.windows.net/v1/operations/7cf6974c-9365-4482-a5bd-8b68f8f6c8bb/result
  response:
    body:
      string: '{"definition": {"parts": [{"path": "exportedDefinition.json", "payload":
        "eyJkZXBlbmRlbmNpZXMiOltdLCJpbmRpcmVjdERlcGVuZGVuY2llcyI6W10sIkFydGlmYWN0Q29udGVudHMiOltdLCJDb25maWd1cmF0aW9uQ2F0ZWdvcmllcyI6W119",
        "payloadType": "InlineBase64"}, {"path": ".platform", "payload": "ewogICIkc2NoZW1hIjogImh0dHBzOi8vZGV2ZWxvcGVyLm1pY3Jvc29mdC5jb20vanNvbi1zY2hlbWFzL2ZhYnJpYy9naXRJbnRlZ3JhdGlvbi9wbGF0Zm9ybVByb3BlcnRpZXMvMi4wLjAvc2NoZW1hLmpzb24iLAogICJtZXRhZGF0YSI6IHsKICAgICJ0eXBlIjogIkdyYXBoUXVlcnlTZXQiLAogICAgImRpc3BsYXlOYW1lIjogImZhYmNsaTAwMDAwMSIsCiAgICAiZGVzY3JpcHRpb24iOiAiQ3JlYXRlZCBieSBmYWIiCiAgfSwKICAiY29uZmlnIjogewogICAgInZlcnNpb24iOiAiMi4wIiwKICAgICJsb2dpY2FsSWQiOiAiMDAwMDAwMDAtMDAwMC0wMDAwLTAwMDAtMDAwMDAwMDAwMDAwIgogIH0KfQ==",
        "payloadType": "InlineBase64"}]}}'
    headers:
      Access-Control-Expose-Headers:
      - RequestId
      Cache-Control:
      - no-store, must-revalidate, no-cache
      Content-Encoding:
      - gzip
      Content-Type:
      - application/json
      Date:
      - Fri, 06 Feb 2026 11:42:44 GMT
      Pragma:
      - no-cache
      RequestId:
      - ef70531d-ae9e-40de-a2e1-c13481314c3c
      Strict-Transport-Security:
      - max-age=31536000; includeSubDomains
      Transfer-Encoding:
      - chunked
      X-Content-Type-Options:
      - nosniff
      X-Frame-Options:
      - deny
    status:
      code: 200
      message: OK
- request:
    body: null
    headers:
      Accept:
      - '*/*'
      Accept-Encoding:
      - gzip, deflate
      Connection:
      - keep-alive
      Content-Type:
      - application/json
      User-Agent:
      - ms-fabric-cli-test/1.3.1
    method: GET
    uri: https://api.fabric.microsoft.com/v1/workspaces
  response:
    body:
      string: '{"value": [{"id": "3634a139-2c9e-4205-910b-3b089a31be47", "displayName":
        "My workspace", "description": "", "type": "Personal"}, {"id": "cf67653a-969e-41c3-836d-a8c16eb9404d",
        "displayName": "fabriccli_WorkspacePerTestclass_000001", "description": "Created
        by fab", "type": "Workspace", "capacityId": "00000000-0000-0000-0000-000000000004"}]}'
    headers:
      Access-Control-Expose-Headers:
      - RequestId
      Cache-Control:
      - no-store, must-revalidate, no-cache
      Content-Encoding:
      - gzip
      Content-Length:
      - '2806'
      Content-Type:
      - application/json; charset=utf-8
      Date:
      - Fri, 06 Feb 2026 11:42:46 GMT
      Pragma:
      - no-cache
      RequestId:
      - 012d785c-ff27-4d14-8171-6ea782cd699b
      Strict-Transport-Security:
      - max-age=31536000; includeSubDomains
      X-Content-Type-Options:
      - nosniff
      X-Frame-Options:
      - deny
      home-cluster-uri:
      - https://wabi-us-central-b-primary-redirect.analysis.windows.net/
      request-redirected:
      - 'true'
    status:
      code: 200
      message: OK
- request:
    body: null
    headers:
      Accept:
      - '*/*'
      Accept-Encoding:
      - gzip, deflate
      Connection:
      - keep-alive
      Content-Type:
      - application/json
      User-Agent:
      - ms-fabric-cli-test/1.3.1
    method: GET
    uri: https://api.fabric.microsoft.com/v1/workspaces
  response:
    body:
      string: '{"value": [{"id": "3634a139-2c9e-4205-910b-3b089a31be47", "displayName":
        "My workspace", "description": "", "type": "Personal"}, {"id": "cf67653a-969e-41c3-836d-a8c16eb9404d",
        "displayName": "fabriccli_WorkspacePerTestclass_000001", "description": "Created
        by fab", "type": "Workspace", "capacityId": "00000000-0000-0000-0000-000000000004"}]}'
    headers:
      Access-Control-Expose-Headers:
      - RequestId
      Cache-Control:
      - no-store, must-revalidate, no-cache
      Content-Encoding:
      - gzip
      Content-Length:
      - '2806'
      Content-Type:
      - application/json; charset=utf-8
      Date:
      - Fri, 06 Feb 2026 11:42:46 GMT
      Pragma:
      - no-cache
      RequestId:
      - 6dd679f9-1b17-4b74-af10-f6256252e74e
      Strict-Transport-Security:
      - max-age=31536000; includeSubDomains
      X-Content-Type-Options:
      - nosniff
      X-Frame-Options:
      - deny
      home-cluster-uri:
      - https://wabi-us-central-b-primary-redirect.analysis.windows.net/
      request-redirected:
      - 'true'
    status:
      code: 200
      message: OK
- request:
    body: null
    headers:
      Accept:
      - '*/*'
      Accept-Encoding:
      - gzip, deflate
      Connection:
      - keep-alive
      Content-Type:
      - application/json
      User-Agent:
      - ms-fabric-cli-test/1.3.1
    method: GET
    uri: https://api.fabric.microsoft.com/v1/workspaces
  response:
    body:
      string: '{"value": [{"id": "3634a139-2c9e-4205-910b-3b089a31be47", "displayName":
        "My workspace", "description": "", "type": "Personal"}, {"id": "cf67653a-969e-41c3-836d-a8c16eb9404d",
        "displayName": "fabriccli_WorkspacePerTestclass_000001", "description": "Created
        by fab", "type": "Workspace", "capacityId": "00000000-0000-0000-0000-000000000004"}]}'
    headers:
      Access-Control-Expose-Headers:
      - RequestId
      Cache-Control:
      - no-store, must-revalidate, no-cache
      Content-Encoding:
      - gzip
      Content-Length:
      - '2806'
      Content-Type:
      - application/json; charset=utf-8
      Date:
      - Fri, 06 Feb 2026 11:42:48 GMT
      Pragma:
      - no-cache
      RequestId:
      - c71a01f8-51d8-483c-8a1b-6673c6919ceb
      Strict-Transport-Security:
      - max-age=31536000; includeSubDomains
      X-Content-Type-Options:
      - nosniff
      X-Frame-Options:
      - deny
      home-cluster-uri:
      - https://wabi-us-central-b-primary-redirect.analysis.windows.net/
      request-redirected:
      - 'true'
    status:
      code: 200
      message: OK
- request:
    body: null
    headers:
      Accept:
      - '*/*'
      Accept-Encoding:
      - gzip, deflate
      Connection:
      - keep-alive
      Content-Type:
      - application/json
      User-Agent:
      - ms-fabric-cli-test/1.3.1
    method: GET
    uri: https://api.fabric.microsoft.com/v1/workspaces/cf67653a-969e-41c3-836d-a8c16eb9404d/items
  response:
    body:
      string: '{"value": [{"id": "94d8e448-add6-49fc-a93e-932eb195dea7", "type": "SemanticModel",
        "displayName": "fabcli000001_auto", "description": "", "workspaceId": "cf67653a-969e-41c3-836d-a8c16eb9404d"},
        {"id": "82a052a8-1f8f-4242-9fb4-1b2b85c7a11e", "type": "Eventhouse", "displayName":
        "fabcli000001_auto", "description": "Created by fab", "workspaceId": "cf67653a-969e-41c3-836d-a8c16eb9404d"},
        {"id": "f8fc2d91-77e7-47f5-9562-4b53f61ae155", "type": "KQLDatabase", "displayName":
        "fabcli000001_auto", "description": "fabcli000001_auto", "workspaceId": "cf67653a-969e-41c3-836d-a8c16eb9404d"},
        {"id": "18001c92-f904-43b2-ba44-c4ab9eb7bd89", "type": "GraphQuerySet", "displayName":
        "fabcli000001", "description": "Created by fab", "workspaceId": "cf67653a-969e-41c3-836d-a8c16eb9404d"}]}'
    headers:
      Access-Control-Expose-Headers:
      - RequestId
      Cache-Control:
      - no-store, must-revalidate, no-cache
      Content-Encoding:
      - gzip
      Content-Length:
      - '331'
      Content-Type:
      - application/json; charset=utf-8
      Date:
      - Fri, 06 Feb 2026 11:42:48 GMT
      Pragma:
      - no-cache
      RequestId:
      - a7a27b83-2f86-454a-b75a-5136961ef981
      Strict-Transport-Security:
      - max-age=31536000; includeSubDomains
      X-Content-Type-Options:
      - nosniff
      X-Frame-Options:
      - deny
      home-cluster-uri:
      - https://wabi-us-central-b-primary-redirect.analysis.windows.net/
      request-redirected:
      - 'true'
    status:
      code: 200
      message: OK
- request:
    body: null
    headers:
      Accept:
      - '*/*'
      Accept-Encoding:
      - gzip, deflate
      Connection:
      - keep-alive
      Content-Length:
      - '0'
      Content-Type:
      - application/json
      User-Agent:
      - ms-fabric-cli-test/1.3.1
    method: DELETE
    uri: https://api.fabric.microsoft.com/v1/workspaces/cf67653a-969e-41c3-836d-a8c16eb9404d/items/18001c92-f904-43b2-ba44-c4ab9eb7bd89
  response:
    body:
      string: ''
    headers:
      Access-Control-Expose-Headers:
      - RequestId
      Cache-Control:
      - no-store, must-revalidate, no-cache
      Content-Encoding:
      - gzip
      Content-Length:
      - '0'
      Content-Type:
      - application/octet-stream
      Date:
      - Fri, 06 Feb 2026 11:42:49 GMT
      Pragma:
      - no-cache
      RequestId:
      - 659a5ea6-46e5-48eb-9c76-55acd2e305b3
      Strict-Transport-Security:
      - max-age=31536000; includeSubDomains
      X-Content-Type-Options:
      - nosniff
      X-Frame-Options:
      - deny
      home-cluster-uri:
      - https://wabi-us-central-b-primary-redirect.analysis.windows.net/
      request-redirected:
      - 'true'
    status:
      code: 200
      message: OK
version: 1
