interactions:
- request:
    body: null
    headers:
      Accept:
      - '*/*'
      Accept-Encoding:
      - gzip, deflate
      Connection:
      - keep-alive
      Content-Type:
      - application/json
      User-Agent:
      - ms-fabric-cli-test/1.3.1
    method: GET
    uri: https://api.fabric.microsoft.com/v1/workspaces
  response:
    body:
      string: '{"value": [{"id": "c39782d3-0dbe-4538-a22f-d3a779a71631", "displayName":
        "fabriccli_WorkspacePerTestclass_000001", "description": "Created by fab",
        "type": "Workspace", "capacityId": "07b1fd56-9969-4ff5-a2c8-05df5f82759a"}]}'
    headers:
      Access-Control-Expose-Headers:
      - RequestId
      Cache-Control:
      - no-store, must-revalidate, no-cache
      Content-Encoding:
      - gzip
      Content-Length:
      - '6138'
      Content-Type:
      - application/json; charset=utf-8
      Date:
      - Mon, 19 Jan 2026 12:07:48 GMT
      Pragma:
      - no-cache
      RequestId:
      - ffb41fec-7a2d-4acd-a28d-e5bdbeae4303
      Strict-Transport-Security:
      - max-age=31536000; includeSubDomains
      X-Content-Type-Options:
      - nosniff
      X-Frame-Options:
      - deny
      home-cluster-uri:
      - https://wabi-us-central-b-primary-redirect.analysis.windows.net/
      request-redirected:
      - 'true'
    status:
      code: 200
      message: OK
- request:
    body: null
    headers:
      Accept:
      - '*/*'
      Accept-Encoding:
      - gzip, deflate
      Connection:
      - keep-alive
      Content-Type:
      - application/json
      User-Agent:
      - ms-fabric-cli-test/1.3.1
    method: GET
    uri: https://api.fabric.microsoft.com/v1/workspaces/c39782d3-0dbe-4538-a22f-d3a779a71631/items
  response:
    body:
      string: '{"value": [{"id": "01492e9d-fcf3-4a4f-9a3f-c0cbd54c137d", "type": "SemanticModel",
        "displayName": "fabcli000001_auto", "description": "", "workspaceId": "c39782d3-0dbe-4538-a22f-d3a779a71631"}]}'
    headers:
      Access-Control-Expose-Headers:
      - RequestId
      Cache-Control:
      - no-store, must-revalidate, no-cache
      Content-Encoding:
      - gzip
      Content-Length:
      - '175'
      Content-Type:
      - application/json; charset=utf-8
      Date:
      - Mon, 19 Jan 2026 12:07:48 GMT
      Pragma:
      - no-cache
      RequestId:
      - 02625f82-5f5f-4a03-98dc-b09334d06510
      Strict-Transport-Security:
      - max-age=31536000; includeSubDomains
      X-Content-Type-Options:
      - nosniff
      X-Frame-Options:
      - deny
      home-cluster-uri:
      - https://wabi-us-central-b-primary-redirect.analysis.windows.net/
      request-redirected:
      - 'true'
    status:
      code: 200
      message: OK
- request:
    body: null
    headers:
      Accept:
      - '*/*'
      Accept-Encoding:
      - gzip, deflate
      Connection:
      - keep-alive
      Content-Type:
      - application/json
      User-Agent:
      - ms-fabric-cli-test/1.3.1
    method: GET
    uri: https://api.fabric.microsoft.com/v1/workspaces/c39782d3-0dbe-4538-a22f-d3a779a71631/items
  response:
    body:
      string: '{"value": [{"id": "01492e9d-fcf3-4a4f-9a3f-c0cbd54c137d", "type": "SemanticModel",
        "displayName": "fabcli000001_auto", "description": "", "workspaceId": "c39782d3-0dbe-4538-a22f-d3a779a71631"}]}'
    headers:
      Access-Control-Expose-Headers:
      - RequestId
      Cache-Control:
      - no-store, must-revalidate, no-cache
      Content-Encoding:
      - gzip
      Content-Length:
      - '175'
      Content-Type:
      - application/json; charset=utf-8
      Date:
      - Mon, 19 Jan 2026 12:07:49 GMT
      Pragma:
      - no-cache
      RequestId:
      - 86cd37f5-88f5-4b4e-a3dd-66634a55af3f
      Strict-Transport-Security:
      - max-age=31536000; includeSubDomains
      X-Content-Type-Options:
      - nosniff
      X-Frame-Options:
      - deny
      home-cluster-uri:
      - https://wabi-us-central-b-primary-redirect.analysis.windows.net/
      request-redirected:
      - 'true'
    status:
      code: 200
      message: OK
- request:
    body: '{"description": "Created by fab", "displayName": "fabcli000001_auto", "type":
      "Eventhouse", "folderId": null}'
    headers:
      Accept:
      - '*/*'
      Accept-Encoding:
      - gzip, deflate
      Connection:
      - keep-alive
      Content-Length:
      - '113'
      Content-Type:
      - application/json
      User-Agent:
      - ms-fabric-cli-test/1.3.1
    method: POST
    uri: https://api.fabric.microsoft.com/v1/workspaces/c39782d3-0dbe-4538-a22f-d3a779a71631/eventhouses
  response:
    body:
      string: '{"id": "ba811290-f942-4158-816c-de85b6a16217", "type": "Eventhouse",
        "displayName": "fabcli000001_auto", "description": "Created by fab", "workspaceId":
        "c39782d3-0dbe-4538-a22f-d3a779a71631"}'
    headers:
      Access-Control-Expose-Headers:
      - RequestId,ETag
      Cache-Control:
      - no-store, must-revalidate, no-cache
      Content-Encoding:
      - gzip
      Content-Length:
      - '174'
      Content-Type:
      - application/json; charset=utf-8
      Date:
      - Mon, 19 Jan 2026 12:07:53 GMT
      ETag:
      - '""'
      Pragma:
      - no-cache
      RequestId:
      - 19faaf46-7ce7-421e-83b7-b2a9baaa7545
      Strict-Transport-Security:
      - max-age=31536000; includeSubDomains
      X-Content-Type-Options:
      - nosniff
      X-Frame-Options:
      - deny
      home-cluster-uri:
      - https://wabi-us-central-b-primary-redirect.analysis.windows.net/
      request-redirected:
      - 'true'
    status:
      code: 201
      message: Created
- request:
    body: '{"description": "Created by fab", "displayName": "fabcli000001", "type":
      "KQLDatabase", "folderId": null, "creationPayload": {"databaseType": "ReadWrite",
      "parentEventhouseItemId": "ba811290-f942-4158-816c-de85b6a16217"}}'
    headers:
      Accept:
      - '*/*'
      Accept-Encoding:
      - gzip, deflate
      Connection:
      - keep-alive
      Content-Length:
      - '225'
      Content-Type:
      - application/json
      User-Agent:
      - ms-fabric-cli-test/1.3.1
    method: POST
    uri: https://api.fabric.microsoft.com/v1/workspaces/c39782d3-0dbe-4538-a22f-d3a779a71631/kqlDatabases
  response:
    body:
      string: 'null'
    headers:
      Access-Control-Expose-Headers:
      - RequestId,Location,Retry-After,ETag,x-ms-operation-id
      Cache-Control:
      - no-store, must-revalidate, no-cache
      Content-Encoding:
      - gzip
      Content-Length:
      - '24'
      Content-Type:
      - application/json; charset=utf-8
      Date:
      - Mon, 19 Jan 2026 12:07:54 GMT
      ETag:
      - '""'
      Location:
      - https://wabi-us-central-b-primary-redirect.analysis.windows.net/v1/operations/3634dd4b-3b22-475d-a7f7-6e2cc5289e16
      Pragma:
      - no-cache
      RequestId:
      - 51807f83-f6c9-45ee-b862-3f61ae7d3768
      Retry-After:
      - '20'
      Strict-Transport-Security:
      - max-age=31536000; includeSubDomains
      X-Content-Type-Options:
      - nosniff
      X-Frame-Options:
      - deny
      home-cluster-uri:
      - https://wabi-us-central-b-primary-redirect.analysis.windows.net/
      request-redirected:
      - 'true'
      x-ms-operation-id:
      - 3634dd4b-3b22-475d-a7f7-6e2cc5289e16
    status:
      code: 202
      message: Accepted
- request:
    body: null
    headers:
      Accept:
      - '*/*'
      Accept-Encoding:
      - gzip, deflate
      Connection:
      - keep-alive
      Content-Type:
      - application/json
      User-Agent:
      - ms-fabric-cli-test/1.3.1
    method: GET
    uri: https://wabi-us-central-b-primary-redirect.analysis.windows.net/v1/operations/3634dd4b-3b22-475d-a7f7-6e2cc5289e16
  response:
    body:
      string: '{"status": "Succeeded", "createdTimeUtc": "2026-01-19T12:07:54.9178512",
        "lastUpdatedTimeUtc": "2026-01-19T12:08:01.5126156", "percentComplete": 100,
        "error": null}'
    headers:
      Access-Control-Expose-Headers:
      - RequestId,Location,x-ms-operation-id
      Cache-Control:
      - no-store, must-revalidate, no-cache
      Content-Encoding:
      - gzip
      Content-Length:
      - '132'
      Content-Type:
      - application/json; charset=utf-8
      Date:
      - Mon, 19 Jan 2026 12:08:16 GMT
      Location:
      - https://wabi-us-central-b-primary-redirect.analysis.windows.net/v1/operations/3634dd4b-3b22-475d-a7f7-6e2cc5289e16/result
      Pragma:
      - no-cache
      RequestId:
      - 701a6c70-2919-4d7f-8f8d-489ea02e31a3
      Strict-Transport-Security:
      - max-age=31536000; includeSubDomains
      X-Content-Type-Options:
      - nosniff
      X-Frame-Options:
      - deny
      x-ms-operation-id:
      - 3634dd4b-3b22-475d-a7f7-6e2cc5289e16
    status:
      code: 200
      message: OK
- request:
    body: null
    headers:
      Accept:
      - '*/*'
      Accept-Encoding:
      - gzip, deflate
      Connection:
      - keep-alive
      Content-Type:
      - application/json
      User-Agent:
      - ms-fabric-cli-test/1.3.1
    method: GET
    uri: https://wabi-us-central-b-primary-redirect.analysis.windows.net/v1/operations/3634dd4b-3b22-475d-a7f7-6e2cc5289e16/result
  response:
    body:
      string: '{"id": "21d38b0e-ea8d-443c-94c4-715cf7aa9871", "type": "KQLDatabase",
        "displayName": "fabcli000001", "description": "Created by fab", "workspaceId":
        "c39782d3-0dbe-4538-a22f-d3a779a71631"}'
    headers:
      Access-Control-Expose-Headers:
      - RequestId
      Cache-Control:
      - no-store, must-revalidate, no-cache
      Content-Encoding:
      - gzip
      Content-Type:
      - application/json
      Date:
      - Mon, 19 Jan 2026 12:08:18 GMT
      Pragma:
      - no-cache
      RequestId:
      - 221b1c1d-beea-4edc-a62b-0d47b83074c9
      Strict-Transport-Security:
      - max-age=31536000; includeSubDomains
      Transfer-Encoding:
      - chunked
      X-Content-Type-Options:
      - nosniff
      X-Frame-Options:
      - deny
    status:
      code: 200
      message: OK
- request:
    body: null
    headers:
      Accept:
      - '*/*'
      Accept-Encoding:
      - gzip, deflate
      Connection:
      - keep-alive
      Content-Type:
      - application/json
      User-Agent:
      - ms-fabric-cli-test/1.3.1
    method: GET
    uri: https://api.fabric.microsoft.com/v1/workspaces
  response:
    body:
      string: '{"value": [{"id": "c39782d3-0dbe-4538-a22f-d3a779a71631", "displayName":
        "fabriccli_WorkspacePerTestclass_000001", "description": "Created by fab",
        "type": "Workspace", "capacityId": "07b1fd56-9969-4ff5-a2c8-05df5f82759a"}]}'
    headers:
      Access-Control-Expose-Headers:
      - RequestId
      Cache-Control:
      - no-store, must-revalidate, no-cache
      Content-Encoding:
      - gzip
      Content-Length:
      - '6138'
      Content-Type:
      - application/json; charset=utf-8
      Date:
      - Mon, 19 Jan 2026 12:08:19 GMT
      Pragma:
      - no-cache
      RequestId:
      - c48b7b4d-468c-440f-aadc-d0e5b73aa19d
      Strict-Transport-Security:
      - max-age=31536000; includeSubDomains
      X-Content-Type-Options:
      - nosniff
      X-Frame-Options:
      - deny
      home-cluster-uri:
      - https://wabi-us-central-b-primary-redirect.analysis.windows.net/
      request-redirected:
      - 'true'
    status:
      code: 200
      message: OK
- request:
    body: null
    headers:
      Accept:
      - '*/*'
      Accept-Encoding:
      - gzip, deflate
      Connection:
      - keep-alive
      Content-Type:
      - application/json
      User-Agent:
      - ms-fabric-cli-test/1.3.1
    method: GET
    uri: https://api.fabric.microsoft.com/v1/workspaces/c39782d3-0dbe-4538-a22f-d3a779a71631/items
  response:
    body:
      string: '{"value": [{"id": "01492e9d-fcf3-4a4f-9a3f-c0cbd54c137d", "type": "SemanticModel",
        "displayName": "fabcli000001_auto", "description": "", "workspaceId": "c39782d3-0dbe-4538-a22f-d3a779a71631"},
        {"id": "ba811290-f942-4158-816c-de85b6a16217", "type": "Eventhouse", "displayName":
        "fabcli000001_auto", "description": "Created by fab", "workspaceId": "c39782d3-0dbe-4538-a22f-d3a779a71631"},
        {"id": "c88d051e-6fdd-45fd-a406-1263e90915c2", "type": "KQLDatabase", "displayName":
        "fabcli000001_auto", "description": "fabcli000001_auto", "workspaceId": "c39782d3-0dbe-4538-a22f-d3a779a71631"},
        {"id": "21d38b0e-ea8d-443c-94c4-715cf7aa9871", "type": "KQLDatabase", "displayName":
        "fabcli000001", "description": "Created by fab", "workspaceId": "c39782d3-0dbe-4538-a22f-d3a779a71631"}]}'
    headers:
      Access-Control-Expose-Headers:
      - RequestId
      Cache-Control:
      - no-store, must-revalidate, no-cache
      Content-Encoding:
      - gzip
      Content-Length:
      - '313'
      Content-Type:
      - application/json; charset=utf-8
      Date:
      - Mon, 19 Jan 2026 12:08:20 GMT
      Pragma:
      - no-cache
      RequestId:
      - 7d5ccef0-69f6-4576-b810-a746665c4bc6
      Strict-Transport-Security:
      - max-age=31536000; includeSubDomains
      X-Content-Type-Options:
      - nosniff
      X-Frame-Options:
      - deny
      home-cluster-uri:
      - https://wabi-us-central-b-primary-redirect.analysis.windows.net/
      request-redirected:
      - 'true'
    status:
      code: 200
      message: OK
- request:
    body: null
    headers:
      Accept:
      - '*/*'
      Accept-Encoding:
      - gzip, deflate
      Connection:
      - keep-alive
      Content-Type:
      - application/json
      User-Agent:
      - ms-fabric-cli-test/1.3.1
    method: GET
    uri: https://api.fabric.microsoft.com/v1/workspaces/c39782d3-0dbe-4538-a22f-d3a779a71631/items/21d38b0e-ea8d-443c-94c4-715cf7aa9871
  response:
    body:
      string: '{"id": "21d38b0e-ea8d-443c-94c4-715cf7aa9871", "type": "KQLDatabase",
        "displayName": "fabcli000001", "description": "Created by fab", "workspaceId":
        "c39782d3-0dbe-4538-a22f-d3a779a71631"}'
    headers:
      Access-Control-Expose-Headers:
      - RequestId,ETag
      Cache-Control:
      - no-store, must-revalidate, no-cache
      Content-Encoding:
      - gzip
      Content-Length:
      - '171'
      Content-Type:
      - application/json; charset=utf-8
      Date:
      - Mon, 19 Jan 2026 12:08:22 GMT
      ETag:
      - '""'
      Pragma:
      - no-cache
      RequestId:
      - d5e54ecc-64fd-40b4-80ac-c4c5d660d2a0
      Strict-Transport-Security:
      - max-age=31536000; includeSubDomains
      X-Content-Type-Options:
      - nosniff
      X-Frame-Options:
      - deny
      home-cluster-uri:
      - https://wabi-us-central-b-primary-redirect.analysis.windows.net/
      request-redirected:
      - 'true'
    status:
      code: 200
      message: OK
- request:
    body: null
    headers:
      Accept:
      - '*/*'
      Accept-Encoding:
      - gzip, deflate
      Connection:
      - keep-alive
      Content-Length:
      - '0'
      Content-Type:
      - application/json
      User-Agent:
      - ms-fabric-cli-test/1.3.1
    method: POST
    uri: https://api.fabric.microsoft.com/v1/workspaces/c39782d3-0dbe-4538-a22f-d3a779a71631/items/21d38b0e-ea8d-443c-94c4-715cf7aa9871/getDefinition
  response:
    body:
      string: 'null'
    headers:
      Access-Control-Expose-Headers:
      - RequestId,Location,Retry-After,x-ms-operation-id
      Cache-Control:
      - no-store, must-revalidate, no-cache
      Content-Encoding:
      - gzip
      Content-Length:
      - '24'
      Content-Type:
      - application/json; charset=utf-8
      Date:
      - Mon, 19 Jan 2026 12:08:23 GMT
      Location:
      - https://wabi-us-central-b-primary-redirect.analysis.windows.net/v1/operations/db15c28b-d3b6-497a-ac13-dcc4f879bc5b
      Pragma:
      - no-cache
      RequestId:
      - 6e461d0b-ea3b-43de-8f31-2f95d4e7a89f
      Retry-After:
      - '20'
      Strict-Transport-Security:
      - max-age=31536000; includeSubDomains
      X-Content-Type-Options:
      - nosniff
      X-Frame-Options:
      - deny
      home-cluster-uri:
      - https://wabi-us-central-b-primary-redirect.analysis.windows.net/
      request-redirected:
      - 'true'
      x-ms-operation-id:
      - db15c28b-d3b6-497a-ac13-dcc4f879bc5b
    status:
      code: 202
      message: Accepted
- request:
    body: null
    headers:
      Accept:
      - '*/*'
      Accept-Encoding:
      - gzip, deflate
      Connection:
      - keep-alive
      Content-Type:
      - application/json
      User-Agent:
      - ms-fabric-cli-test/1.3.1
    method: GET
    uri: https://wabi-us-central-b-primary-redirect.analysis.windows.net/v1/operations/db15c28b-d3b6-497a-ac13-dcc4f879bc5b
  response:
    body:
      string: '{"status": "Succeeded", "createdTimeUtc": "2026-01-19T12:08:23.2970148",
        "lastUpdatedTimeUtc": "2026-01-19T12:08:42.1291212", "percentComplete": 100,
        "error": null}'
    headers:
      Access-Control-Expose-Headers:
      - RequestId,Location,x-ms-operation-id
      Cache-Control:
      - no-store, must-revalidate, no-cache
      Content-Encoding:
      - gzip
      Content-Length:
      - '131'
      Content-Type:
      - application/json; charset=utf-8
      Date:
      - Mon, 19 Jan 2026 12:08:44 GMT
      Location:
      - https://wabi-us-central-b-primary-redirect.analysis.windows.net/v1/operations/db15c28b-d3b6-497a-ac13-dcc4f879bc5b/result
      Pragma:
      - no-cache
      RequestId:
      - cb32d126-c34f-4e46-9e49-9d97bb3010be
      Strict-Transport-Security:
      - max-age=31536000; includeSubDomains
      X-Content-Type-Options:
      - nosniff
      X-Frame-Options:
      - deny
      x-ms-operation-id:
      - db15c28b-d3b6-497a-ac13-dcc4f879bc5b
    status:
      code: 200
      message: OK
- request:
    body: null
    headers:
      Accept:
      - '*/*'
      Accept-Encoding:
      - gzip, deflate
      Connection:
      - keep-alive
      Content-Type:
      - application/json
      User-Agent:
      - ms-fabric-cli-test/1.3.1
    method: GET
    uri: https://wabi-us-central-b-primary-redirect.analysis.windows.net/v1/operations/db15c28b-d3b6-497a-ac13-dcc4f879bc5b/result
  response:
    body:
      string: '{"definition": {"parts": [{"path": "DatabaseProperties.json", "payload":
        "ew0KICAiZGF0YWJhc2VUeXBlIjogIlJlYWRXcml0ZSIsDQogICJwYXJlbnRFdmVudGhvdXNlSXRlbUlkIjogImJhODExMjkwLWY5NDItNDE1OC04MTZjLWRlODViNmExNjIxNyIsDQogICJvbmVMYWtlQ2FjaGluZ1BlcmlvZCI6ICJQMzY1MDAwRCIsDQogICJvbmVMYWtlU3RhbmRhcmRTdG9yYWdlUGVyaW9kIjogIlAzNjUwMDBEIg0KfQ==",
        "payloadType": "InlineBase64"}, {"path": "DatabaseSchema.kql", "payload":
        "Ly8gS1FMIHNjcmlwdA0KLy8gVXNlIG1hbmFnZW1lbnQgY29tbWFuZHMgaW4gdGhpcyBzY3JpcHQgdG8gY29uZmlndXJlIHlvdXIgZGF0YWJhc2UgaXRlbXMsIHN1Y2ggYXMgdGFibGVzLCBmdW5jdGlvbnMsIG1hdGVyaWFsaXplZCB2aWV3cywgYW5kIG1vcmUuDQoNCg0K",
        "payloadType": "InlineBase64"}, {"path": ".platform", "payload": "ewogICIkc2NoZW1hIjogImh0dHBzOi8vZGV2ZWxvcGVyLm1pY3Jvc29mdC5jb20vanNvbi1zY2hlbWFzL2ZhYnJpYy9naXRJbnRlZ3JhdGlvbi9wbGF0Zm9ybVByb3BlcnRpZXMvMi4wLjAvc2NoZW1hLmpzb24iLAogICJtZXRhZGF0YSI6IHsKICAgICJ0eXBlIjogIktRTERhdGFiYXNlIiwKICAgICJkaXNwbGF5TmFtZSI6ICJmYWJjbGkwMDAwMDEiLAogICAgImRlc2NyaXB0aW9uIjogIkNyZWF0ZWQgYnkgZmFiIgogIH0sCiAgImNvbmZpZyI6IHsKICAgICJ2ZXJzaW9uIjogIjIuMCIsCiAgICAibG9naWNhbElkIjogIjAwMDAwMDAwLTAwMDAtMDAwMC0wMDAwLTAwMDAwMDAwMDAwMCIKICB9Cn0=",
        "payloadType": "InlineBase64"}]}}'
    headers:
      Access-Control-Expose-Headers:
      - RequestId
      Cache-Control:
      - no-store, must-revalidate, no-cache
      Content-Encoding:
      - gzip
      Content-Type:
      - application/json
      Date:
      - Mon, 19 Jan 2026 12:08:45 GMT
      Pragma:
      - no-cache
      RequestId:
      - 8689367e-a851-4265-974f-c30a882a0f87
      Strict-Transport-Security:
      - max-age=31536000; includeSubDomains
      Transfer-Encoding:
      - chunked
      X-Content-Type-Options:
      - nosniff
      X-Frame-Options:
      - deny
    status:
      code: 200
      message: OK
- request:
    body: null
    headers:
      Accept:
      - '*/*'
      Accept-Encoding:
      - gzip, deflate
      Connection:
      - keep-alive
      Content-Type:
      - application/json
      User-Agent:
      - ms-fabric-cli-test/1.3.1
    method: GET
    uri: https://api.fabric.microsoft.com/v1/workspaces
  response:
    body:
      string: '{"value": [{"id": "c39782d3-0dbe-4538-a22f-d3a779a71631", "displayName":
        "fabriccli_WorkspacePerTestclass_000001", "description": "Created by fab",
        "type": "Workspace", "capacityId": "07b1fd56-9969-4ff5-a2c8-05df5f82759a"}]}'
    headers:
      Access-Control-Expose-Headers:
      - RequestId
      Cache-Control:
      - no-store, must-revalidate, no-cache
      Content-Encoding:
      - gzip
      Content-Length:
      - '6138'
      Content-Type:
      - application/json; charset=utf-8
      Date:
      - Mon, 19 Jan 2026 12:08:46 GMT
      Pragma:
      - no-cache
      RequestId:
      - 6399d311-8be7-4d76-8fae-a9021887fc2c
      Strict-Transport-Security:
      - max-age=31536000; includeSubDomains
      X-Content-Type-Options:
      - nosniff
      X-Frame-Options:
      - deny
      home-cluster-uri:
      - https://wabi-us-central-b-primary-redirect.analysis.windows.net/
      request-redirected:
      - 'true'
    status:
      code: 200
      message: OK
- request:
    body: null
    headers:
      Accept:
      - '*/*'
      Accept-Encoding:
      - gzip, deflate
      Connection:
      - keep-alive
      Content-Type:
      - application/json
      User-Agent:
      - ms-fabric-cli-test/1.3.1
    method: GET
    uri: https://api.fabric.microsoft.com/v1/workspaces/c39782d3-0dbe-4538-a22f-d3a779a71631/items
  response:
    body:
      string: '{"value": [{"id": "01492e9d-fcf3-4a4f-9a3f-c0cbd54c137d", "type": "SemanticModel",
        "displayName": "fabcli000001_auto", "description": "", "workspaceId": "c39782d3-0dbe-4538-a22f-d3a779a71631"},
        {"id": "ba811290-f942-4158-816c-de85b6a16217", "type": "Eventhouse", "displayName":
        "fabcli000001_auto", "description": "Created by fab", "workspaceId": "c39782d3-0dbe-4538-a22f-d3a779a71631"},
        {"id": "c88d051e-6fdd-45fd-a406-1263e90915c2", "type": "KQLDatabase", "displayName":
        "fabcli000001_auto", "description": "fabcli000001_auto", "workspaceId": "c39782d3-0dbe-4538-a22f-d3a779a71631"},
        {"id": "21d38b0e-ea8d-443c-94c4-715cf7aa9871", "type": "KQLDatabase", "displayName":
        "fabcli000001", "description": "Created by fab", "workspaceId": "c39782d3-0dbe-4538-a22f-d3a779a71631"}]}'
    headers:
      Access-Control-Expose-Headers:
      - RequestId
      Cache-Control:
      - no-store, must-revalidate, no-cache
      Content-Encoding:
      - gzip
      Content-Length:
      - '313'
      Content-Type:
      - application/json; charset=utf-8
      Date:
      - Mon, 19 Jan 2026 12:08:48 GMT
      Pragma:
      - no-cache
      RequestId:
      - a4bf79c5-fe2c-472f-8f26-22496426e3cd
      Strict-Transport-Security:
      - max-age=31536000; includeSubDomains
      X-Content-Type-Options:
      - nosniff
      X-Frame-Options:
      - deny
      home-cluster-uri:
      - https://wabi-us-central-b-primary-redirect.analysis.windows.net/
      request-redirected:
      - 'true'
    status:
      code: 200
      message: OK
- request:
    body: null
    headers:
      Accept:
      - '*/*'
      Accept-Encoding:
      - gzip, deflate
      Connection:
      - keep-alive
      Content-Length:
      - '0'
      Content-Type:
      - application/json
      User-Agent:
      - ms-fabric-cli-test/1.3.1
    method: DELETE
    uri: https://api.fabric.microsoft.com/v1/workspaces/c39782d3-0dbe-4538-a22f-d3a779a71631/items/21d38b0e-ea8d-443c-94c4-715cf7aa9871
  response:
    body:
      string: ''
    headers:
      Access-Control-Expose-Headers:
      - RequestId
      Cache-Control:
      - no-store, must-revalidate, no-cache
      Content-Encoding:
      - gzip
      Content-Length:
      - '0'
      Content-Type:
      - application/octet-stream
      Date:
      - Mon, 19 Jan 2026 12:08:49 GMT
      Pragma:
      - no-cache
      RequestId:
      - 61a392d7-bc87-464d-9955-465d4c82a872
      Strict-Transport-Security:
      - max-age=31536000; includeSubDomains
      X-Content-Type-Options:
      - nosniff
      X-Frame-Options:
      - deny
      home-cluster-uri:
      - https://wabi-us-central-b-primary-redirect.analysis.windows.net/
      request-redirected:
      - 'true'
    status:
      code: 200
      message: OK
version: 1
