interactions:
- request:
    body: null
    headers:
      Accept:
      - '*/*'
      Accept-Encoding:
      - gzip, deflate
      Connection:
      - keep-alive
      Content-Type:
      - application/json
      User-Agent:
      - ms-fabric-cli-test/1.3.1
    method: GET
    uri: https://api.fabric.microsoft.com/v1/workspaces
  response:
    body:
      string: '{"value": [{"id": "212b5b44-51e7-4456-9def-82a1c21a939f", "displayName":
        "fabriccli_WorkspacePerTestclass_000001", "description": "Created by fab",
        "type": "Workspace", "capacityId": "07b1fd56-9969-4ff5-a2c8-05df5f82759a"}]}'
    headers:
      Access-Control-Expose-Headers:
      - RequestId
      Cache-Control:
      - no-store, must-revalidate, no-cache
      Content-Encoding:
      - gzip
      Content-Length:
      - '6136'
      Content-Type:
      - application/json; charset=utf-8
      Date:
      - Mon, 19 Jan 2026 13:33:31 GMT
      Pragma:
      - no-cache
      RequestId:
      - 1589a625-314e-4ae6-b11e-8c0cae1e571f
      Strict-Transport-Security:
      - max-age=31536000; includeSubDomains
      X-Content-Type-Options:
      - nosniff
      X-Frame-Options:
      - deny
      home-cluster-uri:
      - https://wabi-us-central-b-primary-redirect.analysis.windows.net/
      request-redirected:
      - 'true'
    status:
      code: 200
      message: OK
- request:
    body: null
    headers:
      Accept:
      - '*/*'
      Accept-Encoding:
      - gzip, deflate
      Connection:
      - keep-alive
      Content-Type:
      - application/json
      User-Agent:
      - ms-fabric-cli-test/1.3.1
    method: GET
    uri: https://api.fabric.microsoft.com/v1/workspaces/212b5b44-51e7-4456-9def-82a1c21a939f/items
  response:
    body:
      string: '{"value": [{"id": "d67014ed-ea6a-4901-b35b-01854838dc61", "type": "SemanticModel",
        "displayName": "fabcli000001_auto", "description": "", "workspaceId": "212b5b44-51e7-4456-9def-82a1c21a939f"},
        {"id": "3e30bcea-4c0b-4cdb-867c-fb5e1a45835f", "type": "Eventhouse", "displayName":
        "fabcli000001_auto", "description": "Created by fab", "workspaceId": "212b5b44-51e7-4456-9def-82a1c21a939f"},
        {"id": "38004734-f4c6-43f9-bdd3-f57e89d2b90a", "type": "KQLDatabase", "displayName":
        "fabcli000001_auto", "description": "fabcli000001_auto", "workspaceId": "212b5b44-51e7-4456-9def-82a1c21a939f"}]}'
    headers:
      Access-Control-Expose-Headers:
      - RequestId
      Cache-Control:
      - no-store, must-revalidate, no-cache
      Content-Encoding:
      - gzip
      Content-Length:
      - '284'
      Content-Type:
      - application/json; charset=utf-8
      Date:
      - Mon, 19 Jan 2026 13:33:32 GMT
      Pragma:
      - no-cache
      RequestId:
      - 726ef100-38a4-41d2-8061-05b6a7b3b7b1
      Strict-Transport-Security:
      - max-age=31536000; includeSubDomains
      X-Content-Type-Options:
      - nosniff
      X-Frame-Options:
      - deny
      home-cluster-uri:
      - https://wabi-us-central-b-primary-redirect.analysis.windows.net/
      request-redirected:
      - 'true'
    status:
      code: 200
      message: OK
- request:
    body: null
    headers:
      Accept:
      - '*/*'
      Accept-Encoding:
      - gzip, deflate
      Connection:
      - keep-alive
      Content-Type:
      - application/json
      User-Agent:
      - ms-fabric-cli-test/1.3.1
    method: GET
    uri: https://api.fabric.microsoft.com/v1/workspaces/212b5b44-51e7-4456-9def-82a1c21a939f/items
  response:
    body:
      string: '{"value": [{"id": "d67014ed-ea6a-4901-b35b-01854838dc61", "type": "SemanticModel",
        "displayName": "fabcli000001_auto", "description": "", "workspaceId": "212b5b44-51e7-4456-9def-82a1c21a939f"},
        {"id": "3e30bcea-4c0b-4cdb-867c-fb5e1a45835f", "type": "Eventhouse", "displayName":
        "fabcli000001_auto", "description": "Created by fab", "workspaceId": "212b5b44-51e7-4456-9def-82a1c21a939f"},
        {"id": "38004734-f4c6-43f9-bdd3-f57e89d2b90a", "type": "KQLDatabase", "displayName":
        "fabcli000001_auto", "description": "fabcli000001_auto", "workspaceId": "212b5b44-51e7-4456-9def-82a1c21a939f"}]}'
    headers:
      Access-Control-Expose-Headers:
      - RequestId
      Cache-Control:
      - no-store, must-revalidate, no-cache
      Content-Encoding:
      - gzip
      Content-Length:
      - '284'
      Content-Type:
      - application/json; charset=utf-8
      Date:
      - Mon, 19 Jan 2026 13:33:33 GMT
      Pragma:
      - no-cache
      RequestId:
      - 52a0e6f5-bb14-4038-b149-8ec87dd83e1c
      Strict-Transport-Security:
      - max-age=31536000; includeSubDomains
      X-Content-Type-Options:
      - nosniff
      X-Frame-Options:
      - deny
      home-cluster-uri:
      - https://wabi-us-central-b-primary-redirect.analysis.windows.net/
      request-redirected:
      - 'true'
    status:
      code: 200
      message: OK
- request:
    body: '{"description": "Created by fab", "displayName": "fabcli000001", "type":
      "Lakehouse", "folderId": null}'
    headers:
      Accept:
      - '*/*'
      Accept-Encoding:
      - gzip, deflate
      Connection:
      - keep-alive
      Content-Length:
      - '107'
      Content-Type:
      - application/json
      User-Agent:
      - ms-fabric-cli-test/1.3.1
    method: POST
    uri: https://api.fabric.microsoft.com/v1/workspaces/212b5b44-51e7-4456-9def-82a1c21a939f/lakehouses
  response:
    body:
      string: '{"id": "d11e6559-e4d9-4f18-bbbb-6edbb5a67cf5", "type": "Lakehouse",
        "displayName": "fabcli000001", "description": "Created by fab", "workspaceId":
        "212b5b44-51e7-4456-9def-82a1c21a939f"}'
    headers:
      Access-Control-Expose-Headers:
      - RequestId,ETag
      Cache-Control:
      - no-store, must-revalidate, no-cache
      Content-Encoding:
      - gzip
      Content-Length:
      - '167'
      Content-Type:
      - application/json; charset=utf-8
      Date:
      - Mon, 19 Jan 2026 13:33:36 GMT
      ETag:
      - '""'
      Pragma:
      - no-cache
      RequestId:
      - 5cd92e6e-49ea-4a4d-b289-efedd0814a49
      Strict-Transport-Security:
      - max-age=31536000; includeSubDomains
      X-Content-Type-Options:
      - nosniff
      X-Frame-Options:
      - deny
      home-cluster-uri:
      - https://wabi-us-central-b-primary-redirect.analysis.windows.net/
      request-redirected:
      - 'true'
    status:
      code: 201
      message: Created
- request:
    body: null
    headers:
      Accept:
      - '*/*'
      Accept-Encoding:
      - gzip, deflate
      Connection:
      - keep-alive
      Content-Type:
      - application/json
      User-Agent:
      - ms-fabric-cli-test/1.3.1
    method: GET
    uri: https://api.fabric.microsoft.com/v1/workspaces
  response:
    body:
      string: '{"value": [{"id": "212b5b44-51e7-4456-9def-82a1c21a939f", "displayName":
        "fabriccli_WorkspacePerTestclass_000001", "description": "Created by fab",
        "type": "Workspace", "capacityId": "07b1fd56-9969-4ff5-a2c8-05df5f82759a"}]}'
    headers:
      Access-Control-Expose-Headers:
      - RequestId
      Cache-Control:
      - no-store, must-revalidate, no-cache
      Content-Encoding:
      - gzip
      Content-Length:
      - '6136'
      Content-Type:
      - application/json; charset=utf-8
      Date:
      - Mon, 19 Jan 2026 13:33:37 GMT
      Pragma:
      - no-cache
      RequestId:
      - b27aefc5-8d60-4223-8f34-dc7dcdece85b
      Strict-Transport-Security:
      - max-age=31536000; includeSubDomains
      X-Content-Type-Options:
      - nosniff
      X-Frame-Options:
      - deny
      home-cluster-uri:
      - https://wabi-us-central-b-primary-redirect.analysis.windows.net/
      request-redirected:
      - 'true'
    status:
      code: 200
      message: OK
- request:
    body: null
    headers:
      Accept:
      - '*/*'
      Accept-Encoding:
      - gzip, deflate
      Connection:
      - keep-alive
      Content-Type:
      - application/json
      User-Agent:
      - ms-fabric-cli-test/1.3.1
    method: GET
    uri: https://api.fabric.microsoft.com/v1/workspaces/212b5b44-51e7-4456-9def-82a1c21a939f/items
  response:
    body:
      string: '{"value": [{"id": "d67014ed-ea6a-4901-b35b-01854838dc61", "type": "SemanticModel",
        "displayName": "fabcli000001_auto", "description": "", "workspaceId": "212b5b44-51e7-4456-9def-82a1c21a939f"},
        {"id": "3e30bcea-4c0b-4cdb-867c-fb5e1a45835f", "type": "Eventhouse", "displayName":
        "fabcli000001_auto", "description": "Created by fab", "workspaceId": "212b5b44-51e7-4456-9def-82a1c21a939f"},
        {"id": "38004734-f4c6-43f9-bdd3-f57e89d2b90a", "type": "KQLDatabase", "displayName":
        "fabcli000001_auto", "description": "fabcli000001_auto", "workspaceId": "212b5b44-51e7-4456-9def-82a1c21a939f"},
        {"id": "d11e6559-e4d9-4f18-bbbb-6edbb5a67cf5", "type": "Lakehouse", "displayName":
        "fabcli000001", "description": "Created by fab", "workspaceId": "212b5b44-51e7-4456-9def-82a1c21a939f"}]}'
    headers:
      Access-Control-Expose-Headers:
      - RequestId
      Cache-Control:
      - no-store, must-revalidate, no-cache
      Content-Encoding:
      - gzip
      Content-Length:
      - '325'
      Content-Type:
      - application/json; charset=utf-8
      Date:
      - Mon, 19 Jan 2026 13:33:38 GMT
      Pragma:
      - no-cache
      RequestId:
      - 464122a8-4525-4147-9e57-89db3c3a8d9e
      Strict-Transport-Security:
      - max-age=31536000; includeSubDomains
      X-Content-Type-Options:
      - nosniff
      X-Frame-Options:
      - deny
      home-cluster-uri:
      - https://wabi-us-central-b-primary-redirect.analysis.windows.net/
      request-redirected:
      - 'true'
    status:
      code: 200
      message: OK
- request:
    body: null
    headers:
      Accept:
      - '*/*'
      Accept-Encoding:
      - gzip, deflate
      Connection:
      - keep-alive
      Content-Type:
      - application/json
      User-Agent:
      - ms-fabric-cli-test/1.3.1
    method: GET
    uri: https://api.fabric.microsoft.com/v1/workspaces
  response:
    body:
      string: '{"value": [{"id": "212b5b44-51e7-4456-9def-82a1c21a939f", "displayName":
        "fabriccli_WorkspacePerTestclass_000001", "description": "Created by fab",
        "type": "Workspace", "capacityId": "07b1fd56-9969-4ff5-a2c8-05df5f82759a"}]}'
    headers:
      Access-Control-Expose-Headers:
      - RequestId
      Cache-Control:
      - no-store, must-revalidate, no-cache
      Content-Encoding:
      - gzip
      Content-Length:
      - '6136'
      Content-Type:
      - application/json; charset=utf-8
      Date:
      - Mon, 19 Jan 2026 13:33:39 GMT
      Pragma:
      - no-cache
      RequestId:
      - debb3de4-2f9d-43cc-9628-b35938b1c721
      Strict-Transport-Security:
      - max-age=31536000; includeSubDomains
      X-Content-Type-Options:
      - nosniff
      X-Frame-Options:
      - deny
      home-cluster-uri:
      - https://wabi-us-central-b-primary-redirect.analysis.windows.net/
      request-redirected:
      - 'true'
    status:
      code: 200
      message: OK
- request:
    body: null
    headers:
      Accept:
      - '*/*'
      Accept-Encoding:
      - gzip, deflate
      Connection:
      - keep-alive
      Content-Type:
      - application/json
      User-Agent:
      - ms-fabric-cli-test/1.3.1
    method: GET
    uri: https://api.fabric.microsoft.com/v1/workspaces/212b5b44-51e7-4456-9def-82a1c21a939f/items
  response:
    body:
      string: '{"value": [{"id": "d67014ed-ea6a-4901-b35b-01854838dc61", "type": "SemanticModel",
        "displayName": "fabcli000001_auto", "description": "", "workspaceId": "212b5b44-51e7-4456-9def-82a1c21a939f"},
        {"id": "3e30bcea-4c0b-4cdb-867c-fb5e1a45835f", "type": "Eventhouse", "displayName":
        "fabcli000001_auto", "description": "Created by fab", "workspaceId": "212b5b44-51e7-4456-9def-82a1c21a939f"},
        {"id": "38004734-f4c6-43f9-bdd3-f57e89d2b90a", "type": "KQLDatabase", "displayName":
        "fabcli000001_auto", "description": "fabcli000001_auto", "workspaceId": "212b5b44-51e7-4456-9def-82a1c21a939f"},
        {"id": "d11e6559-e4d9-4f18-bbbb-6edbb5a67cf5", "type": "Lakehouse", "displayName":
        "fabcli000001", "description": "Created by fab", "workspaceId": "212b5b44-51e7-4456-9def-82a1c21a939f"}]}'
    headers:
      Access-Control-Expose-Headers:
      - RequestId
      Cache-Control:
      - no-store, must-revalidate, no-cache
      Content-Encoding:
      - gzip
      Content-Length:
      - '325'
      Content-Type:
      - application/json; charset=utf-8
      Date:
      - Mon, 19 Jan 2026 13:33:40 GMT
      Pragma:
      - no-cache
      RequestId:
      - d8c935ef-1e27-483c-80e8-523ba6f6b630
      Strict-Transport-Security:
      - max-age=31536000; includeSubDomains
      X-Content-Type-Options:
      - nosniff
      X-Frame-Options:
      - deny
      home-cluster-uri:
      - https://wabi-us-central-b-primary-redirect.analysis.windows.net/
      request-redirected:
      - 'true'
    status:
      code: 200
      message: OK
- request:
    body: null
    headers:
      Accept:
      - '*/*'
      Accept-Encoding:
      - gzip, deflate
      Connection:
      - keep-alive
      Content-Length:
      - '0'
      Content-Type:
      - application/json
      User-Agent:
      - ms-fabric-cli-test/1.3.1
    method: DELETE
    uri: https://api.fabric.microsoft.com/v1/workspaces/212b5b44-51e7-4456-9def-82a1c21a939f/items/d11e6559-e4d9-4f18-bbbb-6edbb5a67cf5
  response:
    body:
      string: ''
    headers:
      Access-Control-Expose-Headers:
      - RequestId
      Cache-Control:
      - no-store, must-revalidate, no-cache
      Content-Encoding:
      - gzip
      Content-Length:
      - '0'
      Content-Type:
      - application/octet-stream
      Date:
      - Mon, 19 Jan 2026 13:33:41 GMT
      Pragma:
      - no-cache
      RequestId:
      - e9ee371f-e943-44aa-801c-c6e9b21c27f0
      Strict-Transport-Security:
      - max-age=31536000; includeSubDomains
      X-Content-Type-Options:
      - nosniff
      X-Frame-Options:
      - deny
      home-cluster-uri:
      - https://wabi-us-central-b-primary-redirect.analysis.windows.net/
      request-redirected:
      - 'true'
    status:
      code: 200
      message: OK
version: 1
