interactions:
- request:
    body: null
    headers:
      Accept:
      - '*/*'
      Accept-Encoding:
      - gzip, deflate
      Connection:
      - keep-alive
      Content-Type:
      - application/json
      User-Agent:
      - ms-fabric-cli-test/1.3.1
    method: GET
    uri: https://api.fabric.microsoft.com/v1/workspaces
  response:
    body:
      string: '{"value": [{"id": "343f6252-2499-4742-8582-e65e410dcecf", "displayName":
        "fabriccli_WorkspacePerTestclass_000001", "description": "Created by fab",
        "type": "Workspace", "capacityId": "07b1fd56-9969-4ff5-a2c8-05df5f82759a"}]}'
    headers:
      Access-Control-Expose-Headers:
      - RequestId
      Cache-Control:
      - no-store, must-revalidate, no-cache
      Content-Encoding:
      - gzip
      Content-Length:
      - '6139'
      Content-Type:
      - application/json; charset=utf-8
      Date:
      - Mon, 19 Jan 2026 13:24:54 GMT
      Pragma:
      - no-cache
      RequestId:
      - 915c084f-f1b1-485e-a8e8-9206803e1e35
      Strict-Transport-Security:
      - max-age=31536000; includeSubDomains
      X-Content-Type-Options:
      - nosniff
      X-Frame-Options:
      - deny
      home-cluster-uri:
      - https://wabi-us-central-b-primary-redirect.analysis.windows.net/
      request-redirected:
      - 'true'
    status:
      code: 200
      message: OK
- request:
    body: null
    headers:
      Accept:
      - '*/*'
      Accept-Encoding:
      - gzip, deflate
      Connection:
      - keep-alive
      Content-Type:
      - application/json
      User-Agent:
      - ms-fabric-cli-test/1.3.1
    method: GET
    uri: https://api.fabric.microsoft.com/v1/workspaces/343f6252-2499-4742-8582-e65e410dcecf/items
  response:
    body:
      string: '{"value": [{"id": "f43398b3-b276-42e3-a841-6335af9b26b2", "type": "SemanticModel",
        "displayName": "fabcli000001_auto", "description": "", "workspaceId": "343f6252-2499-4742-8582-e65e410dcecf"}]}'
    headers:
      Access-Control-Expose-Headers:
      - RequestId
      Cache-Control:
      - no-store, must-revalidate, no-cache
      Content-Encoding:
      - gzip
      Content-Length:
      - '176'
      Content-Type:
      - application/json; charset=utf-8
      Date:
      - Mon, 19 Jan 2026 13:24:55 GMT
      Pragma:
      - no-cache
      RequestId:
      - a73b799a-c28e-467e-abe6-2e630766a0d0
      Strict-Transport-Security:
      - max-age=31536000; includeSubDomains
      X-Content-Type-Options:
      - nosniff
      X-Frame-Options:
      - deny
      home-cluster-uri:
      - https://wabi-us-central-b-primary-redirect.analysis.windows.net/
      request-redirected:
      - 'true'
    status:
      code: 200
      message: OK
- request:
    body: null
    headers:
      Accept:
      - '*/*'
      Accept-Encoding:
      - gzip, deflate
      Connection:
      - keep-alive
      Content-Type:
      - application/json
      User-Agent:
      - ms-fabric-cli-test/1.3.1
    method: GET
    uri: https://api.fabric.microsoft.com/v1/workspaces/343f6252-2499-4742-8582-e65e410dcecf/items
  response:
    body:
      string: '{"value": [{"id": "f43398b3-b276-42e3-a841-6335af9b26b2", "type": "SemanticModel",
        "displayName": "fabcli000001_auto", "description": "", "workspaceId": "343f6252-2499-4742-8582-e65e410dcecf"}]}'
    headers:
      Access-Control-Expose-Headers:
      - RequestId
      Cache-Control:
      - no-store, must-revalidate, no-cache
      Content-Encoding:
      - gzip
      Content-Length:
      - '176'
      Content-Type:
      - application/json; charset=utf-8
      Date:
      - Mon, 19 Jan 2026 13:24:56 GMT
      Pragma:
      - no-cache
      RequestId:
      - 4f4d8e9e-b938-40dd-953c-51f99baa8777
      Strict-Transport-Security:
      - max-age=31536000; includeSubDomains
      X-Content-Type-Options:
      - nosniff
      X-Frame-Options:
      - deny
      home-cluster-uri:
      - https://wabi-us-central-b-primary-redirect.analysis.windows.net/
      request-redirected:
      - 'true'
    status:
      code: 200
      message: OK
- request:
    body: '{"description": "Created by fab", "displayName": "fabcli000001_auto", "type":
      "Eventhouse", "folderId": null}'
    headers:
      Accept:
      - '*/*'
      Accept-Encoding:
      - gzip, deflate
      Connection:
      - keep-alive
      Content-Length:
      - '113'
      Content-Type:
      - application/json
      User-Agent:
      - ms-fabric-cli-test/1.3.1
    method: POST
    uri: https://api.fabric.microsoft.com/v1/workspaces/343f6252-2499-4742-8582-e65e410dcecf/eventhouses
  response:
    body:
      string: '{"id": "6ff6d740-0832-4b45-9612-89933c8dea8b", "type": "Eventhouse",
        "displayName": "fabcli000001_auto", "description": "Created by fab", "workspaceId":
        "343f6252-2499-4742-8582-e65e410dcecf"}'
    headers:
      Access-Control-Expose-Headers:
      - RequestId,ETag
      Cache-Control:
      - no-store, must-revalidate, no-cache
      Content-Encoding:
      - gzip
      Content-Length:
      - '173'
      Content-Type:
      - application/json; charset=utf-8
      Date:
      - Mon, 19 Jan 2026 13:24:59 GMT
      ETag:
      - '""'
      Pragma:
      - no-cache
      RequestId:
      - 445ba827-2ea9-44af-998b-59c1088835cc
      Strict-Transport-Security:
      - max-age=31536000; includeSubDomains
      X-Content-Type-Options:
      - nosniff
      X-Frame-Options:
      - deny
      home-cluster-uri:
      - https://wabi-us-central-b-primary-redirect.analysis.windows.net/
      request-redirected:
      - 'true'
    status:
      code: 201
      message: Created
- request:
    body: '{"description": "Created by fab", "displayName": "fabcli000001", "type":
      "KQLDatabase", "folderId": null, "creationPayload": {"databaseType": "ReadWrite",
      "parentEventhouseItemId": "6ff6d740-0832-4b45-9612-89933c8dea8b"}}'
    headers:
      Accept:
      - '*/*'
      Accept-Encoding:
      - gzip, deflate
      Connection:
      - keep-alive
      Content-Length:
      - '225'
      Content-Type:
      - application/json
      User-Agent:
      - ms-fabric-cli-test/1.3.1
    method: POST
    uri: https://api.fabric.microsoft.com/v1/workspaces/343f6252-2499-4742-8582-e65e410dcecf/kqlDatabases
  response:
    body:
      string: 'null'
    headers:
      Access-Control-Expose-Headers:
      - RequestId,Location,Retry-After,ETag,x-ms-operation-id
      Cache-Control:
      - no-store, must-revalidate, no-cache
      Content-Encoding:
      - gzip
      Content-Length:
      - '24'
      Content-Type:
      - application/json; charset=utf-8
      Date:
      - Mon, 19 Jan 2026 13:25:01 GMT
      ETag:
      - '""'
      Location:
      - https://wabi-us-central-b-primary-redirect.analysis.windows.net/v1/operations/745fa211-9f0b-4815-8a10-49899a857211
      Pragma:
      - no-cache
      RequestId:
      - c2280ae6-a203-4db2-bf30-a3ff2118b6b6
      Retry-After:
      - '20'
      Strict-Transport-Security:
      - max-age=31536000; includeSubDomains
      X-Content-Type-Options:
      - nosniff
      X-Frame-Options:
      - deny
      home-cluster-uri:
      - https://wabi-us-central-b-primary-redirect.analysis.windows.net/
      request-redirected:
      - 'true'
      x-ms-operation-id:
      - 745fa211-9f0b-4815-8a10-49899a857211
    status:
      code: 202
      message: Accepted
- request:
    body: null
    headers:
      Accept:
      - '*/*'
      Accept-Encoding:
      - gzip, deflate
      Connection:
      - keep-alive
      Content-Type:
      - application/json
      User-Agent:
      - ms-fabric-cli-test/1.3.1
    method: GET
    uri: https://wabi-us-central-b-primary-redirect.analysis.windows.net/v1/operations/745fa211-9f0b-4815-8a10-49899a857211
  response:
    body:
      string: '{"status": "Succeeded", "createdTimeUtc": "2026-01-19T13:25:01.0854406",
        "lastUpdatedTimeUtc": "2026-01-19T13:25:07.6668395", "percentComplete": 100,
        "error": null}'
    headers:
      Access-Control-Expose-Headers:
      - RequestId,Location,x-ms-operation-id
      Cache-Control:
      - no-store, must-revalidate, no-cache
      Content-Encoding:
      - gzip
      Content-Length:
      - '131'
      Content-Type:
      - application/json; charset=utf-8
      Date:
      - Mon, 19 Jan 2026 13:25:21 GMT
      Location:
      - https://wabi-us-central-b-primary-redirect.analysis.windows.net/v1/operations/745fa211-9f0b-4815-8a10-49899a857211/result
      Pragma:
      - no-cache
      RequestId:
      - d9b7ab75-5678-4950-8bd7-684a6a132d7a
      Strict-Transport-Security:
      - max-age=31536000; includeSubDomains
      X-Content-Type-Options:
      - nosniff
      X-Frame-Options:
      - deny
      x-ms-operation-id:
      - 745fa211-9f0b-4815-8a10-49899a857211
    status:
      code: 200
      message: OK
- request:
    body: null
    headers:
      Accept:
      - '*/*'
      Accept-Encoding:
      - gzip, deflate
      Connection:
      - keep-alive
      Content-Type:
      - application/json
      User-Agent:
      - ms-fabric-cli-test/1.3.1
    method: GET
    uri: https://wabi-us-central-b-primary-redirect.analysis.windows.net/v1/operations/745fa211-9f0b-4815-8a10-49899a857211/result
  response:
    body:
      string: '{"id": "89f5b35e-163b-4723-bcb7-a9df4daf00ee", "type": "KQLDatabase",
        "displayName": "fabcli000001", "description": "Created by fab", "workspaceId":
        "343f6252-2499-4742-8582-e65e410dcecf"}'
    headers:
      Access-Control-Expose-Headers:
      - RequestId
      Cache-Control:
      - no-store, must-revalidate, no-cache
      Content-Encoding:
      - gzip
      Content-Type:
      - application/json
      Date:
      - Mon, 19 Jan 2026 13:25:23 GMT
      Pragma:
      - no-cache
      RequestId:
      - d72d978e-e4c2-41c5-9a21-d1a537f8f47a
      Strict-Transport-Security:
      - max-age=31536000; includeSubDomains
      Transfer-Encoding:
      - chunked
      X-Content-Type-Options:
      - nosniff
      X-Frame-Options:
      - deny
    status:
      code: 200
      message: OK
- request:
    body: null
    headers:
      Accept:
      - '*/*'
      Accept-Encoding:
      - gzip, deflate
      Connection:
      - keep-alive
      Content-Type:
      - application/json
      User-Agent:
      - ms-fabric-cli-test/1.3.1
    method: GET
    uri: https://api.fabric.microsoft.com/v1/workspaces
  response:
    body:
      string: '{"value": [{"id": "343f6252-2499-4742-8582-e65e410dcecf", "displayName":
        "fabriccli_WorkspacePerTestclass_000001", "description": "Created by fab",
        "type": "Workspace", "capacityId": "07b1fd56-9969-4ff5-a2c8-05df5f82759a"}]}'
    headers:
      Access-Control-Expose-Headers:
      - RequestId
      Cache-Control:
      - no-store, must-revalidate, no-cache
      Content-Encoding:
      - gzip
      Content-Length:
      - '6139'
      Content-Type:
      - application/json; charset=utf-8
      Date:
      - Mon, 19 Jan 2026 13:25:23 GMT
      Pragma:
      - no-cache
      RequestId:
      - b1d37e0c-a542-4b03-8f5d-25e3a9811a88
      Strict-Transport-Security:
      - max-age=31536000; includeSubDomains
      X-Content-Type-Options:
      - nosniff
      X-Frame-Options:
      - deny
      home-cluster-uri:
      - https://wabi-us-central-b-primary-redirect.analysis.windows.net/
      request-redirected:
      - 'true'
    status:
      code: 200
      message: OK
- request:
    body: null
    headers:
      Accept:
      - '*/*'
      Accept-Encoding:
      - gzip, deflate
      Connection:
      - keep-alive
      Content-Type:
      - application/json
      User-Agent:
      - ms-fabric-cli-test/1.3.1
    method: GET
    uri: https://api.fabric.microsoft.com/v1/workspaces/343f6252-2499-4742-8582-e65e410dcecf/items
  response:
    body:
      string: '{"value": [{"id": "f43398b3-b276-42e3-a841-6335af9b26b2", "type": "SemanticModel",
        "displayName": "fabcli000001_auto", "description": "", "workspaceId": "343f6252-2499-4742-8582-e65e410dcecf"},
        {"id": "6ff6d740-0832-4b45-9612-89933c8dea8b", "type": "Eventhouse", "displayName":
        "fabcli000001_auto", "description": "Created by fab", "workspaceId": "343f6252-2499-4742-8582-e65e410dcecf"},
        {"id": "4b56a810-c739-4ca6-9b53-3e05c3c2e65d", "type": "KQLDatabase", "displayName":
        "fabcli000001_auto", "description": "fabcli000001_auto", "workspaceId": "343f6252-2499-4742-8582-e65e410dcecf"},
        {"id": "89f5b35e-163b-4723-bcb7-a9df4daf00ee", "type": "KQLDatabase", "displayName":
        "fabcli000001", "description": "Created by fab", "workspaceId": "343f6252-2499-4742-8582-e65e410dcecf"}]}'
    headers:
      Access-Control-Expose-Headers:
      - RequestId
      Cache-Control:
      - no-store, must-revalidate, no-cache
      Content-Encoding:
      - gzip
      Content-Length:
      - '311'
      Content-Type:
      - application/json; charset=utf-8
      Date:
      - Mon, 19 Jan 2026 13:25:24 GMT
      Pragma:
      - no-cache
      RequestId:
      - f707be59-40af-4339-9643-c18d88136289
      Strict-Transport-Security:
      - max-age=31536000; includeSubDomains
      X-Content-Type-Options:
      - nosniff
      X-Frame-Options:
      - deny
      home-cluster-uri:
      - https://wabi-us-central-b-primary-redirect.analysis.windows.net/
      request-redirected:
      - 'true'
    status:
      code: 200
      message: OK
- request:
    body: null
    headers:
      Accept:
      - '*/*'
      Accept-Encoding:
      - gzip, deflate
      Connection:
      - keep-alive
      Content-Type:
      - application/json
      User-Agent:
      - ms-fabric-cli-test/1.3.1
    method: GET
    uri: https://api.fabric.microsoft.com/v1/workspaces/343f6252-2499-4742-8582-e65e410dcecf/items/89f5b35e-163b-4723-bcb7-a9df4daf00ee
  response:
    body:
      string: '{"id": "89f5b35e-163b-4723-bcb7-a9df4daf00ee", "type": "KQLDatabase",
        "displayName": "fabcli000001", "description": "Created by fab", "workspaceId":
        "343f6252-2499-4742-8582-e65e410dcecf"}'
    headers:
      Access-Control-Expose-Headers:
      - RequestId,ETag
      Cache-Control:
      - no-store, must-revalidate, no-cache
      Content-Encoding:
      - gzip
      Content-Length:
      - '169'
      Content-Type:
      - application/json; charset=utf-8
      Date:
      - Mon, 19 Jan 2026 13:25:25 GMT
      ETag:
      - '""'
      Pragma:
      - no-cache
      RequestId:
      - 9cd82e3e-f407-4f82-a6bf-4ddecfdffe28
      Strict-Transport-Security:
      - max-age=31536000; includeSubDomains
      X-Content-Type-Options:
      - nosniff
      X-Frame-Options:
      - deny
      home-cluster-uri:
      - https://wabi-us-central-b-primary-redirect.analysis.windows.net/
      request-redirected:
      - 'true'
    status:
      code: 200
      message: OK
- request:
    body: null
    headers:
      Accept:
      - '*/*'
      Accept-Encoding:
      - gzip, deflate
      Connection:
      - keep-alive
      Content-Length:
      - '0'
      Content-Type:
      - application/json
      User-Agent:
      - ms-fabric-cli-test/1.3.1
    method: POST
    uri: https://api.fabric.microsoft.com/v1/workspaces/343f6252-2499-4742-8582-e65e410dcecf/items/89f5b35e-163b-4723-bcb7-a9df4daf00ee/getDefinition
  response:
    body:
      string: 'null'
    headers:
      Access-Control-Expose-Headers:
      - RequestId,Location,Retry-After,x-ms-operation-id
      Cache-Control:
      - no-store, must-revalidate, no-cache
      Content-Encoding:
      - gzip
      Content-Length:
      - '24'
      Content-Type:
      - application/json; charset=utf-8
      Date:
      - Mon, 19 Jan 2026 13:25:26 GMT
      Location:
      - https://wabi-us-central-b-primary-redirect.analysis.windows.net/v1/operations/a58d4a00-05de-40e1-87a3-8c74e8a13039
      Pragma:
      - no-cache
      RequestId:
      - eb58449e-b360-4c0e-9995-0a228675dd40
      Retry-After:
      - '20'
      Strict-Transport-Security:
      - max-age=31536000; includeSubDomains
      X-Content-Type-Options:
      - nosniff
      X-Frame-Options:
      - deny
      home-cluster-uri:
      - https://wabi-us-central-b-primary-redirect.analysis.windows.net/
      request-redirected:
      - 'true'
      x-ms-operation-id:
      - a58d4a00-05de-40e1-87a3-8c74e8a13039
    status:
      code: 202
      message: Accepted
- request:
    body: null
    headers:
      Accept:
      - '*/*'
      Accept-Encoding:
      - gzip, deflate
      Connection:
      - keep-alive
      Content-Type:
      - application/json
      User-Agent:
      - ms-fabric-cli-test/1.3.1
    method: GET
    uri: https://wabi-us-central-b-primary-redirect.analysis.windows.net/v1/operations/a58d4a00-05de-40e1-87a3-8c74e8a13039
  response:
    body:
      string: '{"status": "Succeeded", "createdTimeUtc": "2026-01-19T13:25:26.9316894",
        "lastUpdatedTimeUtc": "2026-01-19T13:25:45.7966981", "percentComplete": 100,
        "error": null}'
    headers:
      Access-Control-Expose-Headers:
      - RequestId,Location,x-ms-operation-id
      Cache-Control:
      - no-store, must-revalidate, no-cache
      Content-Encoding:
      - gzip
      Content-Length:
      - '132'
      Content-Type:
      - application/json; charset=utf-8
      Date:
      - Mon, 19 Jan 2026 13:25:47 GMT
      Location:
      - https://wabi-us-central-b-primary-redirect.analysis.windows.net/v1/operations/a58d4a00-05de-40e1-87a3-8c74e8a13039/result
      Pragma:
      - no-cache
      RequestId:
      - ae6dd119-0c4e-4f35-b6d6-3d2f25fc3cbe
      Strict-Transport-Security:
      - max-age=31536000; includeSubDomains
      X-Content-Type-Options:
      - nosniff
      X-Frame-Options:
      - deny
      x-ms-operation-id:
      - a58d4a00-05de-40e1-87a3-8c74e8a13039
    status:
      code: 200
      message: OK
- request:
    body: null
    headers:
      Accept:
      - '*/*'
      Accept-Encoding:
      - gzip, deflate
      Connection:
      - keep-alive
      Content-Type:
      - application/json
      User-Agent:
      - ms-fabric-cli-test/1.3.1
    method: GET
    uri: https://wabi-us-central-b-primary-redirect.analysis.windows.net/v1/operations/a58d4a00-05de-40e1-87a3-8c74e8a13039/result
  response:
    body:
      string: '{"definition": {"parts": [{"path": "DatabaseProperties.json", "payload":
        "ew0KICAiZGF0YWJhc2VUeXBlIjogIlJlYWRXcml0ZSIsDQogICJwYXJlbnRFdmVudGhvdXNlSXRlbUlkIjogIjZmZjZkNzQwLTA4MzItNGI0NS05NjEyLTg5OTMzYzhkZWE4YiIsDQogICJvbmVMYWtlQ2FjaGluZ1BlcmlvZCI6ICJQMzY1MDAwRCIsDQogICJvbmVMYWtlU3RhbmRhcmRTdG9yYWdlUGVyaW9kIjogIlAzNjUwMDBEIg0KfQ==",
        "payloadType": "InlineBase64"}, {"path": "DatabaseSchema.kql", "payload":
        "Ly8gS1FMIHNjcmlwdA0KLy8gVXNlIG1hbmFnZW1lbnQgY29tbWFuZHMgaW4gdGhpcyBzY3JpcHQgdG8gY29uZmlndXJlIHlvdXIgZGF0YWJhc2UgaXRlbXMsIHN1Y2ggYXMgdGFibGVzLCBmdW5jdGlvbnMsIG1hdGVyaWFsaXplZCB2aWV3cywgYW5kIG1vcmUuDQoNCg0K",
        "payloadType": "InlineBase64"}, {"path": ".platform", "payload": "ewogICIkc2NoZW1hIjogImh0dHBzOi8vZGV2ZWxvcGVyLm1pY3Jvc29mdC5jb20vanNvbi1zY2hlbWFzL2ZhYnJpYy9naXRJbnRlZ3JhdGlvbi9wbGF0Zm9ybVByb3BlcnRpZXMvMi4wLjAvc2NoZW1hLmpzb24iLAogICJtZXRhZGF0YSI6IHsKICAgICJ0eXBlIjogIktRTERhdGFiYXNlIiwKICAgICJkaXNwbGF5TmFtZSI6ICJmYWJjbGkwMDAwMDEiLAogICAgImRlc2NyaXB0aW9uIjogIkNyZWF0ZWQgYnkgZmFiIgogIH0sCiAgImNvbmZpZyI6IHsKICAgICJ2ZXJzaW9uIjogIjIuMCIsCiAgICAibG9naWNhbElkIjogIjAwMDAwMDAwLTAwMDAtMDAwMC0wMDAwLTAwMDAwMDAwMDAwMCIKICB9Cn0=",
        "payloadType": "InlineBase64"}]}}'
    headers:
      Access-Control-Expose-Headers:
      - RequestId
      Cache-Control:
      - no-store, must-revalidate, no-cache
      Content-Encoding:
      - gzip
      Content-Type:
      - application/json
      Date:
      - Mon, 19 Jan 2026 13:25:48 GMT
      Pragma:
      - no-cache
      RequestId:
      - 51a9776b-f02b-41d4-87db-04a8031ec601
      Strict-Transport-Security:
      - max-age=31536000; includeSubDomains
      Transfer-Encoding:
      - chunked
      X-Content-Type-Options:
      - nosniff
      X-Frame-Options:
      - deny
    status:
      code: 200
      message: OK
- request:
    body: null
    headers:
      Accept:
      - '*/*'
      Accept-Encoding:
      - gzip, deflate
      Connection:
      - keep-alive
      Content-Type:
      - application/json
      User-Agent:
      - ms-fabric-cli-test/1.3.1
    method: GET
    uri: https://api.fabric.microsoft.com/v1/workspaces
  response:
    body:
      string: '{"value": [{"id": "343f6252-2499-4742-8582-e65e410dcecf", "displayName":
        "fabriccli_WorkspacePerTestclass_000001", "description": "Created by fab",
        "type": "Workspace", "capacityId": "07b1fd56-9969-4ff5-a2c8-05df5f82759a"}]}'
    headers:
      Access-Control-Expose-Headers:
      - RequestId
      Cache-Control:
      - no-store, must-revalidate, no-cache
      Content-Encoding:
      - gzip
      Content-Length:
      - '6139'
      Content-Type:
      - application/json; charset=utf-8
      Date:
      - Mon, 19 Jan 2026 13:25:49 GMT
      Pragma:
      - no-cache
      RequestId:
      - 23a5066d-9a4f-48ae-943d-8c37b1dfb3be
      Strict-Transport-Security:
      - max-age=31536000; includeSubDomains
      X-Content-Type-Options:
      - nosniff
      X-Frame-Options:
      - deny
      home-cluster-uri:
      - https://wabi-us-central-b-primary-redirect.analysis.windows.net/
      request-redirected:
      - 'true'
    status:
      code: 200
      message: OK
- request:
    body: null
    headers:
      Accept:
      - '*/*'
      Accept-Encoding:
      - gzip, deflate
      Connection:
      - keep-alive
      Content-Type:
      - application/json
      User-Agent:
      - ms-fabric-cli-test/1.3.1
    method: GET
    uri: https://api.fabric.microsoft.com/v1/workspaces/343f6252-2499-4742-8582-e65e410dcecf/items
  response:
    body:
      string: '{"value": [{"id": "f43398b3-b276-42e3-a841-6335af9b26b2", "type": "SemanticModel",
        "displayName": "fabcli000001_auto", "description": "", "workspaceId": "343f6252-2499-4742-8582-e65e410dcecf"},
        {"id": "6ff6d740-0832-4b45-9612-89933c8dea8b", "type": "Eventhouse", "displayName":
        "fabcli000001_auto", "description": "Created by fab", "workspaceId": "343f6252-2499-4742-8582-e65e410dcecf"},
        {"id": "4b56a810-c739-4ca6-9b53-3e05c3c2e65d", "type": "KQLDatabase", "displayName":
        "fabcli000001_auto", "description": "fabcli000001_auto", "workspaceId": "343f6252-2499-4742-8582-e65e410dcecf"},
        {"id": "89f5b35e-163b-4723-bcb7-a9df4daf00ee", "type": "KQLDatabase", "displayName":
        "fabcli000001", "description": "Created by fab", "workspaceId": "343f6252-2499-4742-8582-e65e410dcecf"}]}'
    headers:
      Access-Control-Expose-Headers:
      - RequestId
      Cache-Control:
      - no-store, must-revalidate, no-cache
      Content-Encoding:
      - gzip
      Content-Length:
      - '311'
      Content-Type:
      - application/json; charset=utf-8
      Date:
      - Mon, 19 Jan 2026 13:25:50 GMT
      Pragma:
      - no-cache
      RequestId:
      - 6c7f404e-b38d-4bde-a995-d3600d1b3f52
      Strict-Transport-Security:
      - max-age=31536000; includeSubDomains
      X-Content-Type-Options:
      - nosniff
      X-Frame-Options:
      - deny
      home-cluster-uri:
      - https://wabi-us-central-b-primary-redirect.analysis.windows.net/
      request-redirected:
      - 'true'
    status:
      code: 200
      message: OK
- request:
    body: null
    headers:
      Accept:
      - '*/*'
      Accept-Encoding:
      - gzip, deflate
      Connection:
      - keep-alive
      Content-Length:
      - '0'
      Content-Type:
      - application/json
      User-Agent:
      - ms-fabric-cli-test/1.3.1
    method: DELETE
    uri: https://api.fabric.microsoft.com/v1/workspaces/343f6252-2499-4742-8582-e65e410dcecf/items/89f5b35e-163b-4723-bcb7-a9df4daf00ee
  response:
    body:
      string: ''
    headers:
      Access-Control-Expose-Headers:
      - RequestId
      Cache-Control:
      - no-store, must-revalidate, no-cache
      Content-Encoding:
      - gzip
      Content-Length:
      - '0'
      Content-Type:
      - application/octet-stream
      Date:
      - Mon, 19 Jan 2026 13:25:51 GMT
      Pragma:
      - no-cache
      RequestId:
      - 0f413eb3-76c3-41d5-9803-d2ebbd9d4eb8
      Strict-Transport-Security:
      - max-age=31536000; includeSubDomains
      X-Content-Type-Options:
      - nosniff
      X-Frame-Options:
      - deny
      home-cluster-uri:
      - https://wabi-us-central-b-primary-redirect.analysis.windows.net/
      request-redirected:
      - 'true'
    status:
      code: 200
      message: OK
version: 1
