interactions:
- request:
    body: null
    headers:
      Accept:
      - '*/*'
      Accept-Encoding:
      - gzip, deflate
      Connection:
      - keep-alive
      Content-Type:
      - application/json
      User-Agent:
      - ms-fabric-cli-test/1.3.1
    method: GET
    uri: https://api.fabric.microsoft.com/v1/workspaces
  response:
    body:
      string: '{"value": [{"id": "3634a139-2c9e-4205-910b-3b089a31be47", "displayName":
        "My workspace", "description": "", "type": "Personal"}, {"id": "d6d82b9c-630f-42f7-8c9f-3ad851e2c4e2",
        "displayName": "fabriccli_WorkspacePerTestclass_000001", "description": "Created
        by fab", "type": "Workspace", "capacityId": "00000000-0000-0000-0000-000000000004"}]}'
    headers:
      Access-Control-Expose-Headers:
      - RequestId
      Cache-Control:
      - no-store, must-revalidate, no-cache
      Content-Encoding:
      - gzip
      Content-Length:
      - '2306'
      Content-Type:
      - application/json; charset=utf-8
      Date:
      - Wed, 28 Jan 2026 13:22:40 GMT
      Pragma:
      - no-cache
      RequestId:
      - 3b8a087a-c7b7-4e39-9f58-e24236d94dd0
      Strict-Transport-Security:
      - max-age=31536000; includeSubDomains
      X-Content-Type-Options:
      - nosniff
      X-Frame-Options:
      - deny
      home-cluster-uri:
      - https://wabi-us-central-b-primary-redirect.analysis.windows.net/
      request-redirected:
      - 'true'
    status:
      code: 200
      message: OK
- request:
    body: null
    headers:
      Accept:
      - '*/*'
      Accept-Encoding:
      - gzip, deflate
      Connection:
      - keep-alive
      Content-Type:
      - application/json
      User-Agent:
      - ms-fabric-cli-test/1.3.1
    method: GET
    uri: https://api.fabric.microsoft.com/v1/workspaces/d6d82b9c-630f-42f7-8c9f-3ad851e2c4e2/items
  response:
    body:
      string: '{"value": [{"id": "94a16f22-dc59-48aa-b9a1-d0da2eeacf5f", "type": "SemanticModel",
        "displayName": "fabcli000001_auto", "description": "", "workspaceId": "d6d82b9c-630f-42f7-8c9f-3ad851e2c4e2"},
        {"id": "6b6c3ed5-b5f1-48aa-883e-03bcf4eda781", "type": "Eventhouse", "displayName":
        "fabcli000001_auto", "description": "Created by fab", "workspaceId": "d6d82b9c-630f-42f7-8c9f-3ad851e2c4e2"},
        {"id": "16bbc4bd-085c-409d-827e-dad6b506d40e", "type": "KQLDatabase", "displayName":
        "fabcli000001_auto", "description": "fabcli000001_auto", "workspaceId": "d6d82b9c-630f-42f7-8c9f-3ad851e2c4e2"}]}'
    headers:
      Access-Control-Expose-Headers:
      - RequestId
      Cache-Control:
      - no-store, must-revalidate, no-cache
      Content-Encoding:
      - gzip
      Content-Length:
      - '282'
      Content-Type:
      - application/json; charset=utf-8
      Date:
      - Wed, 28 Jan 2026 13:22:42 GMT
      Pragma:
      - no-cache
      RequestId:
      - 8b184f32-625e-40cb-b5c0-e1c3ebebb400
      Strict-Transport-Security:
      - max-age=31536000; includeSubDomains
      X-Content-Type-Options:
      - nosniff
      X-Frame-Options:
      - deny
      home-cluster-uri:
      - https://wabi-us-central-b-primary-redirect.analysis.windows.net/
      request-redirected:
      - 'true'
    status:
      code: 200
      message: OK
- request:
    body: null
    headers:
      Accept:
      - '*/*'
      Accept-Encoding:
      - gzip, deflate
      Connection:
      - keep-alive
      Content-Type:
      - application/json
      User-Agent:
      - ms-fabric-cli-test/1.3.1
    method: GET
    uri: https://api.fabric.microsoft.com/v1/workspaces/d6d82b9c-630f-42f7-8c9f-3ad851e2c4e2/items
  response:
    body:
      string: '{"value": [{"id": "94a16f22-dc59-48aa-b9a1-d0da2eeacf5f", "type": "SemanticModel",
        "displayName": "fabcli000001_auto", "description": "", "workspaceId": "d6d82b9c-630f-42f7-8c9f-3ad851e2c4e2"},
        {"id": "6b6c3ed5-b5f1-48aa-883e-03bcf4eda781", "type": "Eventhouse", "displayName":
        "fabcli000001_auto", "description": "Created by fab", "workspaceId": "d6d82b9c-630f-42f7-8c9f-3ad851e2c4e2"},
        {"id": "16bbc4bd-085c-409d-827e-dad6b506d40e", "type": "KQLDatabase", "displayName":
        "fabcli000001_auto", "description": "fabcli000001_auto", "workspaceId": "d6d82b9c-630f-42f7-8c9f-3ad851e2c4e2"}]}'
    headers:
      Access-Control-Expose-Headers:
      - RequestId
      Cache-Control:
      - no-store, must-revalidate, no-cache
      Content-Encoding:
      - gzip
      Content-Length:
      - '282'
      Content-Type:
      - application/json; charset=utf-8
      Date:
      - Wed, 28 Jan 2026 13:22:42 GMT
      Pragma:
      - no-cache
      RequestId:
      - c3ea1b8d-7617-4e21-88fd-4b1e33fc74ed
      Strict-Transport-Security:
      - max-age=31536000; includeSubDomains
      X-Content-Type-Options:
      - nosniff
      X-Frame-Options:
      - deny
      home-cluster-uri:
      - https://wabi-us-central-b-primary-redirect.analysis.windows.net/
      request-redirected:
      - 'true'
    status:
      code: 200
      message: OK
- request:
    body: '{"description": "Created by fab", "displayName": "fabcli000001", "type":
      "DataPipeline", "folderId": null}'
    headers:
      Accept:
      - '*/*'
      Accept-Encoding:
      - gzip, deflate
      Connection:
      - keep-alive
      Content-Length:
      - '110'
      Content-Type:
      - application/json
      User-Agent:
      - ms-fabric-cli-test/1.3.1
    method: POST
    uri: https://api.fabric.microsoft.com/v1/workspaces/d6d82b9c-630f-42f7-8c9f-3ad851e2c4e2/dataPipelines
  response:
    body:
      string: '{"id": "b20935cb-7e1c-4168-b328-12c31e20d9e6", "type": "DataPipeline",
        "displayName": "fabcli000001", "description": "Created by fab", "workspaceId":
        "d6d82b9c-630f-42f7-8c9f-3ad851e2c4e2"}'
    headers:
      Access-Control-Expose-Headers:
      - RequestId,ETag
      Cache-Control:
      - no-store, must-revalidate, no-cache
      Content-Encoding:
      - gzip
      Content-Length:
      - '171'
      Content-Type:
      - application/json; charset=utf-8
      Date:
      - Wed, 28 Jan 2026 13:22:46 GMT
      ETag:
      - '""'
      Pragma:
      - no-cache
      RequestId:
      - fd27e1bc-8056-4642-accf-2750c0c8ca83
      Strict-Transport-Security:
      - max-age=31536000; includeSubDomains
      X-Content-Type-Options:
      - nosniff
      X-Frame-Options:
      - deny
      home-cluster-uri:
      - https://wabi-us-central-b-primary-redirect.analysis.windows.net/
      request-redirected:
      - 'true'
    status:
      code: 201
      message: Created
- request:
    body: null
    headers:
      Accept:
      - '*/*'
      Accept-Encoding:
      - gzip, deflate
      Connection:
      - keep-alive
      Content-Type:
      - application/json
      User-Agent:
      - ms-fabric-cli-test/1.3.1
    method: GET
    uri: https://api.fabric.microsoft.com/v1/workspaces
  response:
    body:
      string: '{"value": [{"id": "3634a139-2c9e-4205-910b-3b089a31be47", "displayName":
        "My workspace", "description": "", "type": "Personal"}, {"id": "d6d82b9c-630f-42f7-8c9f-3ad851e2c4e2",
        "displayName": "fabriccli_WorkspacePerTestclass_000001", "description": "Created
        by fab", "type": "Workspace", "capacityId": "00000000-0000-0000-0000-000000000004"}]}'
    headers:
      Access-Control-Expose-Headers:
      - RequestId
      Cache-Control:
      - no-store, must-revalidate, no-cache
      Content-Encoding:
      - gzip
      Content-Length:
      - '2306'
      Content-Type:
      - application/json; charset=utf-8
      Date:
      - Wed, 28 Jan 2026 13:22:47 GMT
      Pragma:
      - no-cache
      RequestId:
      - 78ce9852-643f-44f5-b137-2f71454f00bf
      Strict-Transport-Security:
      - max-age=31536000; includeSubDomains
      X-Content-Type-Options:
      - nosniff
      X-Frame-Options:
      - deny
      home-cluster-uri:
      - https://wabi-us-central-b-primary-redirect.analysis.windows.net/
      request-redirected:
      - 'true'
    status:
      code: 200
      message: OK
- request:
    body: null
    headers:
      Accept:
      - '*/*'
      Accept-Encoding:
      - gzip, deflate
      Connection:
      - keep-alive
      Content-Type:
      - application/json
      User-Agent:
      - ms-fabric-cli-test/1.3.1
    method: GET
    uri: https://api.fabric.microsoft.com/v1/workspaces/d6d82b9c-630f-42f7-8c9f-3ad851e2c4e2/items
  response:
    body:
      string: '{"value": [{"id": "94a16f22-dc59-48aa-b9a1-d0da2eeacf5f", "type": "SemanticModel",
        "displayName": "fabcli000001_auto", "description": "", "workspaceId": "d6d82b9c-630f-42f7-8c9f-3ad851e2c4e2"},
        {"id": "6b6c3ed5-b5f1-48aa-883e-03bcf4eda781", "type": "Eventhouse", "displayName":
        "fabcli000001_auto", "description": "Created by fab", "workspaceId": "d6d82b9c-630f-42f7-8c9f-3ad851e2c4e2"},
        {"id": "16bbc4bd-085c-409d-827e-dad6b506d40e", "type": "KQLDatabase", "displayName":
        "fabcli000001_auto", "description": "fabcli000001_auto", "workspaceId": "d6d82b9c-630f-42f7-8c9f-3ad851e2c4e2"},
        {"id": "b20935cb-7e1c-4168-b328-12c31e20d9e6", "type": "DataPipeline", "displayName":
        "fabcli000001", "description": "Created by fab", "workspaceId": "d6d82b9c-630f-42f7-8c9f-3ad851e2c4e2"}]}'
    headers:
      Access-Control-Expose-Headers:
      - RequestId
      Cache-Control:
      - no-store, must-revalidate, no-cache
      Content-Encoding:
      - gzip
      Content-Length:
      - '325'
      Content-Type:
      - application/json; charset=utf-8
      Date:
      - Wed, 28 Jan 2026 13:22:48 GMT
      Pragma:
      - no-cache
      RequestId:
      - 2b1872d0-af2f-454a-9e4b-b5713ff1a8c8
      Strict-Transport-Security:
      - max-age=31536000; includeSubDomains
      X-Content-Type-Options:
      - nosniff
      X-Frame-Options:
      - deny
      home-cluster-uri:
      - https://wabi-us-central-b-primary-redirect.analysis.windows.net/
      request-redirected:
      - 'true'
    status:
      code: 200
      message: OK
- request:
    body: null
    headers:
      Accept:
      - '*/*'
      Accept-Encoding:
      - gzip, deflate
      Connection:
      - keep-alive
      Content-Type:
      - application/json
      User-Agent:
      - ms-fabric-cli-test/1.3.1
    method: GET
    uri: https://api.fabric.microsoft.com/v1/workspaces
  response:
    body:
      string: '{"value": [{"id": "3634a139-2c9e-4205-910b-3b089a31be47", "displayName":
        "My workspace", "description": "", "type": "Personal"}, {"id": "d6d82b9c-630f-42f7-8c9f-3ad851e2c4e2",
        "displayName": "fabriccli_WorkspacePerTestclass_000001", "description": "Created
        by fab", "type": "Workspace", "capacityId": "00000000-0000-0000-0000-000000000004"}]}'
    headers:
      Access-Control-Expose-Headers:
      - RequestId
      Cache-Control:
      - no-store, must-revalidate, no-cache
      Content-Encoding:
      - gzip
      Content-Length:
      - '2306'
      Content-Type:
      - application/json; charset=utf-8
      Date:
      - Wed, 28 Jan 2026 13:22:48 GMT
      Pragma:
      - no-cache
      RequestId:
      - 2aaee4ad-9b10-42f3-9434-8b025f89e40b
      Strict-Transport-Security:
      - max-age=31536000; includeSubDomains
      X-Content-Type-Options:
      - nosniff
      X-Frame-Options:
      - deny
      home-cluster-uri:
      - https://wabi-us-central-b-primary-redirect.analysis.windows.net/
      request-redirected:
      - 'true'
    status:
      code: 200
      message: OK
- request:
    body: null
    headers:
      Accept:
      - '*/*'
      Accept-Encoding:
      - gzip, deflate
      Connection:
      - keep-alive
      Content-Type:
      - application/json
      User-Agent:
      - ms-fabric-cli-test/1.3.1
    method: GET
    uri: https://api.fabric.microsoft.com/v1/workspaces/d6d82b9c-630f-42f7-8c9f-3ad851e2c4e2/items
  response:
    body:
      string: '{"value": [{"id": "94a16f22-dc59-48aa-b9a1-d0da2eeacf5f", "type": "SemanticModel",
        "displayName": "fabcli000001_auto", "description": "", "workspaceId": "d6d82b9c-630f-42f7-8c9f-3ad851e2c4e2"},
        {"id": "6b6c3ed5-b5f1-48aa-883e-03bcf4eda781", "type": "Eventhouse", "displayName":
        "fabcli000001_auto", "description": "Created by fab", "workspaceId": "d6d82b9c-630f-42f7-8c9f-3ad851e2c4e2"},
        {"id": "16bbc4bd-085c-409d-827e-dad6b506d40e", "type": "KQLDatabase", "displayName":
        "fabcli000001_auto", "description": "fabcli000001_auto", "workspaceId": "d6d82b9c-630f-42f7-8c9f-3ad851e2c4e2"},
        {"id": "b20935cb-7e1c-4168-b328-12c31e20d9e6", "type": "DataPipeline", "displayName":
        "fabcli000001", "description": "Created by fab", "workspaceId": "d6d82b9c-630f-42f7-8c9f-3ad851e2c4e2"}]}'
    headers:
      Access-Control-Expose-Headers:
      - RequestId
      Cache-Control:
      - no-store, must-revalidate, no-cache
      Content-Encoding:
      - gzip
      Content-Length:
      - '325'
      Content-Type:
      - application/json; charset=utf-8
      Date:
      - Wed, 28 Jan 2026 13:22:49 GMT
      Pragma:
      - no-cache
      RequestId:
      - 544c30cc-0a9a-4f81-a30b-e12893f739f4
      Strict-Transport-Security:
      - max-age=31536000; includeSubDomains
      X-Content-Type-Options:
      - nosniff
      X-Frame-Options:
      - deny
      home-cluster-uri:
      - https://wabi-us-central-b-primary-redirect.analysis.windows.net/
      request-redirected:
      - 'true'
    status:
      code: 200
      message: OK
- request:
    body: null
    headers:
      Accept:
      - '*/*'
      Accept-Encoding:
      - gzip, deflate
      Connection:
      - keep-alive
      Content-Length:
      - '0'
      Content-Type:
      - application/json
      User-Agent:
      - ms-fabric-cli-test/1.3.1
    method: DELETE
    uri: https://api.fabric.microsoft.com/v1/workspaces/d6d82b9c-630f-42f7-8c9f-3ad851e2c4e2/items/b20935cb-7e1c-4168-b328-12c31e20d9e6
  response:
    body:
      string: ''
    headers:
      Access-Control-Expose-Headers:
      - RequestId
      Cache-Control:
      - no-store, must-revalidate, no-cache
      Content-Encoding:
      - gzip
      Content-Length:
      - '0'
      Content-Type:
      - application/octet-stream
      Date:
      - Wed, 28 Jan 2026 13:22:50 GMT
      Pragma:
      - no-cache
      RequestId:
      - 90a5351c-59a7-4aa8-b919-02bc8718c837
      Strict-Transport-Security:
      - max-age=31536000; includeSubDomains
      X-Content-Type-Options:
      - nosniff
      X-Frame-Options:
      - deny
      home-cluster-uri:
      - https://wabi-us-central-b-primary-redirect.analysis.windows.net/
      request-redirected:
      - 'true'
    status:
      code: 200
      message: OK
version: 1
