interactions:
- request:
    body: null
    headers:
      Accept:
      - '*/*'
      Accept-Encoding:
      - gzip, deflate
      Connection:
      - keep-alive
      Content-Type:
      - application/json
      User-Agent:
      - ms-fabric-cli-test/1.3.1
    method: GET
    uri: https://api.fabric.microsoft.com/v1/workspaces
  response:
    body:
      string: '{"value": [{"id": "3634a139-2c9e-4205-910b-3b089a31be47", "displayName":
        "My workspace", "description": "", "type": "Personal"}, {"id": "cf67653a-969e-41c3-836d-a8c16eb9404d",
        "displayName": "fabriccli_WorkspacePerTestclass_000001", "description": "Created
        by fab", "type": "Workspace", "capacityId": "00000000-0000-0000-0000-000000000004"}]}'
    headers:
      Access-Control-Expose-Headers:
      - RequestId
      Cache-Control:
      - no-store, must-revalidate, no-cache
      Content-Encoding:
      - gzip
      Content-Length:
      - '2806'
      Content-Type:
      - application/json; charset=utf-8
      Date:
      - Fri, 06 Feb 2026 11:30:10 GMT
      Pragma:
      - no-cache
      RequestId:
      - b0e77b30-bc9c-492e-b93b-a71573a53987
      Strict-Transport-Security:
      - max-age=31536000; includeSubDomains
      X-Content-Type-Options:
      - nosniff
      X-Frame-Options:
      - deny
      home-cluster-uri:
      - https://wabi-us-central-b-primary-redirect.analysis.windows.net/
      request-redirected:
      - 'true'
    status:
      code: 200
      message: OK
- request:
    body: null
    headers:
      Accept:
      - '*/*'
      Accept-Encoding:
      - gzip, deflate
      Connection:
      - keep-alive
      Content-Type:
      - application/json
      User-Agent:
      - ms-fabric-cli-test/1.3.1
    method: GET
    uri: https://api.fabric.microsoft.com/v1/workspaces/cf67653a-969e-41c3-836d-a8c16eb9404d/items
  response:
    body:
      string: '{"value": []}'
    headers:
      Access-Control-Expose-Headers:
      - RequestId
      Cache-Control:
      - no-store, must-revalidate, no-cache
      Content-Encoding:
      - gzip
      Content-Length:
      - '32'
      Content-Type:
      - application/json; charset=utf-8
      Date:
      - Fri, 06 Feb 2026 11:30:11 GMT
      Pragma:
      - no-cache
      RequestId:
      - aeabac1d-58e6-46e5-9e6e-ea2085fdf722
      Strict-Transport-Security:
      - max-age=31536000; includeSubDomains
      X-Content-Type-Options:
      - nosniff
      X-Frame-Options:
      - deny
      home-cluster-uri:
      - https://wabi-us-central-b-primary-redirect.analysis.windows.net/
      request-redirected:
      - 'true'
    status:
      code: 200
      message: OK
- request:
    body: null
    headers:
      Accept:
      - '*/*'
      Accept-Encoding:
      - gzip, deflate
      Connection:
      - keep-alive
      Content-Type:
      - application/json
      User-Agent:
      - ms-fabric-cli-test/1.3.1
    method: GET
    uri: https://api.fabric.microsoft.com/v1/workspaces/cf67653a-969e-41c3-836d-a8c16eb9404d/items
  response:
    body:
      string: '{"value": []}'
    headers:
      Access-Control-Expose-Headers:
      - RequestId
      Cache-Control:
      - no-store, must-revalidate, no-cache
      Content-Encoding:
      - gzip
      Content-Length:
      - '32'
      Content-Type:
      - application/json; charset=utf-8
      Date:
      - Fri, 06 Feb 2026 11:30:12 GMT
      Pragma:
      - no-cache
      RequestId:
      - 4300f305-384f-40bb-9dcb-0292cd338b08
      Strict-Transport-Security:
      - max-age=31536000; includeSubDomains
      X-Content-Type-Options:
      - nosniff
      X-Frame-Options:
      - deny
      home-cluster-uri:
      - https://wabi-us-central-b-primary-redirect.analysis.windows.net/
      request-redirected:
      - 'true'
    status:
      code: 200
      message: OK
- request:
    body: '{"description": "Created by fab", "displayName": "fabcli000001", "type":
      "Notebook", "folderId": null, "definition": {"parts": [{"path": "notebook-content.py",
      "payload": "IyBGYWJyaWMgbm90ZWJvb2sgc291cmNlCgojIE1FVEFEQVRBICoqKioqKioqKioqKioqKioqKioqCgojIE1FVEEgewojIE1FVEEgICAia2VybmVsX2luZm8iOiB7CiMgTUVUQSAgICAgIm5hbWUiOiAic3luYXBzZV9weXNwYXJrIgojIE1FVEEgICB9LAojIE1FVEEgICAiZGVwZW5kZW5jaWVzIjoge30KIyBNRVRBIH0KCiMgQ0VMTCAqKioqKioqKioqKioqKioqKioqKgoKIyBXZWxjb21lIHRvIHlvdXIgbmV3IG5vdGVib29rCiMgVHlwZSBoZXJlIGluIHRoZSBjZWxsIGVkaXRvciB0byBhZGQgY29kZSEKCgojIE1FVEFEQVRBICoqKioqKioqKioqKioqKioqKioqCgojIE1FVEEgewojIE1FVEEgICAibGFuZ3VhZ2UiOiAicHl0aG9uIiwKIyBNRVRBICAgImxhbmd1YWdlX2dyb3VwIjogInN5bmFwc2VfcHlzcGFyayIKIyBNRVRBIH0K",
      "payloadType": "InlineBase64"}]}}'
    headers:
      Accept:
      - '*/*'
      Accept-Encoding:
      - gzip, deflate
      Connection:
      - keep-alive
      Content-Length:
      - '764'
      Content-Type:
      - application/json
      User-Agent:
      - ms-fabric-cli-test/1.3.1
    method: POST
    uri: https://api.fabric.microsoft.com/v1/workspaces/cf67653a-969e-41c3-836d-a8c16eb9404d/notebooks
  response:
    body:
      string: 'null'
    headers:
      Access-Control-Expose-Headers:
      - RequestId,Location,Retry-After,ETag,x-ms-operation-id
      Cache-Control:
      - no-store, must-revalidate, no-cache
      Content-Encoding:
      - gzip
      Content-Length:
      - '24'
      Content-Type:
      - application/json; charset=utf-8
      Date:
      - Fri, 06 Feb 2026 11:30:14 GMT
      ETag:
      - '""'
      Location:
      - https://wabi-us-central-b-primary-redirect.analysis.windows.net/v1/operations/58edb366-f19b-4414-ae84-135fea553a17
      Pragma:
      - no-cache
      RequestId:
      - 3ba26673-30ca-49ac-ad2d-648b869dd40e
      Retry-After:
      - '20'
      Strict-Transport-Security:
      - max-age=31536000; includeSubDomains
      X-Content-Type-Options:
      - nosniff
      X-Frame-Options:
      - deny
      home-cluster-uri:
      - https://wabi-us-central-b-primary-redirect.analysis.windows.net/
      request-redirected:
      - 'true'
      x-ms-operation-id:
      - 58edb366-f19b-4414-ae84-135fea553a17
    status:
      code: 202
      message: Accepted
- request:
    body: null
    headers:
      Accept:
      - '*/*'
      Accept-Encoding:
      - gzip, deflate
      Connection:
      - keep-alive
      Content-Type:
      - application/json
      User-Agent:
      - ms-fabric-cli-test/1.3.1
    method: GET
    uri: https://wabi-us-central-b-primary-redirect.analysis.windows.net/v1/operations/58edb366-f19b-4414-ae84-135fea553a17
  response:
    body:
      string: '{"status": "Succeeded", "createdTimeUtc": "2026-02-06T11:30:13.8572588",
        "lastUpdatedTimeUtc": "2026-02-06T11:30:15.6384891", "percentComplete": 100,
        "error": null}'
    headers:
      Access-Control-Expose-Headers:
      - RequestId,Location,x-ms-operation-id
      Cache-Control:
      - no-store, must-revalidate, no-cache
      Content-Encoding:
      - gzip
      Content-Length:
      - '131'
      Content-Type:
      - application/json; charset=utf-8
      Date:
      - Fri, 06 Feb 2026 11:30:36 GMT
      Location:
      - https://wabi-us-central-b-primary-redirect.analysis.windows.net/v1/operations/58edb366-f19b-4414-ae84-135fea553a17/result
      Pragma:
      - no-cache
      RequestId:
      - 421bfcb9-23e0-487d-9cfb-c371993c9bdc
      Strict-Transport-Security:
      - max-age=31536000; includeSubDomains
      X-Content-Type-Options:
      - nosniff
      X-Frame-Options:
      - deny
      x-ms-operation-id:
      - 58edb366-f19b-4414-ae84-135fea553a17
    status:
      code: 200
      message: OK
- request:
    body: null
    headers:
      Accept:
      - '*/*'
      Accept-Encoding:
      - gzip, deflate
      Connection:
      - keep-alive
      Content-Type:
      - application/json
      User-Agent:
      - ms-fabric-cli-test/1.3.1
    method: GET
    uri: https://wabi-us-central-b-primary-redirect.analysis.windows.net/v1/operations/58edb366-f19b-4414-ae84-135fea553a17/result
  response:
    body:
      string: '{"id": "625e6c92-ff87-45ef-8bd3-26a502bafd03", "type": "Notebook",
        "displayName": "fabcli000001", "description": "Created by fab", "workspaceId":
        "cf67653a-969e-41c3-836d-a8c16eb9404d"}'
    headers:
      Access-Control-Expose-Headers:
      - RequestId
      Cache-Control:
      - no-store, must-revalidate, no-cache
      Content-Encoding:
      - gzip
      Content-Type:
      - application/json
      Date:
      - Fri, 06 Feb 2026 11:30:37 GMT
      Pragma:
      - no-cache
      RequestId:
      - d8e73f71-7156-47b9-9ce3-f48b40ee1258
      Strict-Transport-Security:
      - max-age=31536000; includeSubDomains
      Transfer-Encoding:
      - chunked
      X-Content-Type-Options:
      - nosniff
      X-Frame-Options:
      - deny
    status:
      code: 200
      message: OK
- request:
    body: null
    headers:
      Accept:
      - '*/*'
      Accept-Encoding:
      - gzip, deflate
      Connection:
      - keep-alive
      Content-Type:
      - application/json
      User-Agent:
      - ms-fabric-cli-test/1.3.1
    method: GET
    uri: https://api.fabric.microsoft.com/v1/workspaces
  response:
    body:
      string: '{"value": [{"id": "3634a139-2c9e-4205-910b-3b089a31be47", "displayName":
        "My workspace", "description": "", "type": "Personal"}, {"id": "cf67653a-969e-41c3-836d-a8c16eb9404d",
        "displayName": "fabriccli_WorkspacePerTestclass_000001", "description": "Created
        by fab", "type": "Workspace", "capacityId": "00000000-0000-0000-0000-000000000004"}]}'
    headers:
      Access-Control-Expose-Headers:
      - RequestId
      Cache-Control:
      - no-store, must-revalidate, no-cache
      Content-Encoding:
      - gzip
      Content-Length:
      - '2806'
      Content-Type:
      - application/json; charset=utf-8
      Date:
      - Fri, 06 Feb 2026 11:30:38 GMT
      Pragma:
      - no-cache
      RequestId:
      - 6ebbaa72-4cd2-4f48-8087-ad450c52e507
      Strict-Transport-Security:
      - max-age=31536000; includeSubDomains
      X-Content-Type-Options:
      - nosniff
      X-Frame-Options:
      - deny
      home-cluster-uri:
      - https://wabi-us-central-b-primary-redirect.analysis.windows.net/
      request-redirected:
      - 'true'
    status:
      code: 200
      message: OK
- request:
    body: null
    headers:
      Accept:
      - '*/*'
      Accept-Encoding:
      - gzip, deflate
      Connection:
      - keep-alive
      Content-Type:
      - application/json
      User-Agent:
      - ms-fabric-cli-test/1.3.1
    method: GET
    uri: https://api.fabric.microsoft.com/v1/workspaces/cf67653a-969e-41c3-836d-a8c16eb9404d/items
  response:
    body:
      string: '{"value": [{"id": "625e6c92-ff87-45ef-8bd3-26a502bafd03", "type": "Notebook",
        "displayName": "fabcli000001", "description": "Created by fab", "workspaceId":
        "cf67653a-969e-41c3-836d-a8c16eb9404d"}]}'
    headers:
      Access-Control-Expose-Headers:
      - RequestId
      Cache-Control:
      - no-store, must-revalidate, no-cache
      Content-Encoding:
      - gzip
      Content-Length:
      - '178'
      Content-Type:
      - application/json; charset=utf-8
      Date:
      - Fri, 06 Feb 2026 11:30:39 GMT
      Pragma:
      - no-cache
      RequestId:
      - ffc1ba85-f427-4ea8-bd81-88f2ada5aa3a
      Strict-Transport-Security:
      - max-age=31536000; includeSubDomains
      X-Content-Type-Options:
      - nosniff
      X-Frame-Options:
      - deny
      home-cluster-uri:
      - https://wabi-us-central-b-primary-redirect.analysis.windows.net/
      request-redirected:
      - 'true'
    status:
      code: 200
      message: OK
- request:
    body: null
    headers:
      Accept:
      - '*/*'
      Accept-Encoding:
      - gzip, deflate
      Connection:
      - keep-alive
      Content-Type:
      - application/json
      User-Agent:
      - ms-fabric-cli-test/1.3.1
    method: GET
    uri: https://api.fabric.microsoft.com/v1/workspaces/cf67653a-969e-41c3-836d-a8c16eb9404d/items/625e6c92-ff87-45ef-8bd3-26a502bafd03
  response:
    body:
      string: '{"id": "625e6c92-ff87-45ef-8bd3-26a502bafd03", "type": "Notebook",
        "displayName": "fabcli000001", "description": "Created by fab", "workspaceId":
        "cf67653a-969e-41c3-836d-a8c16eb9404d"}'
    headers:
      Access-Control-Expose-Headers:
      - RequestId,ETag
      Cache-Control:
      - no-store, must-revalidate, no-cache
      Content-Encoding:
      - gzip
      Content-Length:
      - '167'
      Content-Type:
      - application/json; charset=utf-8
      Date:
      - Fri, 06 Feb 2026 11:30:40 GMT
      ETag:
      - '""'
      Pragma:
      - no-cache
      RequestId:
      - 55da609e-5810-455f-a94f-6c2d86d4a80a
      Strict-Transport-Security:
      - max-age=31536000; includeSubDomains
      X-Content-Type-Options:
      - nosniff
      X-Frame-Options:
      - deny
      home-cluster-uri:
      - https://wabi-us-central-b-primary-redirect.analysis.windows.net/
      request-redirected:
      - 'true'
    status:
      code: 200
      message: OK
- request:
    body: null
    headers:
      Accept:
      - '*/*'
      Accept-Encoding:
      - gzip, deflate
      Connection:
      - keep-alive
      Content-Length:
      - '0'
      Content-Type:
      - application/json
      User-Agent:
      - ms-fabric-cli-test/1.3.1
    method: POST
    uri: https://api.fabric.microsoft.com/v1/workspaces/cf67653a-969e-41c3-836d-a8c16eb9404d/items/625e6c92-ff87-45ef-8bd3-26a502bafd03/getDefinition?format=ipynb
  response:
    body:
      string: 'null'
    headers:
      Access-Control-Expose-Headers:
      - RequestId,Location,Retry-After,x-ms-operation-id
      Cache-Control:
      - no-store, must-revalidate, no-cache
      Content-Encoding:
      - gzip
      Content-Length:
      - '24'
      Content-Type:
      - application/json; charset=utf-8
      Date:
      - Fri, 06 Feb 2026 11:30:40 GMT
      Location:
      - https://wabi-us-central-b-primary-redirect.analysis.windows.net/v1/operations/689865b2-53ac-429e-9ac4-1dc0e8b02df9
      Pragma:
      - no-cache
      RequestId:
      - cb723e32-6f4a-4f65-9057-da4185ca86fe
      Retry-After:
      - '20'
      Strict-Transport-Security:
      - max-age=31536000; includeSubDomains
      X-Content-Type-Options:
      - nosniff
      X-Frame-Options:
      - deny
      home-cluster-uri:
      - https://wabi-us-central-b-primary-redirect.analysis.windows.net/
      request-redirected:
      - 'true'
      x-ms-operation-id:
      - 689865b2-53ac-429e-9ac4-1dc0e8b02df9
    status:
      code: 202
      message: Accepted
- request:
    body: null
    headers:
      Accept:
      - '*/*'
      Accept-Encoding:
      - gzip, deflate
      Connection:
      - keep-alive
      Content-Type:
      - application/json
      User-Agent:
      - ms-fabric-cli-test/1.3.1
    method: GET
    uri: https://wabi-us-central-b-primary-redirect.analysis.windows.net/v1/operations/689865b2-53ac-429e-9ac4-1dc0e8b02df9
  response:
    body:
      string: '{"status": "Succeeded", "createdTimeUtc": "2026-02-06T11:30:41.1091671",
        "lastUpdatedTimeUtc": "2026-02-06T11:30:41.8591715", "percentComplete": 100,
        "error": null}'
    headers:
      Access-Control-Expose-Headers:
      - RequestId,Location,x-ms-operation-id
      Cache-Control:
      - no-store, must-revalidate, no-cache
      Content-Encoding:
      - gzip
      Content-Length:
      - '130'
      Content-Type:
      - application/json; charset=utf-8
      Date:
      - Fri, 06 Feb 2026 11:31:02 GMT
      Location:
      - https://wabi-us-central-b-primary-redirect.analysis.windows.net/v1/operations/689865b2-53ac-429e-9ac4-1dc0e8b02df9/result
      Pragma:
      - no-cache
      RequestId:
      - 6cd9d3d6-678b-40f5-8704-7a3a27b0b9ce
      Strict-Transport-Security:
      - max-age=31536000; includeSubDomains
      X-Content-Type-Options:
      - nosniff
      X-Frame-Options:
      - deny
      x-ms-operation-id:
      - 689865b2-53ac-429e-9ac4-1dc0e8b02df9
    status:
      code: 200
      message: OK
- request:
    body: null
    headers:
      Accept:
      - '*/*'
      Accept-Encoding:
      - gzip, deflate
      Connection:
      - keep-alive
      Content-Type:
      - application/json
      User-Agent:
      - ms-fabric-cli-test/1.3.1
    method: GET
    uri: https://wabi-us-central-b-primary-redirect.analysis.windows.net/v1/operations/689865b2-53ac-429e-9ac4-1dc0e8b02df9/result
  response:
    body:
      string: '{"definition": {"parts": [{"path": "notebook-content.ipynb", "payload":
        "eyJuYmZvcm1hdCI6NCwibmJmb3JtYXRfbWlub3IiOjUsIm1ldGFkYXRhIjp7Imxhbmd1YWdlX2luZm8iOnsibmFtZSI6InB5dGhvbiJ9LCJrZXJuZWxfaW5mbyI6eyJuYW1lIjoic3luYXBzZV9weXNwYXJrIiwianVweXRlcl9rZXJuZWxfbmFtZSI6bnVsbH0sImEzNjVDb21wdXRlT3B0aW9ucyI6bnVsbCwic2Vzc2lvbktlZXBBbGl2ZVRpbWVvdXQiOjAsImRlcGVuZGVuY2llcyI6eyJsYWtlaG91c2UiOm51bGx9fSwiY2VsbHMiOlt7ImNlbGxfdHlwZSI6ImNvZGUiLCJtZXRhZGF0YSI6eyJtaWNyb3NvZnQiOnsibGFuZ3VhZ2UiOiJweXRob24iLCJsYW5ndWFnZV9ncm91cCI6InN5bmFwc2VfcHlzcGFyayJ9fSwic291cmNlIjpbIiMgV2VsY29tZSB0byB5b3VyIG5ldyBub3RlYm9va1xuIiwiIyBUeXBlIGhlcmUgaW4gdGhlIGNlbGwgZWRpdG9yIHRvIGFkZCBjb2RlIVxuIl0sIm91dHB1dHMiOltdfV19",
        "payloadType": "InlineBase64"}, {"path": ".platform", "payload": "ewogICIkc2NoZW1hIjogImh0dHBzOi8vZGV2ZWxvcGVyLm1pY3Jvc29mdC5jb20vanNvbi1zY2hlbWFzL2ZhYnJpYy9naXRJbnRlZ3JhdGlvbi9wbGF0Zm9ybVByb3BlcnRpZXMvMi4wLjAvc2NoZW1hLmpzb24iLAogICJtZXRhZGF0YSI6IHsKICAgICJ0eXBlIjogIk5vdGVib29rIiwKICAgICJkaXNwbGF5TmFtZSI6ICJmYWJjbGkwMDAwMDEiLAogICAgImRlc2NyaXB0aW9uIjogIkNyZWF0ZWQgYnkgZmFiIgogIH0sCiAgImNvbmZpZyI6IHsKICAgICJ2ZXJzaW9uIjogIjIuMCIsCiAgICAibG9naWNhbElkIjogIjAwMDAwMDAwLTAwMDAtMDAwMC0wMDAwLTAwMDAwMDAwMDAwMCIKICB9Cn0=",
        "payloadType": "InlineBase64"}]}}'
    headers:
      Access-Control-Expose-Headers:
      - RequestId
      Cache-Control:
      - no-store, must-revalidate, no-cache
      Content-Encoding:
      - gzip
      Content-Type:
      - application/json
      Date:
      - Fri, 06 Feb 2026 11:31:04 GMT
      Pragma:
      - no-cache
      RequestId:
      - 9a33834f-71d7-4ff2-ba20-bad917068d0a
      Strict-Transport-Security:
      - max-age=31536000; includeSubDomains
      Transfer-Encoding:
      - chunked
      X-Content-Type-Options:
      - nosniff
      X-Frame-Options:
      - deny
    status:
      code: 200
      message: OK
- request:
    body: null
    headers:
      Accept:
      - '*/*'
      Accept-Encoding:
      - gzip, deflate
      Connection:
      - keep-alive
      Content-Type:
      - application/json
      User-Agent:
      - ms-fabric-cli-test/1.3.1
    method: GET
    uri: https://api.fabric.microsoft.com/v1/workspaces
  response:
    body:
      string: '{"value": [{"id": "3634a139-2c9e-4205-910b-3b089a31be47", "displayName":
        "My workspace", "description": "", "type": "Personal"}, {"id": "cf67653a-969e-41c3-836d-a8c16eb9404d",
        "displayName": "fabriccli_WorkspacePerTestclass_000001", "description": "Created
        by fab", "type": "Workspace", "capacityId": "00000000-0000-0000-0000-000000000004"}]}'
    headers:
      Access-Control-Expose-Headers:
      - RequestId
      Cache-Control:
      - no-store, must-revalidate, no-cache
      Content-Encoding:
      - gzip
      Content-Length:
      - '2806'
      Content-Type:
      - application/json; charset=utf-8
      Date:
      - Fri, 06 Feb 2026 11:31:04 GMT
      Pragma:
      - no-cache
      RequestId:
      - 47a9ea1d-1279-4c47-8f11-b0e3720d5254
      Strict-Transport-Security:
      - max-age=31536000; includeSubDomains
      X-Content-Type-Options:
      - nosniff
      X-Frame-Options:
      - deny
      home-cluster-uri:
      - https://wabi-us-central-b-primary-redirect.analysis.windows.net/
      request-redirected:
      - 'true'
    status:
      code: 200
      message: OK
- request:
    body: null
    headers:
      Accept:
      - '*/*'
      Accept-Encoding:
      - gzip, deflate
      Connection:
      - keep-alive
      Content-Type:
      - application/json
      User-Agent:
      - ms-fabric-cli-test/1.3.1
    method: GET
    uri: https://api.fabric.microsoft.com/v1/workspaces/cf67653a-969e-41c3-836d-a8c16eb9404d/items
  response:
    body:
      string: '{"value": [{"id": "625e6c92-ff87-45ef-8bd3-26a502bafd03", "type": "Notebook",
        "displayName": "fabcli000001", "description": "Created by fab", "workspaceId":
        "cf67653a-969e-41c3-836d-a8c16eb9404d"}]}'
    headers:
      Access-Control-Expose-Headers:
      - RequestId
      Cache-Control:
      - no-store, must-revalidate, no-cache
      Content-Encoding:
      - gzip
      Content-Length:
      - '178'
      Content-Type:
      - application/json; charset=utf-8
      Date:
      - Fri, 06 Feb 2026 11:31:05 GMT
      Pragma:
      - no-cache
      RequestId:
      - f0922395-316b-4904-9cfd-4c7aa85e1566
      Strict-Transport-Security:
      - max-age=31536000; includeSubDomains
      X-Content-Type-Options:
      - nosniff
      X-Frame-Options:
      - deny
      home-cluster-uri:
      - https://wabi-us-central-b-primary-redirect.analysis.windows.net/
      request-redirected:
      - 'true'
    status:
      code: 200
      message: OK
- request:
    body: null
    headers:
      Accept:
      - '*/*'
      Accept-Encoding:
      - gzip, deflate
      Connection:
      - keep-alive
      Content-Length:
      - '0'
      Content-Type:
      - application/json
      User-Agent:
      - ms-fabric-cli-test/1.3.1
    method: DELETE
    uri: https://api.fabric.microsoft.com/v1/workspaces/cf67653a-969e-41c3-836d-a8c16eb9404d/items/625e6c92-ff87-45ef-8bd3-26a502bafd03
  response:
    body:
      string: ''
    headers:
      Access-Control-Expose-Headers:
      - RequestId
      Cache-Control:
      - no-store, must-revalidate, no-cache
      Content-Encoding:
      - gzip
      Content-Length:
      - '0'
      Content-Type:
      - application/octet-stream
      Date:
      - Fri, 06 Feb 2026 11:31:05 GMT
      Pragma:
      - no-cache
      RequestId:
      - 769fe444-0299-4d37-9b03-a65893c59e26
      Strict-Transport-Security:
      - max-age=31536000; includeSubDomains
      X-Content-Type-Options:
      - nosniff
      X-Frame-Options:
      - deny
      home-cluster-uri:
      - https://wabi-us-central-b-primary-redirect.analysis.windows.net/
      request-redirected:
      - 'true'
    status:
      code: 200
      message: OK
version: 1
