interactions:
- request:
    body: null
    headers:
      Accept:
      - '*/*'
      Accept-Encoding:
      - gzip, deflate
      Connection:
      - keep-alive
      Content-Type:
      - application/json
      User-Agent:
      - ms-fabric-cli-test/1.3.1
    method: GET
    uri: https://api.fabric.microsoft.com/v1/workspaces
  response:
    body:
      string: '{"value": [{"id": "7f999800-984b-46e8-aee5-27e3ec430c4e", "displayName":
        "fabriccli_WorkspacePerTestclass_000001", "description": "Created by fab",
        "type": "Workspace", "capacityId": "07b1fd56-9969-4ff5-a2c8-05df5f82759a"}]}'
    headers:
      Access-Control-Expose-Headers:
      - RequestId
      Cache-Control:
      - no-store, must-revalidate, no-cache
      Content-Encoding:
      - gzip
      Content-Length:
      - '5916'
      Content-Type:
      - application/json; charset=utf-8
      Date:
      - Wed, 14 Jan 2026 07:28:05 GMT
      Pragma:
      - no-cache
      RequestId:
      - 65ea8790-6dfc-431d-925b-6fa0163dd095
      Strict-Transport-Security:
      - max-age=31536000; includeSubDomains
      X-Content-Type-Options:
      - nosniff
      X-Frame-Options:
      - deny
      home-cluster-uri:
      - https://wabi-us-central-b-primary-redirect.analysis.windows.net/
      request-redirected:
      - 'true'
    status:
      code: 200
      message: OK
- request:
    body: null
    headers:
      Accept:
      - '*/*'
      Accept-Encoding:
      - gzip, deflate
      Connection:
      - keep-alive
      Content-Type:
      - application/json
      User-Agent:
      - ms-fabric-cli-test/1.3.1
    method: GET
    uri: https://api.fabric.microsoft.com/v1/workspaces/7f999800-984b-46e8-aee5-27e3ec430c4e/items
  response:
    body:
      string: '{"value": [{"id": "720a701f-e236-4f6e-8baf-a8d68e50a0b4", "type": "SemanticModel",
        "displayName": "fabcli000001_auto", "description": "", "workspaceId": "7f999800-984b-46e8-aee5-27e3ec430c4e"}]}'
    headers:
      Access-Control-Expose-Headers:
      - RequestId
      Cache-Control:
      - no-store, must-revalidate, no-cache
      Content-Encoding:
      - gzip
      Content-Length:
      - '174'
      Content-Type:
      - application/json; charset=utf-8
      Date:
      - Wed, 14 Jan 2026 07:28:05 GMT
      Pragma:
      - no-cache
      RequestId:
      - a4d5f065-6aee-4939-8186-5b3658deb44b
      Strict-Transport-Security:
      - max-age=31536000; includeSubDomains
      X-Content-Type-Options:
      - nosniff
      X-Frame-Options:
      - deny
      home-cluster-uri:
      - https://wabi-us-central-b-primary-redirect.analysis.windows.net/
      request-redirected:
      - 'true'
    status:
      code: 200
      message: OK
- request:
    body: null
    headers:
      Accept:
      - '*/*'
      Accept-Encoding:
      - gzip, deflate
      Connection:
      - keep-alive
      Content-Type:
      - application/json
      User-Agent:
      - ms-fabric-cli-test/1.3.1
    method: GET
    uri: https://api.fabric.microsoft.com/v1/workspaces/7f999800-984b-46e8-aee5-27e3ec430c4e/items
  response:
    body:
      string: '{"value": [{"id": "720a701f-e236-4f6e-8baf-a8d68e50a0b4", "type": "SemanticModel",
        "displayName": "fabcli000001_auto", "description": "", "workspaceId": "7f999800-984b-46e8-aee5-27e3ec430c4e"}]}'
    headers:
      Access-Control-Expose-Headers:
      - RequestId
      Cache-Control:
      - no-store, must-revalidate, no-cache
      Content-Encoding:
      - gzip
      Content-Length:
      - '174'
      Content-Type:
      - application/json; charset=utf-8
      Date:
      - Wed, 14 Jan 2026 07:28:06 GMT
      Pragma:
      - no-cache
      RequestId:
      - 99b8cac3-4757-4fbe-a311-b163da79c8ab
      Strict-Transport-Security:
      - max-age=31536000; includeSubDomains
      X-Content-Type-Options:
      - nosniff
      X-Frame-Options:
      - deny
      home-cluster-uri:
      - https://wabi-us-central-b-primary-redirect.analysis.windows.net/
      request-redirected:
      - 'true'
    status:
      code: 200
      message: OK
version: 1
