interactions:
- request:
    body: null
    headers:
      Accept:
      - '*/*'
      Accept-Encoding:
      - gzip, deflate
      Connection:
      - keep-alive
      Content-Type:
      - application/json
      User-Agent:
      - ms-fabric-cli-test/1.3.1
    method: GET
    uri: https://api.fabric.microsoft.com/v1/workspaces
  response:
    body:
      string: '{"value": [{"id": "3634a139-2c9e-4205-910b-3b089a31be47", "displayName":
        "My workspace", "description": "", "type": "Personal"}, {"id": "0cfd9c66-3bf0-4e43-8257-4b76aa86581e",
        "displayName": "fabriccli_WorkspacePerTestclass_000001", "description": "Created
        by fab", "type": "Workspace", "capacityId": "00000000-0000-0000-0000-000000000004"}]}'
    headers:
      Access-Control-Expose-Headers:
      - RequestId
      Cache-Control:
      - no-store, must-revalidate, no-cache
      Content-Encoding:
      - gzip
      Content-Length:
      - '2303'
      Content-Type:
      - application/json; charset=utf-8
      Date:
      - Thu, 29 Jan 2026 08:41:51 GMT
      Pragma:
      - no-cache
      RequestId:
      - e855e40a-e27e-4d28-b0df-03ba48453bee
      Strict-Transport-Security:
      - max-age=31536000; includeSubDomains
      X-Content-Type-Options:
      - nosniff
      X-Frame-Options:
      - deny
      home-cluster-uri:
      - https://wabi-us-central-b-primary-redirect.analysis.windows.net/
      request-redirected:
      - 'true'
    status:
      code: 200
      message: OK
- request:
    body: null
    headers:
      Accept:
      - '*/*'
      Accept-Encoding:
      - gzip, deflate
      Connection:
      - keep-alive
      Content-Type:
      - application/json
      User-Agent:
      - ms-fabric-cli-test/1.3.1
    method: GET
    uri: https://api.fabric.microsoft.com/v1/workspaces/0cfd9c66-3bf0-4e43-8257-4b76aa86581e/items
  response:
    body:
      string: '{"value": [{"id": "8ff3aa09-ab5f-4bd0-8dfe-7e76102342f2", "type": "SemanticModel",
        "displayName": "fabcli000001_auto", "description": "", "workspaceId": "0cfd9c66-3bf0-4e43-8257-4b76aa86581e"},
        {"id": "ef2fc02e-6cb7-4813-b293-f5d5b98c5d9a", "type": "SQLEndpoint", "displayName":
        "StagingLakehouseForDataflows_20260129083942", "description": "", "workspaceId":
        "0cfd9c66-3bf0-4e43-8257-4b76aa86581e"}, {"id": "d74d91a8-7679-40a2-9962-55e3d3aefda2",
        "type": "Warehouse", "displayName": "StagingWarehouseForDataflows_20260129084026",
        "description": "", "workspaceId": "0cfd9c66-3bf0-4e43-8257-4b76aa86581e"},
        {"id": "49b99e73-f31e-473d-9fe4-085031b70124", "type": "Lakehouse", "displayName":
        "StagingLakehouseForDataflows_20260129083942", "description": "", "workspaceId":
        "0cfd9c66-3bf0-4e43-8257-4b76aa86581e"}]}'
    headers:
      Access-Control-Expose-Headers:
      - RequestId
      Cache-Control:
      - no-store, must-revalidate, no-cache
      Content-Encoding:
      - gzip
      Content-Length:
      - '328'
      Content-Type:
      - application/json; charset=utf-8
      Date:
      - Thu, 29 Jan 2026 08:41:51 GMT
      Pragma:
      - no-cache
      RequestId:
      - 60e22dda-d9bd-44dc-acdf-b097122074b5
      Strict-Transport-Security:
      - max-age=31536000; includeSubDomains
      X-Content-Type-Options:
      - nosniff
      X-Frame-Options:
      - deny
      home-cluster-uri:
      - https://wabi-us-central-b-primary-redirect.analysis.windows.net/
      request-redirected:
      - 'true'
    status:
      code: 200
      message: OK
- request:
    body: null
    headers:
      Accept:
      - '*/*'
      Accept-Encoding:
      - gzip, deflate
      Connection:
      - keep-alive
      Content-Type:
      - application/json
      User-Agent:
      - ms-fabric-cli-test/1.3.1
    method: GET
    uri: https://api.fabric.microsoft.com/v1/workspaces/0cfd9c66-3bf0-4e43-8257-4b76aa86581e/items
  response:
    body:
      string: '{"value": [{"id": "8ff3aa09-ab5f-4bd0-8dfe-7e76102342f2", "type": "SemanticModel",
        "displayName": "fabcli000001_auto", "description": "", "workspaceId": "0cfd9c66-3bf0-4e43-8257-4b76aa86581e"},
        {"id": "ef2fc02e-6cb7-4813-b293-f5d5b98c5d9a", "type": "SQLEndpoint", "displayName":
        "StagingLakehouseForDataflows_20260129083942", "description": "", "workspaceId":
        "0cfd9c66-3bf0-4e43-8257-4b76aa86581e"}, {"id": "d74d91a8-7679-40a2-9962-55e3d3aefda2",
        "type": "Warehouse", "displayName": "StagingWarehouseForDataflows_20260129084026",
        "description": "", "workspaceId": "0cfd9c66-3bf0-4e43-8257-4b76aa86581e"},
        {"id": "49b99e73-f31e-473d-9fe4-085031b70124", "type": "Lakehouse", "displayName":
        "StagingLakehouseForDataflows_20260129083942", "description": "", "workspaceId":
        "0cfd9c66-3bf0-4e43-8257-4b76aa86581e"}]}'
    headers:
      Access-Control-Expose-Headers:
      - RequestId
      Cache-Control:
      - no-store, must-revalidate, no-cache
      Content-Encoding:
      - gzip
      Content-Length:
      - '328'
      Content-Type:
      - application/json; charset=utf-8
      Date:
      - Thu, 29 Jan 2026 08:41:53 GMT
      Pragma:
      - no-cache
      RequestId:
      - 205395ca-78bb-4d46-b19c-8cd3183e646a
      Strict-Transport-Security:
      - max-age=31536000; includeSubDomains
      X-Content-Type-Options:
      - nosniff
      X-Frame-Options:
      - deny
      home-cluster-uri:
      - https://wabi-us-central-b-primary-redirect.analysis.windows.net/
      request-redirected:
      - 'true'
    status:
      code: 200
      message: OK
- request:
    body: '{"description": "Created by fab", "displayName": "fabcli000001", "type":
      "Lakehouse", "folderId": null}'
    headers:
      Accept:
      - '*/*'
      Accept-Encoding:
      - gzip, deflate
      Connection:
      - keep-alive
      Content-Length:
      - '107'
      Content-Type:
      - application/json
      User-Agent:
      - ms-fabric-cli-test/1.3.1
    method: POST
    uri: https://api.fabric.microsoft.com/v1/workspaces/0cfd9c66-3bf0-4e43-8257-4b76aa86581e/lakehouses
  response:
    body:
      string: '{"id": "aa89f78c-5082-4787-ae34-e8c2b96528ad", "type": "Lakehouse",
        "displayName": "fabcli000001", "description": "Created by fab", "workspaceId":
        "0cfd9c66-3bf0-4e43-8257-4b76aa86581e"}'
    headers:
      Access-Control-Expose-Headers:
      - RequestId,ETag
      Cache-Control:
      - no-store, must-revalidate, no-cache
      Content-Encoding:
      - gzip
      Content-Length:
      - '167'
      Content-Type:
      - application/json; charset=utf-8
      Date:
      - Thu, 29 Jan 2026 08:41:56 GMT
      ETag:
      - '""'
      Pragma:
      - no-cache
      RequestId:
      - 77659476-75b8-4328-96b1-3f45c70cf31b
      Strict-Transport-Security:
      - max-age=31536000; includeSubDomains
      X-Content-Type-Options:
      - nosniff
      X-Frame-Options:
      - deny
      home-cluster-uri:
      - https://wabi-us-central-b-primary-redirect.analysis.windows.net/
      request-redirected:
      - 'true'
    status:
      code: 201
      message: Created
- request:
    body: null
    headers:
      Accept:
      - '*/*'
      Accept-Encoding:
      - gzip, deflate
      Connection:
      - keep-alive
      Content-Type:
      - application/json
      User-Agent:
      - ms-fabric-cli-test/1.3.1
    method: GET
    uri: https://api.fabric.microsoft.com/v1/workspaces
  response:
    body:
      string: '{"value": [{"id": "3634a139-2c9e-4205-910b-3b089a31be47", "displayName":
        "My workspace", "description": "", "type": "Personal"}, {"id": "0cfd9c66-3bf0-4e43-8257-4b76aa86581e",
        "displayName": "fabriccli_WorkspacePerTestclass_000001", "description": "Created
        by fab", "type": "Workspace", "capacityId": "00000000-0000-0000-0000-000000000004"}]}'
    headers:
      Access-Control-Expose-Headers:
      - RequestId
      Cache-Control:
      - no-store, must-revalidate, no-cache
      Content-Encoding:
      - gzip
      Content-Length:
      - '2303'
      Content-Type:
      - application/json; charset=utf-8
      Date:
      - Thu, 29 Jan 2026 08:41:57 GMT
      Pragma:
      - no-cache
      RequestId:
      - 2315c397-e753-4bf1-8183-0d8c69c4c9b0
      Strict-Transport-Security:
      - max-age=31536000; includeSubDomains
      X-Content-Type-Options:
      - nosniff
      X-Frame-Options:
      - deny
      home-cluster-uri:
      - https://wabi-us-central-b-primary-redirect.analysis.windows.net/
      request-redirected:
      - 'true'
    status:
      code: 200
      message: OK
- request:
    body: null
    headers:
      Accept:
      - '*/*'
      Accept-Encoding:
      - gzip, deflate
      Connection:
      - keep-alive
      Content-Type:
      - application/json
      User-Agent:
      - ms-fabric-cli-test/1.3.1
    method: GET
    uri: https://api.fabric.microsoft.com/v1/workspaces/0cfd9c66-3bf0-4e43-8257-4b76aa86581e/items
  response:
    body:
      string: '{"value": [{"id": "8ff3aa09-ab5f-4bd0-8dfe-7e76102342f2", "type": "SemanticModel",
        "displayName": "fabcli000001_auto", "description": "", "workspaceId": "0cfd9c66-3bf0-4e43-8257-4b76aa86581e"},
        {"id": "ef2fc02e-6cb7-4813-b293-f5d5b98c5d9a", "type": "SQLEndpoint", "displayName":
        "StagingLakehouseForDataflows_20260129083942", "description": "", "workspaceId":
        "0cfd9c66-3bf0-4e43-8257-4b76aa86581e"}, {"id": "d74d91a8-7679-40a2-9962-55e3d3aefda2",
        "type": "Warehouse", "displayName": "StagingWarehouseForDataflows_20260129084026",
        "description": "", "workspaceId": "0cfd9c66-3bf0-4e43-8257-4b76aa86581e"},
        {"id": "49b99e73-f31e-473d-9fe4-085031b70124", "type": "Lakehouse", "displayName":
        "StagingLakehouseForDataflows_20260129083942", "description": "", "workspaceId":
        "0cfd9c66-3bf0-4e43-8257-4b76aa86581e"}, {"id": "aa89f78c-5082-4787-ae34-e8c2b96528ad",
        "type": "Lakehouse", "displayName": "fabcli000001", "description": "Created
        by fab", "workspaceId": "0cfd9c66-3bf0-4e43-8257-4b76aa86581e"}]}'
    headers:
      Access-Control-Expose-Headers:
      - RequestId
      Cache-Control:
      - no-store, must-revalidate, no-cache
      Content-Encoding:
      - gzip
      Content-Length:
      - '379'
      Content-Type:
      - application/json; charset=utf-8
      Date:
      - Thu, 29 Jan 2026 08:41:57 GMT
      Pragma:
      - no-cache
      RequestId:
      - 0420967b-11e8-4ce3-9153-a55e795f71f8
      Strict-Transport-Security:
      - max-age=31536000; includeSubDomains
      X-Content-Type-Options:
      - nosniff
      X-Frame-Options:
      - deny
      home-cluster-uri:
      - https://wabi-us-central-b-primary-redirect.analysis.windows.net/
      request-redirected:
      - 'true'
    status:
      code: 200
      message: OK
- request:
    body: null
    headers:
      Accept:
      - '*/*'
      Accept-Encoding:
      - gzip, deflate
      Connection:
      - keep-alive
      Content-Type:
      - application/json
      User-Agent:
      - ms-fabric-cli-test/1.3.1
    method: GET
    uri: https://api.fabric.microsoft.com/v1/workspaces/0cfd9c66-3bf0-4e43-8257-4b76aa86581e/lakehouses/aa89f78c-5082-4787-ae34-e8c2b96528ad
  response:
    body:
      string: '{"id": "aa89f78c-5082-4787-ae34-e8c2b96528ad", "type": "Lakehouse",
        "displayName": "fabcli000001", "description": "Created by fab", "workspaceId":
        "0cfd9c66-3bf0-4e43-8257-4b76aa86581e", "properties": {"oneLakeTablesPath":
        "https://onelake.dfs.fabric.microsoft.com/0cfd9c66-3bf0-4e43-8257-4b76aa86581e/aa89f78c-5082-4787-ae34-e8c2b96528ad/Tables",
        "oneLakeFilesPath": "https://onelake.dfs.fabric.microsoft.com/0cfd9c66-3bf0-4e43-8257-4b76aa86581e/aa89f78c-5082-4787-ae34-e8c2b96528ad/Files",
        "sqlEndpointProperties": {"connectionString": null, "id": null, "provisioningStatus":
        "InProgress"}}}'
    headers:
      Access-Control-Expose-Headers:
      - RequestId,ETag
      Cache-Control:
      - no-store, must-revalidate, no-cache
      Content-Encoding:
      - gzip
      Content-Length:
      - '302'
      Content-Type:
      - application/json; charset=utf-8
      Date:
      - Thu, 29 Jan 2026 08:41:58 GMT
      ETag:
      - '""'
      Pragma:
      - no-cache
      RequestId:
      - bea09345-d693-4061-8d5c-adfb68366312
      Strict-Transport-Security:
      - max-age=31536000; includeSubDomains
      X-Content-Type-Options:
      - nosniff
      X-Frame-Options:
      - deny
      home-cluster-uri:
      - https://wabi-us-central-b-primary-redirect.analysis.windows.net/
      request-redirected:
      - 'true'
    status:
      code: 200
      message: OK
- request:
    body: null
    headers:
      Accept:
      - '*/*'
      Accept-Encoding:
      - gzip, deflate
      Connection:
      - keep-alive
      Content-Type:
      - application/json
      User-Agent:
      - ms-fabric-cli-test/1.3.1
    method: GET
    uri: https://api.fabric.microsoft.com/v1/workspaces/0cfd9c66-3bf0-4e43-8257-4b76aa86581e/items/aa89f78c-5082-4787-ae34-e8c2b96528ad/connections
  response:
    body:
      string: '{"value": []}'
    headers:
      Access-Control-Expose-Headers:
      - RequestId
      Cache-Control:
      - no-store, must-revalidate, no-cache
      Content-Encoding:
      - gzip
      Content-Length:
      - '32'
      Content-Type:
      - application/json; charset=utf-8
      Date:
      - Thu, 29 Jan 2026 08:41:59 GMT
      Pragma:
      - no-cache
      RequestId:
      - f3d70890-f20a-4024-aa85-106c927e97cf
      Strict-Transport-Security:
      - max-age=31536000; includeSubDomains
      X-Content-Type-Options:
      - nosniff
      X-Frame-Options:
      - deny
      home-cluster-uri:
      - https://wabi-us-central-b-primary-redirect.analysis.windows.net/
      request-redirected:
      - 'true'
    status:
      code: 200
      message: OK
- request:
    body: null
    headers:
      Accept:
      - '*/*'
      Accept-Encoding:
      - gzip, deflate
      Connection:
      - keep-alive
      Content-Type:
      - application/json
      User-Agent:
      - ms-fabric-cli-test/1.3.1
    method: GET
    uri: https://api.fabric.microsoft.com/v1/workspaces/0cfd9c66-3bf0-4e43-8257-4b76aa86581e/items/aa89f78c-5082-4787-ae34-e8c2b96528ad/jobs/TableMaintenance/schedules
  response:
    body:
      string: '{"value": []}'
    headers:
      Access-Control-Expose-Headers:
      - RequestId
      Cache-Control:
      - no-store, must-revalidate, no-cache
      Content-Encoding:
      - gzip
      Content-Length:
      - '32'
      Content-Type:
      - application/json; charset=utf-8
      Date:
      - Thu, 29 Jan 2026 08:42:00 GMT
      Pragma:
      - no-cache
      RequestId:
      - 7351ff7a-e826-41c7-ac21-7d99ef44fc1d
      Strict-Transport-Security:
      - max-age=31536000; includeSubDomains
      X-Content-Type-Options:
      - nosniff
      X-Frame-Options:
      - deny
      home-cluster-uri:
      - https://wabi-us-central-b-primary-redirect.analysis.windows.net/
      request-redirected:
      - 'true'
    status:
      code: 200
      message: OK
- request:
    body: null
    headers:
      Accept:
      - '*/*'
      Accept-Encoding:
      - gzip, deflate
      Connection:
      - keep-alive
      Content-Type:
      - application/json
      User-Agent:
      - ms-fabric-cli-test/1.3.1
    method: GET
    uri: https://api.fabric.microsoft.com/v1/workspaces
  response:
    body:
      string: '{"value": [{"id": "3634a139-2c9e-4205-910b-3b089a31be47", "displayName":
        "My workspace", "description": "", "type": "Personal"}, {"id": "0cfd9c66-3bf0-4e43-8257-4b76aa86581e",
        "displayName": "fabriccli_WorkspacePerTestclass_000001", "description": "Created
        by fab", "type": "Workspace", "capacityId": "00000000-0000-0000-0000-000000000004"}]}'
    headers:
      Access-Control-Expose-Headers:
      - RequestId
      Cache-Control:
      - no-store, must-revalidate, no-cache
      Content-Encoding:
      - gzip
      Content-Length:
      - '2303'
      Content-Type:
      - application/json; charset=utf-8
      Date:
      - Thu, 29 Jan 2026 08:42:01 GMT
      Pragma:
      - no-cache
      RequestId:
      - 10ab84c1-c42c-40b1-a187-2613a6034e6a
      Strict-Transport-Security:
      - max-age=31536000; includeSubDomains
      X-Content-Type-Options:
      - nosniff
      X-Frame-Options:
      - deny
      home-cluster-uri:
      - https://wabi-us-central-b-primary-redirect.analysis.windows.net/
      request-redirected:
      - 'true'
    status:
      code: 200
      message: OK
- request:
    body: null
    headers:
      Accept:
      - '*/*'
      Accept-Encoding:
      - gzip, deflate
      Connection:
      - keep-alive
      Content-Type:
      - application/json
      User-Agent:
      - ms-fabric-cli-test/1.3.1
    method: GET
    uri: https://api.fabric.microsoft.com/v1/workspaces/0cfd9c66-3bf0-4e43-8257-4b76aa86581e/items
  response:
    body:
      string: '{"value": [{"id": "8ff3aa09-ab5f-4bd0-8dfe-7e76102342f2", "type": "SemanticModel",
        "displayName": "fabcli000001_auto", "description": "", "workspaceId": "0cfd9c66-3bf0-4e43-8257-4b76aa86581e"},
        {"id": "ef2fc02e-6cb7-4813-b293-f5d5b98c5d9a", "type": "SQLEndpoint", "displayName":
        "StagingLakehouseForDataflows_20260129083942", "description": "", "workspaceId":
        "0cfd9c66-3bf0-4e43-8257-4b76aa86581e"}, {"id": "d74d91a8-7679-40a2-9962-55e3d3aefda2",
        "type": "Warehouse", "displayName": "StagingWarehouseForDataflows_20260129084026",
        "description": "", "workspaceId": "0cfd9c66-3bf0-4e43-8257-4b76aa86581e"},
        {"id": "49b99e73-f31e-473d-9fe4-085031b70124", "type": "Lakehouse", "displayName":
        "StagingLakehouseForDataflows_20260129083942", "description": "", "workspaceId":
        "0cfd9c66-3bf0-4e43-8257-4b76aa86581e"}, {"id": "aa89f78c-5082-4787-ae34-e8c2b96528ad",
        "type": "Lakehouse", "displayName": "fabcli000001", "description": "Created
        by fab", "workspaceId": "0cfd9c66-3bf0-4e43-8257-4b76aa86581e"}]}'
    headers:
      Access-Control-Expose-Headers:
      - RequestId
      Cache-Control:
      - no-store, must-revalidate, no-cache
      Content-Encoding:
      - gzip
      Content-Length:
      - '379'
      Content-Type:
      - application/json; charset=utf-8
      Date:
      - Thu, 29 Jan 2026 08:42:02 GMT
      Pragma:
      - no-cache
      RequestId:
      - 104927b5-213c-465d-8107-b813d024bae0
      Strict-Transport-Security:
      - max-age=31536000; includeSubDomains
      X-Content-Type-Options:
      - nosniff
      X-Frame-Options:
      - deny
      home-cluster-uri:
      - https://wabi-us-central-b-primary-redirect.analysis.windows.net/
      request-redirected:
      - 'true'
    status:
      code: 200
      message: OK
- request:
    body: null
    headers:
      Accept:
      - '*/*'
      Accept-Encoding:
      - gzip, deflate
      Connection:
      - keep-alive
      Content-Length:
      - '0'
      Content-Type:
      - application/json
      User-Agent:
      - ms-fabric-cli-test/1.3.1
    method: DELETE
    uri: https://api.fabric.microsoft.com/v1/workspaces/0cfd9c66-3bf0-4e43-8257-4b76aa86581e/items/aa89f78c-5082-4787-ae34-e8c2b96528ad
  response:
    body:
      string: ''
    headers:
      Access-Control-Expose-Headers:
      - RequestId
      Cache-Control:
      - no-store, must-revalidate, no-cache
      Content-Encoding:
      - gzip
      Content-Length:
      - '0'
      Content-Type:
      - application/octet-stream
      Date:
      - Thu, 29 Jan 2026 08:42:03 GMT
      Pragma:
      - no-cache
      RequestId:
      - 102c68c9-1a76-4af0-80ae-c77768809725
      Strict-Transport-Security:
      - max-age=31536000; includeSubDomains
      X-Content-Type-Options:
      - nosniff
      X-Frame-Options:
      - deny
      home-cluster-uri:
      - https://wabi-us-central-b-primary-redirect.analysis.windows.net/
      request-redirected:
      - 'true'
    status:
      code: 200
      message: OK
version: 1
