interactions:
- request:
    body: null
    headers:
      Accept:
      - '*/*'
      Accept-Encoding:
      - gzip, deflate
      Connection:
      - keep-alive
      Content-Type:
      - application/json
      User-Agent:
      - ms-fabric-cli-test/1.0.0
    method: GET
    uri: https://api.fabric.microsoft.com/v1/workspaces
  response:
    body:
      string: '{"value": [{"id": "94da8ea5-0bd6-4a9e-b717-5fdb482f4c71", "displayName":
        "My workspace", "description": "", "type": "Personal"}, {"id": "e90776ff-42ae-4f92-b45d-25c3d375832b",
        "displayName": "fabriccli_WorkspacePerTestclass_000001", "description": "Created
        by fab", "type": "Workspace", "capacityId": "00000000-0000-0000-0000-000000000004"}]}'
    headers:
      Access-Control-Expose-Headers:
      - RequestId
      Cache-Control:
      - no-store, must-revalidate, no-cache
      Content-Encoding:
      - gzip
      Content-Length:
      - '359'
      Content-Type:
      - application/json; charset=utf-8
      Date:
      - Wed, 03 Sep 2025 06:36:52 GMT
      Pragma:
      - no-cache
      RequestId:
      - 1454ab7b-e4ec-43d8-afc6-e8016dc49969
      Strict-Transport-Security:
      - max-age=31536000; includeSubDomains
      X-Content-Type-Options:
      - nosniff
      X-Frame-Options:
      - deny
      home-cluster-uri:
      - https://wabi-west-europe-redirect.analysis.windows.net/
      request-redirected:
      - 'true'
    status:
      code: 200
      message: OK
- request:
    body: null
    headers:
      Accept:
      - '*/*'
      Accept-Encoding:
      - gzip, deflate
      Connection:
      - keep-alive
      Content-Type:
      - application/json
      User-Agent:
      - ms-fabric-cli-test/1.0.0
    method: GET
    uri: https://api.fabric.microsoft.com/v1/workspaces/e90776ff-42ae-4f92-b45d-25c3d375832b/items
  response:
    body:
      string: '{"value": []}'
    headers:
      Access-Control-Expose-Headers:
      - RequestId
      Cache-Control:
      - no-store, must-revalidate, no-cache
      Content-Encoding:
      - gzip
      Content-Length:
      - '32'
      Content-Type:
      - application/json; charset=utf-8
      Date:
      - Wed, 03 Sep 2025 06:36:53 GMT
      Pragma:
      - no-cache
      RequestId:
      - 2bb448a1-f672-4583-bb84-f07fd126cab2
      Strict-Transport-Security:
      - max-age=31536000; includeSubDomains
      X-Content-Type-Options:
      - nosniff
      X-Frame-Options:
      - deny
      home-cluster-uri:
      - https://wabi-west-europe-redirect.analysis.windows.net/
      request-redirected:
      - 'true'
    status:
      code: 200
      message: OK
- request:
    body: null
    headers:
      Accept:
      - '*/*'
      Accept-Encoding:
      - gzip, deflate
      Connection:
      - keep-alive
      Content-Type:
      - application/json
      User-Agent:
      - ms-fabric-cli-test/1.0.0
    method: GET
    uri: https://api.fabric.microsoft.com/v1/workspaces/e90776ff-42ae-4f92-b45d-25c3d375832b/items
  response:
    body:
      string: '{"value": []}'
    headers:
      Access-Control-Expose-Headers:
      - RequestId
      Cache-Control:
      - no-store, must-revalidate, no-cache
      Content-Encoding:
      - gzip
      Content-Length:
      - '32'
      Content-Type:
      - application/json; charset=utf-8
      Date:
      - Wed, 03 Sep 2025 06:36:52 GMT
      Pragma:
      - no-cache
      RequestId:
      - 7525b8d3-e279-4601-8fb4-715ed2f2413e
      Strict-Transport-Security:
      - max-age=31536000; includeSubDomains
      X-Content-Type-Options:
      - nosniff
      X-Frame-Options:
      - deny
      home-cluster-uri:
      - https://wabi-west-europe-redirect.analysis.windows.net/
      request-redirected:
      - 'true'
    status:
      code: 200
      message: OK
- request:
    body: '{"description": "Created by fab", "displayName": "fabcli000001", "type":
      "Warehouse", "folderId": null, "creationPayload": {"defaultCollation": "Latin1_General_100_BIN2_UTF8"}}'
    headers:
      Accept:
      - '*/*'
      Accept-Encoding:
      - gzip, deflate
      Connection:
      - keep-alive
      Content-Length:
      - '180'
      Content-Type:
      - application/json
      User-Agent:
      - ms-fabric-cli-test/1.0.0
    method: POST
    uri: https://api.fabric.microsoft.com/v1/workspaces/e90776ff-42ae-4f92-b45d-25c3d375832b/warehouses
  response:
    body:
      string: 'null'
    headers:
      Access-Control-Expose-Headers:
      - RequestId,Location,Retry-After,ETag,x-ms-operation-id
      Cache-Control:
      - no-store, must-revalidate, no-cache
      Content-Encoding:
      - gzip
      Content-Length:
      - '24'
      Content-Type:
      - application/json; charset=utf-8
      Date:
      - Wed, 03 Sep 2025 06:36:53 GMT
      ETag:
      - '""'
      Location:
      - https://wabi-west-europe-redirect.analysis.windows.net/v1/operations/94d389c0-b926-4d3d-94ab-54f3b930a805
      Pragma:
      - no-cache
      RequestId:
      - 365cf103-8ba8-4fd4-a20d-93713ee5926e
      Retry-After:
      - '20'
      Strict-Transport-Security:
      - max-age=31536000; includeSubDomains
      X-Content-Type-Options:
      - nosniff
      X-Frame-Options:
      - deny
      home-cluster-uri:
      - https://wabi-west-europe-redirect.analysis.windows.net/
      request-redirected:
      - 'true'
      x-ms-operation-id:
      - 94d389c0-b926-4d3d-94ab-54f3b930a805
    status:
      code: 202
      message: Accepted
- request:
    body: null
    headers:
      Accept:
      - '*/*'
      Accept-Encoding:
      - gzip, deflate
      Connection:
      - keep-alive
      Content-Type:
      - application/json
      User-Agent:
      - ms-fabric-cli-test/1.0.0
    method: GET
    uri: https://wabi-west-europe-redirect.analysis.windows.net/v1/operations/94d389c0-b926-4d3d-94ab-54f3b930a805
  response:
    body:
      string: '{"status": "Running", "createdTimeUtc": "2025-09-03T06:36:53.737499",
        "lastUpdatedTimeUtc": "2025-09-03T06:36:53.737499", "percentComplete": null,
        "error": null}'
    headers:
      Access-Control-Expose-Headers:
      - RequestId,Location,Retry-After,x-ms-operation-id
      Cache-Control:
      - no-store, must-revalidate, no-cache
      Content-Encoding:
      - gzip
      Content-Length:
      - '121'
      Content-Type:
      - application/json; charset=utf-8
      Date:
      - Wed, 03 Sep 2025 06:36:53 GMT
      Location:
      - https://wabi-west-europe-redirect.analysis.windows.net/v1/operations/94d389c0-b926-4d3d-94ab-54f3b930a805
      Pragma:
      - no-cache
      RequestId:
      - f916f49f-b5e0-4290-821f-d1310a2b9631
      Retry-After:
      - '20'
      Strict-Transport-Security:
      - max-age=31536000; includeSubDomains
      X-Content-Type-Options:
      - nosniff
      X-Frame-Options:
      - deny
      x-ms-operation-id:
      - 94d389c0-b926-4d3d-94ab-54f3b930a805
    status:
      code: 200
      message: OK
- request:
    body: null
    headers:
      Accept:
      - '*/*'
      Accept-Encoding:
      - gzip, deflate
      Connection:
      - keep-alive
      Content-Type:
      - application/json
      User-Agent:
      - ms-fabric-cli-test/1.0.0
    method: GET
    uri: https://wabi-west-europe-redirect.analysis.windows.net/v1/operations/94d389c0-b926-4d3d-94ab-54f3b930a805
  response:
    body:
      string: '{"status": "Running", "createdTimeUtc": "2025-09-03T06:36:53.737499",
        "lastUpdatedTimeUtc": "2025-09-03T06:36:53.737499", "percentComplete": null,
        "error": null}'
    headers:
      Access-Control-Expose-Headers:
      - RequestId,Location,Retry-After,x-ms-operation-id
      Cache-Control:
      - no-store, must-revalidate, no-cache
      Content-Encoding:
      - gzip
      Content-Length:
      - '121'
      Content-Type:
      - application/json; charset=utf-8
      Date:
      - Wed, 03 Sep 2025 06:36:53 GMT
      Location:
      - https://wabi-west-europe-redirect.analysis.windows.net/v1/operations/94d389c0-b926-4d3d-94ab-54f3b930a805
      Pragma:
      - no-cache
      RequestId:
      - bbf0cb17-986b-4ddb-a35e-89845a5df18c
      Retry-After:
      - '20'
      Strict-Transport-Security:
      - max-age=31536000; includeSubDomains
      X-Content-Type-Options:
      - nosniff
      X-Frame-Options:
      - deny
      x-ms-operation-id:
      - 94d389c0-b926-4d3d-94ab-54f3b930a805
    status:
      code: 200
      message: OK
- request:
    body: null
    headers:
      Accept:
      - '*/*'
      Accept-Encoding:
      - gzip, deflate
      Connection:
      - keep-alive
      Content-Type:
      - application/json
      User-Agent:
      - ms-fabric-cli-test/1.0.0
    method: GET
    uri: https://wabi-west-europe-redirect.analysis.windows.net/v1/operations/94d389c0-b926-4d3d-94ab-54f3b930a805
  response:
    body:
      string: '{"status": "Running", "createdTimeUtc": "2025-09-03T06:36:53.737499",
        "lastUpdatedTimeUtc": "2025-09-03T06:36:53.737499", "percentComplete": null,
        "error": null}'
    headers:
      Access-Control-Expose-Headers:
      - RequestId,Location,Retry-After,x-ms-operation-id
      Cache-Control:
      - no-store, must-revalidate, no-cache
      Content-Encoding:
      - gzip
      Content-Length:
      - '121'
      Content-Type:
      - application/json; charset=utf-8
      Date:
      - Wed, 03 Sep 2025 06:36:54 GMT
      Location:
      - https://wabi-west-europe-redirect.analysis.windows.net/v1/operations/94d389c0-b926-4d3d-94ab-54f3b930a805
      Pragma:
      - no-cache
      RequestId:
      - 2f805ef5-51af-4404-9ffa-e91bbda35f73
      Retry-After:
      - '20'
      Strict-Transport-Security:
      - max-age=31536000; includeSubDomains
      X-Content-Type-Options:
      - nosniff
      X-Frame-Options:
      - deny
      x-ms-operation-id:
      - 94d389c0-b926-4d3d-94ab-54f3b930a805
    status:
      code: 200
      message: OK
- request:
    body: null
    headers:
      Accept:
      - '*/*'
      Accept-Encoding:
      - gzip, deflate
      Connection:
      - keep-alive
      Content-Type:
      - application/json
      User-Agent:
      - ms-fabric-cli-test/1.0.0
    method: GET
    uri: https://wabi-west-europe-redirect.analysis.windows.net/v1/operations/94d389c0-b926-4d3d-94ab-54f3b930a805
  response:
    body:
      string: '{"status": "Running", "createdTimeUtc": "2025-09-03T06:36:53.737499",
        "lastUpdatedTimeUtc": "2025-09-03T06:36:53.737499", "percentComplete": null,
        "error": null}'
    headers:
      Access-Control-Expose-Headers:
      - RequestId,Location,Retry-After,x-ms-operation-id
      Cache-Control:
      - no-store, must-revalidate, no-cache
      Content-Encoding:
      - gzip
      Content-Length:
      - '121'
      Content-Type:
      - application/json; charset=utf-8
      Date:
      - Wed, 03 Sep 2025 06:36:55 GMT
      Location:
      - https://wabi-west-europe-redirect.analysis.windows.net/v1/operations/94d389c0-b926-4d3d-94ab-54f3b930a805
      Pragma:
      - no-cache
      RequestId:
      - fa107437-4c5a-44b8-8642-1c21ed447384
      Retry-After:
      - '20'
      Strict-Transport-Security:
      - max-age=31536000; includeSubDomains
      X-Content-Type-Options:
      - nosniff
      X-Frame-Options:
      - deny
      x-ms-operation-id:
      - 94d389c0-b926-4d3d-94ab-54f3b930a805
    status:
      code: 200
      message: OK
- request:
    body: null
    headers:
      Accept:
      - '*/*'
      Accept-Encoding:
      - gzip, deflate
      Connection:
      - keep-alive
      Content-Type:
      - application/json
      User-Agent:
      - ms-fabric-cli-test/1.0.0
    method: GET
    uri: https://wabi-west-europe-redirect.analysis.windows.net/v1/operations/94d389c0-b926-4d3d-94ab-54f3b930a805
  response:
    body:
      string: '{"status": "Running", "createdTimeUtc": "2025-09-03T06:36:53.737499",
        "lastUpdatedTimeUtc": "2025-09-03T06:36:53.737499", "percentComplete": null,
        "error": null}'
    headers:
      Access-Control-Expose-Headers:
      - RequestId,Location,Retry-After,x-ms-operation-id
      Cache-Control:
      - no-store, must-revalidate, no-cache
      Content-Encoding:
      - gzip
      Content-Length:
      - '121'
      Content-Type:
      - application/json; charset=utf-8
      Date:
      - Wed, 03 Sep 2025 06:36:59 GMT
      Location:
      - https://wabi-west-europe-redirect.analysis.windows.net/v1/operations/94d389c0-b926-4d3d-94ab-54f3b930a805
      Pragma:
      - no-cache
      RequestId:
      - 12d947db-ac1a-48c0-b1b7-ebecd9637520
      Retry-After:
      - '20'
      Strict-Transport-Security:
      - max-age=31536000; includeSubDomains
      X-Content-Type-Options:
      - nosniff
      X-Frame-Options:
      - deny
      x-ms-operation-id:
      - 94d389c0-b926-4d3d-94ab-54f3b930a805
    status:
      code: 200
      message: OK
- request:
    body: null
    headers:
      Accept:
      - '*/*'
      Accept-Encoding:
      - gzip, deflate
      Connection:
      - keep-alive
      Content-Type:
      - application/json
      User-Agent:
      - ms-fabric-cli-test/1.0.0
    method: GET
    uri: https://wabi-west-europe-redirect.analysis.windows.net/v1/operations/94d389c0-b926-4d3d-94ab-54f3b930a805
  response:
    body:
      string: '{"status": "Running", "createdTimeUtc": "2025-09-03T06:36:53.737499",
        "lastUpdatedTimeUtc": "2025-09-03T06:36:53.737499", "percentComplete": null,
        "error": null}'
    headers:
      Access-Control-Expose-Headers:
      - RequestId,Location,Retry-After,x-ms-operation-id
      Cache-Control:
      - no-store, must-revalidate, no-cache
      Content-Encoding:
      - gzip
      Content-Length:
      - '121'
      Content-Type:
      - application/json; charset=utf-8
      Date:
      - Wed, 03 Sep 2025 06:37:06 GMT
      Location:
      - https://wabi-west-europe-redirect.analysis.windows.net/v1/operations/94d389c0-b926-4d3d-94ab-54f3b930a805
      Pragma:
      - no-cache
      RequestId:
      - 7b4fe0c8-d035-4186-9876-438643a9b4aa
      Retry-After:
      - '20'
      Strict-Transport-Security:
      - max-age=31536000; includeSubDomains
      X-Content-Type-Options:
      - nosniff
      X-Frame-Options:
      - deny
      x-ms-operation-id:
      - 94d389c0-b926-4d3d-94ab-54f3b930a805
    status:
      code: 200
      message: OK
- request:
    body: null
    headers:
      Accept:
      - '*/*'
      Accept-Encoding:
      - gzip, deflate
      Connection:
      - keep-alive
      Content-Type:
      - application/json
      User-Agent:
      - ms-fabric-cli-test/1.0.0
    method: GET
    uri: https://wabi-west-europe-redirect.analysis.windows.net/v1/operations/94d389c0-b926-4d3d-94ab-54f3b930a805
  response:
    body:
      string: '{"status": "Succeeded", "createdTimeUtc": "2025-09-03T06:36:53.737499",
        "lastUpdatedTimeUtc": "2025-09-03T06:37:15.4224107", "percentComplete": 100,
        "error": null}'
    headers:
      Access-Control-Expose-Headers:
      - RequestId,Location,x-ms-operation-id
      Cache-Control:
      - no-store, must-revalidate, no-cache
      Content-Encoding:
      - gzip
      Content-Length:
      - '132'
      Content-Type:
      - application/json; charset=utf-8
      Date:
      - Wed, 03 Sep 2025 06:37:22 GMT
      Location:
      - https://wabi-west-europe-redirect.analysis.windows.net/v1/operations/94d389c0-b926-4d3d-94ab-54f3b930a805/result
      Pragma:
      - no-cache
      RequestId:
      - 4eba6056-a2ee-4431-aab1-b05835984590
      Strict-Transport-Security:
      - max-age=31536000; includeSubDomains
      X-Content-Type-Options:
      - nosniff
      X-Frame-Options:
      - deny
      x-ms-operation-id:
      - 94d389c0-b926-4d3d-94ab-54f3b930a805
    status:
      code: 200
      message: OK
- request:
    body: null
    headers:
      Accept:
      - '*/*'
      Accept-Encoding:
      - gzip, deflate
      Connection:
      - keep-alive
      Content-Type:
      - application/json
      User-Agent:
      - ms-fabric-cli-test/1.0.0
    method: GET
    uri: https://wabi-west-europe-redirect.analysis.windows.net/v1/operations/94d389c0-b926-4d3d-94ab-54f3b930a805/result
  response:
    body:
      string: '{"id": "7444bbfd-e978-478b-a11c-eeb5645c7bd6", "type": "Warehouse",
        "displayName": "fabcli000001", "description": "Created by fab", "workspaceId":
        "e90776ff-42ae-4f92-b45d-25c3d375832b"}'
    headers:
      Access-Control-Expose-Headers:
      - RequestId
      Cache-Control:
      - no-store, must-revalidate, no-cache
      Content-Encoding:
      - gzip
      Content-Type:
      - application/json
      Date:
      - Wed, 03 Sep 2025 06:37:23 GMT
      Pragma:
      - no-cache
      RequestId:
      - 9fc4e20d-5bf7-4dad-86aa-3637359d854c
      Strict-Transport-Security:
      - max-age=31536000; includeSubDomains
      Transfer-Encoding:
      - chunked
      X-Content-Type-Options:
      - nosniff
      X-Frame-Options:
      - deny
    status:
      code: 200
      message: OK
- request:
    body: null
    headers:
      Accept:
      - '*/*'
      Accept-Encoding:
      - gzip, deflate
      Connection:
      - keep-alive
      Content-Type:
      - application/json
      User-Agent:
      - ms-fabric-cli-test/1.0.0
    method: GET
    uri: https://api.fabric.microsoft.com/v1/workspaces
  response:
    body:
      string: '{"value": [{"id": "94da8ea5-0bd6-4a9e-b717-5fdb482f4c71", "displayName":
        "My workspace", "description": "", "type": "Personal"}, {"id": "e90776ff-42ae-4f92-b45d-25c3d375832b",
        "displayName": "fabriccli_WorkspacePerTestclass_000001", "description": "Created
        by fab", "type": "Workspace", "capacityId": "00000000-0000-0000-0000-000000000004"}]}'
    headers:
      Access-Control-Expose-Headers:
      - RequestId
      Cache-Control:
      - no-store, must-revalidate, no-cache
      Content-Encoding:
      - gzip
      Content-Length:
      - '359'
      Content-Type:
      - application/json; charset=utf-8
      Date:
      - Wed, 03 Sep 2025 06:37:23 GMT
      Pragma:
      - no-cache
      RequestId:
      - 306b0fb0-4c73-4c82-933a-953d2cba9ecf
      Strict-Transport-Security:
      - max-age=31536000; includeSubDomains
      X-Content-Type-Options:
      - nosniff
      X-Frame-Options:
      - deny
      home-cluster-uri:
      - https://wabi-west-europe-redirect.analysis.windows.net/
      request-redirected:
      - 'true'
    status:
      code: 200
      message: OK
- request:
    body: null
    headers:
      Accept:
      - '*/*'
      Accept-Encoding:
      - gzip, deflate
      Connection:
      - keep-alive
      Content-Type:
      - application/json
      User-Agent:
      - ms-fabric-cli-test/1.0.0
    method: GET
    uri: https://api.fabric.microsoft.com/v1/workspaces/e90776ff-42ae-4f92-b45d-25c3d375832b/items
  response:
    body:
      string: '{"value": [{"id": "7444bbfd-e978-478b-a11c-eeb5645c7bd6", "type": "Warehouse",
        "displayName": "fabcli000001", "description": "Created by fab", "workspaceId":
        "e90776ff-42ae-4f92-b45d-25c3d375832b"}]}'
    headers:
      Access-Control-Expose-Headers:
      - RequestId
      Cache-Control:
      - no-store, must-revalidate, no-cache
      Content-Encoding:
      - gzip
      Content-Length:
      - '179'
      Content-Type:
      - application/json; charset=utf-8
      Date:
      - Wed, 03 Sep 2025 06:37:23 GMT
      Pragma:
      - no-cache
      RequestId:
      - 3906b48e-d4c8-4730-9192-eed1bbb6d970
      Strict-Transport-Security:
      - max-age=31536000; includeSubDomains
      X-Content-Type-Options:
      - nosniff
      X-Frame-Options:
      - deny
      home-cluster-uri:
      - https://wabi-west-europe-redirect.analysis.windows.net/
      request-redirected:
      - 'true'
    status:
      code: 200
      message: OK
- request:
    body: null
    headers:
      Accept:
      - '*/*'
      Accept-Encoding:
      - gzip, deflate
      Connection:
      - keep-alive
      Content-Type:
      - application/json
      User-Agent:
      - ms-fabric-cli-test/1.0.0
    method: HEAD
    uri: https://onelake.dfs.fabric.microsoft.com/e90776ff-42ae-4f92-b45d-25c3d375832b/7444bbfd-e978-478b-a11c-eeb5645c7bd6/Files/InvalidOnelake
  response:
    body:
      string: ''
    headers:
      Access-Control-Allow-Headers:
      - '*'
      Access-Control-Allow-Methods:
      - '*'
      Access-Control-Allow-Origin:
      - '*'
      Access-Control-Expose-Headers:
      - '*,Authorization'
      Date:
      - Wed, 03 Sep 2025 06:37:24 GMT
      Server:
      - Windows-Azure-Blob/1.0,Microsoft-HTTPAPI/2.0 Microsoft-HTTPAPI/2.0 Microsoft-HTTPAPI/2.0
      Strict-Transport-Security:
      - max-age=31536000; includeSubDomains
      Transfer-Encoding:
      - chunked
      X-Content-Type-Options:
      - nosniff
      x-ms-error-code:
      - BlobNotFound
    status:
      code: 404
      message: The specified blob does not exist.
- request:
    body: null
    headers:
      Accept:
      - '*/*'
      Accept-Encoding:
      - gzip, deflate
      Connection:
      - keep-alive
      Content-Type:
      - application/json
      User-Agent:
      - ms-fabric-cli-test/1.0.0
    method: HEAD
    uri: https://onelake.dfs.fabric.microsoft.com/e90776ff-42ae-4f92-b45d-25c3d375832b/7444bbfd-e978-478b-a11c-eeb5645c7bd6/Files/InvalidOnelake
  response:
    body:
      string: ''
    headers:
      Access-Control-Allow-Headers:
      - '*'
      Access-Control-Allow-Methods:
      - '*'
      Access-Control-Allow-Origin:
      - '*'
      Access-Control-Expose-Headers:
      - '*,Authorization'
      Date:
      - Wed, 03 Sep 2025 06:37:24 GMT
      Server:
      - Windows-Azure-Blob/1.0,Microsoft-HTTPAPI/2.0 Microsoft-HTTPAPI/2.0 Microsoft-HTTPAPI/2.0
      Strict-Transport-Security:
      - max-age=31536000; includeSubDomains
      Transfer-Encoding:
      - chunked
      X-Content-Type-Options:
      - nosniff
      x-ms-error-code:
      - BlobNotFound
    status:
      code: 404
      message: The specified blob does not exist.
- request:
    body: null
    headers:
      Accept:
      - '*/*'
      Accept-Encoding:
      - gzip, deflate
      Connection:
      - keep-alive
      Content-Length:
      - '0'
      Content-Type:
      - application/json
      If-None-Match:
      - '*'
      User-Agent:
      - ms-fabric-cli-test/1.0.0
    method: PUT
    uri: https://onelake.dfs.fabric.microsoft.com/e90776ff-42ae-4f92-b45d-25c3d375832b/7444bbfd-e978-478b-a11c-eeb5645c7bd6/Files/InvalidOnelake/?resource=directory
  response:
    body:
      string: '{"error": {"code": "OperationNotAllowedOnThePath", "message": "PUT
        call is not allowed on Files path"}}'
    headers:
      Access-Control-Allow-Headers:
      - '*'
      Access-Control-Allow-Methods:
      - '*'
      Access-Control-Allow-Origin:
      - '*'
      Access-Control-Expose-Headers:
      - '*,Authorization'
      Content-Length:
      - '99'
      Content-Type:
      - application/json
      Date:
      - Wed, 03 Sep 2025 06:37:25 GMT
      Server:
      - Microsoft-HTTPAPI/2.0 Microsoft-HTTPAPI/2.0
      Strict-Transport-Security:
      - max-age=31536000; includeSubDomains
      X-Content-Type-Options:
      - nosniff
      x-ms-error-code:
      - OperationNotAllowedOnThePath
    status:
      code: 400
      message: BadRequest
- request:
    body: null
    headers:
      Accept:
      - '*/*'
      Accept-Encoding:
      - gzip, deflate
      Connection:
      - keep-alive
      Content-Type:
      - application/json
      User-Agent:
      - ms-fabric-cli-test/1.0.0
    method: GET
    uri: https://api.fabric.microsoft.com/v1/workspaces
  response:
    body:
      string: '{"value": [{"id": "94da8ea5-0bd6-4a9e-b717-5fdb482f4c71", "displayName":
        "My workspace", "description": "", "type": "Personal"}, {"id": "e90776ff-42ae-4f92-b45d-25c3d375832b",
        "displayName": "fabriccli_WorkspacePerTestclass_000001", "description": "Created
        by fab", "type": "Workspace", "capacityId": "00000000-0000-0000-0000-000000000004"}]}'
    headers:
      Access-Control-Expose-Headers:
      - RequestId
      Cache-Control:
      - no-store, must-revalidate, no-cache
      Content-Encoding:
      - gzip
      Content-Length:
      - '359'
      Content-Type:
      - application/json; charset=utf-8
      Date:
      - Wed, 03 Sep 2025 06:37:24 GMT
      Pragma:
      - no-cache
      RequestId:
      - d248c996-288d-4986-90e0-5eb52c941e51
      Strict-Transport-Security:
      - max-age=31536000; includeSubDomains
      X-Content-Type-Options:
      - nosniff
      X-Frame-Options:
      - deny
      home-cluster-uri:
      - https://wabi-west-europe-redirect.analysis.windows.net/
      request-redirected:
      - 'true'
    status:
      code: 200
      message: OK
- request:
    body: null
    headers:
      Accept:
      - '*/*'
      Accept-Encoding:
      - gzip, deflate
      Connection:
      - keep-alive
      Content-Type:
      - application/json
      User-Agent:
      - ms-fabric-cli-test/1.0.0
    method: GET
    uri: https://api.fabric.microsoft.com/v1/workspaces/e90776ff-42ae-4f92-b45d-25c3d375832b/items
  response:
    body:
      string: '{"value": [{"id": "7444bbfd-e978-478b-a11c-eeb5645c7bd6", "type": "Warehouse",
        "displayName": "fabcli000001", "description": "Created by fab", "workspaceId":
        "e90776ff-42ae-4f92-b45d-25c3d375832b"}]}'
    headers:
      Access-Control-Expose-Headers:
      - RequestId
      Cache-Control:
      - no-store, must-revalidate, no-cache
      Content-Encoding:
      - gzip
      Content-Length:
      - '179'
      Content-Type:
      - application/json; charset=utf-8
      Date:
      - Wed, 03 Sep 2025 06:37:25 GMT
      Pragma:
      - no-cache
      RequestId:
      - 0227492b-18d8-4e13-8e2b-e9738a9f0fc3
      Strict-Transport-Security:
      - max-age=31536000; includeSubDomains
      X-Content-Type-Options:
      - nosniff
      X-Frame-Options:
      - deny
      home-cluster-uri:
      - https://wabi-west-europe-redirect.analysis.windows.net/
      request-redirected:
      - 'true'
    status:
      code: 200
      message: OK
- request:
    body: null
    headers:
      Accept:
      - '*/*'
      Accept-Encoding:
      - gzip, deflate
      Connection:
      - keep-alive
      Content-Length:
      - '0'
      Content-Type:
      - application/json
      User-Agent:
      - ms-fabric-cli-test/1.0.0
    method: DELETE
    uri: https://api.fabric.microsoft.com/v1/workspaces/e90776ff-42ae-4f92-b45d-25c3d375832b/items/7444bbfd-e978-478b-a11c-eeb5645c7bd6
  response:
    body:
      string: ''
    headers:
      Access-Control-Expose-Headers:
      - RequestId
      Cache-Control:
      - no-store, must-revalidate, no-cache
      Content-Encoding:
      - gzip
      Content-Length:
      - '0'
      Content-Type:
      - application/octet-stream
      Date:
      - Wed, 03 Sep 2025 06:37:25 GMT
      Pragma:
      - no-cache
      RequestId:
      - b4459813-8edd-4b06-8038-5e77a99bdf8c
      Strict-Transport-Security:
      - max-age=31536000; includeSubDomains
      X-Content-Type-Options:
      - nosniff
      X-Frame-Options:
      - deny
      home-cluster-uri:
      - https://wabi-west-europe-redirect.analysis.windows.net/
      request-redirected:
      - 'true'
    status:
      code: 200
      message: OK
version: 1
