interactions:
- request:
    body: null
    headers:
      Accept:
      - '*/*'
      Accept-Encoding:
      - gzip, deflate
      Connection:
      - keep-alive
      Content-Type:
      - application/json
      User-Agent:
      - ms-fabric-cli-test/1.2.0
    method: GET
    uri: https://api.fabric.microsoft.com/v1/workspaces
  response:
    body:
      string: '{"value": [{"id": "3634a139-2c9e-4205-910b-3b089a31be47", "displayName":
        "My workspace", "description": "", "type": "Personal"}, {"id": "d27a72f5-2f85-45f8-905f-264fe3136668",
        "displayName": "fabriccli_WorkspacePerTestclass_000001", "description": "Created
        by fab", "type": "Workspace", "capacityId": "00000000-0000-0000-0000-000000000004"}]}'
    headers:
      Access-Control-Expose-Headers:
      - RequestId
      Cache-Control:
      - no-store, must-revalidate, no-cache
      Content-Encoding:
      - gzip
      Content-Length:
      - '1052'
      Content-Type:
      - application/json; charset=utf-8
      Date:
      - Thu, 04 Dec 2025 14:44:58 GMT
      Pragma:
      - no-cache
      RequestId:
      - 5bedf7fc-d729-47e2-a22f-da2470961957
      Strict-Transport-Security:
      - max-age=31536000; includeSubDomains
      X-Content-Type-Options:
      - nosniff
      X-Frame-Options:
      - deny
      home-cluster-uri:
      - https://wabi-us-central-b-primary-redirect.analysis.windows.net/
      request-redirected:
      - 'true'
    status:
      code: 200
      message: OK
- request:
    body: null
    headers:
      Accept:
      - '*/*'
      Accept-Encoding:
      - gzip, deflate
      Connection:
      - keep-alive
      Content-Type:
      - application/json
      User-Agent:
      - ms-fabric-cli-test/1.2.0
    method: GET
    uri: https://api.fabric.microsoft.com/v1/workspaces/d27a72f5-2f85-45f8-905f-264fe3136668/items
  response:
    body:
      string: '{"value": []}'
    headers:
      Access-Control-Expose-Headers:
      - RequestId
      Cache-Control:
      - no-store, must-revalidate, no-cache
      Content-Encoding:
      - gzip
      Content-Length:
      - '32'
      Content-Type:
      - application/json; charset=utf-8
      Date:
      - Thu, 04 Dec 2025 14:44:59 GMT
      Pragma:
      - no-cache
      RequestId:
      - db8c5ec7-6192-4c1c-93a5-16946e0f50b9
      Strict-Transport-Security:
      - max-age=31536000; includeSubDomains
      X-Content-Type-Options:
      - nosniff
      X-Frame-Options:
      - deny
      home-cluster-uri:
      - https://wabi-us-central-b-primary-redirect.analysis.windows.net/
      request-redirected:
      - 'true'
    status:
      code: 200
      message: OK
- request:
    body: null
    headers:
      Accept:
      - '*/*'
      Accept-Encoding:
      - gzip, deflate
      Connection:
      - keep-alive
      Content-Type:
      - application/json
      User-Agent:
      - ms-fabric-cli-test/1.2.0
    method: GET
    uri: https://api.fabric.microsoft.com/v1/workspaces/d27a72f5-2f85-45f8-905f-264fe3136668/items
  response:
    body:
      string: '{"value": []}'
    headers:
      Access-Control-Expose-Headers:
      - RequestId
      Cache-Control:
      - no-store, must-revalidate, no-cache
      Content-Encoding:
      - gzip
      Content-Length:
      - '32'
      Content-Type:
      - application/json; charset=utf-8
      Date:
      - Thu, 04 Dec 2025 14:44:59 GMT
      Pragma:
      - no-cache
      RequestId:
      - 6c7de197-4156-4698-9a38-e8974873816a
      Strict-Transport-Security:
      - max-age=31536000; includeSubDomains
      X-Content-Type-Options:
      - nosniff
      X-Frame-Options:
      - deny
      home-cluster-uri:
      - https://wabi-us-central-b-primary-redirect.analysis.windows.net/
      request-redirected:
      - 'true'
    status:
      code: 200
      message: OK
- request:
    body: '{"description": "Created by fab", "displayName": "fabcli000001_auto", "type":
      "Eventhouse", "folderId": null}'
    headers:
      Accept:
      - '*/*'
      Accept-Encoding:
      - gzip, deflate
      Connection:
      - keep-alive
      Content-Length:
      - '113'
      Content-Type:
      - application/json
      User-Agent:
      - ms-fabric-cli-test/1.2.0
    method: POST
    uri: https://api.fabric.microsoft.com/v1/workspaces/d27a72f5-2f85-45f8-905f-264fe3136668/eventhouses
  response:
    body:
      string: '{"id": "de2f991e-c9e9-4a50-9d70-d971b8ce39b8", "type": "Eventhouse",
        "displayName": "fabcli000001_auto", "description": "Created by fab", "workspaceId":
        "d27a72f5-2f85-45f8-905f-264fe3136668"}'
    headers:
      Access-Control-Expose-Headers:
      - RequestId,ETag
      Cache-Control:
      - no-store, must-revalidate, no-cache
      Content-Encoding:
      - gzip
      Content-Length:
      - '173'
      Content-Type:
      - application/json; charset=utf-8
      Date:
      - Thu, 04 Dec 2025 14:45:04 GMT
      ETag:
      - '""'
      Pragma:
      - no-cache
      RequestId:
      - c3ce116b-8606-4f70-971c-4dc6c9f394ea
      Strict-Transport-Security:
      - max-age=31536000; includeSubDomains
      X-Content-Type-Options:
      - nosniff
      X-Frame-Options:
      - deny
      home-cluster-uri:
      - https://wabi-us-central-b-primary-redirect.analysis.windows.net/
      request-redirected:
      - 'true'
    status:
      code: 201
      message: Created
- request:
    body: '{"description": "Created by fab", "displayName": "fabcli000001", "type":
      "KQLDatabase", "folderId": null, "creationPayload": {"databaseType": "ReadWrite",
      "parentEventhouseItemId": "de2f991e-c9e9-4a50-9d70-d971b8ce39b8"}}'
    headers:
      Accept:
      - '*/*'
      Accept-Encoding:
      - gzip, deflate
      Connection:
      - keep-alive
      Content-Length:
      - '225'
      Content-Type:
      - application/json
      User-Agent:
      - ms-fabric-cli-test/1.2.0
    method: POST
    uri: https://api.fabric.microsoft.com/v1/workspaces/d27a72f5-2f85-45f8-905f-264fe3136668/kqlDatabases
  response:
    body:
      string: 'null'
    headers:
      Access-Control-Expose-Headers:
      - RequestId,Location,Retry-After,ETag,x-ms-operation-id
      Cache-Control:
      - no-store, must-revalidate, no-cache
      Content-Encoding:
      - gzip
      Content-Length:
      - '24'
      Content-Type:
      - application/json; charset=utf-8
      Date:
      - Thu, 04 Dec 2025 14:45:05 GMT
      ETag:
      - '""'
      Location:
      - https://wabi-us-central-b-primary-redirect.analysis.windows.net/v1/operations/49a2c265-9be7-450c-8182-2877ae149780
      Pragma:
      - no-cache
      RequestId:
      - aed3b2ef-8f74-4028-9535-2a6f69173e09
      Retry-After:
      - '20'
      Strict-Transport-Security:
      - max-age=31536000; includeSubDomains
      X-Content-Type-Options:
      - nosniff
      X-Frame-Options:
      - deny
      home-cluster-uri:
      - https://wabi-us-central-b-primary-redirect.analysis.windows.net/
      request-redirected:
      - 'true'
      x-ms-operation-id:
      - 49a2c265-9be7-450c-8182-2877ae149780
    status:
      code: 202
      message: Accepted
- request:
    body: null
    headers:
      Accept:
      - '*/*'
      Accept-Encoding:
      - gzip, deflate
      Connection:
      - keep-alive
      Content-Type:
      - application/json
      User-Agent:
      - ms-fabric-cli-test/1.2.0
    method: GET
    uri: https://wabi-us-central-b-primary-redirect.analysis.windows.net/v1/operations/49a2c265-9be7-450c-8182-2877ae149780
  response:
    body:
      string: '{"status": "Succeeded", "createdTimeUtc": "2025-12-04T14:45:05.4742049",
        "lastUpdatedTimeUtc": "2025-12-04T14:45:12.100619", "percentComplete": 100,
        "error": null}'
    headers:
      Access-Control-Expose-Headers:
      - RequestId,Location,x-ms-operation-id
      Cache-Control:
      - no-store, must-revalidate, no-cache
      Content-Encoding:
      - gzip
      Content-Length:
      - '130'
      Content-Type:
      - application/json; charset=utf-8
      Date:
      - Thu, 04 Dec 2025 14:45:26 GMT
      Location:
      - https://wabi-us-central-b-primary-redirect.analysis.windows.net/v1/operations/49a2c265-9be7-450c-8182-2877ae149780/result
      Pragma:
      - no-cache
      RequestId:
      - 12f43964-89ac-463c-bd77-579bd9ba6801
      Strict-Transport-Security:
      - max-age=31536000; includeSubDomains
      X-Content-Type-Options:
      - nosniff
      X-Frame-Options:
      - deny
      x-ms-operation-id:
      - 49a2c265-9be7-450c-8182-2877ae149780
    status:
      code: 200
      message: OK
- request:
    body: null
    headers:
      Accept:
      - '*/*'
      Accept-Encoding:
      - gzip, deflate
      Connection:
      - keep-alive
      Content-Type:
      - application/json
      User-Agent:
      - ms-fabric-cli-test/1.2.0
    method: GET
    uri: https://wabi-us-central-b-primary-redirect.analysis.windows.net/v1/operations/49a2c265-9be7-450c-8182-2877ae149780/result
  response:
    body:
      string: '{"id": "48459580-630f-4553-a481-71c5251d1930", "type": "KQLDatabase",
        "displayName": "fabcli000001", "description": "Created by fab", "workspaceId":
        "d27a72f5-2f85-45f8-905f-264fe3136668"}'
    headers:
      Access-Control-Expose-Headers:
      - RequestId
      Cache-Control:
      - no-store, must-revalidate, no-cache
      Content-Encoding:
      - gzip
      Content-Type:
      - application/json
      Date:
      - Thu, 04 Dec 2025 14:45:27 GMT
      Pragma:
      - no-cache
      RequestId:
      - 2ce05e55-6f5a-461d-95d5-a6088a04ed36
      Strict-Transport-Security:
      - max-age=31536000; includeSubDomains
      Transfer-Encoding:
      - chunked
      X-Content-Type-Options:
      - nosniff
      X-Frame-Options:
      - deny
    status:
      code: 200
      message: OK
- request:
    body: null
    headers:
      Accept:
      - '*/*'
      Accept-Encoding:
      - gzip, deflate
      Connection:
      - keep-alive
      Content-Type:
      - application/json
      User-Agent:
      - ms-fabric-cli-test/1.2.0
    method: GET
    uri: https://api.fabric.microsoft.com/v1/workspaces
  response:
    body:
      string: '{"value": [{"id": "3634a139-2c9e-4205-910b-3b089a31be47", "displayName":
        "My workspace", "description": "", "type": "Personal"}, {"id": "d27a72f5-2f85-45f8-905f-264fe3136668",
        "displayName": "fabriccli_WorkspacePerTestclass_000001", "description": "Created
        by fab", "type": "Workspace", "capacityId": "00000000-0000-0000-0000-000000000004"}]}'
    headers:
      Access-Control-Expose-Headers:
      - RequestId
      Cache-Control:
      - no-store, must-revalidate, no-cache
      Content-Encoding:
      - gzip
      Content-Length:
      - '1052'
      Content-Type:
      - application/json; charset=utf-8
      Date:
      - Thu, 04 Dec 2025 14:53:11 GMT
      Pragma:
      - no-cache
      RequestId:
      - c5e18920-59a5-4b08-9592-894257c5acfd
      Strict-Transport-Security:
      - max-age=31536000; includeSubDomains
      X-Content-Type-Options:
      - nosniff
      X-Frame-Options:
      - deny
      home-cluster-uri:
      - https://wabi-us-central-b-primary-redirect.analysis.windows.net/
      request-redirected:
      - 'true'
    status:
      code: 200
      message: OK
- request:
    body: null
    headers:
      Accept:
      - '*/*'
      Accept-Encoding:
      - gzip, deflate
      Connection:
      - keep-alive
      Content-Type:
      - application/json
      User-Agent:
      - ms-fabric-cli-test/1.2.0
    method: GET
    uri: https://api.fabric.microsoft.com/v1/workspaces/d27a72f5-2f85-45f8-905f-264fe3136668/items
  response:
    body:
      string: '{"value": [{"id": "de2f991e-c9e9-4a50-9d70-d971b8ce39b8", "type": "Eventhouse",
        "displayName": "fabcli000001_auto", "description": "Created by fab", "workspaceId":
        "d27a72f5-2f85-45f8-905f-264fe3136668"}, {"id": "0b36ab47-9918-486c-b1af-42c832e9638a",
        "type": "KQLDatabase", "displayName": "fabcli000001_auto", "description":
        "fabcli000001_auto", "workspaceId": "d27a72f5-2f85-45f8-905f-264fe3136668"},
        {"id": "48459580-630f-4553-a481-71c5251d1930", "type": "KQLDatabase", "displayName":
        "fabcli000001", "description": "Created by fab", "workspaceId": "d27a72f5-2f85-45f8-905f-264fe3136668"}]}'
    headers:
      Access-Control-Expose-Headers:
      - RequestId
      Cache-Control:
      - no-store, must-revalidate, no-cache
      Content-Encoding:
      - gzip
      Content-Length:
      - '261'
      Content-Type:
      - application/json; charset=utf-8
      Date:
      - Thu, 04 Dec 2025 14:53:11 GMT
      Pragma:
      - no-cache
      RequestId:
      - 8080f277-4b9a-4468-93c7-4b6079a365fd
      Strict-Transport-Security:
      - max-age=31536000; includeSubDomains
      X-Content-Type-Options:
      - nosniff
      X-Frame-Options:
      - deny
      home-cluster-uri:
      - https://wabi-us-central-b-primary-redirect.analysis.windows.net/
      request-redirected:
      - 'true'
    status:
      code: 200
      message: OK
- request:
    body: null
    headers:
      Accept:
      - '*/*'
      Accept-Encoding:
      - gzip, deflate
      Connection:
      - keep-alive
      Content-Length:
      - '0'
      Content-Type:
      - application/json
      User-Agent:
      - ms-fabric-cli-test/1.2.0
    method: DELETE
    uri: https://api.fabric.microsoft.com/v1/workspaces/d27a72f5-2f85-45f8-905f-264fe3136668/items/de2f991e-c9e9-4a50-9d70-d971b8ce39b8
  response:
    body:
      string: ''
    headers:
      Access-Control-Expose-Headers:
      - RequestId
      Cache-Control:
      - no-store, must-revalidate, no-cache
      Content-Encoding:
      - gzip
      Content-Length:
      - '0'
      Content-Type:
      - application/octet-stream
      Date:
      - Thu, 04 Dec 2025 14:53:12 GMT
      Pragma:
      - no-cache
      RequestId:
      - f5d6abac-b705-453c-aef9-1bcf98e82e44
      Strict-Transport-Security:
      - max-age=31536000; includeSubDomains
      X-Content-Type-Options:
      - nosniff
      X-Frame-Options:
      - deny
      home-cluster-uri:
      - https://wabi-us-central-b-primary-redirect.analysis.windows.net/
      request-redirected:
      - 'true'
    status:
      code: 200
      message: OK
version: 1
