interactions:
- request:
    body: null
    headers:
      Accept:
      - '*/*'
      Accept-Encoding:
      - gzip, deflate
      Connection:
      - keep-alive
      Content-Type:
      - application/json
      User-Agent:
      - ms-fabric-cli-test/1.3.1
    method: GET
    uri: https://api.fabric.microsoft.com/v1/workspaces
  response:
    body:
      string: '{"value": [{"id": "3634a139-2c9e-4205-910b-3b089a31be47", "displayName":
        "My workspace", "description": "", "type": "Personal"}, {"id": "0cfd9c66-3bf0-4e43-8257-4b76aa86581e",
        "displayName": "fabriccli_WorkspacePerTestclass_000001", "description": "Created
        by fab", "type": "Workspace", "capacityId": "00000000-0000-0000-0000-000000000004"}]}'
    headers:
      Access-Control-Expose-Headers:
      - RequestId
      Cache-Control:
      - no-store, must-revalidate, no-cache
      Content-Encoding:
      - gzip
      Content-Length:
      - '2303'
      Content-Type:
      - application/json; charset=utf-8
      Date:
      - Thu, 29 Jan 2026 08:41:41 GMT
      Pragma:
      - no-cache
      RequestId:
      - e29c226e-a854-453b-a3fb-f0b23ba44941
      Strict-Transport-Security:
      - max-age=31536000; includeSubDomains
      X-Content-Type-Options:
      - nosniff
      X-Frame-Options:
      - deny
      home-cluster-uri:
      - https://wabi-us-central-b-primary-redirect.analysis.windows.net/
      request-redirected:
      - 'true'
    status:
      code: 200
      message: OK
- request:
    body: null
    headers:
      Accept:
      - '*/*'
      Accept-Encoding:
      - gzip, deflate
      Connection:
      - keep-alive
      Content-Type:
      - application/json
      User-Agent:
      - ms-fabric-cli-test/1.3.1
    method: GET
    uri: https://api.fabric.microsoft.com/v1/workspaces/0cfd9c66-3bf0-4e43-8257-4b76aa86581e/items
  response:
    body:
      string: '{"value": [{"id": "8ff3aa09-ab5f-4bd0-8dfe-7e76102342f2", "type": "SemanticModel",
        "displayName": "fabcli000001_auto", "description": "", "workspaceId": "0cfd9c66-3bf0-4e43-8257-4b76aa86581e"},
        {"id": "ef2fc02e-6cb7-4813-b293-f5d5b98c5d9a", "type": "SQLEndpoint", "displayName":
        "StagingLakehouseForDataflows_20260129083942", "description": "", "workspaceId":
        "0cfd9c66-3bf0-4e43-8257-4b76aa86581e"}, {"id": "d74d91a8-7679-40a2-9962-55e3d3aefda2",
        "type": "Warehouse", "displayName": "StagingWarehouseForDataflows_20260129084026",
        "description": "", "workspaceId": "0cfd9c66-3bf0-4e43-8257-4b76aa86581e"},
        {"id": "49b99e73-f31e-473d-9fe4-085031b70124", "type": "Lakehouse", "displayName":
        "StagingLakehouseForDataflows_20260129083942", "description": "", "workspaceId":
        "0cfd9c66-3bf0-4e43-8257-4b76aa86581e"}]}'
    headers:
      Access-Control-Expose-Headers:
      - RequestId
      Cache-Control:
      - no-store, must-revalidate, no-cache
      Content-Encoding:
      - gzip
      Content-Length:
      - '328'
      Content-Type:
      - application/json; charset=utf-8
      Date:
      - Thu, 29 Jan 2026 08:41:41 GMT
      Pragma:
      - no-cache
      RequestId:
      - d6aaeb0b-06f0-4f57-b162-43c3baa66b84
      Strict-Transport-Security:
      - max-age=31536000; includeSubDomains
      X-Content-Type-Options:
      - nosniff
      X-Frame-Options:
      - deny
      home-cluster-uri:
      - https://wabi-us-central-b-primary-redirect.analysis.windows.net/
      request-redirected:
      - 'true'
    status:
      code: 200
      message: OK
- request:
    body: null
    headers:
      Accept:
      - '*/*'
      Accept-Encoding:
      - gzip, deflate
      Connection:
      - keep-alive
      Content-Type:
      - application/json
      User-Agent:
      - ms-fabric-cli-test/1.3.1
    method: GET
    uri: https://api.fabric.microsoft.com/v1/workspaces/0cfd9c66-3bf0-4e43-8257-4b76aa86581e/items
  response:
    body:
      string: '{"value": [{"id": "8ff3aa09-ab5f-4bd0-8dfe-7e76102342f2", "type": "SemanticModel",
        "displayName": "fabcli000001_auto", "description": "", "workspaceId": "0cfd9c66-3bf0-4e43-8257-4b76aa86581e"},
        {"id": "ef2fc02e-6cb7-4813-b293-f5d5b98c5d9a", "type": "SQLEndpoint", "displayName":
        "StagingLakehouseForDataflows_20260129083942", "description": "", "workspaceId":
        "0cfd9c66-3bf0-4e43-8257-4b76aa86581e"}, {"id": "d74d91a8-7679-40a2-9962-55e3d3aefda2",
        "type": "Warehouse", "displayName": "StagingWarehouseForDataflows_20260129084026",
        "description": "", "workspaceId": "0cfd9c66-3bf0-4e43-8257-4b76aa86581e"},
        {"id": "49b99e73-f31e-473d-9fe4-085031b70124", "type": "Lakehouse", "displayName":
        "StagingLakehouseForDataflows_20260129083942", "description": "", "workspaceId":
        "0cfd9c66-3bf0-4e43-8257-4b76aa86581e"}]}'
    headers:
      Access-Control-Expose-Headers:
      - RequestId
      Cache-Control:
      - no-store, must-revalidate, no-cache
      Content-Encoding:
      - gzip
      Content-Length:
      - '328'
      Content-Type:
      - application/json; charset=utf-8
      Date:
      - Thu, 29 Jan 2026 08:41:42 GMT
      Pragma:
      - no-cache
      RequestId:
      - c9be033c-24d6-46a3-bdb9-ffc6d43dfbdc
      Strict-Transport-Security:
      - max-age=31536000; includeSubDomains
      X-Content-Type-Options:
      - nosniff
      X-Frame-Options:
      - deny
      home-cluster-uri:
      - https://wabi-us-central-b-primary-redirect.analysis.windows.net/
      request-redirected:
      - 'true'
    status:
      code: 200
      message: OK
- request:
    body: '{"description": "Created by fab", "displayName": "fabcli000001", "type":
      "KQLQueryset", "folderId": null}'
    headers:
      Accept:
      - '*/*'
      Accept-Encoding:
      - gzip, deflate
      Connection:
      - keep-alive
      Content-Length:
      - '109'
      Content-Type:
      - application/json
      User-Agent:
      - ms-fabric-cli-test/1.3.1
    method: POST
    uri: https://api.fabric.microsoft.com/v1/workspaces/0cfd9c66-3bf0-4e43-8257-4b76aa86581e/kqlQuerysets
  response:
    body:
      string: '{"id": "b8d3ace5-8f9c-4407-a487-f80686636973", "type": "KQLQueryset",
        "displayName": "fabcli000001", "description": "Created by fab", "workspaceId":
        "0cfd9c66-3bf0-4e43-8257-4b76aa86581e"}'
    headers:
      Access-Control-Expose-Headers:
      - RequestId,ETag
      Cache-Control:
      - no-store, must-revalidate, no-cache
      Content-Encoding:
      - gzip
      Content-Length:
      - '171'
      Content-Type:
      - application/json; charset=utf-8
      Date:
      - Thu, 29 Jan 2026 08:41:44 GMT
      ETag:
      - '""'
      Pragma:
      - no-cache
      RequestId:
      - 1cca9f2f-1aa5-4c13-8898-e2999528fe0f
      Strict-Transport-Security:
      - max-age=31536000; includeSubDomains
      X-Content-Type-Options:
      - nosniff
      X-Frame-Options:
      - deny
      home-cluster-uri:
      - https://wabi-us-central-b-primary-redirect.analysis.windows.net/
      request-redirected:
      - 'true'
    status:
      code: 201
      message: Created
- request:
    body: null
    headers:
      Accept:
      - '*/*'
      Accept-Encoding:
      - gzip, deflate
      Connection:
      - keep-alive
      Content-Type:
      - application/json
      User-Agent:
      - ms-fabric-cli-test/1.3.1
    method: GET
    uri: https://api.fabric.microsoft.com/v1/workspaces
  response:
    body:
      string: '{"value": [{"id": "3634a139-2c9e-4205-910b-3b089a31be47", "displayName":
        "My workspace", "description": "", "type": "Personal"}, {"id": "0cfd9c66-3bf0-4e43-8257-4b76aa86581e",
        "displayName": "fabriccli_WorkspacePerTestclass_000001", "description": "Created
        by fab", "type": "Workspace", "capacityId": "00000000-0000-0000-0000-000000000004"}]}'
    headers:
      Access-Control-Expose-Headers:
      - RequestId
      Cache-Control:
      - no-store, must-revalidate, no-cache
      Content-Encoding:
      - gzip
      Content-Length:
      - '2303'
      Content-Type:
      - application/json; charset=utf-8
      Date:
      - Thu, 29 Jan 2026 08:41:44 GMT
      Pragma:
      - no-cache
      RequestId:
      - 40352238-b665-4c3a-97d4-60092c3307a0
      Strict-Transport-Security:
      - max-age=31536000; includeSubDomains
      X-Content-Type-Options:
      - nosniff
      X-Frame-Options:
      - deny
      home-cluster-uri:
      - https://wabi-us-central-b-primary-redirect.analysis.windows.net/
      request-redirected:
      - 'true'
    status:
      code: 200
      message: OK
- request:
    body: null
    headers:
      Accept:
      - '*/*'
      Accept-Encoding:
      - gzip, deflate
      Connection:
      - keep-alive
      Content-Type:
      - application/json
      User-Agent:
      - ms-fabric-cli-test/1.3.1
    method: GET
    uri: https://api.fabric.microsoft.com/v1/workspaces/0cfd9c66-3bf0-4e43-8257-4b76aa86581e/items
  response:
    body:
      string: '{"value": [{"id": "8ff3aa09-ab5f-4bd0-8dfe-7e76102342f2", "type": "SemanticModel",
        "displayName": "fabcli000001_auto", "description": "", "workspaceId": "0cfd9c66-3bf0-4e43-8257-4b76aa86581e"},
        {"id": "ef2fc02e-6cb7-4813-b293-f5d5b98c5d9a", "type": "SQLEndpoint", "displayName":
        "StagingLakehouseForDataflows_20260129083942", "description": "", "workspaceId":
        "0cfd9c66-3bf0-4e43-8257-4b76aa86581e"}, {"id": "d74d91a8-7679-40a2-9962-55e3d3aefda2",
        "type": "Warehouse", "displayName": "StagingWarehouseForDataflows_20260129084026",
        "description": "", "workspaceId": "0cfd9c66-3bf0-4e43-8257-4b76aa86581e"},
        {"id": "49b99e73-f31e-473d-9fe4-085031b70124", "type": "Lakehouse", "displayName":
        "StagingLakehouseForDataflows_20260129083942", "description": "", "workspaceId":
        "0cfd9c66-3bf0-4e43-8257-4b76aa86581e"}, {"id": "b8d3ace5-8f9c-4407-a487-f80686636973",
        "type": "KQLQueryset", "displayName": "fabcli000001", "description": "Created
        by fab", "workspaceId": "0cfd9c66-3bf0-4e43-8257-4b76aa86581e"}]}'
    headers:
      Access-Control-Expose-Headers:
      - RequestId
      Cache-Control:
      - no-store, must-revalidate, no-cache
      Content-Encoding:
      - gzip
      Content-Length:
      - '390'
      Content-Type:
      - application/json; charset=utf-8
      Date:
      - Thu, 29 Jan 2026 08:41:45 GMT
      Pragma:
      - no-cache
      RequestId:
      - 0ed4bdef-d726-496b-9d40-fafcd2fe955e
      Strict-Transport-Security:
      - max-age=31536000; includeSubDomains
      X-Content-Type-Options:
      - nosniff
      X-Frame-Options:
      - deny
      home-cluster-uri:
      - https://wabi-us-central-b-primary-redirect.analysis.windows.net/
      request-redirected:
      - 'true'
    status:
      code: 200
      message: OK
- request:
    body: null
    headers:
      Accept:
      - '*/*'
      Accept-Encoding:
      - gzip, deflate
      Connection:
      - keep-alive
      Content-Type:
      - application/json
      User-Agent:
      - ms-fabric-cli-test/1.3.1
    method: GET
    uri: https://api.fabric.microsoft.com/v1/workspaces/0cfd9c66-3bf0-4e43-8257-4b76aa86581e/kqlQuerysets/b8d3ace5-8f9c-4407-a487-f80686636973
  response:
    body:
      string: '{"id": "b8d3ace5-8f9c-4407-a487-f80686636973", "type": "KQLQueryset",
        "displayName": "fabcli000001", "description": "Created by fab", "workspaceId":
        "0cfd9c66-3bf0-4e43-8257-4b76aa86581e"}'
    headers:
      Access-Control-Expose-Headers:
      - RequestId,ETag
      Cache-Control:
      - no-store, must-revalidate, no-cache
      Content-Encoding:
      - gzip
      Content-Length:
      - '171'
      Content-Type:
      - application/json; charset=utf-8
      Date:
      - Thu, 29 Jan 2026 08:41:46 GMT
      ETag:
      - '""'
      Pragma:
      - no-cache
      RequestId:
      - c5b3a95b-fdf9-4c2a-85d7-6fc865918210
      Strict-Transport-Security:
      - max-age=31536000; includeSubDomains
      X-Content-Type-Options:
      - nosniff
      X-Frame-Options:
      - deny
      home-cluster-uri:
      - https://wabi-us-central-b-primary-redirect.analysis.windows.net/
      request-redirected:
      - 'true'
    status:
      code: 200
      message: OK
- request:
    body: null
    headers:
      Accept:
      - '*/*'
      Accept-Encoding:
      - gzip, deflate
      Connection:
      - keep-alive
      Content-Length:
      - '0'
      Content-Type:
      - application/json
      User-Agent:
      - ms-fabric-cli-test/1.3.1
    method: POST
    uri: https://api.fabric.microsoft.com/v1/workspaces/0cfd9c66-3bf0-4e43-8257-4b76aa86581e/items/b8d3ace5-8f9c-4407-a487-f80686636973/getDefinition
  response:
    body:
      string: '{"definition": {"parts": [{"path": "RealTimeQueryset.json", "payload":
        "e30=", "payloadType": "InlineBase64"}, {"path": ".platform", "payload": "ewogICIkc2NoZW1hIjogImh0dHBzOi8vZGV2ZWxvcGVyLm1pY3Jvc29mdC5jb20vanNvbi1zY2hlbWFzL2ZhYnJpYy9naXRJbnRlZ3JhdGlvbi9wbGF0Zm9ybVByb3BlcnRpZXMvMi4wLjAvc2NoZW1hLmpzb24iLAogICJtZXRhZGF0YSI6IHsKICAgICJ0eXBlIjogIktRTFF1ZXJ5c2V0IiwKICAgICJkaXNwbGF5TmFtZSI6ICJmYWJjbGkwMDAwMDEiLAogICAgImRlc2NyaXB0aW9uIjogIkNyZWF0ZWQgYnkgZmFiIgogIH0sCiAgImNvbmZpZyI6IHsKICAgICJ2ZXJzaW9uIjogIjIuMCIsCiAgICAibG9naWNhbElkIjogIjAwMDAwMDAwLTAwMDAtMDAwMC0wMDAwLTAwMDAwMDAwMDAwMCIKICB9Cn0=",
        "payloadType": "InlineBase64"}]}}'
    headers:
      Access-Control-Expose-Headers:
      - RequestId
      Cache-Control:
      - no-store, must-revalidate, no-cache
      Content-Encoding:
      - gzip
      Content-Length:
      - '426'
      Content-Type:
      - application/json; charset=utf-8
      Date:
      - Thu, 29 Jan 2026 08:41:48 GMT
      Pragma:
      - no-cache
      RequestId:
      - b2cdeb48-041e-4669-88b6-e2b852d199cc
      Strict-Transport-Security:
      - max-age=31536000; includeSubDomains
      X-Content-Type-Options:
      - nosniff
      X-Frame-Options:
      - deny
      home-cluster-uri:
      - https://wabi-us-central-b-primary-redirect.analysis.windows.net/
      request-redirected:
      - 'true'
    status:
      code: 200
      message: OK
- request:
    body: null
    headers:
      Accept:
      - '*/*'
      Accept-Encoding:
      - gzip, deflate
      Connection:
      - keep-alive
      Content-Type:
      - application/json
      User-Agent:
      - ms-fabric-cli-test/1.3.1
    method: GET
    uri: https://api.fabric.microsoft.com/v1/workspaces/0cfd9c66-3bf0-4e43-8257-4b76aa86581e/items/b8d3ace5-8f9c-4407-a487-f80686636973/connections
  response:
    body:
      string: '{"value": []}'
    headers:
      Access-Control-Expose-Headers:
      - RequestId
      Cache-Control:
      - no-store, must-revalidate, no-cache
      Content-Encoding:
      - gzip
      Content-Length:
      - '32'
      Content-Type:
      - application/json; charset=utf-8
      Date:
      - Thu, 29 Jan 2026 08:41:48 GMT
      Pragma:
      - no-cache
      RequestId:
      - 3f6b3f3b-4829-4ccd-b368-e01cd851cdd1
      Strict-Transport-Security:
      - max-age=31536000; includeSubDomains
      X-Content-Type-Options:
      - nosniff
      X-Frame-Options:
      - deny
      home-cluster-uri:
      - https://wabi-us-central-b-primary-redirect.analysis.windows.net/
      request-redirected:
      - 'true'
    status:
      code: 200
      message: OK
- request:
    body: null
    headers:
      Accept:
      - '*/*'
      Accept-Encoding:
      - gzip, deflate
      Connection:
      - keep-alive
      Content-Type:
      - application/json
      User-Agent:
      - ms-fabric-cli-test/1.3.1
    method: GET
    uri: https://api.fabric.microsoft.com/v1/workspaces
  response:
    body:
      string: '{"value": [{"id": "3634a139-2c9e-4205-910b-3b089a31be47", "displayName":
        "My workspace", "description": "", "type": "Personal"}, {"id": "0cfd9c66-3bf0-4e43-8257-4b76aa86581e",
        "displayName": "fabriccli_WorkspacePerTestclass_000001", "description": "Created
        by fab", "type": "Workspace", "capacityId": "00000000-0000-0000-0000-000000000004"}]}'
    headers:
      Access-Control-Expose-Headers:
      - RequestId
      Cache-Control:
      - no-store, must-revalidate, no-cache
      Content-Encoding:
      - gzip
      Content-Length:
      - '2303'
      Content-Type:
      - application/json; charset=utf-8
      Date:
      - Thu, 29 Jan 2026 08:41:49 GMT
      Pragma:
      - no-cache
      RequestId:
      - c04bace4-9614-4f33-bd8f-fa02ba0324f9
      Strict-Transport-Security:
      - max-age=31536000; includeSubDomains
      X-Content-Type-Options:
      - nosniff
      X-Frame-Options:
      - deny
      home-cluster-uri:
      - https://wabi-us-central-b-primary-redirect.analysis.windows.net/
      request-redirected:
      - 'true'
    status:
      code: 200
      message: OK
- request:
    body: null
    headers:
      Accept:
      - '*/*'
      Accept-Encoding:
      - gzip, deflate
      Connection:
      - keep-alive
      Content-Type:
      - application/json
      User-Agent:
      - ms-fabric-cli-test/1.3.1
    method: GET
    uri: https://api.fabric.microsoft.com/v1/workspaces/0cfd9c66-3bf0-4e43-8257-4b76aa86581e/items
  response:
    body:
      string: '{"value": [{"id": "8ff3aa09-ab5f-4bd0-8dfe-7e76102342f2", "type": "SemanticModel",
        "displayName": "fabcli000001_auto", "description": "", "workspaceId": "0cfd9c66-3bf0-4e43-8257-4b76aa86581e"},
        {"id": "ef2fc02e-6cb7-4813-b293-f5d5b98c5d9a", "type": "SQLEndpoint", "displayName":
        "StagingLakehouseForDataflows_20260129083942", "description": "", "workspaceId":
        "0cfd9c66-3bf0-4e43-8257-4b76aa86581e"}, {"id": "d74d91a8-7679-40a2-9962-55e3d3aefda2",
        "type": "Warehouse", "displayName": "StagingWarehouseForDataflows_20260129084026",
        "description": "", "workspaceId": "0cfd9c66-3bf0-4e43-8257-4b76aa86581e"},
        {"id": "49b99e73-f31e-473d-9fe4-085031b70124", "type": "Lakehouse", "displayName":
        "StagingLakehouseForDataflows_20260129083942", "description": "", "workspaceId":
        "0cfd9c66-3bf0-4e43-8257-4b76aa86581e"}, {"id": "b8d3ace5-8f9c-4407-a487-f80686636973",
        "type": "KQLQueryset", "displayName": "fabcli000001", "description": "Created
        by fab", "workspaceId": "0cfd9c66-3bf0-4e43-8257-4b76aa86581e"}]}'
    headers:
      Access-Control-Expose-Headers:
      - RequestId
      Cache-Control:
      - no-store, must-revalidate, no-cache
      Content-Encoding:
      - gzip
      Content-Length:
      - '390'
      Content-Type:
      - application/json; charset=utf-8
      Date:
      - Thu, 29 Jan 2026 08:41:49 GMT
      Pragma:
      - no-cache
      RequestId:
      - faa42dc0-19f7-421d-ad44-18e4c4509021
      Strict-Transport-Security:
      - max-age=31536000; includeSubDomains
      X-Content-Type-Options:
      - nosniff
      X-Frame-Options:
      - deny
      home-cluster-uri:
      - https://wabi-us-central-b-primary-redirect.analysis.windows.net/
      request-redirected:
      - 'true'
    status:
      code: 200
      message: OK
- request:
    body: null
    headers:
      Accept:
      - '*/*'
      Accept-Encoding:
      - gzip, deflate
      Connection:
      - keep-alive
      Content-Length:
      - '0'
      Content-Type:
      - application/json
      User-Agent:
      - ms-fabric-cli-test/1.3.1
    method: DELETE
    uri: https://api.fabric.microsoft.com/v1/workspaces/0cfd9c66-3bf0-4e43-8257-4b76aa86581e/items/b8d3ace5-8f9c-4407-a487-f80686636973
  response:
    body:
      string: ''
    headers:
      Access-Control-Expose-Headers:
      - RequestId
      Cache-Control:
      - no-store, must-revalidate, no-cache
      Content-Encoding:
      - gzip
      Content-Length:
      - '0'
      Content-Type:
      - application/octet-stream
      Date:
      - Thu, 29 Jan 2026 08:41:51 GMT
      Pragma:
      - no-cache
      RequestId:
      - c4c9cc4e-b55b-463d-946e-798c9a2d4336
      Strict-Transport-Security:
      - max-age=31536000; includeSubDomains
      X-Content-Type-Options:
      - nosniff
      X-Frame-Options:
      - deny
      home-cluster-uri:
      - https://wabi-us-central-b-primary-redirect.analysis.windows.net/
      request-redirected:
      - 'true'
    status:
      code: 200
      message: OK
version: 1
