interactions:
- request:
    body: null
    headers:
      Accept:
      - '*/*'
      Accept-Encoding:
      - gzip, deflate
      Connection:
      - keep-alive
      Content-Type:
      - application/json
      User-Agent:
      - ms-fabric-cli-test/1.0.0
    method: GET
    uri: https://api.fabric.microsoft.com/v1/gateways
  response:
    body:
      string: '{"value": []}'
    headers:
      Access-Control-Expose-Headers:
      - RequestId
      Cache-Control:
      - no-store, must-revalidate, no-cache
      Content-Encoding:
      - gzip
      Content-Length:
      - '32'
      Content-Type:
      - application/json; charset=utf-8
      Date:
      - Wed, 03 Sep 2025 06:51:08 GMT
      Pragma:
      - no-cache
      RequestId:
      - 752ad77d-2a2a-43b7-8c95-9acf6ce131de
      Strict-Transport-Security:
      - max-age=31536000; includeSubDomains
      X-Content-Type-Options:
      - nosniff
      X-Frame-Options:
      - deny
      home-cluster-uri:
      - https://wabi-west-europe-redirect.analysis.windows.net/
      request-redirected:
      - 'true'
    status:
      code: 200
      message: OK
- request:
    body: null
    headers:
      Accept:
      - '*/*'
      Accept-Encoding:
      - gzip, deflate
      Connection:
      - keep-alive
      Content-Type:
      - application/json
      User-Agent:
      - ms-fabric-cli-test/1.0.0
    method: GET
    uri: https://api.fabric.microsoft.com/v1/capacities
  response:
    body:
      string: '{"value": [{"id": "00000000-0000-0000-0000-000000000004", "displayName":
        "mocked_fabriccli_capacity_name", "sku": "F16", "region": "West Europe", "state":
        "Active"}]}'
    headers:
      Access-Control-Expose-Headers:
      - RequestId
      Cache-Control:
      - no-store, must-revalidate, no-cache
      Content-Encoding:
      - gzip
      Content-Length:
      - '456'
      Content-Type:
      - application/json; charset=utf-8
      Date:
      - Wed, 03 Sep 2025 06:51:14 GMT
      Pragma:
      - no-cache
      RequestId:
      - d5d6d2ef-378d-42fd-b228-854163fccec0
      Strict-Transport-Security:
      - max-age=31536000; includeSubDomains
      X-Content-Type-Options:
      - nosniff
      X-Frame-Options:
      - deny
      home-cluster-uri:
      - https://wabi-west-europe-redirect.analysis.windows.net/
      request-redirected:
      - 'true'
    status:
      code: 200
      message: OK
- request:
    body: null
    headers:
      Accept:
      - '*/*'
      Accept-Encoding:
      - gzip, deflate
      Connection:
      - keep-alive
      Content-Type:
      - application/json
      User-Agent:
      - ms-fabric-cli-test/1.0.0
    method: GET
    uri: https://management.azure.com/subscriptions?api-version=2022-12-01
  response:
    body:
      string: '{"value": [{"id": "/subscriptions/00000000-0000-0000-0000-000000000000"}],
        "count": {"type": "Total", "value": 1}}'
    headers:
      Cache-Control:
      - no-cache
      Content-Length:
      - '479'
      Content-Type:
      - application/json; charset=utf-8
      Date:
      - Wed, 03 Sep 2025 06:51:14 GMT
      Expires:
      - '-1'
      Pragma:
      - no-cache
      Strict-Transport-Security:
      - max-age=31536000; includeSubDomains
      X-Cache:
      - CONFIG_NOCACHE
      X-Content-Type-Options:
      - nosniff
    status:
      code: 200
      message: OK
- request:
    body: null
    headers:
      Accept:
      - '*/*'
      Accept-Encoding:
      - gzip, deflate
      Connection:
      - keep-alive
      Content-Type:
      - application/json
      User-Agent:
      - ms-fabric-cli-test/1.0.0
    method: GET
    uri: https://management.azure.com/subscriptions/00000000-0000-0000-0000-000000000000/providers/Microsoft.Network/virtualNetworks?api-version=2024-05-01
  response:
    body:
      string: '{"value": [{"name": "mocked_fabriccli_vnet_name", "id": "/subscriptions/00000000-0000-0000-0000-000000000000/resourceGroups/mocked_fabriccli_resource_group/providers/Microsoft.Network/virtualNetworks/mocked_fabriccli_vnet_name",
        "properties": {"subnets": [{"name": "mocked_fabriccli_vnet_subnet", "id":
        "/subscriptions/00000000-0000-0000-0000-000000000000/resourceGroups/mocked_fabriccli_resource_group/providers/Microsoft.Network/virtualNetworks/mocked_fabriccli_vnet_name/subnets/mocked_fabriccli_vnet_subnet"}]}}]}'
    headers:
      Cache-Control:
      - no-cache
      Content-Length:
      - '3706'
      Content-Type:
      - application/json; charset=utf-8
      Date:
      - Wed, 03 Sep 2025 06:51:14 GMT
      Expires:
      - '-1'
      Pragma:
      - no-cache
      Strict-Transport-Security:
      - max-age=31536000; includeSubDomains
      X-Cache:
      - CONFIG_NOCACHE
      X-Content-Type-Options:
      - nosniff
    status:
      code: 200
      message: OK
- request:
    body: '{"displayName": "fabcli000001", "capacityId": "00000000-0000-0000-0000-000000000004",
      "inactivityMinutesBeforeSleep": 30, "numberOfMemberGateways": 1, "type": "VirtualNetwork",
      "virtualNetworkAzureResource": {"subscriptionId": "00000000-0000-0000-0000-000000000000",
      "resourceGroupName": "mocked_fabriccli_resource_group", "virtualNetworkName":
      "mocked_fabriccli_vnet_name", "subnetName": "mocked_fabriccli_vnet_subnet"}}'
    headers:
      Accept:
      - '*/*'
      Accept-Encoding:
      - gzip, deflate
      Connection:
      - keep-alive
      Content-Length:
      - '377'
      Content-Type:
      - application/json
      User-Agent:
      - ms-fabric-cli-test/1.0.0
    method: POST
    uri: https://api.fabric.microsoft.com/v1/gateways
  response:
    body:
      string: '{"displayName": "fabcli000001", "capacityId": "00000000-0000-0000-0000-000000000004",
        "virtualNetworkAzureResource": {"virtualNetworkName": "mocked_fabriccli_vnet_name",
        "subnetName": "mocked_fabriccli_vnet_subnet", "resourceGroupName": "mocked_fabriccli_resource_group",
        "subscriptionId": "00000000-0000-0000-0000-000000000000"}, "inactivityMinutesBeforeSleep":
        30, "numberOfMemberGateways": 1, "id": "f7c93889-76d7-4ac7-8345-89f683ca7c45",
        "type": "VirtualNetwork"}'
    headers:
      Access-Control-Expose-Headers:
      - RequestId,Location
      Cache-Control:
      - no-store, must-revalidate, no-cache
      Content-Encoding:
      - gzip
      Content-Length:
      - '288'
      Content-Type:
      - application/json; charset=utf-8
      Date:
      - Wed, 03 Sep 2025 06:51:22 GMT
      Location:
      - https://api.fabric.microsoft.com/v1/gateways/f7c93889-76d7-4ac7-8345-89f683ca7c45
      Pragma:
      - no-cache
      RequestId:
      - 90ee99e2-956a-4df1-a0d3-d1394065d97d
      Strict-Transport-Security:
      - max-age=31536000; includeSubDomains
      X-Content-Type-Options:
      - nosniff
      X-Frame-Options:
      - deny
      home-cluster-uri:
      - https://wabi-west-europe-redirect.analysis.windows.net/
      request-redirected:
      - 'true'
    status:
      code: 201
      message: Created
- request:
    body: null
    headers:
      Accept:
      - '*/*'
      Accept-Encoding:
      - gzip, deflate
      Connection:
      - keep-alive
      Content-Type:
      - application/json
      User-Agent:
      - ms-fabric-cli-test/1.0.0
    method: GET
    uri: https://api.fabric.microsoft.com/v1/connections
  response:
    body:
      string: '{"value": []}'
    headers:
      Access-Control-Expose-Headers:
      - RequestId
      Cache-Control:
      - no-store, must-revalidate, no-cache
      Content-Encoding:
      - gzip
      Content-Length:
      - '32'
      Content-Type:
      - application/json; charset=utf-8
      Date:
      - Wed, 03 Sep 2025 06:51:23 GMT
      Pragma:
      - no-cache
      RequestId:
      - f94f02fa-57b7-47db-a5e1-68af6457372e
      Strict-Transport-Security:
      - max-age=31536000; includeSubDomains
      X-Content-Type-Options:
      - nosniff
      X-Frame-Options:
      - deny
      home-cluster-uri:
      - https://wabi-west-europe-redirect.analysis.windows.net/
      request-redirected:
      - 'true'
    status:
      code: 200
      message: OK
- request:
    body: null
    headers:
      Accept:
      - '*/*'
      Accept-Encoding:
      - gzip, deflate
      Connection:
      - keep-alive
      Content-Type:
      - application/json
      User-Agent:
      - ms-fabric-cli-test/1.0.0
    method: GET
    uri: https://api.fabric.microsoft.com/v1/gateways
  response:
    body:
      string: '{"value": [{"displayName": "fabcli000001", "capacityId": "00000000-0000-0000-0000-000000000004",
        "virtualNetworkAzureResource": {"virtualNetworkName": "mocked_fabriccli_vnet_name",
        "subnetName": "mocked_fabriccli_vnet_subnet", "resourceGroupName": "mocked_fabriccli_resource_group",
        "subscriptionId": "00000000-0000-0000-0000-000000000000"}, "inactivityMinutesBeforeSleep":
        30, "numberOfMemberGateways": 1, "id": "f7c93889-76d7-4ac7-8345-89f683ca7c45",
        "type": "VirtualNetwork"}]}'
    headers:
      Access-Control-Expose-Headers:
      - RequestId
      Cache-Control:
      - no-store, must-revalidate, no-cache
      Content-Encoding:
      - gzip
      Content-Length:
      - '299'
      Content-Type:
      - application/json; charset=utf-8
      Date:
      - Wed, 03 Sep 2025 06:51:24 GMT
      Pragma:
      - no-cache
      RequestId:
      - 84729315-eb06-45e4-9a94-a7dd2389880a
      Strict-Transport-Security:
      - max-age=31536000; includeSubDomains
      X-Content-Type-Options:
      - nosniff
      X-Frame-Options:
      - deny
      home-cluster-uri:
      - https://wabi-west-europe-redirect.analysis.windows.net/
      request-redirected:
      - 'true'
    status:
      code: 200
      message: OK
- request:
    body: null
    headers:
      Accept:
      - '*/*'
      Accept-Encoding:
      - gzip, deflate
      Connection:
      - keep-alive
      Content-Type:
      - application/json
      User-Agent:
      - ms-fabric-cli-test/1.0.0
    method: GET
    uri: https://api.fabric.microsoft.com/v1/gateways/f7c93889-76d7-4ac7-8345-89f683ca7c45
  response:
    body:
      string: '{"displayName": "fabcli000001", "capacityId": "00000000-0000-0000-0000-000000000004",
        "virtualNetworkAzureResource": {"virtualNetworkName": "mocked_fabriccli_vnet_name",
        "subnetName": "mocked_fabriccli_vnet_subnet", "resourceGroupName": "mocked_fabriccli_resource_group",
        "subscriptionId": "00000000-0000-0000-0000-000000000000"}, "inactivityMinutesBeforeSleep":
        30, "numberOfMemberGateways": 1, "id": "f7c93889-76d7-4ac7-8345-89f683ca7c45",
        "type": "VirtualNetwork"}'
    headers:
      Access-Control-Expose-Headers:
      - RequestId
      Cache-Control:
      - no-store, must-revalidate, no-cache
      Content-Encoding:
      - gzip
      Content-Length:
      - '288'
      Content-Type:
      - application/json; charset=utf-8
      Date:
      - Wed, 03 Sep 2025 06:51:25 GMT
      Pragma:
      - no-cache
      RequestId:
      - 1a648c6f-edbd-4b0b-b4af-6989f32f4700
      Strict-Transport-Security:
      - max-age=31536000; includeSubDomains
      X-Content-Type-Options:
      - nosniff
      X-Frame-Options:
      - deny
      home-cluster-uri:
      - https://wabi-west-europe-redirect.analysis.windows.net/
      request-redirected:
      - 'true'
    status:
      code: 200
      message: OK
- request:
    body: null
    headers:
      Accept:
      - '*/*'
      Accept-Encoding:
      - gzip, deflate
      Connection:
      - keep-alive
      Content-Type:
      - application/json
      User-Agent:
      - ms-fabric-cli-test/1.0.0
    method: GET
    uri: https://api.fabric.microsoft.com/v1/connections/supportedConnectionTypes?gatewayId=f7c93889-76d7-4ac7-8345-89f683ca7c45
  response:
    body:
      string: '{"value": [{"type": "SQL", "creationMethods": [{"name": "Sql", "parameters":
        [{"name": "server", "dataType": "Text", "required": true, "allowedValues":
        null}, {"name": "database", "dataType": "Text", "required": false, "allowedValues":
        null}]}], "supportedCredentialTypes": ["Basic", "OAuth2", "ServicePrincipal"],
        "supportedConnectionEncryptionTypes": ["NotEncrypted", "Encrypted"], "supportsSkipTestConnection":
        true}, {"type": "AnalysisServices", "creationMethods": [{"name": "AnalysisServices",
        "parameters": [{"name": "server", "dataType": "Text", "required": true, "allowedValues":
        null}, {"name": "database", "dataType": "Text", "required": false, "allowedValues":
        null}]}], "supportedCredentialTypes": ["Basic", "OAuth2"], "supportedConnectionEncryptionTypes":
        ["NotEncrypted"], "supportsSkipTestConnection": false}, {"type": "SharePoint",
        "creationMethods": [{"name": "SharePointList", "parameters": [{"name": "sharePointSiteUrl",
        "dataType": "Text", "required": true, "allowedValues": null}]}], "supportedCredentialTypes":
        ["Anonymous", "OAuth2", "ServicePrincipal"], "supportedConnectionEncryptionTypes":
        ["NotEncrypted"], "supportsSkipTestConnection": true}, {"type": "Web", "creationMethods":
        [{"name": "Web", "parameters": [{"name": "url", "dataType": "Text", "required":
        true, "allowedValues": null}]}], "supportedCredentialTypes": ["Anonymous",
        "Basic", "OAuth2", "ServicePrincipal"], "supportedConnectionEncryptionTypes":
        ["NotEncrypted"], "supportsSkipTestConnection": true}, {"type": "OData", "creationMethods":
        [{"name": "OData", "parameters": [{"name": "url", "dataType": "Text", "required":
        true, "allowedValues": null}]}], "supportedCredentialTypes": ["Anonymous",
        "Basic", "Key", "OAuth2"], "supportedConnectionEncryptionTypes": ["NotEncrypted"],
        "supportsSkipTestConnection": true}, {"type": "MySql", "creationMethods":
        [{"name": "MySql", "parameters": [{"name": "server", "dataType": "Text", "required":
        true, "allowedValues": null}, {"name": "database", "dataType": "Text", "required":
        true, "allowedValues": null}]}], "supportedCredentialTypes": ["Basic"], "supportedConnectionEncryptionTypes":
        ["NotEncrypted", "Encrypted"], "supportsSkipTestConnection": true}, {"type":
        "PostgreSQL", "creationMethods": [{"name": "PostgreSql", "parameters": [{"name":
        "server", "dataType": "Text", "required": true, "allowedValues": null}, {"name":
        "database", "dataType": "Text", "required": true, "allowedValues": null}]}],
        "supportedCredentialTypes": ["Basic", "OAuth2"], "supportedConnectionEncryptionTypes":
        ["NotEncrypted", "Encrypted"], "supportsSkipTestConnection": true}, {"type":
        "AzureTables", "creationMethods": [{"name": "AzureTables", "parameters": [{"name":
        "account", "dataType": "Text", "required": true, "allowedValues": null}, {"name":
        "domain", "dataType": "Text", "required": true, "allowedValues": null}]}],
        "supportedCredentialTypes": ["Key", "OAuth2"], "supportedConnectionEncryptionTypes":
        ["NotEncrypted"], "supportsSkipTestConnection": true}, {"type": "AzureBlobs",
        "creationMethods": [{"name": "AzureBlobs", "parameters": [{"name": "account",
        "dataType": "Text", "required": true, "allowedValues": null}, {"name": "domain",
        "dataType": "Text", "required": true, "allowedValues": null}]}], "supportedCredentialTypes":
        ["Anonymous", "Key", "OAuth2", "SharedAccessSignature", "ServicePrincipal"],
        "supportedConnectionEncryptionTypes": ["NotEncrypted"], "supportsSkipTestConnection":
        true}, {"type": "GoogleAnalytics", "creationMethods": [{"name": "GoogleAnalytics",
        "parameters": []}], "supportedCredentialTypes": ["OAuth2"], "supportedConnectionEncryptionTypes":
        ["NotEncrypted"], "supportsSkipTestConnection": true}, {"type": "Salesforce",
        "creationMethods": [{"name": "Salesforce", "parameters": [{"name": "loginServer",
        "dataType": "Text", "required": true, "allowedValues": null}, {"name": "classInfo",
        "dataType": "Text", "required": true, "allowedValues": null}]}], "supportedCredentialTypes":
        ["OAuth2"], "supportedConnectionEncryptionTypes": ["NotEncrypted"], "supportsSkipTestConnection":
        true}, {"type": "AdobeAnalytics", "creationMethods": [{"name": "AdobeAnalytics",
        "parameters": []}], "supportedCredentialTypes": ["OAuth2"], "supportedConnectionEncryptionTypes":
        ["NotEncrypted"], "supportsSkipTestConnection": true}, {"type": "AzureDataLakeStorage",
        "creationMethods": [{"name": "AzureDataLakeStorage", "parameters": [{"name":
        "server", "dataType": "Text", "required": true, "allowedValues": null}, {"name":
        "path", "dataType": "Text", "required": true, "allowedValues": null}]}], "supportedCredentialTypes":
        ["Key", "OAuth2", "SharedAccessSignature", "ServicePrincipal"], "supportedConnectionEncryptionTypes":
        ["NotEncrypted"], "supportsSkipTestConnection": true}, {"type": "Exchange",
        "creationMethods": [{"name": "Exchange", "parameters": [{"name": "emailAddress",
        "dataType": "Text", "required": true, "allowedValues": null}]}], "supportedCredentialTypes":
        ["OAuth2"], "supportedConnectionEncryptionTypes": ["NotEncrypted"], "supportsSkipTestConnection":
        true}, {"type": "appFigures", "creationMethods": [{"name": "appFigures.Tables",
        "parameters": []}], "supportedCredentialTypes": ["OAuth2"], "supportedConnectionEncryptionTypes":
        ["NotEncrypted"], "supportsSkipTestConnection": true}, {"type": "GoogleBigQuery",
        "creationMethods": [{"name": "GoogleBigQuery.Database", "parameters": [{"name":
        "BillingProject", "dataType": "Text", "required": false, "allowedValues":
        null}, {"name": "UseStorageApi", "dataType": "Boolean", "required": false,
        "allowedValues": null}, {"name": "ConnectionTimeout", "dataType": "Duration",
        "required": false, "allowedValues": null}, {"name": "CommandTimeout", "dataType":
        "Duration", "required": false, "allowedValues": null}, {"name": "ProjectId",
        "dataType": "Text", "required": false, "allowedValues": null}]}], "supportedCredentialTypes":
        ["OAuth2", "Basic"], "supportedConnectionEncryptionTypes": ["NotEncrypted",
        "Encrypted"], "supportsSkipTestConnection": true}, {"type": "GoogleBigQueryAad",
        "creationMethods": [{"name": "GoogleBigQueryAad.Database", "parameters": [{"name":
        "billingProject", "dataType": "Text", "required": true, "allowedValues": null},
        {"name": "Implementation", "dataType": "Text", "required": false, "allowedValues":
        null}, {"name": "UseStorageApi", "dataType": "Boolean", "required": false,
        "allowedValues": null}, {"name": "ConnectionTimeout", "dataType": "Duration",
        "required": false, "allowedValues": null}, {"name": "CommandTimeout", "dataType":
        "Duration", "required": false, "allowedValues": null}, {"name": "BYOID_AudienceUri",
        "dataType": "Text", "required": false, "allowedValues": null}, {"name": "ProjectId",
        "dataType": "Text", "required": false, "allowedValues": null}]}], "supportedCredentialTypes":
        ["OAuth2"], "supportedConnectionEncryptionTypes": ["NotEncrypted"], "supportsSkipTestConnection":
        true}, {"type": "PowerBI", "creationMethods": [{"name": "PowerBI.Dataflows",
        "parameters": []}], "supportedCredentialTypes": ["OAuth2"], "supportedConnectionEncryptionTypes":
        ["NotEncrypted"], "supportsSkipTestConnection": true}, {"type": "Cds", "creationMethods":
        [{"name": "Cds.Entities", "parameters": [{"name": "url", "dataType": "Text",
        "required": true, "allowedValues": null}, {"name": "ReorderColumns", "dataType":
        "Boolean", "required": false, "allowedValues": null}, {"name": "UseFormattedValue",
        "dataType": "Boolean", "required": false, "allowedValues": null}]}], "supportedCredentialTypes":
        ["OAuth2"], "supportedConnectionEncryptionTypes": ["NotEncrypted"], "supportsSkipTestConnection":
        true}, {"type": "DataLake", "creationMethods": [{"name": "DataLake.Contents",
        "parameters": [{"name": "url", "dataType": "Text", "required": true, "allowedValues":
        null}, {"name": "PageSize", "dataType": "Number", "required": false, "allowedValues":
        null}]}], "supportedCredentialTypes": ["OAuth2", "ServicePrincipal"], "supportedConnectionEncryptionTypes":
        ["NotEncrypted"], "supportsSkipTestConnection": true}, {"type": "DataWorld",
        "creationMethods": [{"name": "DataWorld.Dataset", "parameters": [{"name":
        "owner", "dataType": "Text", "required": true, "allowedValues": null}, {"name":
        "id", "dataType": "Text", "required": true, "allowedValues": null}, {"name":
        "query", "dataType": "Text", "required": false, "allowedValues": null}]}],
        "supportedCredentialTypes": ["OAuth2", "Key"], "supportedConnectionEncryptionTypes":
        ["NotEncrypted"], "supportsSkipTestConnection": true}, {"type": "DocumentDB",
        "creationMethods": [{"name": "DocumentDB.Contents", "parameters": [{"name":
        "url", "dataType": "Text", "required": true, "allowedValues": null}, {"name":
        "database", "dataType": "Text", "required": false, "allowedValues": null},
        {"name": "collection", "dataType": "Text", "required": false, "allowedValues":
        null}]}], "supportedCredentialTypes": ["Key"], "supportedConnectionEncryptionTypes":
        ["NotEncrypted"], "supportsSkipTestConnection": true}, {"type": "Dynamics365BusinessCentral",
        "creationMethods": [{"name": "Dynamics365BusinessCentral.ApiContentsWithOptions",
        "parameters": [{"name": "environment", "dataType": "Text", "required": false,
        "allowedValues": null}, {"name": "company", "dataType": "Text", "required":
        false, "allowedValues": null}, {"name": "apiRoute", "dataType": "Text", "required":
        false, "allowedValues": null}, {"name": "UseReadOnlyReplica", "dataType":
        "Boolean", "required": false, "allowedValues": null}, {"name": "AcceptLanguage",
        "dataType": "Text", "required": false, "allowedValues": null}, {"name": "Timeout",
        "dataType": "Duration", "required": false, "allowedValues": null}, {"name":
        "ODataMaxPageSize", "dataType": "Number", "required": false, "allowedValues":
        null}]}], "supportedCredentialTypes": ["OAuth2"], "supportedConnectionEncryptionTypes":
        ["NotEncrypted"], "supportsSkipTestConnection": true}, {"type": "Dynamics
        365 Business Central (on-premises)", "creationMethods": [{"name": "Dynamics365BusinessCentralOnPremises.Contents",
        "parameters": [{"name": "url", "dataType": "Text", "required": true, "allowedValues":
        null}, {"name": "company", "dataType": "Text", "required": false, "allowedValues":
        null}]}], "supportedCredentialTypes": ["Basic"], "supportedConnectionEncryptionTypes":
        ["NotEncrypted"], "supportsSkipTestConnection": true}, {"type": "Dynamics
        NAV", "creationMethods": [{"name": "DynamicsNav.Contents", "parameters": [{"name":
        "url", "dataType": "Text", "required": true, "allowedValues": null}, {"name":
        "company", "dataType": "Text", "required": false, "allowedValues": null}]}],
        "supportedCredentialTypes": ["Basic"], "supportedConnectionEncryptionTypes":
        ["NotEncrypted"], "supportsSkipTestConnection": true}, {"type": "github",
        "creationMethods": [{"name": "Github.Tables", "parameters": [{"name": "RepositoryOwner",
        "dataType": "Text", "required": true, "allowedValues": null}, {"name": "Repository",
        "dataType": "Text", "required": true, "allowedValues": null}]}], "supportedCredentialTypes":
        ["OAuth2"], "supportedConnectionEncryptionTypes": ["NotEncrypted"], "supportsSkipTestConnection":
        true}, {"type": "AzureHive", "creationMethods": [{"name": "AzureHiveLLAP.Database",
        "parameters": [{"name": "server", "dataType": "Text", "required": true, "allowedValues":
        null}, {"name": "database", "dataType": "Text", "required": true, "allowedValues":
        null}]}], "supportedCredentialTypes": ["Basic"], "supportedConnectionEncryptionTypes":
        ["NotEncrypted", "Encrypted"], "supportsSkipTestConnection": true}, {"type":
        "ApacheHive", "creationMethods": [{"name": "ApacheHiveLLAP.Database", "parameters":
        [{"name": "server", "dataType": "Text", "required": true, "allowedValues":
        null}, {"name": "database", "dataType": "Text", "required": true, "allowedValues":
        null}, {"name": "thriftTransport", "dataType": "Number", "required": true,
        "allowedValues": ["1", "2"]}]}], "supportedCredentialTypes": ["Basic"], "supportedConnectionEncryptionTypes":
        ["NotEncrypted", "Encrypted"], "supportsSkipTestConnection": true}, {"type":
        "Impala", "creationMethods": [{"name": "Impala.Database", "parameters": [{"name":
        "server", "dataType": "Text", "required": true, "allowedValues": null}, {"name":
        "Implementation", "dataType": "Text", "required": false, "allowedValues":
        null}, {"name": "ConnectionTimeout", "dataType": "Duration", "required": false,
        "allowedValues": null}, {"name": "CommandTimeout", "dataType": "Duration",
        "required": false, "allowedValues": null}]}], "supportedCredentialTypes":
        ["Anonymous", "Basic"], "supportedConnectionEncryptionTypes": ["NotEncrypted",
        "Encrypted"], "supportsSkipTestConnection": true}, {"type": "AzureDataExplorer",
        "creationMethods": [{"name": "AzureDataExplorer.Contents", "parameters": [{"name":
        "cluster", "dataType": "Text", "required": true, "allowedValues": null}, {"name":
        "database", "dataType": "Text", "required": false, "allowedValues": null},
        {"name": "tableOrQuery", "dataType": "Text", "required": false, "allowedValues":
        null}, {"name": "MaxRows", "dataType": "Number", "required": false, "allowedValues":
        null}, {"name": "MaxSize", "dataType": "Number", "required": false, "allowedValues":
        null}, {"name": "NoTruncate", "dataType": "Boolean", "required": false, "allowedValues":
        null}, {"name": "AdditionalSetStatements", "dataType": "Text", "required":
        false, "allowedValues": null}]}, {"name": "AzureDataExplorer.KqlDatabase",
        "parameters": [{"name": "cluster", "dataType": "Text", "required": false,
        "allowedValues": null}, {"name": "database", "dataType": "Text", "required":
        false, "allowedValues": null}, {"name": "tableOrQuery", "dataType": "Text",
        "required": false, "allowedValues": null}, {"name": "MaxRows", "dataType":
        "Number", "required": false, "allowedValues": null}, {"name": "MaxSize", "dataType":
        "Number", "required": false, "allowedValues": null}, {"name": "NoTruncate",
        "dataType": "Boolean", "required": false, "allowedValues": null}, {"name":
        "AdditionalSetStatements", "dataType": "Text", "required": false, "allowedValues":
        null}]}], "supportedCredentialTypes": ["OAuth2"], "supportedConnectionEncryptionTypes":
        ["NotEncrypted"], "supportsSkipTestConnection": true}, {"type": "LinkedIn",
        "creationMethods": [{"name": "LinkedIn.SalesNavigator", "parameters": [{"name":
        "selectContracts", "dataType": "Text", "required": true, "allowedValues":
        ["All Contracts", "Selected Contracts"]}, {"name": "startAt", "dataType":
        "Date", "required": false, "allowedValues": null}, {"name": "endAt", "dataType":
        "Date", "required": false, "allowedValues": null}]}], "supportedCredentialTypes":
        ["OAuth2"], "supportedConnectionEncryptionTypes": ["NotEncrypted"], "supportsSkipTestConnection":
        true}, {"type": "mixpanel", "creationMethods": [{"name": "Mixpanel.Tables",
        "parameters": []}], "supportedCredentialTypes": ["Basic"], "supportedConnectionEncryptionTypes":
        ["NotEncrypted"], "supportsSkipTestConnection": true}, {"type": "Netezza",
        "creationMethods": [{"name": "Netezza.Database", "parameters": [{"name": "server",
        "dataType": "Text", "required": true, "allowedValues": null}, {"name": "database",
        "dataType": "Text", "required": true, "allowedValues": null}, {"name": "ConnectionTimeout",
        "dataType": "Duration", "required": false, "allowedValues": null}, {"name":
        "CommandTimeout", "dataType": "Duration", "required": false, "allowedValues":
        null}, {"name": "NormalizeDatabaseName", "dataType": "Boolean", "required":
        false, "allowedValues": null}, {"name": "HierarchicalNavigation", "dataType":
        "Boolean", "required": false, "allowedValues": null}, {"name": "CreateNavigationProperties",
        "dataType": "Boolean", "required": false, "allowedValues": null}]}], "supportedCredentialTypes":
        ["Basic"], "supportedConnectionEncryptionTypes": ["NotEncrypted", "Encrypted"],
        "supportsSkipTestConnection": true}, {"type": "PlanviewEnterprise", "creationMethods":
        [{"name": "PlanviewEnterprise.Feed", "parameters": [{"name": "url", "dataType":
        "Text", "required": true, "allowedValues": null}, {"name": "database", "dataType":
        "Text", "required": true, "allowedValues": null}]}], "supportedCredentialTypes":
        ["Basic"], "supportedConnectionEncryptionTypes": ["NotEncrypted"], "supportsSkipTestConnection":
        true}, {"type": "AmazonRedshift", "creationMethods": [{"name": "AmazonRedshift.Database",
        "parameters": [{"name": "server", "dataType": "Text", "required": true, "allowedValues":
        null}, {"name": "database", "dataType": "Text", "required": true, "allowedValues":
        null}, {"name": "ProviderName", "dataType": "Text", "required": false, "allowedValues":
        null}, {"name": "BatchSize", "dataType": "Number", "required": false, "allowedValues":
        null}]}], "supportedCredentialTypes": ["Basic", "OAuth2"], "supportedConnectionEncryptionTypes":
        ["NotEncrypted", "Encrypted"], "supportsSkipTestConnection": true}, {"type":
        "Snowflake", "creationMethods": [{"name": "Snowflake.Databases", "parameters":
        [{"name": "server", "dataType": "Text", "required": true, "allowedValues":
        null}, {"name": "warehouse", "dataType": "Text", "required": true, "allowedValues":
        null}, {"name": "Role", "dataType": "Text", "required": false, "allowedValues":
        null}, {"name": "CreateNavigationProperties", "dataType": "Boolean", "required":
        false, "allowedValues": null}, {"name": "ConnectionTimeout", "dataType": "Number",
        "required": false, "allowedValues": null}, {"name": "CommandTimeout", "dataType":
        "Number", "required": false, "allowedValues": null}]}], "supportedCredentialTypes":
        ["Basic", "OAuth2"], "supportedConnectionEncryptionTypes": ["NotEncrypted"],
        "supportsSkipTestConnection": true}, {"type": "Spark", "creationMethods":
        [{"name": "AzureSpark.Tables", "parameters": [{"name": "server", "dataType":
        "Text", "required": true, "allowedValues": null}, {"name": "BatchSize", "dataType":
        "Number", "required": false, "allowedValues": null}, {"name": "HierarchicalNavigation",
        "dataType": "Boolean", "required": false, "allowedValues": null}]}, {"name":
        "ApacheSpark.Tables", "parameters": [{"name": "server", "dataType": "Text",
        "required": true, "allowedValues": null}, {"name": "protocol", "dataType":
        "Number", "required": true, "allowedValues": ["0", "2"]}, {"name": "BatchSize",
        "dataType": "Number", "required": false, "allowedValues": null}, {"name":
        "HierarchicalNavigation", "dataType": "Boolean", "required": false, "allowedValues":
        null}, {"name": "Implementation", "dataType": "Text", "required": false, "allowedValues":
        null}]}], "supportedCredentialTypes": ["Basic"], "supportedConnectionEncryptionTypes":
        ["NotEncrypted"], "supportsSkipTestConnection": true}, {"type": "SparkPost",
        "creationMethods": [{"name": "SparkPost.NavTable", "parameters": [{"name":
        "DaysToAggregate", "dataType": "Number", "required": true, "allowedValues":
        null}]}], "supportedCredentialTypes": ["Key"], "supportedConnectionEncryptionTypes":
        ["NotEncrypted"], "supportsSkipTestConnection": true}, {"type": "SweetIQ",
        "creationMethods": [{"name": "SweetIQ.Tables", "parameters": []}], "supportedCredentialTypes":
        ["Key"], "supportedConnectionEncryptionTypes": ["NotEncrypted"], "supportsSkipTestConnection":
        true}, {"type": "Troux", "creationMethods": [{"name": "Troux.Feed", "parameters":
        [{"name": "url", "dataType": "Text", "required": true, "allowedValues": null}]}],
        "supportedCredentialTypes": ["Basic"], "supportedConnectionEncryptionTypes":
        ["NotEncrypted"], "supportsSkipTestConnection": true}, {"type": "VSTS", "creationMethods":
        [{"name": "VSTS.AnalyticsViews", "parameters": [{"name": "url", "dataType":
        "Text", "required": true, "allowedValues": null}, {"name": "project", "dataType":
        "Text", "required": true, "allowedValues": null}]}], "supportedCredentialTypes":
        ["OAuth2", "Basic", "Key"], "supportedConnectionEncryptionTypes": ["NotEncrypted"],
        "supportsSkipTestConnection": true}, {"type": "Vertica", "creationMethods":
        [{"name": "Vertica.Database", "parameters": [{"name": "server", "dataType":
        "Text", "required": true, "allowedValues": null}, {"name": "database", "dataType":
        "Text", "required": true, "allowedValues": null}]}], "supportedCredentialTypes":
        ["Basic"], "supportedConnectionEncryptionTypes": ["NotEncrypted"], "supportsSkipTestConnection":
        true}, {"type": "Acterys", "creationMethods": [{"name": "Acterys.Contents",
        "parameters": []}], "supportedCredentialTypes": ["OAuth2"], "supportedConnectionEncryptionTypes":
        ["NotEncrypted"], "supportsSkipTestConnection": true}, {"type": "ADPAnalytics",
        "creationMethods": [{"name": "ADPAnalytics.Contents", "parameters": []}],
        "supportedCredentialTypes": ["OAuth2"], "supportedConnectionEncryptionTypes":
        ["NotEncrypted"], "supportsSkipTestConnection": true}, {"type": "Anaplan",
        "creationMethods": [{"name": "Anaplan.Contents", "parameters": [{"name": "apiUrl",
        "dataType": "Text", "required": true, "allowedValues": null}, {"name": "authUrl",
        "dataType": "Text", "required": true, "allowedValues": null}]}], "supportedCredentialTypes":
        ["OAuth2", "Basic"], "supportedConnectionEncryptionTypes": ["NotEncrypted"],
        "supportsSkipTestConnection": true}, {"type": "Asana", "creationMethods":
        [{"name": "Asana.Tables", "parameters": [{"name": "link", "dataType": "Text",
        "required": true, "allowedValues": null}]}], "supportedCredentialTypes": ["OAuth2"],
        "supportedConnectionEncryptionTypes": ["NotEncrypted"], "supportsSkipTestConnection":
        true}, {"type": "AssembleViews", "creationMethods": [{"name": "AssembleViews.Feed",
        "parameters": [{"name": "resourceUrl", "dataType": "Text", "required": true,
        "allowedValues": null}]}], "supportedCredentialTypes": ["OAuth2"], "supportedConnectionEncryptionTypes":
        ["NotEncrypted"], "supportsSkipTestConnection": true}, {"type": "AutodeskConstructionCloud",
        "creationMethods": [{"name": "AutodeskConstructionCloud.Feed", "parameters":
        [{"name": "region", "dataType": "Text", "required": true, "allowedValues":
        ["United States", "Europe", "Australia"]}]}], "supportedCredentialTypes":
        ["OAuth2"], "supportedConnectionEncryptionTypes": ["NotEncrypted"], "supportsSkipTestConnection":
        true}, {"type": "AutomationAnywhere", "creationMethods": [{"name": "AutomationAnywhere.Feed",
        "parameters": [{"name": "CRVersion", "dataType": "Text", "required": true,
        "allowedValues": ["10.x/11.x", "Automation 360", "11.3.5.1 Or Higher"]}, {"name":
        "CRHostName", "dataType": "Text", "required": true, "allowedValues": null}]}],
        "supportedCredentialTypes": ["Basic"], "supportedConnectionEncryptionTypes":
        ["NotEncrypted"], "supportsSkipTestConnection": true}, {"type": "AutomyDataAnalytics",
        "creationMethods": [{"name": "AutomyDataAnalytics.Contents", "parameters":
        []}], "supportedCredentialTypes": ["Key"], "supportedConnectionEncryptionTypes":
        ["NotEncrypted"], "supportsSkipTestConnection": true}, {"type": "BI360", "creationMethods":
        [{"name": "BI360.Contents", "parameters": [{"name": "Url", "dataType": "Text",
        "required": true, "allowedValues": null}]}], "supportedCredentialTypes": ["Key"],
        "supportedConnectionEncryptionTypes": ["NotEncrypted"], "supportsSkipTestConnection":
        true}, {"type": "BitSightSecurityRatings", "creationMethods": [{"name": "BitSightSecurityRatings.Contents",
        "parameters": [{"name": "company_guid", "dataType": "Text", "required": false,
        "allowedValues": null}, {"name": "affects_rating_findings", "dataType": "Boolean",
        "required": false, "allowedValues": null}]}], "supportedCredentialTypes":
        ["Key"], "supportedConnectionEncryptionTypes": ["NotEncrypted"], "supportsSkipTestConnection":
        true}, {"type": "Bloomberg", "creationMethods": [{"name": "Bloomberg.Query",
        "parameters": [{"name": "Bloomberg", "dataType": "Text", "required": true,
        "allowedValues": null}]}], "supportedCredentialTypes": ["OAuth2"], "supportedConnectionEncryptionTypes":
        ["NotEncrypted"], "supportsSkipTestConnection": true}, {"type": "BQECore",
        "creationMethods": [{"name": "BQECore.Contents", "parameters": []}], "supportedCredentialTypes":
        ["OAuth2"], "supportedConnectionEncryptionTypes": ["NotEncrypted"], "supportsSkipTestConnection":
        true}, {"type": "BuildingConnected", "creationMethods": [{"name": "BuildingConnected.Contents",
        "parameters": [{"name": "rangeStart", "dataType": "DateTimeZone", "required":
        false, "allowedValues": null}, {"name": "rangeEnd", "dataType": "DateTimeZone",
        "required": false, "allowedValues": null}, {"name": "includeClosed", "dataType":
        "Boolean", "required": false, "allowedValues": null}]}], "supportedCredentialTypes":
        ["OAuth2"], "supportedConnectionEncryptionTypes": ["NotEncrypted"], "supportsSkipTestConnection":
        true}, {"type": "CCHTagetik", "creationMethods": [{"name": "CCHTagetik.Contents",
        "parameters": [{"name": "URL", "dataType": "Text", "required": true, "allowedValues":
        null}, {"name": "Database", "dataType": "Text", "required": true, "allowedValues":
        null}, {"name": "AW", "dataType": "Text", "required": false, "allowedValues":
        null}, {"name": "Dataset", "dataType": "Text", "required": false, "allowedValues":
        null}]}], "supportedCredentialTypes": ["Basic"], "supportedConnectionEncryptionTypes":
        ["NotEncrypted"], "supportsSkipTestConnection": true}, {"type": "CDataConnectCloud",
        "creationMethods": [{"name": "CDataConnectCloud.ContentsV2", "parameters":
        [{"name": "Query", "dataType": "Text", "required": false, "allowedValues":
        null}]}], "supportedCredentialTypes": ["OAuth2"], "supportedConnectionEncryptionTypes":
        ["NotEncrypted"], "supportsSkipTestConnection": true}, {"type": "Celonis",
        "creationMethods": [{"name": "Celonis.Navigation", "parameters": [{"name":
        "URL", "dataType": "Text", "required": true, "allowedValues": null}]}], "supportedCredentialTypes":
        ["Key"], "supportedConnectionEncryptionTypes": ["NotEncrypted"], "supportsSkipTestConnection":
        true}, {"type": "Cherwell", "creationMethods": [{"name": "Cherwell.SavedSearches",
        "parameters": [{"name": "API URL", "dataType": "Text", "required": true, "allowedValues":
        null}, {"name": "Client ID", "dataType": "Text", "required": true, "allowedValues":
        null}, {"name": "Locale", "dataType": "Text", "required": false, "allowedValues":
        null}, {"name": "Saved Search URL", "dataType": "Text", "required": false,
        "allowedValues": null}]}], "supportedCredentialTypes": ["OAuth2"], "supportedConnectionEncryptionTypes":
        ["NotEncrypted"], "supportsSkipTestConnection": true}, {"type": "CloudBluePSA",
        "creationMethods": [{"name": "CloudBluePSA.Feed", "parameters": [{"name":
        "url", "dataType": "Text", "required": true, "allowedValues": null}, {"name":
        "filter", "dataType": "Text", "required": true, "allowedValues": null}]}],
        "supportedCredentialTypes": ["Key"], "supportedConnectionEncryptionTypes":
        ["NotEncrypted"], "supportsSkipTestConnection": true}, {"type": "Cognite",
        "creationMethods": [{"name": "Cognite.Contents", "parameters": [{"name": "project",
        "dataType": "Text", "required": true, "allowedValues": null}, {"name": "environment",
        "dataType": "Text", "required": false, "allowedValues": null}]}], "supportedCredentialTypes":
        ["OAuth2"], "supportedConnectionEncryptionTypes": ["NotEncrypted"], "supportsSkipTestConnection":
        true}, {"type": "CogniteDataSource", "creationMethods": [{"name": "CogniteDataSource.Contents",
        "parameters": [{"name": "project", "dataType": "Text", "required": true, "allowedValues":
        null}, {"name": "organization", "dataType": "Text", "required": true, "allowedValues":
        null}]}], "supportedCredentialTypes": ["OAuth2"], "supportedConnectionEncryptionTypes":
        ["NotEncrypted"], "supportsSkipTestConnection": true}, {"type": "Databricks",
        "creationMethods": [{"name": "Databricks.Catalogs", "parameters": [{"name":
        "host", "dataType": "Text", "required": true, "allowedValues": null}, {"name":
        "httpPath", "dataType": "Text", "required": true, "allowedValues": null},
        {"name": "Catalog", "dataType": "Text", "required": false, "allowedValues":
        null}, {"name": "Database", "dataType": "Text", "required": false, "allowedValues":
        null}, {"name": "EnableAutomaticProxyDiscovery", "dataType": "Text", "required":
        false, "allowedValues": ["enabled", "disabled"]}]}], "supportedCredentialTypes":
        ["OAuth2", "Key", "Basic"], "supportedConnectionEncryptionTypes": ["NotEncrypted"],
        "supportsSkipTestConnection": true}, {"type": "DatabricksMultiCloud", "creationMethods":
        [{"name": "DatabricksMultiCloud.Catalogs", "parameters": [{"name": "host",
        "dataType": "Text", "required": true, "allowedValues": null}, {"name": "httpPath",
        "dataType": "Text", "required": true, "allowedValues": null}, {"name": "Catalog",
        "dataType": "Text", "required": false, "allowedValues": null}, {"name": "Database",
        "dataType": "Text", "required": false, "allowedValues": null}, {"name": "EnableAutomaticProxyDiscovery",
        "dataType": "Text", "required": false, "allowedValues": ["enabled", "disabled"]}]}],
        "supportedCredentialTypes": ["OAuth2", "Key", "Basic"], "supportedConnectionEncryptionTypes":
        ["NotEncrypted"], "supportsSkipTestConnection": true}, {"type": "DeltaSharing",
        "creationMethods": [{"name": "DeltaSharing.Contents", "parameters": [{"name":
        "host", "dataType": "Text", "required": true, "allowedValues": null}, {"name":
        "rowLimitHint", "dataType": "Number", "required": false, "allowedValues":
        null}]}], "supportedCredentialTypes": ["OAuth2", "Key"], "supportedConnectionEncryptionTypes":
        ["NotEncrypted"], "supportsSkipTestConnection": true}, {"type": "Dremio",
        "creationMethods": [{"name": "Dremio.DatabasesV370", "parameters": [{"name":
        "server", "dataType": "Text", "required": true, "allowedValues": null}, {"name":
        "encryption", "dataType": "Text", "required": true, "allowedValues": ["Enabled",
        "Disabled", "Enabled-PEM"]}, {"name": "engine", "dataType": "Text", "required":
        false, "allowedValues": null}, {"name": "routingTag", "dataType": "Text",
        "required": false, "allowedValues": null}, {"name": "routingQueue", "dataType":
        "Text", "required": false, "allowedValues": null}]}], "supportedCredentialTypes":
        ["Basic", "OAuth2"], "supportedConnectionEncryptionTypes": ["NotEncrypted"],
        "supportsSkipTestConnection": true}, {"type": "DremioCloud", "creationMethods":
        [{"name": "DremioCloud.DatabasesByServerV370", "parameters": [{"name": "server",
        "dataType": "Text", "required": true, "allowedValues": null}, {"name": "projectId",
        "dataType": "Text", "required": false, "allowedValues": null}, {"name": "engine",
        "dataType": "Text", "required": false, "allowedValues": null}, {"name": "routingTag",
        "dataType": "Text", "required": false, "allowedValues": null}, {"name": "routingQueue",
        "dataType": "Text", "required": false, "allowedValues": null}, {"name": "encryption",
        "dataType": "Text", "required": false, "allowedValues": ["Enabled-PEM"]}]}],
        "supportedCredentialTypes": ["OAuth2", "Key"], "supportedConnectionEncryptionTypes":
        ["NotEncrypted"], "supportsSkipTestConnection": true}, {"type": "DynatraceGrail",
        "creationMethods": [{"name": "DynatraceGrail.Contents", "parameters": [{"name":
        "url", "dataType": "Text", "required": true, "allowedValues": null}, {"name":
        "QueryInput", "dataType": "Text", "required": false, "allowedValues": null},
        {"name": "ScanGBParameter", "dataType": "Number", "required": false, "allowedValues":
        null}, {"name": "MaxResultParameter", "dataType": "Number", "required": false,
        "allowedValues": null}, {"name": "MaxBytesParameter", "dataType": "Number",
        "required": false, "allowedValues": null}, {"name": "SamplingParameter", "dataType":
        "Number", "required": false, "allowedValues": ["10", "100", "1000", "10000"]}]}],
        "supportedCredentialTypes": ["OAuth2"], "supportedConnectionEncryptionTypes":
        ["NotEncrypted"], "supportsSkipTestConnection": true}, {"type": "EduFrame",
        "creationMethods": [{"name": "EduFrame.Contents", "parameters": [{"name":
        "domainSlug", "dataType": "Text", "required": true, "allowedValues": null}]}],
        "supportedCredentialTypes": ["OAuth2", "Key"], "supportedConnectionEncryptionTypes":
        ["NotEncrypted"], "supportsSkipTestConnection": true}, {"type": "EmigoDataSourceConnector",
        "creationMethods": [{"name": "Emigo.Contents", "parameters": [{"name": "DataRestrictionType",
        "dataType": "Text", "required": false, "allowedValues": ["Not set", "Days",
        "Weeks", "Months", "Quarters", "Years"]}, {"name": "DataRestrictionValue",
        "dataType": "Text", "required": false, "allowedValues": null}, {"name": "DataRestrictionMode",
        "dataType": "Text", "required": false, "allowedValues": ["Default", "Exact"]},
        {"name": "AuthorizationMode", "dataType": "Text", "required": false, "allowedValues":
        ["Default", "EmigoObszary", "EmigoHierarchia", "CustomRestrictions"]}]}],
        "supportedCredentialTypes": ["Basic"], "supportedConnectionEncryptionTypes":
        ["NotEncrypted"], "supportsSkipTestConnection": true}, {"type": "EntersoftBusinessSuite",
        "creationMethods": [{"name": "EntersoftBusinessSuite.Contents", "parameters":
        []}], "supportedCredentialTypes": ["OAuth2"], "supportedConnectionEncryptionTypes":
        ["NotEncrypted"], "supportsSkipTestConnection": true}, {"type": "EQuIS", "creationMethods":
        [{"name": "EQuIS.Contents", "parameters": [{"name": "baseUri", "dataType":
        "Text", "required": true, "allowedValues": null}]}], "supportedCredentialTypes":
        ["Key", "Basic", "OAuth2"], "supportedConnectionEncryptionTypes": ["NotEncrypted"],
        "supportsSkipTestConnection": true}, {"type": "eWayCRM", "creationMethods":
        [{"name": "eWayCRM.Contents", "parameters": [{"name": "IncludeRelations",
        "dataType": "Boolean", "required": false, "allowedValues": null}]}], "supportedCredentialTypes":
        ["OAuth2"], "supportedConnectionEncryptionTypes": ["NotEncrypted"], "supportsSkipTestConnection":
        true}, {"type": "FactSetAnalytics", "creationMethods": [{"name": "FactSetAnalytics.Contents",
        "parameters": []}], "supportedCredentialTypes": ["OAuth2", "Basic"], "supportedConnectionEncryptionTypes":
        ["NotEncrypted"], "supportsSkipTestConnection": true}, {"type": "FactSetRMS",
        "creationMethods": [{"name": "FactSetRMS.Functions", "parameters": []}], "supportedCredentialTypes":
        ["Basic"], "supportedConnectionEncryptionTypes": ["NotEncrypted"], "supportsSkipTestConnection":
        true}, {"type": "Funnel", "creationMethods": [{"name": "Funnel.Contents",
        "parameters": []}], "supportedCredentialTypes": ["OAuth2"], "supportedConnectionEncryptionTypes":
        ["NotEncrypted"], "supportsSkipTestConnection": true}, {"type": "HexagonSmartApi",
        "creationMethods": [{"name": "HexagonSmartApi.Feed", "parameters": [{"name":
        "url", "dataType": "Text", "required": true, "allowedValues": null}, {"name":
        "headers", "dataType": "Text", "required": false, "allowedValues": null},
        {"name": "odataFeedVersion", "dataType": "Text", "required": false, "allowedValues":
        ["2.0", "1.0"]}]}], "supportedCredentialTypes": ["OAuth2"], "supportedConnectionEncryptionTypes":
        ["NotEncrypted"], "supportsSkipTestConnection": true}, {"type": "IndustrialAppStore",
        "creationMethods": [{"name": "IndustrialAppStore.NavigationTable", "parameters":
        []}], "supportedCredentialTypes": ["OAuth2"], "supportedConnectionEncryptionTypes":
        ["NotEncrypted"], "supportsSkipTestConnection": true}, {"type": "InformationGrid",
        "creationMethods": [{"name": "InformationGrid.Contents", "parameters": [{"name":
        "server", "dataType": "Text", "required": true, "allowedValues": null}]}],
        "supportedCredentialTypes": ["Key"], "supportedConnectionEncryptionTypes":
        ["NotEncrypted"], "supportsSkipTestConnection": true}, {"type": "inwink",
        "creationMethods": [{"name": "inwink.ScopeContents", "parameters": [{"name":
        "customerId", "dataType": "Text", "required": true, "allowedValues": null},
        {"name": "scope", "dataType": "Text", "required": true, "allowedValues": ["Audience",
        "Event", "Community"]}, {"name": "scopeId", "dataType": "Text", "required":
        true, "allowedValues": null}]}], "supportedCredentialTypes": ["OAuth2"], "supportedConnectionEncryptionTypes":
        ["NotEncrypted"], "supportsSkipTestConnection": true}, {"type": "JamfPro",
        "creationMethods": [{"name": "JamfPro.Contents", "parameters": [{"name": "jamfUrl",
        "dataType": "Text", "required": true, "allowedValues": null}]}], "supportedCredentialTypes":
        ["Basic", "Key"], "supportedConnectionEncryptionTypes": ["NotEncrypted"],
        "supportsSkipTestConnection": true}, {"type": "Kognitwin", "creationMethods":
        [{"name": "Kognitwin.Contents", "parameters": [{"name": "url", "dataType":
        "Text", "required": true, "allowedValues": null}]}], "supportedCredentialTypes":
        ["OAuth2"], "supportedConnectionEncryptionTypes": ["NotEncrypted"], "supportsSkipTestConnection":
        true}, {"type": "kxkdbinsightsenterprise", "creationMethods": [{"name": "kxkdbinsightsenterprise.Contents",
        "parameters": [{"name": "HostUrl", "dataType": "Text", "required": true, "allowedValues":
        null}]}], "supportedCredentialTypes": ["OAuth2"], "supportedConnectionEncryptionTypes":
        ["NotEncrypted"], "supportsSkipTestConnection": true}, {"type": "LEAP", "creationMethods":
        [{"name": "LEAP.Contents", "parameters": []}], "supportedCredentialTypes":
        ["OAuth2"], "supportedConnectionEncryptionTypes": ["NotEncrypted"], "supportsSkipTestConnection":
        true}, {"type": "LinkedInLearning", "creationMethods": [{"name": "LinkedInLearning.Contents",
        "parameters": [{"name": "start_date", "dataType": "DateTime", "required":
        false, "allowedValues": null}, {"name": "end_date", "dataType": "DateTime",
        "required": false, "allowedValues": null}]}], "supportedCredentialTypes":
        ["Basic"], "supportedConnectionEncryptionTypes": ["NotEncrypted"], "supportsSkipTestConnection":
        true}, {"type": "MicroStrategyDataset", "creationMethods": [{"name": "MicroStrategyDataset.Contents",
        "parameters": [{"name": "libraryUrl", "dataType": "Text", "required": true,
        "allowedValues": null}, {"name": "authMode", "dataType": "Text", "required":
        false, "allowedValues": ["Standard", "LDAP"]}, {"name": "limit", "dataType":
        "Number", "required": false, "allowedValues": null}, {"name": "timeout", "dataType":
        "Number", "required": false, "allowedValues": null}]}], "supportedCredentialTypes":
        ["Basic", "OAuth2"], "supportedConnectionEncryptionTypes": ["NotEncrypted"],
        "supportsSkipTestConnection": true}, {"type": "OneStream", "creationMethods":
        [{"name": "OneStream.Navigation", "parameters": [{"name": "OneStreamURL",
        "dataType": "Text", "required": true, "allowedValues": null}]}], "supportedCredentialTypes":
        ["OAuth2"], "supportedConnectionEncryptionTypes": ["NotEncrypted"], "supportsSkipTestConnection":
        true}, {"type": "Paxata", "creationMethods": [{"name": "Paxata.Contents",
        "parameters": [{"name": "url", "dataType": "Text", "required": true, "allowedValues":
        null}]}], "supportedCredentialTypes": ["Key"], "supportedConnectionEncryptionTypes":
        ["NotEncrypted"], "supportsSkipTestConnection": true}, {"type": "PlanviewOKR",
        "creationMethods": [{"name": "PlanviewOKR.Contents", "parameters": [{"name":
        "ODataURL", "dataType": "Text", "required": true, "allowedValues": null}]}],
        "supportedCredentialTypes": ["OAuth2"], "supportedConnectionEncryptionTypes":
        ["NotEncrypted"], "supportsSkipTestConnection": true}, {"type": "PlanviewProjectplace",
        "creationMethods": [{"name": "PlanviewProjectplace.Contents", "parameters":
        [{"name": "ODataURL", "dataType": "Text", "required": true, "allowedValues":
        null}]}], "supportedCredentialTypes": ["OAuth2"], "supportedConnectionEncryptionTypes":
        ["NotEncrypted"], "supportsSkipTestConnection": true}, {"type": "Profisee",
        "creationMethods": [{"name": "Profisee.Tables", "parameters": [{"name": "url",
        "dataType": "Text", "required": true, "allowedValues": null}]}], "supportedCredentialTypes":
        ["OAuth2"], "supportedConnectionEncryptionTypes": ["NotEncrypted"], "supportsSkipTestConnection":
        true}, {"type": "QuickBase", "creationMethods": [{"name": "QuickBase.Contents",
        "parameters": [{"name": "url", "dataType": "Text", "required": true, "allowedValues":
        null}]}], "supportedCredentialTypes": ["Key"], "supportedConnectionEncryptionTypes":
        ["NotEncrypted"], "supportsSkipTestConnection": true}, {"type": "Roamler",
        "creationMethods": [{"name": "Roamler.Contents", "parameters": []}], "supportedCredentialTypes":
        ["Key"], "supportedConnectionEncryptionTypes": ["NotEncrypted"], "supportsSkipTestConnection":
        true}, {"type": "Samsara", "creationMethods": [{"name": "Samsara.Records",
        "parameters": [{"name": "Region", "dataType": "Text", "required": true, "allowedValues":
        ["US", "EU"]}, {"name": "RangeStart", "dataType": "Text", "required": true,
        "allowedValues": null}, {"name": "RangeEnd", "dataType": "Text", "required":
        false, "allowedValues": null}]}], "supportedCredentialTypes": ["Key"], "supportedConnectionEncryptionTypes":
        ["NotEncrypted"], "supportsSkipTestConnection": true}, {"type": "SDMX", "creationMethods":
        [{"name": "SDMX.Contents", "parameters": [{"name": "url", "dataType": "Text",
        "required": true, "allowedValues": null}, {"name": "Option", "dataType": "Text",
        "required": true, "allowedValues": ["Show codes and labels", "Show codes only",
        "Show labels only"]}, {"name": "Language", "dataType": "Text", "required":
        false, "allowedValues": null}]}], "supportedCredentialTypes": ["Anonymous"],
        "supportedConnectionEncryptionTypes": ["NotEncrypted"], "supportsSkipTestConnection":
        true}, {"type": "ShortcutsBI", "creationMethods": [{"name": "ShortcutsBI.Contents",
        "parameters": []}], "supportedCredentialTypes": ["Key"], "supportedConnectionEncryptionTypes":
        ["NotEncrypted"], "supportsSkipTestConnection": true}, {"type": "Siteimprove",
        "creationMethods": [{"name": "Siteimprove.Contents", "parameters": []}], "supportedCredentialTypes":
        ["Basic"], "supportedConnectionEncryptionTypes": ["NotEncrypted"], "supportsSkipTestConnection":
        true}, {"type": "SmartsheetGlobal", "creationMethods": [{"name": "SmartsheetGlobal.Contents",
        "parameters": [{"name": "region", "dataType": "Text", "required": true, "allowedValues":
        ["US", "EU"]}]}], "supportedCredentialTypes": ["OAuth2"], "supportedConnectionEncryptionTypes":
        ["NotEncrypted"], "supportsSkipTestConnection": true}, {"type": "SoftOneBI",
        "creationMethods": [{"name": "SoftOneBI.Contents", "parameters": []}], "supportedCredentialTypes":
        ["OAuth2"], "supportedConnectionEncryptionTypes": ["NotEncrypted"], "supportsSkipTestConnection":
        true}, {"type": "SolarWindsServiceDesk", "creationMethods": [{"name": "SolarWindsServiceDesk.ContentsV113",
        "parameters": [{"name": "RangeStart", "dataType": "DateTime", "required":
        false, "allowedValues": null}, {"name": "RangeEnd", "dataType": "DateTime",
        "required": false, "allowedValues": null}, {"name": "CustomFieldsStr", "dataType":
        "Text", "required": false, "allowedValues": null}]}], "supportedCredentialTypes":
        ["Key"], "supportedConnectionEncryptionTypes": ["NotEncrypted"], "supportsSkipTestConnection":
        true}, {"type": "Spigit", "creationMethods": [{"name": "Spigit.Contents",
        "parameters": [{"name": "ODataURL", "dataType": "Text", "required": true,
        "allowedValues": null}]}], "supportedCredentialTypes": ["OAuth2"], "supportedConnectionEncryptionTypes":
        ["NotEncrypted"], "supportsSkipTestConnection": true}, {"type": "SumTotal",
        "creationMethods": [{"name": "SumTotal.ODataFeed", "parameters": [{"name":
        "url", "dataType": "Text", "required": true, "allowedValues": null}]}], "supportedCredentialTypes":
        ["OAuth2"], "supportedConnectionEncryptionTypes": ["NotEncrypted"], "supportsSkipTestConnection":
        true}, {"type": "Supermetrics", "creationMethods": [{"name": "Supermetrics.Render",
        "parameters": []}], "supportedCredentialTypes": ["OAuth2"], "supportedConnectionEncryptionTypes":
        ["NotEncrypted"], "supportsSkipTestConnection": true}, {"type": "SurveyMonkey",
        "creationMethods": [{"name": "SurveyMonkey.Contents", "parameters": []}],
        "supportedCredentialTypes": ["Key"], "supportedConnectionEncryptionTypes":
        ["NotEncrypted"], "supportsSkipTestConnection": true}, {"type": "TeamDesk",
        "creationMethods": [{"name": "TeamDesk.Database", "parameters": [{"name":
        "url", "dataType": "Text", "required": true, "allowedValues": null}]}], "supportedCredentialTypes":
        ["Basic", "Key"], "supportedConnectionEncryptionTypes": ["NotEncrypted"],
        "supportsSkipTestConnection": true}, {"type": "Tenforce", "creationMethods":
        [{"name": "Tenforce.Contents", "parameters": [{"name": "ApplicationUrl", "dataType":
        "Text", "required": true, "allowedValues": null}, {"name": "ListId", "dataType":
        "Text", "required": true, "allowedValues": null}, {"name": "DataType", "dataType":
        "Text", "required": true, "allowedValues": ["Do not include", "Include"]}]}],
        "supportedCredentialTypes": ["Basic"], "supportedConnectionEncryptionTypes":
        ["NotEncrypted"], "supportsSkipTestConnection": true}, {"type": "Usercube",
        "creationMethods": [{"name": "Usercube.Universes", "parameters": [{"name":
        "serverUrl", "dataType": "Text", "required": true, "allowedValues": null}]}],
        "supportedCredentialTypes": ["Basic"], "supportedConnectionEncryptionTypes":
        ["NotEncrypted"], "supportsSkipTestConnection": true}, {"type": "Vena", "creationMethods":
        [{"name": "Vena.Contents", "parameters": [{"name": "source", "dataType": "Text",
        "required": true, "allowedValues": ["https://ca3.vena.io", "https://us3.vena.io",
        "https://us2.vena.io", "https://us1.vena.io", "https://eu1.vena.io"]}, {"name":
        "modelQuery", "dataType": "Text", "required": false, "allowedValues": null},
        {"name": "apiVersion", "dataType": "Text", "required": false, "allowedValues":
        ["v1", "v2"]}]}], "supportedCredentialTypes": ["Basic"], "supportedConnectionEncryptionTypes":
        ["NotEncrypted"], "supportsSkipTestConnection": true}, {"type": "VesselInsight",
        "creationMethods": [{"name": "VesselInsight.Contents", "parameters": []}],
        "supportedCredentialTypes": ["OAuth2"], "supportedConnectionEncryptionTypes":
        ["NotEncrypted"], "supportsSkipTestConnection": true}, {"type": "WebtrendsAnalytics",
        "creationMethods": [{"name": "WebtrendsAnalytics.Tables", "parameters": [{"name":
        "ProfileId", "dataType": "Text", "required": true, "allowedValues": null},
        {"name": "Period", "dataType": "Text", "required": true, "allowedValues":
        ["Custom Date", "Report Period"]}, {"name": "reportType", "dataType": "Text",
        "required": true, "allowedValues": ["Summary", "Trend", "Individual"]}, {"name":
        "startDate", "dataType": "Date", "required": false, "allowedValues": null},
        {"name": "endDate", "dataType": "Date", "required": false, "allowedValues":
        null}, {"name": "startPeriod", "dataType": "Text", "required": false, "allowedValues":
        null}, {"name": "endPeriod", "dataType": "Text", "required": false, "allowedValues":
        null}]}], "supportedCredentialTypes": ["Basic"], "supportedConnectionEncryptionTypes":
        ["NotEncrypted"], "supportsSkipTestConnection": true}, {"type": "Windsor",
        "creationMethods": [{"name": "Windsor.Main", "parameters": []}], "supportedCredentialTypes":
        ["OAuth2"], "supportedConnectionEncryptionTypes": ["NotEncrypted"], "supportsSkipTestConnection":
        true}, {"type": "Witivio", "creationMethods": [{"name": "Witivio.Contents",
        "parameters": [{"name": "botId", "dataType": "Text", "required": true, "allowedValues":
        null}]}], "supportedCredentialTypes": ["OAuth2"], "supportedConnectionEncryptionTypes":
        ["NotEncrypted"], "supportsSkipTestConnection": true}, {"type": "Wrike", "creationMethods":
        [{"name": "Wrike.Contents", "parameters": []}], "supportedCredentialTypes":
        ["OAuth2"], "supportedConnectionEncryptionTypes": ["NotEncrypted"], "supportsSkipTestConnection":
        true}, {"type": "ZendeskData", "creationMethods": [{"name": "ZendeskData.Contents",
        "parameters": [{"name": "url", "dataType": "Text", "required": true, "allowedValues":
        null}]}], "supportedCredentialTypes": ["OAuth2"], "supportedConnectionEncryptionTypes":
        ["NotEncrypted"], "supportsSkipTestConnection": true}, {"type": "ZohoCreator",
        "creationMethods": [{"name": "ZohoCreator.Contents", "parameters": [{"name":
        "creatordomain", "dataType": "Text", "required": true, "allowedValues": ["zoho.com",
        "zoho.eu", "zoho.com.cn", "zoho.in", "zoho.com.au"]}, {"name": "scopname",
        "dataType": "Text", "required": true, "allowedValues": null}, {"name": "applinkname",
        "dataType": "Text", "required": true, "allowedValues": null}, {"name": "reportlinkname",
        "dataType": "Text", "required": true, "allowedValues": null}]}], "supportedCredentialTypes":
        ["OAuth2"], "supportedConnectionEncryptionTypes": ["NotEncrypted"], "supportsSkipTestConnection":
        true}, {"type": "Zucchetti", "creationMethods": [{"name": "Zucchetti.Contents",
        "parameters": [{"name": "Url", "dataType": "Text", "required": true, "allowedValues":
        null}, {"name": "Environment", "dataType": "Text", "required": true, "allowedValues":
        null}]}], "supportedCredentialTypes": ["Basic"], "supportedConnectionEncryptionTypes":
        ["NotEncrypted"], "supportsSkipTestConnection": true}, {"type": "AtScale",
        "creationMethods": [{"name": "AtScale.Cubes", "parameters": [{"name": "server",
        "dataType": "Text", "required": true, "allowedValues": null}, {"name": "ConnectionTimeout",
        "dataType": "Duration", "required": false, "allowedValues": null}, {"name":
        "CommandTimeout", "dataType": "Duration", "required": false, "allowedValues":
        null}]}], "supportedCredentialTypes": ["Basic"], "supportedConnectionEncryptionTypes":
        ["NotEncrypted"], "supportsSkipTestConnection": true}, {"type": "AzureCosmosDBForMongoDBvCore",
        "creationMethods": [{"name": "AzureCosmosDBForMongoDBvCore.Contents", "parameters":
        [{"name": "baseURL", "dataType": "Text", "required": true, "allowedValues":
        null}, {"name": "database", "dataType": "Text", "required": false, "allowedValues":
        null}, {"name": "collection", "dataType": "Text", "required": false, "allowedValues":
        null}]}], "supportedCredentialTypes": ["Basic"], "supportedConnectionEncryptionTypes":
        ["NotEncrypted"], "supportsSkipTestConnection": true}, {"type": "AzureCostManagement",
        "creationMethods": [{"name": "AzureCostManagement.Tables", "parameters": [{"name":
        "scope", "dataType": "Text", "required": true, "allowedValues": ["Billing
        Profile Id", "Enrollment Number", "Manually Input Scope"]}, {"name": "scopeValue",
        "dataType": "Text", "required": true, "allowedValues": null}, {"name": "numberOfMonths",
        "dataType": "Number", "required": true, "allowedValues": null}, {"name": "startDate",
        "dataType": "Date", "required": false, "allowedValues": null}, {"name": "endDate",
        "dataType": "Date", "required": false, "allowedValues": null}]}], "supportedCredentialTypes":
        ["OAuth2"], "supportedConnectionEncryptionTypes": ["NotEncrypted"], "supportsSkipTestConnection":
        true}, {"type": "AzureDeviceRegistry", "creationMethods": [{"name": "AzureDeviceRegistry.Query",
        "parameters": [{"name": "scope", "dataType": "Text", "required": true, "allowedValues":
        ["Tenant", "Subscription"]}, {"name": "subscriptions", "dataType": "Text",
        "required": false, "allowedValues": null}, {"name": "namespaces", "dataType":
        "Text", "required": false, "allowedValues": null}, {"name": "customAttributes",
        "dataType": "Text", "required": false, "allowedValues": null}, {"name": "resultTruncated",
        "dataType": "Boolean", "required": false, "allowedValues": ["true", "false"]},
        {"name": "pagesize", "dataType": "Number", "required": false, "allowedValues":
        ["5", "10", "25", "50", "100", "200", "300", "400", "500", "600", "700", "800",
        "900", "1000"]}]}], "supportedCredentialTypes": ["OAuth2"], "supportedConnectionEncryptionTypes":
        ["NotEncrypted"], "supportsSkipTestConnection": true}, {"type": "AzureResourceGraph",
        "creationMethods": [{"name": "AzureResourceGraph.Query", "parameters": [{"name":
        "query", "dataType": "Text", "required": true, "allowedValues": null}, {"name":
        "scope", "dataType": "Text", "required": false, "allowedValues": ["Tenant",
        "Subscription", "Management group"]}, {"name": "subscription", "dataType":
        "Text", "required": false, "allowedValues": null}, {"name": "managementGroup",
        "dataType": "Text", "required": false, "allowedValues": null}, {"name": "resultTruncated",
        "dataType": "Boolean", "required": false, "allowedValues": ["true", "false"]}]}],
        "supportedCredentialTypes": ["OAuth2"], "supportedConnectionEncryptionTypes":
        ["NotEncrypted"], "supportsSkipTestConnection": true}, {"type": "CommonDataService",
        "creationMethods": [{"name": "CommonDataService.Database", "parameters": [{"name":
        "server", "dataType": "Text", "required": false, "allowedValues": null}, {"name":
        "CreateNavigationProperties", "dataType": "Boolean", "required": false, "allowedValues":
        null}]}], "supportedCredentialTypes": ["OAuth2", "ServicePrincipal"], "supportedConnectionEncryptionTypes":
        ["NotEncrypted", "Encrypted"], "supportsSkipTestConnection": true}, {"type":
        "CosmosDB", "creationMethods": [{"name": "CosmosDB.Contents", "parameters":
        [{"name": "host", "dataType": "Text", "required": true, "allowedValues": null},
        {"name": "NUMBER_OF_RETRIES", "dataType": "Text", "required": false, "allowedValues":
        null}, {"name": "ENABLE_AVERAGE_FUNCTION_PASSDOWN", "dataType": "Text", "required":
        false, "allowedValues": null}, {"name": "ENABLE_SORT_PASSDOWN_FOR_MULTIPLE_COLUMNS",
        "dataType": "Text", "required": false, "allowedValues": null}]}], "supportedCredentialTypes":
        ["Key", "OAuth2"], "supportedConnectionEncryptionTypes": ["NotEncrypted"],
        "supportsSkipTestConnection": true}, {"type": "CustomerInsights", "creationMethods":
        [{"name": "CustomerInsights.Contents", "parameters": []}], "supportedCredentialTypes":
        ["OAuth2"], "supportedConnectionEncryptionTypes": ["NotEncrypted"], "supportsSkipTestConnection":
        true}, {"type": "FabricSql", "creationMethods": [{"name": "FabricSql.Contents",
        "parameters": []}], "supportedCredentialTypes": ["OAuth2", "ServicePrincipal"],
        "supportedConnectionEncryptionTypes": ["NotEncrypted"], "supportsSkipTestConnection":
        true}, {"type": "Fhir", "creationMethods": [{"name": "Fhir.Contents", "parameters":
        [{"name": "url", "dataType": "Text", "required": true, "allowedValues": null},
        {"name": "searchQuery", "dataType": "Text", "required": false, "allowedValues":
        null}]}], "supportedCredentialTypes": ["OAuth2", "Anonymous"], "supportedConnectionEncryptionTypes":
        ["NotEncrypted"], "supportsSkipTestConnection": true}, {"type": "GoogleSheets",
        "creationMethods": [{"name": "GoogleSheets.Contents", "parameters": [{"name":
        "url", "dataType": "Text", "required": true, "allowedValues": null}]}], "supportedCredentialTypes":
        ["OAuth2"], "supportedConnectionEncryptionTypes": ["NotEncrypted"], "supportsSkipTestConnection":
        true}, {"type": "Intune", "creationMethods": [{"name": "Intune.Contents",
        "parameters": [{"name": "maxHistoryDays", "dataType": "Number", "required":
        true, "allowedValues": ["1", "2", "3", "4", "5", "6", "7", "14", "30", "60"]}]}],
        "supportedCredentialTypes": ["OAuth2"], "supportedConnectionEncryptionTypes":
        ["NotEncrypted"], "supportsSkipTestConnection": true}, {"type": "Lakehouse",
        "creationMethods": [{"name": "Lakehouse.Contents", "parameters": []}], "supportedCredentialTypes":
        ["OAuth2"], "supportedConnectionEncryptionTypes": ["NotEncrypted"], "supportsSkipTestConnection":
        true}, {"type": "MicrosoftAzureDataManagerForEnergy", "creationMethods": [{"name":
        "MicrosoftAzureDataManagerForEnergy.Search", "parameters": [{"name": "serviceName",
        "dataType": "Text", "required": true, "allowedValues": null}, {"name": "dataPartition",
        "dataType": "Text", "required": true, "allowedValues": null}, {"name": "kind",
        "dataType": "Text", "required": true, "allowedValues": null}, {"name": "query",
        "dataType": "Text", "required": true, "allowedValues": null}, {"name": "limit",
        "dataType": "Number", "required": false, "allowedValues": null}, {"name":
        "returnedFields", "dataType": "Text", "required": false, "allowedValues":
        null}]}], "supportedCredentialTypes": ["OAuth2"], "supportedConnectionEncryptionTypes":
        ["NotEncrypted"], "supportsSkipTestConnection": true}, {"type": "PowerBIDatamarts",
        "creationMethods": [{"name": "PowerBI.Datamarts", "parameters": [{"name":
        "server", "dataType": "Text", "required": false, "allowedValues": null}]}],
        "supportedCredentialTypes": ["OAuth2"], "supportedConnectionEncryptionTypes":
        ["NotEncrypted"], "supportsSkipTestConnection": true}, {"type": "PowerPlatformDataflows",
        "creationMethods": [{"name": "PowerPlatform.Dataflows", "parameters": []}],
        "supportedCredentialTypes": ["OAuth2"], "supportedConnectionEncryptionTypes":
        ["NotEncrypted"], "supportsSkipTestConnection": true}, {"type": "ProductInsights",
        "creationMethods": [{"name": "ProductInsights.Contents", "parameters": []}],
        "supportedCredentialTypes": ["OAuth2"], "supportedConnectionEncryptionTypes":
        ["NotEncrypted"], "supportsSkipTestConnection": true}, {"type": "Synapse",
        "creationMethods": [{"name": "Synapse.Contents", "parameters": []}], "supportedCredentialTypes":
        ["OAuth2"], "supportedConnectionEncryptionTypes": ["NotEncrypted"], "supportsSkipTestConnection":
        true}, {"type": "Warehouse", "creationMethods": [{"name": "Fabric.Warehouse",
        "parameters": []}], "supportedCredentialTypes": ["OAuth2", "ServicePrincipal"],
        "supportedConnectionEncryptionTypes": ["NotEncrypted"], "supportsSkipTestConnection":
        true}, {"type": "VivaInsights", "creationMethods": [{"name": "VivaInsights.Data",
        "parameters": [{"name": "scopeId", "dataType": "Text", "required": true, "allowedValues":
        null}, {"name": "jobName", "dataType": "Text", "required": false, "allowedValues":
        null}, {"name": "jobId", "dataType": "Text", "required": false, "allowedValues":
        null}, {"name": "SchemaType", "dataType": "Text", "required": false, "allowedValues":
        ["Pivoted", "Unpivoted"]}, {"name": "APIType", "dataType": "Text", "required":
        false, "allowedValues": ["Aggregated data", "Row-level data"]}, {"name": "TableName",
        "dataType": "Text", "required": false, "allowedValues": null}]}], "supportedCredentialTypes":
        ["OAuth2"], "supportedConnectionEncryptionTypes": ["NotEncrypted"], "supportsSkipTestConnection":
        true}, {"type": "AdlsGen2CosmosStructuredStream", "creationMethods": [{"name":
        "AdlsGen2CosmosStructuredStream.Contents", "parameters": [{"name": "url",
        "dataType": "Text", "required": true, "allowedValues": null}]}], "supportedCredentialTypes":
        ["OAuth2", "ServicePrincipal"], "supportedConnectionEncryptionTypes": ["NotEncrypted"],
        "supportsSkipTestConnection": true}, {"type": "AmazonRdsForOracle", "creationMethods":
        [{"name": "AmazonRdsForOracle.Database", "parameters": [{"name": "server",
        "dataType": "Text", "required": true, "allowedValues": null}]}], "supportedCredentialTypes":
        ["Basic"], "supportedConnectionEncryptionTypes": ["NotEncrypted", "Encrypted"],
        "supportsSkipTestConnection": true}, {"type": "AmazonRdsForSqlServer", "creationMethods":
        [{"name": "AmazonRdsForSqlServer.Database", "parameters": [{"name": "server",
        "dataType": "Text", "required": true, "allowedValues": null}, {"name": "database",
        "dataType": "Text", "required": true, "allowedValues": null}]}], "supportedCredentialTypes":
        ["Basic"], "supportedConnectionEncryptionTypes": ["NotEncrypted", "Encrypted"],
        "supportsSkipTestConnection": true}, {"type": "AmazonS3", "creationMethods":
        [{"name": "AmazonS3.Storage", "parameters": [{"name": "url", "dataType": "Text",
        "required": false, "allowedValues": null}, {"name": "roleArn", "dataType":
        "Text", "required": false, "allowedValues": null}]}], "supportedCredentialTypes":
        ["Basic", "OAuth2", "ServicePrincipal"], "supportedConnectionEncryptionTypes":
        ["NotEncrypted"], "supportsSkipTestConnection": true}, {"type": "AmazonS3Compatible",
        "creationMethods": [{"name": "AmazonS3Compatible.Storage", "parameters": [{"name":
        "url", "dataType": "Text", "required": true, "allowedValues": null}]}], "supportedCredentialTypes":
        ["Basic"], "supportedConnectionEncryptionTypes": ["NotEncrypted"], "supportsSkipTestConnection":
        true}, {"type": "AvevaConnect", "creationMethods": [{"name": "AvevaConnect.Contents",
        "parameters": [{"name": "AccountId", "dataType": "Text", "required": true,
        "allowedValues": null}, {"name": "url", "dataType": "Text", "required": true,
        "allowedValues": null}]}], "supportedCredentialTypes": ["OAuth2", "Basic"],
        "supportedConnectionEncryptionTypes": ["NotEncrypted"], "supportsSkipTestConnection":
        true}, {"type": "AzureAISearch", "creationMethods": [{"name": "AzureAISearch.Contents",
        "parameters": [{"name": "url", "dataType": "Text", "required": true, "allowedValues":
        null}]}], "supportedCredentialTypes": ["Key"], "supportedConnectionEncryptionTypes":
        ["NotEncrypted"], "supportsSkipTestConnection": true}, {"type": "AzureArtifactFeed",
        "creationMethods": [{"name": "AzureArtifactFeed.Contents", "parameters": [{"name":
        "feedUrl", "dataType": "Text", "required": true, "allowedValues": null}]}],
        "supportedCredentialTypes": ["Key"], "supportedConnectionEncryptionTypes":
        ["NotEncrypted"], "supportsSkipTestConnection": true}, {"type": "AzureBatch",
        "creationMethods": [{"name": "AzureBatch.Contents", "parameters": [{"name":
        "accountName", "dataType": "Text", "required": true, "allowedValues": null},
        {"name": "batchUrl", "dataType": "Text", "required": true, "allowedValues":
        null}, {"name": "poolName", "dataType": "Text", "required": true, "allowedValues":
        null}]}], "supportedCredentialTypes": ["Key"], "supportedConnectionEncryptionTypes":
        ["NotEncrypted"], "supportsSkipTestConnection": true}, {"type": "AzureCosmosDBForMongoDB",
        "creationMethods": [{"name": "AzureCosmosDBForMongoDB.Database", "parameters":
        [{"name": "server", "dataType": "Text", "required": true, "allowedValues":
        null}, {"name": "serverVersion", "dataType": "Text", "required": true, "allowedValues":
        ["Above 3.2", "3.2"]}]}], "supportedCredentialTypes": ["Basic"], "supportedConnectionEncryptionTypes":
        ["NotEncrypted", "Encrypted"], "supportsSkipTestConnection": true}, {"type":
        "AzureDatabaseForMySQL", "creationMethods": [{"name": "AzureDatabaseForMySQL.Database",
        "parameters": [{"name": "server", "dataType": "Text", "required": true, "allowedValues":
        null}, {"name": "database", "dataType": "Text", "required": true, "allowedValues":
        null}]}], "supportedCredentialTypes": ["Basic"], "supportedConnectionEncryptionTypes":
        ["NotEncrypted", "Encrypted"], "supportsSkipTestConnection": true}, {"type":
        "AzureDatabricksWorkspace", "creationMethods": [{"name": "AzureDatabricksWorkspace.Actions",
        "parameters": [{"name": "url", "dataType": "Text", "required": true, "allowedValues":
        null}]}], "supportedCredentialTypes": ["Key", "OAuth2", "ServicePrincipal"],
        "supportedConnectionEncryptionTypes": ["NotEncrypted"], "supportsSkipTestConnection":
        true}, {"type": "AzureDataFactory", "creationMethods": [{"name": "AzureDataFactory.Actions",
        "parameters": [{"name": "subscriptionId", "dataType": "Text", "required":
        true, "allowedValues": null}, {"name": "resourceGroup", "dataType": "Text",
        "required": true, "allowedValues": null}, {"name": "dataFactoryName", "dataType":
        "Text", "required": true, "allowedValues": null}]}], "supportedCredentialTypes":
        ["OAuth2", "ServicePrincipal"], "supportedConnectionEncryptionTypes": ["NotEncrypted"],
        "supportsSkipTestConnection": true}, {"type": "AzureDataLakeStoreCosmosStructuredStream",
        "creationMethods": [{"name": "AzureDataLakeStoreCosmosStructuredStream.Contents",
        "parameters": [{"name": "url", "dataType": "Text", "required": true, "allowedValues":
        null}]}], "supportedCredentialTypes": ["OAuth2", "ServicePrincipal"], "supportedConnectionEncryptionTypes":
        ["NotEncrypted"], "supportsSkipTestConnection": true}, {"type": "AzureFiles",
        "creationMethods": [{"name": "AzureFiles.Contents", "parameters": [{"name":
        "shareUrl", "dataType": "Text", "required": true, "allowedValues": null},
        {"name": "snapshot", "dataType": "Text", "required": false, "allowedValues":
        null}]}], "supportedCredentialTypes": ["Key"], "supportedConnectionEncryptionTypes":
        ["NotEncrypted"], "supportsSkipTestConnection": true}, {"type": "AzureFunction",
        "creationMethods": [{"name": "AzureFunction.Contents", "parameters": [{"name":
        "functionAppUrl", "dataType": "Text", "required": true, "allowedValues": null}]}],
        "supportedCredentialTypes": ["Key", "Anonymous"], "supportedConnectionEncryptionTypes":
        ["NotEncrypted"], "supportsSkipTestConnection": true}, {"type": "AzureHDInsightCluster",
        "creationMethods": [{"name": "AzureHDInsightCluster.Actions", "parameters":
        [{"name": "hdiUrl", "dataType": "Text", "required": true, "allowedValues":
        null}, {"name": "entSecPackageEnabled", "dataType": "Boolean", "required":
        false, "allowedValues": null}]}], "supportedCredentialTypes": ["Basic"], "supportedConnectionEncryptionTypes":
        ["NotEncrypted"], "supportsSkipTestConnection": true}, {"type": "AzureHDInsightOnDemandCluster",
        "creationMethods": [{"name": "AzureHDInsightOnDemandCluster.Actions", "parameters":
        [{"name": "subscriptionId", "dataType": "Text", "required": true, "allowedValues":
        null}, {"name": "resourceGroupName", "dataType": "Text", "required": true,
        "allowedValues": null}]}], "supportedCredentialTypes": ["OAuth2", "ServicePrincipal"],
        "supportedConnectionEncryptionTypes": ["NotEncrypted"], "supportsSkipTestConnection":
        true}, {"type": "AzureKeyVault", "creationMethods": [{"name": "AzureKeyVault.Actions",
        "parameters": [{"name": "accountName", "dataType": "Text", "required": true,
        "allowedValues": null}]}], "supportedCredentialTypes": ["OAuth2", "ServicePrincipal"],
        "supportedConnectionEncryptionTypes": ["NotEncrypted"], "supportsSkipTestConnection":
        true}, {"type": "AzureMachineLearning", "creationMethods": [{"name": "AzureMachineLearning.Contents",
        "parameters": [{"name": "subscriptionId", "dataType": "Text", "required":
        true, "allowedValues": null}, {"name": "resourceGroupName", "dataType": "Text",
        "required": true, "allowedValues": null}, {"name": "workspaceName", "dataType":
        "Text", "required": true, "allowedValues": null}]}], "supportedCredentialTypes":
        ["OAuth2", "ServicePrincipal"], "supportedConnectionEncryptionTypes": ["NotEncrypted"],
        "supportsSkipTestConnection": true}, {"type": "AzurePostgreSQL", "creationMethods":
        [{"name": "AzurePostgreSQL.Database", "parameters": [{"name": "server", "dataType":
        "Text", "required": true, "allowedValues": null}, {"name": "database", "dataType":
        "Text", "required": true, "allowedValues": null}]}], "supportedCredentialTypes":
        ["Basic", "OAuth2"], "supportedConnectionEncryptionTypes": ["NotEncrypted",
        "Encrypted"], "supportsSkipTestConnection": true}, {"type": "AzureServiceBus",
        "creationMethods": [{"name": "AzureServiceBus.Contents", "parameters": [{"name":
        "hostName", "dataType": "Text", "required": true, "allowedValues": null}]}],
        "supportedCredentialTypes": ["Basic"], "supportedConnectionEncryptionTypes":
        ["NotEncrypted"], "supportsSkipTestConnection": true}, {"type": "AzureSqlMI",
        "creationMethods": [{"name": "AzureSqlMI.Database", "parameters": [{"name":
        "server", "dataType": "Text", "required": true, "allowedValues": null}, {"name":
        "database", "dataType": "Text", "required": true, "allowedValues": null},
        {"name": "Query", "dataType": "Text", "required": false, "allowedValues":
        null}]}], "supportedCredentialTypes": ["Basic", "OAuth2", "ServicePrincipal"],
        "supportedConnectionEncryptionTypes": ["NotEncrypted", "Encrypted"], "supportsSkipTestConnection":
        true}, {"type": "AzureSynapseWorkspace", "creationMethods": [{"name": "AzureSynapseWorkspace.Actions",
        "parameters": [{"name": "workspaceName", "dataType": "Text", "required": true,
        "allowedValues": null}]}], "supportedCredentialTypes": ["OAuth2", "ServicePrincipal"],
        "supportedConnectionEncryptionTypes": ["NotEncrypted"], "supportsSkipTestConnection":
        true}, {"type": "Cassandra", "creationMethods": [{"name": "Cassandra.Contents",
        "parameters": [{"name": "Host", "dataType": "Text", "required": true, "allowedValues":
        null}, {"name": "Port", "dataType": "Text", "required": false, "allowedValues":
        null}]}], "supportedCredentialTypes": ["Basic", "Anonymous"], "supportedConnectionEncryptionTypes":
        ["NotEncrypted"], "supportsSkipTestConnection": true}, {"type": "ConfluentCloud",
        "creationMethods": [{"name": "ConfluentCloud.Contents", "parameters": [{"name":
        "server", "dataType": "Text", "required": true, "allowedValues": null}]}],
        "supportedCredentialTypes": ["Basic"], "supportedConnectionEncryptionTypes":
        ["NotEncrypted"], "supportsSkipTestConnection": true}, {"type": "ConfluentSchemaRegistry",
        "creationMethods": [{"name": "ConfluentSchemaRegistry.Contents", "parameters":
        [{"name": "schemaRegistryUrl", "dataType": "Text", "required": true, "allowedValues":
        null}]}], "supportedCredentialTypes": ["Basic"], "supportedConnectionEncryptionTypes":
        ["NotEncrypted"], "supportsSkipTestConnection": true}, {"type": "CopyJob",
        "creationMethods": [{"name": "CopyJob.Actions", "parameters": []}], "supportedCredentialTypes":
        ["OAuth2", "ServicePrincipal"], "supportedConnectionEncryptionTypes": ["NotEncrypted"],
        "supportsSkipTestConnection": true}, {"type": "DataLakeAnalytics", "creationMethods":
        [{"name": "DataLakeAnalytics.Account", "parameters": [{"name": "accountName",
        "dataType": "Text", "required": true, "allowedValues": null}, {"name": "subscriptionId",
        "dataType": "Text", "required": true, "allowedValues": null}, {"name": "resourceGroupName",
        "dataType": "Text", "required": false, "allowedValues": null}]}], "supportedCredentialTypes":
        ["OAuth2", "ServicePrincipal"], "supportedConnectionEncryptionTypes": ["NotEncrypted"],
        "supportsSkipTestConnection": true}, {"type": "Dynamics365", "creationMethods":
        [{"name": "Dynamics365.Contents", "parameters": [{"name": "server", "dataType":
        "Text", "required": true, "allowedValues": null}]}], "supportedCredentialTypes":
        ["OAuth2", "ServicePrincipal"], "supportedConnectionEncryptionTypes": ["NotEncrypted"],
        "supportsSkipTestConnection": true}, {"type": "DynamicsAX", "creationMethods":
        [{"name": "DynamicsAX.Contents", "parameters": [{"name": "url", "dataType":
        "Text", "required": true, "allowedValues": null}]}], "supportedCredentialTypes":
        ["OAuth2", "ServicePrincipal"], "supportedConnectionEncryptionTypes": ["NotEncrypted"],
        "supportsSkipTestConnection": true}, {"type": "DynamicsCrm", "creationMethods":
        [{"name": "DynamicsCrm.Contents", "parameters": [{"name": "server", "dataType":
        "Text", "required": true, "allowedValues": null}]}], "supportedCredentialTypes":
        ["OAuth2", "ServicePrincipal"], "supportedConnectionEncryptionTypes": ["NotEncrypted"],
        "supportsSkipTestConnection": true}, {"type": "EventHub", "creationMethods":
        [{"name": "EventHub.Contents", "parameters": [{"name": "endpoint", "dataType":
        "Text", "required": true, "allowedValues": null}, {"name": "entityPath", "dataType":
        "Text", "required": true, "allowedValues": null}]}], "supportedCredentialTypes":
        ["OAuth2", "Basic"], "supportedConnectionEncryptionTypes": ["NotEncrypted"],
        "supportsSkipTestConnection": true}, {"type": "FabricDataPipelines", "creationMethods":
        [{"name": "FabricDataPipelines.Actions", "parameters": []}], "supportedCredentialTypes":
        ["OAuth2", "ServicePrincipal"], "supportedConnectionEncryptionTypes": ["NotEncrypted"],
        "supportsSkipTestConnection": true}, {"type": "FTP", "creationMethods": [{"name":
        "FTP.Contents", "parameters": [{"name": "server", "dataType": "Text", "required":
        true, "allowedValues": null}]}], "supportedCredentialTypes": ["Basic", "Anonymous"],
        "supportedConnectionEncryptionTypes": ["NotEncrypted"], "supportsSkipTestConnection":
        true}, {"type": "GoogleCloudStorage", "creationMethods": [{"name": "GoogleCloudStorage.Storage",
        "parameters": [{"name": "url", "dataType": "Text", "required": false, "allowedValues":
        null}]}], "supportedCredentialTypes": ["Basic"], "supportedConnectionEncryptionTypes":
        ["NotEncrypted"], "supportsSkipTestConnection": true}, {"type": "GooglePubSub",
        "creationMethods": [{"name": "GooglePubSub.Contents", "parameters": [{"name":
        "projectId", "dataType": "Text", "required": true, "allowedValues": null}]}],
        "supportedCredentialTypes": ["Basic"], "supportedConnectionEncryptionTypes":
        ["NotEncrypted"], "supportsSkipTestConnection": true}, {"type": "GreenplumForPipeline",
        "creationMethods": [{"name": "GreenplumForPipeline.Database", "parameters":
        [{"name": "server", "dataType": "Text", "required": true, "allowedValues":
        null}, {"name": "database", "dataType": "Text", "required": true, "allowedValues":
        null}, {"name": "connectionTimeout", "dataType": "Number", "required": false,
        "allowedValues": null}, {"name": "commandTimeout", "dataType": "Number", "required":
        false, "allowedValues": null}]}], "supportedCredentialTypes": ["Basic"], "supportedConnectionEncryptionTypes":
        ["NotEncrypted", "Encrypted"], "supportsSkipTestConnection": true}, {"type":
        "HdfsForPipeline", "creationMethods": [{"name": "HdfsForPipeline.Contents",
        "parameters": [{"name": "clusterURL", "dataType": "Text", "required": true,
        "allowedValues": null}]}], "supportedCredentialTypes": ["Anonymous"], "supportedConnectionEncryptionTypes":
        ["NotEncrypted"], "supportsSkipTestConnection": true}, {"type": "HttpServer",
        "creationMethods": [{"name": "HttpServer.Contents", "parameters": [{"name":
        "url", "dataType": "Text", "required": true, "allowedValues": null}]}], "supportedCredentialTypes":
        ["OAuth2", "Basic", "Anonymous"], "supportedConnectionEncryptionTypes": ["NotEncrypted"],
        "supportsSkipTestConnection": true}, {"type": "InformixForPipeline", "creationMethods":
        [{"name": "InformixForPipeline.Contents", "parameters": [{"name": "server",
        "dataType": "Text", "required": true, "allowedValues": null}, {"name": "host",
        "dataType": "Text", "required": true, "allowedValues": null}, {"name": "service",
        "dataType": "Text", "required": true, "allowedValues": null}, {"name": "protocol",
        "dataType": "Text", "required": true, "allowedValues": null}, {"name": "database",
        "dataType": "Text", "required": true, "allowedValues": null}]}], "supportedCredentialTypes":
        ["Anonymous", "Basic"], "supportedConnectionEncryptionTypes": ["NotEncrypted"],
        "supportsSkipTestConnection": true}, {"type": "IoTHub", "creationMethods":
        [{"name": "IoTHub.Contents", "parameters": [{"name": "entityPath", "dataType":
        "Text", "required": true, "allowedValues": null}]}], "supportedCredentialTypes":
        ["Basic"], "supportedConnectionEncryptionTypes": ["NotEncrypted"], "supportsSkipTestConnection":
        true}, {"type": "Kinesis", "creationMethods": [{"name": "Kinesis.Contents",
        "parameters": [{"name": "streamName", "dataType": "Text", "required": true,
        "allowedValues": null}]}], "supportedCredentialTypes": ["Basic"], "supportedConnectionEncryptionTypes":
        ["NotEncrypted"], "supportsSkipTestConnection": true}, {"type": "MariaDBForPipeline",
        "creationMethods": [{"name": "MariaDBForPipeline.Database", "parameters":
        [{"name": "server", "dataType": "Text", "required": true, "allowedValues":
        null}, {"name": "database", "dataType": "Text", "required": true, "allowedValues":
        null}]}], "supportedCredentialTypes": ["Basic"], "supportedConnectionEncryptionTypes":
        ["NotEncrypted", "Encrypted"], "supportsSkipTestConnection": true}, {"type":
        "MicrosoftAccess", "creationMethods": [{"name": "MicrosoftAccess.Contents",
        "parameters": [{"name": "filePath", "dataType": "Text", "required": true,
        "allowedValues": null}]}], "supportedCredentialTypes": ["Anonymous", "Basic"],
        "supportedConnectionEncryptionTypes": ["NotEncrypted"], "supportsSkipTestConnection":
        true}, {"type": "MicrosoftOutlook", "creationMethods": [{"name": "MicrosoftOutlook.Actions",
        "parameters": []}], "supportedCredentialTypes": ["OAuth2", "ServicePrincipal"],
        "supportedConnectionEncryptionTypes": ["NotEncrypted"], "supportsSkipTestConnection":
        true}, {"type": "MicrosoftTeams", "creationMethods": [{"name": "MicrosoftTeams.Actions",
        "parameters": []}], "supportedCredentialTypes": ["OAuth2", "ServicePrincipal"],
        "supportedConnectionEncryptionTypes": ["NotEncrypted"], "supportsSkipTestConnection":
        true}, {"type": "MongoDBAtlasForPipeline", "creationMethods": [{"name": "MongoDBAtlasForPipeline.Database",
        "parameters": [{"name": "server", "dataType": "Text", "required": true, "allowedValues":
        null}, {"name": "cluster", "dataType": "Text", "required": false, "allowedValues":
        null}, {"name": "randomString", "dataType": "Text", "required": false, "allowedValues":
        null}]}], "supportedCredentialTypes": ["Basic"], "supportedConnectionEncryptionTypes":
        ["NotEncrypted"], "supportsSkipTestConnection": true}, {"type": "MongoDBForPipeline",
        "creationMethods": [{"name": "MongoDBForPipeline.Contents", "parameters":
        [{"name": "server", "dataType": "Text", "required": true, "allowedValues":
        null}]}], "supportedCredentialTypes": ["Basic"], "supportedConnectionEncryptionTypes":
        ["NotEncrypted"], "supportsSkipTestConnection": true}, {"type": "MQTT", "creationMethods":
        [{"name": "MQTT.Contents", "parameters": [{"name": "server", "dataType": "Text",
        "required": true, "allowedValues": null}]}], "supportedCredentialTypes": ["Basic"],
        "supportedConnectionEncryptionTypes": ["NotEncrypted"], "supportsSkipTestConnection":
        true}, {"type": "Notebook", "creationMethods": [{"name": "Notebook.Actions",
        "parameters": []}], "supportedCredentialTypes": ["OAuth2", "ServicePrincipal"],
        "supportedConnectionEncryptionTypes": ["NotEncrypted"], "supportsSkipTestConnection":
        true}, {"type": "OracleCloudStorage", "creationMethods": [{"name": "OracleCloudStorage.Contents",
        "parameters": [{"name": "APIEndpoint", "dataType": "Text", "required": true,
        "allowedValues": null}]}], "supportedCredentialTypes": ["Basic"], "supportedConnectionEncryptionTypes":
        ["NotEncrypted"], "supportsSkipTestConnection": true}, {"type": "PowerBIDatasets",
        "creationMethods": [{"name": "PowerBIDatasets.Actions", "parameters": []}],
        "supportedCredentialTypes": ["OAuth2", "ServicePrincipal"], "supportedConnectionEncryptionTypes":
        ["NotEncrypted"], "supportsSkipTestConnection": true}, {"type": "Presto",
        "creationMethods": [{"name": "Presto.Contents", "parameters": [{"name": "Server",
        "dataType": "Text", "required": true, "allowedValues": null}, {"name": "Catalog",
        "dataType": "Text", "required": true, "allowedValues": null}, {"name": "Timezone",
        "dataType": "Text", "required": false, "allowedValues": null}, {"name": "ServerCertificateValidation",
        "dataType": "Text", "required": false, "allowedValues": ["Enable", "Disable"]}]}],
        "supportedCredentialTypes": ["Anonymous", "Basic"], "supportedConnectionEncryptionTypes":
        ["NotEncrypted", "Encrypted"], "supportsSkipTestConnection": true}, {"type":
        "RestService", "creationMethods": [{"name": "RestService.Contents", "parameters":
        [{"name": "baseUrl", "dataType": "Text", "required": true, "allowedValues":
        null}, {"name": "audience", "dataType": "Text", "required": false, "allowedValues":
        null}]}], "supportedCredentialTypes": ["OAuth2", "Basic", "Anonymous", "ServicePrincipal"],
        "supportedConnectionEncryptionTypes": ["NotEncrypted"], "supportsSkipTestConnection":
        true}, {"type": "SalesforceServiceCloud", "creationMethods": [{"name": "SalesforceServiceCloud.Contents",
        "parameters": [{"name": "environmentURL", "dataType": "Text", "required":
        true, "allowedValues": null}]}], "supportedCredentialTypes": ["Basic"], "supportedConnectionEncryptionTypes":
        ["NotEncrypted"], "supportsSkipTestConnection": true}, {"type": "SAPBWOpenHubApplicationServer",
        "creationMethods": [{"name": "SAPBWOpenHubApplicationServer.Contents", "parameters":
        [{"name": "appServerName", "dataType": "Text", "required": true, "allowedValues":
        null}, {"name": "systemNumber", "dataType": "Text", "required": true, "allowedValues":
        null}, {"name": "clientID", "dataType": "Text", "required": true, "allowedValues":
        null}, {"name": "languageCode", "dataType": "Text", "required": false, "allowedValues":
        null}]}], "supportedCredentialTypes": ["Basic"], "supportedConnectionEncryptionTypes":
        ["NotEncrypted"], "supportsSkipTestConnection": true}, {"type": "SAPBWOpenHubMessageServer",
        "creationMethods": [{"name": "SAPBWOpenHubMessageServer.Contents", "parameters":
        [{"name": "messageServer", "dataType": "Text", "required": true, "allowedValues":
        null}, {"name": "clientID", "dataType": "Text", "required": true, "allowedValues":
        null}, {"name": "messageServerService", "dataType": "Text", "required": false,
        "allowedValues": null}, {"name": "systemID", "dataType": "Text", "required":
        false, "allowedValues": null}, {"name": "logonGroup", "dataType": "Text",
        "required": false, "allowedValues": null}, {"name": "languageCode", "dataType":
        "Text", "required": false, "allowedValues": null}]}], "supportedCredentialTypes":
        ["Basic"], "supportedConnectionEncryptionTypes": ["NotEncrypted"], "supportsSkipTestConnection":
        true}, {"type": "SAPTableApplicationServer", "creationMethods": [{"name":
        "SAPTableApplicationServer.Contents", "parameters": [{"name": "appServerName",
        "dataType": "Text", "required": true, "allowedValues": null}, {"name": "systemNumber",
        "dataType": "Text", "required": true, "allowedValues": null}, {"name": "clientID",
        "dataType": "Text", "required": true, "allowedValues": null}, {"name": "languageCode",
        "dataType": "Text", "required": false, "allowedValues": null}]}], "supportedCredentialTypes":
        ["Basic"], "supportedConnectionEncryptionTypes": ["NotEncrypted"], "supportsSkipTestConnection":
        true}, {"type": "SAPTableMessageServer", "creationMethods": [{"name": "SAPTableMessageServer.Contents",
        "parameters": [{"name": "messageServer", "dataType": "Text", "required": true,
        "allowedValues": null}, {"name": "clientID", "dataType": "Text", "required":
        true, "allowedValues": null}, {"name": "messageServerService", "dataType":
        "Text", "required": false, "allowedValues": null}, {"name": "systemID", "dataType":
        "Text", "required": false, "allowedValues": null}, {"name": "logonGroup",
        "dataType": "Text", "required": false, "allowedValues": null}, {"name": "languageCode",
        "dataType": "Text", "required": false, "allowedValues": null}]}], "supportedCredentialTypes":
        ["Basic"], "supportedConnectionEncryptionTypes": ["NotEncrypted"], "supportsSkipTestConnection":
        true}, {"type": "ServiceNow", "creationMethods": [{"name": "ServiceNow.Data",
        "parameters": [{"name": "instance", "dataType": "Text", "required": true,
        "allowedValues": null}]}], "supportedCredentialTypes": ["Basic"], "supportedConnectionEncryptionTypes":
        ["NotEncrypted"], "supportsSkipTestConnection": true}, {"type": "SFTP", "creationMethods":
        [{"name": "SFTP.Contents", "parameters": [{"name": "server", "dataType": "Text",
        "required": true, "allowedValues": null}, {"name": "fingerprint", "dataType":
        "Text", "required": false, "allowedValues": null}]}], "supportedCredentialTypes":
        ["Basic"], "supportedConnectionEncryptionTypes": ["NotEncrypted"], "supportsSkipTestConnection":
        true}, {"type": "ShortcutsExtensibilityTest", "creationMethods": [{"name":
        "ShortcutsExtensibilityTest.Contents", "parameters": [{"name": "baseUrl",
        "dataType": "Text", "required": true, "allowedValues": null}, {"name": "audience",
        "dataType": "Text", "required": false, "allowedValues": null}]}], "supportedCredentialTypes":
        ["Basic", "OAuth2"], "supportedConnectionEncryptionTypes": ["NotEncrypted"],
        "supportsSkipTestConnection": true}, {"type": "SolacePubsub", "creationMethods":
        [{"name": "SolacePubsub.Contents", "parameters": [{"name": "server", "dataType":
        "Text", "required": true, "allowedValues": null}]}], "supportedCredentialTypes":
        ["Basic"], "supportedConnectionEncryptionTypes": ["NotEncrypted"], "supportsSkipTestConnection":
        true}, {"type": "SparkJobDefinition", "creationMethods": [{"name": "SparkJobDefinition.Actions",
        "parameters": []}], "supportedCredentialTypes": ["OAuth2", "ServicePrincipal"],
        "supportedConnectionEncryptionTypes": ["NotEncrypted"], "supportsSkipTestConnection":
        true}, {"type": "SqlAnalyticsEndpoint", "creationMethods": [{"name": "SqlAnalyticsEndpoint.Actions",
        "parameters": []}], "supportedCredentialTypes": ["OAuth2"], "supportedConnectionEncryptionTypes":
        ["NotEncrypted"], "supportsSkipTestConnection": true}, {"type": "UserDataFunctions",
        "creationMethods": [{"name": "UserDataFunctions.Actions", "parameters": []}],
        "supportedCredentialTypes": ["OAuth2"], "supportedConnectionEncryptionTypes":
        ["NotEncrypted"], "supportsSkipTestConnection": true}, {"type": "WebForPipeline",
        "creationMethods": [{"name": "WebForPipeline.Contents", "parameters": [{"name":
        "baseUrl", "dataType": "Text", "required": true, "allowedValues": null}, {"name":
        "audience", "dataType": "Text", "required": false, "allowedValues": null}]}],
        "supportedCredentialTypes": ["OAuth2", "Basic", "Anonymous", "ServicePrincipal"],
        "supportedConnectionEncryptionTypes": ["NotEncrypted"], "supportsSkipTestConnection":
        true}, {"type": "AzureDevOpsSourceControl", "creationMethods": [{"name": "AzureDevOpsSourceControl.Contents",
        "parameters": [{"name": "url", "dataType": "Text", "required": true, "allowedValues":
        null}]}], "supportedCredentialTypes": ["OAuth2", "ServicePrincipal"], "supportedConnectionEncryptionTypes":
        ["NotEncrypted"], "supportsSkipTestConnection": true}, {"type": "GitHubSourceControl",
        "creationMethods": [{"name": "GitHubSourceControl.Contents", "parameters":
        [{"name": "url", "dataType": "Text", "required": false, "allowedValues": null}]}],
        "supportedCredentialTypes": ["Key"], "supportedConnectionEncryptionTypes":
        ["NotEncrypted"], "supportsSkipTestConnection": true}, {"type": "GoogleAds",
        "creationMethods": [{"name": "GoogleAds.Contents", "parameters": [{"name":
        "googleAdsApiVersion", "dataType": "Text", "required": true, "allowedValues":
        null}, {"name": "clientCustomerID", "dataType": "Text", "required": true,
        "allowedValues": null}, {"name": "loginCustomerID", "dataType": "Text", "required":
        false, "allowedValues": null}]}], "supportedCredentialTypes": ["OAuth2", "Basic"],
        "supportedConnectionEncryptionTypes": ["NotEncrypted"], "supportsSkipTestConnection":
        true}, {"type": "Microsoft365", "creationMethods": [{"name": "Microsoft365.Contents",
        "parameters": []}], "supportedCredentialTypes": ["OAuth2", "ServicePrincipal"],
        "supportedConnectionEncryptionTypes": ["NotEncrypted"], "supportsSkipTestConnection":
        true}, {"type": "QuickBooksForPipeline", "creationMethods": [{"name": "QuickBooksForPipeline.Contents",
        "parameters": [{"name": "endpoint", "dataType": "Text", "required": true,
        "allowedValues": ["https://sandbox-quickbooks.api.intuit.com", "https://quickbooks.api.intuit.com"]}]}],
        "supportedCredentialTypes": ["OAuth2"], "supportedConnectionEncryptionTypes":
        ["NotEncrypted"], "supportsSkipTestConnection": true}, {"type": "AriaConnector",
        "creationMethods": [{"name": "AriaDataConnector.GetCubes", "parameters": [{"name":
        "Project ID", "dataType": "Text", "required": true, "allowedValues": null},
        {"name": "interval", "dataType": "Text", "required": false, "allowedValues":
        ["Last hour", "Last 2 hours", "Last 4 hours", "Last 12 hours", "Last 24 hours",
        "Last 2 days", "Last 4 days", "Last week", "Last 2 weeks", "Last 4 weeks",
        "Last 8 weeks", "Last 12 weeks", "Last 30 days", "Last 60 days", "Last 90
        days", "Last 180 days"]}, {"name": "granularity", "dataType": "Text", "required":
        false, "allowedValues": ["Five seconds", "Ten seconds", "Five minutes", "One
        hour", "One day", "One week", "One month"]}]}], "supportedCredentialTypes":
        ["OAuth2"], "supportedConnectionEncryptionTypes": ["NotEncrypted"], "supportsSkipTestConnection":
        true}, {"type": "AzureEnterprise", "creationMethods": [{"name": "AzureEnterprise.Tables",
        "parameters": [{"name": "url", "dataType": "Text", "required": true, "allowedValues":
        null}]}], "supportedCredentialTypes": ["Key"], "supportedConnectionEncryptionTypes":
        ["NotEncrypted"], "supportsSkipTestConnection": true}, {"type": "CloudScope",
        "creationMethods": [{"name": "CloudScope.Contents", "parameters": []}], "supportedCredentialTypes":
        ["Key"], "supportedConnectionEncryptionTypes": ["NotEncrypted"], "supportsSkipTestConnection":
        true}, {"type": "CloudScopeInstagram", "creationMethods": [{"name": "CloudScopeInstagram.Contents",
        "parameters": []}], "supportedCredentialTypes": ["Key"], "supportedConnectionEncryptionTypes":
        ["NotEncrypted"], "supportsSkipTestConnection": true}, {"type": "comScore",
        "creationMethods": [{"name": "comScore.NavTable", "parameters": [{"name":
        "datacenter", "dataType": "Text", "required": true, "allowedValues": null},
        {"name": "client", "dataType": "Text", "required": true, "allowedValues":
        null}, {"name": "startDate", "dataType": "Date", "required": false, "allowedValues":
        null}, {"name": "endDate", "dataType": "Date", "required": false, "allowedValues":
        null}]}], "supportedCredentialTypes": ["Basic"], "supportedConnectionEncryptionTypes":
        ["NotEncrypted"], "supportsSkipTestConnection": true}, {"type": "InfinityConnector",
        "creationMethods": [{"name": "InfinityConnector.Contents", "parameters": []}],
        "supportedCredentialTypes": ["OAuth2"], "supportedConnectionEncryptionTypes":
        ["NotEncrypted"], "supportsSkipTestConnection": true}, {"type": "JDIConnector",
        "creationMethods": [{"name": "JDIConnector.Contents", "parameters": [{"name":
        "DataUrl", "dataType": "Text", "required": true, "allowedValues": null}]}],
        "supportedCredentialTypes": ["Basic"], "supportedConnectionEncryptionTypes":
        ["NotEncrypted"], "supportsSkipTestConnection": true}, {"type": "KaizalaAttendanceReports",
        "creationMethods": [{"name": "KaizalaAttendanceReports.Feed", "parameters":
        [{"name": "ContentPackName", "dataType": "Text", "required": true, "allowedValues":
        null}]}], "supportedCredentialTypes": ["OAuth2"], "supportedConnectionEncryptionTypes":
        ["NotEncrypted"], "supportsSkipTestConnection": true}, {"type": "KaizalaReports",
        "creationMethods": [{"name": "KaizalaReports.Feed", "parameters": [{"name":
        "MethodName", "dataType": "Text", "required": true, "allowedValues": null}]}],
        "supportedCredentialTypes": ["OAuth2"], "supportedConnectionEncryptionTypes":
        ["NotEncrypted"], "supportsSkipTestConnection": true}, {"type": "KaizalaSurveyReports",
        "creationMethods": [{"name": "KaizalaSurveyReports.Feed", "parameters": [{"name":
        "ContentPackName", "dataType": "Text", "required": true, "allowedValues":
        null}]}], "supportedCredentialTypes": ["OAuth2"], "supportedConnectionEncryptionTypes":
        ["NotEncrypted"], "supportsSkipTestConnection": true}, {"type": "AdMaD", "creationMethods":
        [{"name": "AdMaD.Feed", "parameters": [{"name": "url", "dataType": "Text",
        "required": true, "allowedValues": ["https://columnstoremt.azurewebsites.net/",
        "https://admadmt.azurewebsites.net/", "https://firebirdapi.azure-api.net/",
        "https://firebirdapptest.azurewebsites.net/"]}, {"name": "sourceName", "dataType":
        "Text", "required": false, "allowedValues": null}, {"name": "request", "dataType":
        "Text", "required": false, "allowedValues": null}]}], "supportedCredentialTypes":
        ["OAuth2"], "supportedConnectionEncryptionTypes": ["NotEncrypted"], "supportsSkipTestConnection":
        true}, {"type": "myob_ar", "creationMethods": [{"name": "myob_ar.GetCompanyFiles",
        "parameters": [{"name": "company", "dataType": "Text", "required": true, "allowedValues":
        null}]}], "supportedCredentialTypes": ["OAuth2"], "supportedConnectionEncryptionTypes":
        ["NotEncrypted"], "supportsSkipTestConnection": true}, {"type": "Office365Mon2",
        "creationMethods": [{"name": "Office365Mon.Outages.Feed", "parameters": []}],
        "supportedCredentialTypes": ["OAuth2"], "supportedConnectionEncryptionTypes":
        ["NotEncrypted"], "supportsSkipTestConnection": true}, {"type": "Plantronics",
        "creationMethods": [{"name": "Plantronics.Feed", "parameters": [{"name": "URL",
        "dataType": "Text", "required": true, "allowedValues": null}, {"name": "Tenant",
        "dataType": "Text", "required": true, "allowedValues": null}, {"name": "URL1",
        "dataType": "Text", "required": false, "allowedValues": null}, {"name": "URL2",
        "dataType": "Text", "required": false, "allowedValues": null}, {"name": "Parameters",
        "dataType": "Text", "required": false, "allowedValues": null}, {"name": "ElementsPerPage",
        "dataType": "Number", "required": false, "allowedValues": null}]}], "supportedCredentialTypes":
        ["Anonymous"], "supportedConnectionEncryptionTypes": ["NotEncrypted"], "supportsSkipTestConnection":
        true}, {"type": "ProductioneerMExt", "creationMethods": [{"name": "ProductioneerMExt.Contents",
        "parameters": [{"name": "CompanyName", "dataType": "Text", "required": true,
        "allowedValues": null}, {"name": "endpoint", "dataType": "Text", "required":
        true, "allowedValues": null}, {"name": "StartDate", "dataType": "Text", "required":
        true, "allowedValues": null}]}], "supportedCredentialTypes": ["Basic"], "supportedConnectionEncryptionTypes":
        ["NotEncrypted"], "supportsSkipTestConnection": true}, {"type": "ProjectIntelligence",
        "creationMethods": [{"name": "ProjectIntelligence.Service", "parameters":
        [{"name": "ShareAdvanceWebAddress", "dataType": "Text", "required": true,
        "allowedValues": null}, {"name": "Dimension", "dataType": "Text", "required":
        false, "allowedValues": null}, {"name": "DataType", "dataType": "Text", "required":
        false, "allowedValues": null}]}], "supportedCredentialTypes": ["Key"], "supportedConnectionEncryptionTypes":
        ["NotEncrypted"], "supportsSkipTestConnection": true}, {"type": "QuestionPro",
        "creationMethods": [{"name": "QuestionPro.Contents", "parameters": [{"name":
        "access_id", "dataType": "Text", "required": true, "allowedValues": null}]}],
        "supportedCredentialTypes": ["Key"], "supportedConnectionEncryptionTypes":
        ["NotEncrypted"], "supportsSkipTestConnection": true}, {"type": "ScopevisioPowerBICon",
        "creationMethods": [{"name": "ScopevisioPowerBICon.Contents", "parameters":
        []}], "supportedCredentialTypes": ["OAuth2"], "supportedConnectionEncryptionTypes":
        ["NotEncrypted"], "supportsSkipTestConnection": true}, {"type": "SentryOne",
        "creationMethods": [{"name": "SentryOne.Tables", "parameters": []}], "supportedCredentialTypes":
        ["OAuth2"], "supportedConnectionEncryptionTypes": ["NotEncrypted"], "supportsSkipTestConnection":
        true}, {"type": "SpotlightCloudReports", "creationMethods": [{"name": "SpotlightCloudReports.Contents",
        "parameters": [{"name": "url", "dataType": "Text", "required": true, "allowedValues":
        null}]}], "supportedCredentialTypes": ["OAuth2"], "supportedConnectionEncryptionTypes":
        ["NotEncrypted"], "supportsSkipTestConnection": true}, {"type": "Timelog",
        "creationMethods": [{"name": "Timelog.Tables", "parameters": [{"name": "SiteCode",
        "dataType": "Text", "required": true, "allowedValues": null}, {"name": "ApiID",
        "dataType": "Text", "required": true, "allowedValues": null}, {"name": "ApiPassword",
        "dataType": "Text", "required": true, "allowedValues": null}, {"name": "URLAccountName",
        "dataType": "Text", "required": true, "allowedValues": null}, {"name": "DefaultNumberAccount",
        "dataType": "Text", "required": true, "allowedValues": null}, {"name": "CurrentMonthOnly",
        "dataType": "Text", "required": true, "allowedValues": null}]}], "supportedCredentialTypes":
        ["Anonymous"], "supportedConnectionEncryptionTypes": ["NotEncrypted"], "supportsSkipTestConnection":
        true}, {"type": "UserVoice", "creationMethods": [{"name": "UserVoice.Tables",
        "parameters": [{"name": "url", "dataType": "Text", "required": true, "allowedValues":
        null}]}], "supportedCredentialTypes": ["OAuth2"], "supportedConnectionEncryptionTypes":
        ["NotEncrypted"], "supportsSkipTestConnection": true}, {"type": "WtsParadigm",
        "creationMethods": [{"name": "WtsParadigm.GetDefaultData", "parameters": []}],
        "supportedCredentialTypes": ["Basic"], "supportedConnectionEncryptionTypes":
        ["NotEncrypted"], "supportsSkipTestConnection": true}, {"type": "Xero", "creationMethods":
        [{"name": "Xero.Contents", "parameters": [{"name": "urlInput", "dataType":
        "Text", "required": true, "allowedValues": null}, {"name": "countInput", "dataType":
        "Number", "required": false, "allowedValues": null}, {"name": "company", "dataType":
        "Text", "required": false, "allowedValues": null}, {"name": "tenantId", "dataType":
        "Text", "required": false, "allowedValues": null}]}], "supportedCredentialTypes":
        ["OAuth2"], "supportedConnectionEncryptionTypes": ["NotEncrypted"], "supportsSkipTestConnection":
        true}, {"type": "AdminInsights", "creationMethods": [{"name": "AdminInsights.GetAzureBlobContents",
        "parameters": [{"name": "_workload", "dataType": "Text", "required": true,
        "allowedValues": null}, {"name": "_fileType", "dataType": "Text", "required":
        true, "allowedValues": null}, {"name": "_version", "dataType": "Text", "required":
        true, "allowedValues": null}, {"name": "_rangeStart", "dataType": "Text",
        "required": true, "allowedValues": null}, {"name": "_rangeEnd", "dataType":
        "Text", "required": true, "allowedValues": null}, {"name": "_desktopHostContainerUrl",
        "dataType": "Text", "required": false, "allowedValues": null}]}], "supportedCredentialTypes":
        ["OAuth2"], "supportedConnectionEncryptionTypes": ["NotEncrypted"], "supportsSkipTestConnection":
        true}, {"type": "AutoPremium", "creationMethods": [{"name": "AutoPremium.GetMetricsData",
        "parameters": [{"name": "url", "dataType": "Text", "required": true, "allowedValues":
        null}, {"name": "isPbiAdmin", "dataType": "Boolean", "required": false, "allowedValues":
        null}]}], "supportedCredentialTypes": ["OAuth2"], "supportedConnectionEncryptionTypes":
        ["NotEncrypted"], "supportsSkipTestConnection": true}, {"type": "CapacityMetricsCES",
        "creationMethods": [{"name": "CapacityMetricsCES.GetMetricsData", "parameters":
        [{"name": "_queryName", "dataType": "Text", "required": true, "allowedValues":
        null}, {"name": "_capacityId", "dataType": "Text", "required": true, "allowedValues":
        null}, {"name": "_tenantId", "dataType": "Text", "required": true, "allowedValues":
        null}, {"name": "_ago", "dataType": "Text", "required": true, "allowedValues":
        null}, {"name": "_cluster", "dataType": "Text", "required": true, "allowedValues":
        null}, {"name": "_database", "dataType": "Text", "required": true, "allowedValues":
        null}, {"name": "_utcOffset", "dataType": "Number", "required": false, "allowedValues":
        null}, {"name": "_releaseType", "dataType": "Text", "required": false, "allowedValues":
        null}, {"name": "_localTimepoint", "dataType": "Text", "required": false,
        "allowedValues": null}, {"name": "_byPassAdminCheckForTenantAdmin", "dataType":
        "Boolean", "required": false, "allowedValues": null}, {"name": "_shouldMaskUser",
        "dataType": "Boolean", "required": false, "allowedValues": null}, {"name":
        "_targetCesRegion", "dataType": "Text", "required": false, "allowedValues":
        null}, {"name": "_startDate", "dataType": "Text", "required": false, "allowedValues":
        null}, {"name": "_endDate", "dataType": "Text", "required": false, "allowedValues":
        null}, {"name": "_uniqueKey", "dataType": "Text", "required": false, "allowedValues":
        null}, {"name": "_artifactId", "dataType": "Text", "required": false, "allowedValues":
        null}, {"name": "_workspaceId", "dataType": "Text", "required": false, "allowedValues":
        null}, {"name": "_operationName", "dataType": "Text", "required": false, "allowedValues":
        null}, {"name": "_operationId", "dataType": "Text", "required": false, "allowedValues":
        null}, {"name": "_user", "dataType": "Text", "required": false, "allowedValues":
        null}, {"name": "_status", "dataType": "Text", "required": false, "allowedValues":
        null}, {"name": "_isOverride", "dataType": "Text", "required": false, "allowedValues":
        null}, {"name": "_aggCuThreshold", "dataType": "Number", "required": false,
        "allowedValues": null}, {"name": "_experience", "dataType": "Text", "required":
        false, "allowedValues": null}]}], "supportedCredentialTypes": ["OAuth2"],
        "supportedConnectionEncryptionTypes": ["NotEncrypted"], "supportsSkipTestConnection":
        true}, {"type": "Goals", "creationMethods": [{"name": "Goals.GetScorecardData",
        "parameters": [{"name": "scorecardId", "dataType": "Text", "required": true,
        "allowedValues": null}, {"name": "top", "dataType": "Number", "required":
        false, "allowedValues": null}]}], "supportedCredentialTypes": ["OAuth2"],
        "supportedConnectionEncryptionTypes": ["NotEncrypted"], "supportsSkipTestConnection":
        true}, {"type": "MetricsCES", "creationMethods": [{"name": "MetricsCES.GetMetricsData",
        "parameters": [{"name": "_capacityId", "dataType": "Text", "required": true,
        "allowedValues": null}, {"name": "_database", "dataType": "Text", "required":
        true, "allowedValues": null}, {"name": "_ago", "dataType": "Text", "required":
        true, "allowedValues": null}, {"name": "_hour", "dataType": "Text", "required":
        true, "allowedValues": null}, {"name": "_kustoUri", "dataType": "Text", "required":
        true, "allowedValues": null}]}], "supportedCredentialTypes": ["OAuth2"], "supportedConnectionEncryptionTypes":
        ["NotEncrypted"], "supportsSkipTestConnection": true}, {"type": "MetricsDataConnector",
        "creationMethods": [{"name": "MetricsDataConnector.GetMetricsData", "parameters":
        [{"name": "url", "dataType": "Text", "required": true, "allowedValues": null},
        {"name": "isPbiAdmin", "dataType": "Boolean", "required": false, "allowedValues":
        null}]}], "supportedCredentialTypes": ["OAuth2"], "supportedConnectionEncryptionTypes":
        ["NotEncrypted"], "supportsSkipTestConnection": true}, {"type": "MicrosoftCallQuality",
        "creationMethods": [{"name": "MicrosoftCallQuality.GenerateTable", "parameters":
        [{"name": "tenantId", "dataType": "Text", "required": false, "allowedValues":
        null}, {"name": "filters", "dataType": "Text", "required": false, "allowedValues":
        null}]}], "supportedCredentialTypes": ["OAuth2"], "supportedConnectionEncryptionTypes":
        ["NotEncrypted"], "supportsSkipTestConnection": true}, {"type": "UsageMetricsDataConnector",
        "creationMethods": [{"name": "UsageMetricsDataConnector.GetMetricsData", "parameters":
        [{"name": "url", "dataType": "Text", "required": true, "allowedValues": null}]}],
        "supportedCredentialTypes": ["OAuth2"], "supportedConnectionEncryptionTypes":
        ["NotEncrypted"], "supportsSkipTestConnection": true}, {"type": "UsageMetricsCES",
        "creationMethods": [{"name": "UsageMetricsCES.Contents", "parameters": [{"name":
        "_tenantId", "dataType": "Text", "required": true, "allowedValues": null},
        {"name": "_workspaceId", "dataType": "Text", "required": true, "allowedValues":
        null}, {"name": "_database", "dataType": "Text", "required": true, "allowedValues":
        null}, {"name": "_ago", "dataType": "Text", "required": true, "allowedValues":
        null}, {"name": "_hour", "dataType": "Text", "required": true, "allowedValues":
        null}, {"name": "_kustoUri", "dataType": "Text", "required": true, "allowedValues":
        null}]}], "supportedCredentialTypes": ["OAuth2"], "supportedConnectionEncryptionTypes":
        ["NotEncrypted"], "supportsSkipTestConnection": true}, {"type": "ElasticSearch",
        "creationMethods": [{"name": "ElasticSearch.Database", "parameters": [{"name":
        "url", "dataType": "Text", "required": true, "allowedValues": null}, {"name":
        "keyColumnName", "dataType": "Text", "required": false, "allowedValues": null}]}],
        "supportedCredentialTypes": ["Basic", "Anonymous"], "supportedConnectionEncryptionTypes":
        ["NotEncrypted"], "supportsSkipTestConnection": true}, {"type": "Looker",
        "creationMethods": [{"name": "Looker.DataSource", "parameters": [{"name":
        "Host", "dataType": "Text", "required": true, "allowedValues": null}, {"name":
        "ShowHidden", "dataType": "Boolean", "required": false, "allowedValues": ["true",
        "false"]}, {"name": "EnableLogging", "dataType": "Boolean", "required": false,
        "allowedValues": ["true", "false"]}]}], "supportedCredentialTypes": ["OAuth2"],
        "supportedConnectionEncryptionTypes": ["NotEncrypted"], "supportsSkipTestConnection":
        true}]}'
    headers:
      Access-Control-Expose-Headers:
      - RequestId
      Cache-Control:
      - no-store, must-revalidate, no-cache
      Content-Encoding:
      - gzip
      Content-Length:
      - '8017'
      Content-Type:
      - application/json; charset=utf-8
      Date:
      - Wed, 03 Sep 2025 06:51:25 GMT
      Pragma:
      - no-cache
      RequestId:
      - f6d387c5-3ecc-4398-af10-1c7d5f6532f3
      Strict-Transport-Security:
      - max-age=31536000; includeSubDomains
      X-Content-Type-Options:
      - nosniff
      X-Frame-Options:
      - deny
      home-cluster-uri:
      - https://wabi-west-europe-redirect.analysis.windows.net/
      request-redirected:
      - 'true'
    status:
      code: 200
      message: OK
- request:
    body: '{"description": "Created by fab", "displayName": "fabcli000002", "connectivityType":
      "VirtualNetworkGateway", "gatewayId": "f7c93889-76d7-4ac7-8345-89f683ca7c45",
      "privacyLevel": "None", "connectionDetails": "mock_request_connection_details",
      "credentialDetails": "mocked_credential_details"}'
    headers:
      Accept:
      - '*/*'
      Accept-Encoding:
      - gzip, deflate
      Connection:
      - keep-alive
      Content-Length:
      - '630'
      Content-Type:
      - application/json
      User-Agent:
      - ms-fabric-cli-test/1.0.0
    method: POST
    uri: https://api.fabric.microsoft.com/v1/connections
  response:
    body:
      string: '{"gatewayId": "f7c93889-76d7-4ac7-8345-89f683ca7c45", "id": "f5acd122-3b6f-46dd-ba63-e9c25090d9f5",
        "displayName": "fabcli000002", "connectivityType": "VirtualNetworkGateway",
        "connectionDetails": {"path": "mocked_sql_server_server.database.windows.net;mocked_sql_server_database",
        "type": "SQL"}, "privacyLevel": "None", "credentialDetails": "mocked_credential_details"}'
    headers:
      Access-Control-Expose-Headers:
      - RequestId,Location
      Cache-Control:
      - no-store, must-revalidate, no-cache
      Content-Encoding:
      - gzip
      Content-Length:
      - '284'
      Content-Type:
      - application/json; charset=utf-8
      Date:
      - Wed, 03 Sep 2025 06:52:11 GMT
      Location:
      - https://api.fabric.microsoft.com/v1/connections/f5acd122-3b6f-46dd-ba63-e9c25090d9f5
      Pragma:
      - no-cache
      RequestId:
      - 89ced1dc-f846-4066-9fc7-c8f5ae2f8d00
      Strict-Transport-Security:
      - max-age=31536000; includeSubDomains
      X-Content-Type-Options:
      - nosniff
      X-Frame-Options:
      - deny
      home-cluster-uri:
      - https://wabi-west-europe-redirect.analysis.windows.net/
      request-redirected:
      - 'true'
    status:
      code: 201
      message: Created
- request:
    body: null
    headers:
      Accept:
      - '*/*'
      Accept-Encoding:
      - gzip, deflate
      Connection:
      - keep-alive
      Content-Type:
      - application/json
      User-Agent:
      - ms-fabric-cli-test/1.0.0
    method: GET
    uri: https://api.fabric.microsoft.com/v1/connections
  response:
    body:
      string: '{"value": [{"gatewayId": "f7c93889-76d7-4ac7-8345-89f683ca7c45", "id":
        "f5acd122-3b6f-46dd-ba63-e9c25090d9f5", "displayName": "fabcli000002", "connectivityType":
        "VirtualNetworkGateway", "connectionDetails": {"path": "mocked_sql_server_server.database.windows.net;mocked_sql_server_database",
        "type": "SQL"}, "privacyLevel": "None", "credentialDetails": "mocked_credential_details"}]}'
    headers:
      Access-Control-Expose-Headers:
      - RequestId
      Cache-Control:
      - no-store, must-revalidate, no-cache
      Content-Encoding:
      - gzip
      Content-Length:
      - '296'
      Content-Type:
      - application/json; charset=utf-8
      Date:
      - Wed, 03 Sep 2025 06:52:12 GMT
      Pragma:
      - no-cache
      RequestId:
      - af2c9689-4a6a-455f-af34-95bba7f49992
      Strict-Transport-Security:
      - max-age=31536000; includeSubDomains
      X-Content-Type-Options:
      - nosniff
      X-Frame-Options:
      - deny
      home-cluster-uri:
      - https://wabi-west-europe-redirect.analysis.windows.net/
      request-redirected:
      - 'true'
    status:
      code: 200
      message: OK
- request:
    body: null
    headers:
      Accept:
      - '*/*'
      Accept-Encoding:
      - gzip, deflate
      Connection:
      - keep-alive
      Content-Type:
      - application/json
      User-Agent:
      - ms-fabric-cli-test/1.0.0
    method: GET
    uri: https://api.fabric.microsoft.com/v1/connections/f5acd122-3b6f-46dd-ba63-e9c25090d9f5
  response:
    body:
      string: '{"gatewayId": "f7c93889-76d7-4ac7-8345-89f683ca7c45", "id": "f5acd122-3b6f-46dd-ba63-e9c25090d9f5",
        "displayName": "fabcli000002", "connectivityType": "VirtualNetworkGateway",
        "connectionDetails": {"path": "mocked_sql_server_server.database.windows.net;mocked_sql_server_database",
        "type": "SQL"}, "privacyLevel": "None", "credentialDetails": "mocked_credential_details"}'
    headers:
      Access-Control-Expose-Headers:
      - RequestId
      Cache-Control:
      - no-store, must-revalidate, no-cache
      Content-Encoding:
      - gzip
      Content-Length:
      - '284'
      Content-Type:
      - application/json; charset=utf-8
      Date:
      - Wed, 03 Sep 2025 06:52:12 GMT
      Pragma:
      - no-cache
      RequestId:
      - 3c902ab2-5ef7-4fa2-89ce-7b1e75e1f638
      Strict-Transport-Security:
      - max-age=31536000; includeSubDomains
      X-Content-Type-Options:
      - nosniff
      X-Frame-Options:
      - deny
      home-cluster-uri:
      - https://wabi-west-europe-redirect.analysis.windows.net/
      request-redirected:
      - 'true'
    status:
      code: 200
      message: OK
- request:
    body: null
    headers:
      Accept:
      - '*/*'
      Accept-Encoding:
      - gzip, deflate
      Connection:
      - keep-alive
      Content-Type:
      - application/json
      User-Agent:
      - ms-fabric-cli-test/1.0.0
    method: GET
    uri: https://api.fabric.microsoft.com/v1/connections
  response:
    body:
      string: '{"value": [{"gatewayId": "f7c93889-76d7-4ac7-8345-89f683ca7c45", "id":
        "f5acd122-3b6f-46dd-ba63-e9c25090d9f5", "displayName": "fabcli000002", "connectivityType":
        "VirtualNetworkGateway", "connectionDetails": {"path": "mocked_sql_server_server.database.windows.net;mocked_sql_server_database",
        "type": "SQL"}, "privacyLevel": "None", "credentialDetails": "mocked_credential_details"}]}'
    headers:
      Access-Control-Expose-Headers:
      - RequestId
      Cache-Control:
      - no-store, must-revalidate, no-cache
      Content-Encoding:
      - gzip
      Content-Length:
      - '296'
      Content-Type:
      - application/json; charset=utf-8
      Date:
      - Wed, 03 Sep 2025 06:52:13 GMT
      Pragma:
      - no-cache
      RequestId:
      - 14a0ad29-8656-4447-8fa3-7495a147ce2c
      Strict-Transport-Security:
      - max-age=31536000; includeSubDomains
      X-Content-Type-Options:
      - nosniff
      X-Frame-Options:
      - deny
      home-cluster-uri:
      - https://wabi-west-europe-redirect.analysis.windows.net/
      request-redirected:
      - 'true'
    status:
      code: 200
      message: OK
- request:
    body: null
    headers:
      Accept:
      - '*/*'
      Accept-Encoding:
      - gzip, deflate
      Connection:
      - keep-alive
      Content-Length:
      - '0'
      Content-Type:
      - application/json
      User-Agent:
      - ms-fabric-cli-test/1.0.0
    method: DELETE
    uri: https://api.fabric.microsoft.com/v1/connections/f5acd122-3b6f-46dd-ba63-e9c25090d9f5
  response:
    body:
      string: ''
    headers:
      Access-Control-Expose-Headers:
      - RequestId
      Cache-Control:
      - no-store, must-revalidate, no-cache
      Content-Encoding:
      - gzip
      Content-Length:
      - '0'
      Content-Type:
      - application/octet-stream
      Date:
      - Wed, 03 Sep 2025 06:52:12 GMT
      Pragma:
      - no-cache
      RequestId:
      - ea6f8251-1526-4ba9-adb6-8114e508619c
      Strict-Transport-Security:
      - max-age=31536000; includeSubDomains
      X-Content-Type-Options:
      - nosniff
      X-Frame-Options:
      - deny
      home-cluster-uri:
      - https://wabi-west-europe-redirect.analysis.windows.net/
      request-redirected:
      - 'true'
    status:
      code: 200
      message: OK
- request:
    body: null
    headers:
      Accept:
      - '*/*'
      Accept-Encoding:
      - gzip, deflate
      Connection:
      - keep-alive
      Content-Type:
      - application/json
      User-Agent:
      - ms-fabric-cli-test/1.0.0
    method: GET
    uri: https://api.fabric.microsoft.com/v1/gateways
  response:
    body:
      string: '{"value": [{"displayName": "fabcli000001", "capacityId": "00000000-0000-0000-0000-000000000004",
        "virtualNetworkAzureResource": {"virtualNetworkName": "mocked_fabriccli_vnet_name",
        "subnetName": "mocked_fabriccli_vnet_subnet", "resourceGroupName": "mocked_fabriccli_resource_group",
        "subscriptionId": "00000000-0000-0000-0000-000000000000"}, "inactivityMinutesBeforeSleep":
        30, "numberOfMemberGateways": 1, "id": "f7c93889-76d7-4ac7-8345-89f683ca7c45",
        "type": "VirtualNetwork"}]}'
    headers:
      Access-Control-Expose-Headers:
      - RequestId
      Cache-Control:
      - no-store, must-revalidate, no-cache
      Content-Encoding:
      - gzip
      Content-Length:
      - '299'
      Content-Type:
      - application/json; charset=utf-8
      Date:
      - Wed, 03 Sep 2025 06:52:14 GMT
      Pragma:
      - no-cache
      RequestId:
      - d8856bab-e688-47f5-89e7-dc8e8ec7c431
      Strict-Transport-Security:
      - max-age=31536000; includeSubDomains
      X-Content-Type-Options:
      - nosniff
      X-Frame-Options:
      - deny
      home-cluster-uri:
      - https://wabi-west-europe-redirect.analysis.windows.net/
      request-redirected:
      - 'true'
    status:
      code: 200
      message: OK
- request:
    body: null
    headers:
      Accept:
      - '*/*'
      Accept-Encoding:
      - gzip, deflate
      Connection:
      - keep-alive
      Content-Length:
      - '0'
      Content-Type:
      - application/json
      User-Agent:
      - ms-fabric-cli-test/1.0.0
    method: DELETE
    uri: https://api.fabric.microsoft.com/v1/gateways/f7c93889-76d7-4ac7-8345-89f683ca7c45
  response:
    body:
      string: ''
    headers:
      Access-Control-Expose-Headers:
      - RequestId
      Cache-Control:
      - no-store, must-revalidate, no-cache
      Content-Encoding:
      - gzip
      Content-Length:
      - '0'
      Content-Type:
      - application/octet-stream
      Date:
      - Wed, 03 Sep 2025 06:52:20 GMT
      Pragma:
      - no-cache
      RequestId:
      - c7e079b5-7c27-49ce-9cc9-8cca8478c9f0
      Strict-Transport-Security:
      - max-age=31536000; includeSubDomains
      X-Content-Type-Options:
      - nosniff
      X-Frame-Options:
      - deny
      home-cluster-uri:
      - https://wabi-west-europe-redirect.analysis.windows.net/
      request-redirected:
      - 'true'
    status:
      code: 200
      message: OK
version: 1
