interactions:
- request:
    body: null
    headers:
      Accept:
      - '*/*'
      Accept-Encoding:
      - gzip, deflate
      Connection:
      - keep-alive
      Content-Type:
      - application/json
      User-Agent:
      - ms-fabric-cli-test/1.0.0
    method: GET
    uri: https://api.fabric.microsoft.com/v1/workspaces
  response:
    body:
      string: '{"value": [{"id": "94da8ea5-0bd6-4a9e-b717-5fdb482f4c71", "displayName":
        "My workspace", "description": "", "type": "Personal"}, {"id": "e90776ff-42ae-4f92-b45d-25c3d375832b",
        "displayName": "fabriccli_WorkspacePerTestclass_000001", "description": "Created
        by fab", "type": "Workspace", "capacityId": "00000000-0000-0000-0000-000000000004"}]}'
    headers:
      Access-Control-Expose-Headers:
      - RequestId
      Cache-Control:
      - no-store, must-revalidate, no-cache
      Content-Encoding:
      - gzip
      Content-Length:
      - '359'
      Content-Type:
      - application/json; charset=utf-8
      Date:
      - Wed, 03 Sep 2025 06:37:28 GMT
      Pragma:
      - no-cache
      RequestId:
      - 4d5ff808-9887-4e67-8460-e9f72e984363
      Strict-Transport-Security:
      - max-age=31536000; includeSubDomains
      X-Content-Type-Options:
      - nosniff
      X-Frame-Options:
      - deny
      home-cluster-uri:
      - https://wabi-west-europe-redirect.analysis.windows.net/
      request-redirected:
      - 'true'
    status:
      code: 200
      message: OK
- request:
    body: null
    headers:
      Accept:
      - '*/*'
      Accept-Encoding:
      - gzip, deflate
      Connection:
      - keep-alive
      Content-Type:
      - application/json
      User-Agent:
      - ms-fabric-cli-test/1.0.0
    method: GET
    uri: https://api.fabric.microsoft.com/v1/workspaces/e90776ff-42ae-4f92-b45d-25c3d375832b/items
  response:
    body:
      string: '{"value": []}'
    headers:
      Access-Control-Expose-Headers:
      - RequestId
      Cache-Control:
      - no-store, must-revalidate, no-cache
      Content-Encoding:
      - gzip
      Content-Length:
      - '32'
      Content-Type:
      - application/json; charset=utf-8
      Date:
      - Wed, 03 Sep 2025 06:37:28 GMT
      Pragma:
      - no-cache
      RequestId:
      - ee55ca72-222e-4850-a3bc-acb0df457309
      Strict-Transport-Security:
      - max-age=31536000; includeSubDomains
      X-Content-Type-Options:
      - nosniff
      X-Frame-Options:
      - deny
      home-cluster-uri:
      - https://wabi-west-europe-redirect.analysis.windows.net/
      request-redirected:
      - 'true'
    status:
      code: 200
      message: OK
- request:
    body: null
    headers:
      Accept:
      - '*/*'
      Accept-Encoding:
      - gzip, deflate
      Connection:
      - keep-alive
      Content-Type:
      - application/json
      User-Agent:
      - ms-fabric-cli-test/1.0.0
    method: GET
    uri: https://api.fabric.microsoft.com/v1/workspaces/e90776ff-42ae-4f92-b45d-25c3d375832b/items
  response:
    body:
      string: '{"value": []}'
    headers:
      Access-Control-Expose-Headers:
      - RequestId
      Cache-Control:
      - no-store, must-revalidate, no-cache
      Content-Encoding:
      - gzip
      Content-Length:
      - '32'
      Content-Type:
      - application/json; charset=utf-8
      Date:
      - Wed, 03 Sep 2025 06:37:29 GMT
      Pragma:
      - no-cache
      RequestId:
      - b62cac68-6934-4abc-b8d5-440ce690cba2
      Strict-Transport-Security:
      - max-age=31536000; includeSubDomains
      X-Content-Type-Options:
      - nosniff
      X-Frame-Options:
      - deny
      home-cluster-uri:
      - https://wabi-west-europe-redirect.analysis.windows.net/
      request-redirected:
      - 'true'
    status:
      code: 200
      message: OK
- request:
    body: '{"description": "Created by fab", "displayName": "fabcli000001", "type":
      "Lakehouse", "folderId": null}'
    headers:
      Accept:
      - '*/*'
      Accept-Encoding:
      - gzip, deflate
      Connection:
      - keep-alive
      Content-Length:
      - '107'
      Content-Type:
      - application/json
      User-Agent:
      - ms-fabric-cli-test/1.0.0
    method: POST
    uri: https://api.fabric.microsoft.com/v1/workspaces/e90776ff-42ae-4f92-b45d-25c3d375832b/lakehouses
  response:
    body:
      string: '{"id": "a5748ef8-331f-405e-a550-560b6fb9467d", "type": "Lakehouse",
        "displayName": "fabcli000001", "description": "Created by fab", "workspaceId":
        "e90776ff-42ae-4f92-b45d-25c3d375832b"}'
    headers:
      Access-Control-Expose-Headers:
      - RequestId,ETag
      Cache-Control:
      - no-store, must-revalidate, no-cache
      Content-Encoding:
      - gzip
      Content-Length:
      - '168'
      Content-Type:
      - application/json; charset=utf-8
      Date:
      - Wed, 03 Sep 2025 06:37:30 GMT
      ETag:
      - '""'
      Pragma:
      - no-cache
      RequestId:
      - 03f7ab54-8a52-4e16-a831-ccf48cdc52ba
      Strict-Transport-Security:
      - max-age=31536000; includeSubDomains
      X-Content-Type-Options:
      - nosniff
      X-Frame-Options:
      - deny
      home-cluster-uri:
      - https://wabi-west-europe-redirect.analysis.windows.net/
      request-redirected:
      - 'true'
    status:
      code: 201
      message: Created
- request:
    body: null
    headers:
      Accept:
      - '*/*'
      Accept-Encoding:
      - gzip, deflate
      Connection:
      - keep-alive
      Content-Type:
      - application/json
      User-Agent:
      - ms-fabric-cli-test/1.0.0
    method: GET
    uri: https://api.fabric.microsoft.com/v1/workspaces
  response:
    body:
      string: '{"value": [{"id": "94da8ea5-0bd6-4a9e-b717-5fdb482f4c71", "displayName":
        "My workspace", "description": "", "type": "Personal"}, {"id": "e90776ff-42ae-4f92-b45d-25c3d375832b",
        "displayName": "fabriccli_WorkspacePerTestclass_000001", "description": "Created
        by fab", "type": "Workspace", "capacityId": "00000000-0000-0000-0000-000000000004"}]}'
    headers:
      Access-Control-Expose-Headers:
      - RequestId
      Cache-Control:
      - no-store, must-revalidate, no-cache
      Content-Encoding:
      - gzip
      Content-Length:
      - '359'
      Content-Type:
      - application/json; charset=utf-8
      Date:
      - Wed, 03 Sep 2025 06:37:31 GMT
      Pragma:
      - no-cache
      RequestId:
      - 96600f14-22a7-4bb8-a993-a24aba51d7e6
      Strict-Transport-Security:
      - max-age=31536000; includeSubDomains
      X-Content-Type-Options:
      - nosniff
      X-Frame-Options:
      - deny
      home-cluster-uri:
      - https://wabi-west-europe-redirect.analysis.windows.net/
      request-redirected:
      - 'true'
    status:
      code: 200
      message: OK
- request:
    body: null
    headers:
      Accept:
      - '*/*'
      Accept-Encoding:
      - gzip, deflate
      Connection:
      - keep-alive
      Content-Type:
      - application/json
      User-Agent:
      - ms-fabric-cli-test/1.0.0
    method: GET
    uri: https://api.fabric.microsoft.com/v1/workspaces/e90776ff-42ae-4f92-b45d-25c3d375832b/items
  response:
    body:
      string: '{"value": [{"id": "a5748ef8-331f-405e-a550-560b6fb9467d", "type": "Lakehouse",
        "displayName": "fabcli000001", "description": "Created by fab", "workspaceId":
        "e90776ff-42ae-4f92-b45d-25c3d375832b"}]}'
    headers:
      Access-Control-Expose-Headers:
      - RequestId
      Cache-Control:
      - no-store, must-revalidate, no-cache
      Content-Encoding:
      - gzip
      Content-Length:
      - '179'
      Content-Type:
      - application/json; charset=utf-8
      Date:
      - Wed, 03 Sep 2025 06:37:31 GMT
      Pragma:
      - no-cache
      RequestId:
      - 2b708ddc-e588-4b5f-b476-40f7be229520
      Strict-Transport-Security:
      - max-age=31536000; includeSubDomains
      X-Content-Type-Options:
      - nosniff
      X-Frame-Options:
      - deny
      home-cluster-uri:
      - https://wabi-west-europe-redirect.analysis.windows.net/
      request-redirected:
      - 'true'
    status:
      code: 200
      message: OK
- request:
    body: null
    headers:
      Accept:
      - '*/*'
      Accept-Encoding:
      - gzip, deflate
      Connection:
      - keep-alive
      Content-Length:
      - '0'
      Content-Type:
      - application/json
      If-None-Match:
      - '*'
      User-Agent:
      - ms-fabric-cli-test/1.0.0
    method: PUT
    uri: https://onelake.dfs.fabric.microsoft.com/e90776ff-42ae-4f92-b45d-25c3d375832b/a5748ef8-331f-405e-a550-560b6fb9467d/Files/?resource=directory
  response:
    body:
      string: '{"error": {"code": "PathAlreadyExists", "message": "The specified path
        already exists.\nRequestId:a7c9bd2c-f01f-0050-1f9d-1cf7f3000000\nTime:2025-09-03T06:37:32.4665227Z"}}'
    headers:
      Access-Control-Allow-Headers:
      - '*'
      Access-Control-Allow-Methods:
      - '*'
      Access-Control-Allow-Origin:
      - '*'
      Access-Control-Expose-Headers:
      - '*,Authorization'
      Content-Length:
      - '168'
      Content-Type:
      - application/json
      Date:
      - Wed, 03 Sep 2025 06:37:31 GMT
      Server:
      - Windows-Azure-HDFS/1.0,Microsoft-HTTPAPI/2.0 Microsoft-HTTPAPI/2.0 Microsoft-HTTPAPI/2.0
      Strict-Transport-Security:
      - max-age=31536000; includeSubDomains
      X-Content-Type-Options:
      - nosniff
      x-ms-error-code:
      - PathAlreadyExists
    status:
      code: 409
      message: The specified path already exists.
- request:
    body: null
    headers:
      Accept:
      - '*/*'
      Accept-Encoding:
      - gzip, deflate
      Connection:
      - keep-alive
      Content-Type:
      - application/json
      User-Agent:
      - ms-fabric-cli-test/1.0.0
    method: GET
    uri: https://api.fabric.microsoft.com/v1/workspaces
  response:
    body:
      string: '{"value": [{"id": "94da8ea5-0bd6-4a9e-b717-5fdb482f4c71", "displayName":
        "My workspace", "description": "", "type": "Personal"}, {"id": "e90776ff-42ae-4f92-b45d-25c3d375832b",
        "displayName": "fabriccli_WorkspacePerTestclass_000001", "description": "Created
        by fab", "type": "Workspace", "capacityId": "00000000-0000-0000-0000-000000000004"}]}'
    headers:
      Access-Control-Expose-Headers:
      - RequestId
      Cache-Control:
      - no-store, must-revalidate, no-cache
      Content-Encoding:
      - gzip
      Content-Length:
      - '359'
      Content-Type:
      - application/json; charset=utf-8
      Date:
      - Wed, 03 Sep 2025 06:37:32 GMT
      Pragma:
      - no-cache
      RequestId:
      - 9df447ea-ff81-4434-a8ce-fa2b8067ec64
      Strict-Transport-Security:
      - max-age=31536000; includeSubDomains
      X-Content-Type-Options:
      - nosniff
      X-Frame-Options:
      - deny
      home-cluster-uri:
      - https://wabi-west-europe-redirect.analysis.windows.net/
      request-redirected:
      - 'true'
    status:
      code: 200
      message: OK
- request:
    body: null
    headers:
      Accept:
      - '*/*'
      Accept-Encoding:
      - gzip, deflate
      Connection:
      - keep-alive
      Content-Type:
      - application/json
      User-Agent:
      - ms-fabric-cli-test/1.0.0
    method: GET
    uri: https://api.fabric.microsoft.com/v1/workspaces/e90776ff-42ae-4f92-b45d-25c3d375832b/items
  response:
    body:
      string: '{"value": [{"id": "a5748ef8-331f-405e-a550-560b6fb9467d", "type": "Lakehouse",
        "displayName": "fabcli000001", "description": "Created by fab", "workspaceId":
        "e90776ff-42ae-4f92-b45d-25c3d375832b"}]}'
    headers:
      Access-Control-Expose-Headers:
      - RequestId
      Cache-Control:
      - no-store, must-revalidate, no-cache
      Content-Encoding:
      - gzip
      Content-Length:
      - '179'
      Content-Type:
      - application/json; charset=utf-8
      Date:
      - Wed, 03 Sep 2025 06:37:32 GMT
      Pragma:
      - no-cache
      RequestId:
      - e9464f41-2add-444d-a1bc-2e10e5c43044
      Strict-Transport-Security:
      - max-age=31536000; includeSubDomains
      X-Content-Type-Options:
      - nosniff
      X-Frame-Options:
      - deny
      home-cluster-uri:
      - https://wabi-west-europe-redirect.analysis.windows.net/
      request-redirected:
      - 'true'
    status:
      code: 200
      message: OK
- request:
    body: null
    headers:
      Accept:
      - '*/*'
      Accept-Encoding:
      - gzip, deflate
      Connection:
      - keep-alive
      Content-Length:
      - '0'
      Content-Type:
      - application/json
      User-Agent:
      - ms-fabric-cli-test/1.0.0
    method: DELETE
    uri: https://api.fabric.microsoft.com/v1/workspaces/e90776ff-42ae-4f92-b45d-25c3d375832b/items/a5748ef8-331f-405e-a550-560b6fb9467d
  response:
    body:
      string: ''
    headers:
      Access-Control-Expose-Headers:
      - RequestId
      Cache-Control:
      - no-store, must-revalidate, no-cache
      Content-Encoding:
      - gzip
      Content-Length:
      - '0'
      Content-Type:
      - application/octet-stream
      Date:
      - Wed, 03 Sep 2025 06:37:32 GMT
      Pragma:
      - no-cache
      RequestId:
      - aa871f21-dcab-45d5-9028-a28944ff7dbd
      Strict-Transport-Security:
      - max-age=31536000; includeSubDomains
      X-Content-Type-Options:
      - nosniff
      X-Frame-Options:
      - deny
      home-cluster-uri:
      - https://wabi-west-europe-redirect.analysis.windows.net/
      request-redirected:
      - 'true'
    status:
      code: 200
      message: OK
version: 1
