interactions:
- request:
    body: null
    headers:
      Accept:
      - '*/*'
      Accept-Encoding:
      - gzip, deflate
      Connection:
      - keep-alive
      Content-Type:
      - application/json
      User-Agent:
      - ms-fabric-cli-test/1.3.1
    method: GET
    uri: https://api.fabric.microsoft.com/v1/workspaces
  response:
    body:
      string: '{"value": [{"id": "3634a139-2c9e-4205-910b-3b089a31be47", "displayName":
        "My workspace", "description": "", "type": "Personal"}, {"id": "0cfd9c66-3bf0-4e43-8257-4b76aa86581e",
        "displayName": "fabriccli_WorkspacePerTestclass_000001", "description": "Created
        by fab", "type": "Workspace", "capacityId": "00000000-0000-0000-0000-000000000004"}]}'
    headers:
      Access-Control-Expose-Headers:
      - RequestId
      Cache-Control:
      - no-store, must-revalidate, no-cache
      Content-Encoding:
      - gzip
      Content-Length:
      - '2303'
      Content-Type:
      - application/json; charset=utf-8
      Date:
      - Thu, 29 Jan 2026 08:54:06 GMT
      Pragma:
      - no-cache
      RequestId:
      - c30f689b-3f3b-4218-be56-78ab1e37b19c
      Strict-Transport-Security:
      - max-age=31536000; includeSubDomains
      X-Content-Type-Options:
      - nosniff
      X-Frame-Options:
      - deny
      home-cluster-uri:
      - https://wabi-us-central-b-primary-redirect.analysis.windows.net/
      request-redirected:
      - 'true'
    status:
      code: 200
      message: OK
- request:
    body: null
    headers:
      Accept:
      - '*/*'
      Accept-Encoding:
      - gzip, deflate
      Connection:
      - keep-alive
      Content-Type:
      - application/json
      User-Agent:
      - ms-fabric-cli-test/1.3.1
    method: GET
    uri: https://api.fabric.microsoft.com/v1/workspaces/0cfd9c66-3bf0-4e43-8257-4b76aa86581e/items
  response:
    body:
      string: '{"value": [{"id": "8ff3aa09-ab5f-4bd0-8dfe-7e76102342f2", "type": "SemanticModel",
        "displayName": "fabcli000001_auto", "description": "", "workspaceId": "0cfd9c66-3bf0-4e43-8257-4b76aa86581e"},
        {"id": "e452ddb1-e702-4539-a178-c2f645e9bfd8", "type": "SemanticModel", "displayName":
        "fabcli000001_auto", "description": "", "workspaceId": "0cfd9c66-3bf0-4e43-8257-4b76aa86581e"},
        {"id": "bb9752a8-14cb-4138-948a-7da1ec17007b", "type": "SemanticModel", "displayName":
        "fabcli000001_auto", "description": "", "workspaceId": "0cfd9c66-3bf0-4e43-8257-4b76aa86581e"},
        {"id": "ef2fc02e-6cb7-4813-b293-f5d5b98c5d9a", "type": "SQLEndpoint", "displayName":
        "StagingLakehouseForDataflows_20260129083942", "description": "", "workspaceId":
        "0cfd9c66-3bf0-4e43-8257-4b76aa86581e"}, {"id": "d74d91a8-7679-40a2-9962-55e3d3aefda2",
        "type": "Warehouse", "displayName": "StagingWarehouseForDataflows_20260129084026",
        "description": "", "workspaceId": "0cfd9c66-3bf0-4e43-8257-4b76aa86581e"},
        {"id": "de097e11-61fb-4a7c-9730-8db9949b3010", "type": "SQLEndpoint", "displayName":
        "StagingLakehouseForDataflows_20260129084943", "description": "", "workspaceId":
        "0cfd9c66-3bf0-4e43-8257-4b76aa86581e"}, {"id": "3971e34d-6c02-410f-ac5e-1acf5b59f575",
        "type": "Warehouse", "displayName": "StagingWarehouseForDataflows_20260129084958",
        "description": "", "workspaceId": "0cfd9c66-3bf0-4e43-8257-4b76aa86581e"},
        {"id": "49b99e73-f31e-473d-9fe4-085031b70124", "type": "Lakehouse", "displayName":
        "StagingLakehouseForDataflows_20260129083942", "description": "", "workspaceId":
        "0cfd9c66-3bf0-4e43-8257-4b76aa86581e"}, {"id": "36526887-cebc-4179-a3ae-fcdd374245d0",
        "type": "Lakehouse", "displayName": "StagingLakehouseForDataflows_20260129084943",
        "description": "", "workspaceId": "0cfd9c66-3bf0-4e43-8257-4b76aa86581e"}]}'
    headers:
      Access-Control-Expose-Headers:
      - RequestId
      Cache-Control:
      - no-store, must-revalidate, no-cache
      Content-Encoding:
      - gzip
      Content-Length:
      - '489'
      Content-Type:
      - application/json; charset=utf-8
      Date:
      - Thu, 29 Jan 2026 08:54:07 GMT
      Pragma:
      - no-cache
      RequestId:
      - 67a9938a-f2a7-4b40-a57c-16fcfc3fd8f7
      Strict-Transport-Security:
      - max-age=31536000; includeSubDomains
      X-Content-Type-Options:
      - nosniff
      X-Frame-Options:
      - deny
      home-cluster-uri:
      - https://wabi-us-central-b-primary-redirect.analysis.windows.net/
      request-redirected:
      - 'true'
    status:
      code: 200
      message: OK
- request:
    body: null
    headers:
      Accept:
      - '*/*'
      Accept-Encoding:
      - gzip, deflate
      Connection:
      - keep-alive
      Content-Type:
      - application/json
      User-Agent:
      - ms-fabric-cli-test/1.3.1
    method: GET
    uri: https://api.fabric.microsoft.com/v1/workspaces/0cfd9c66-3bf0-4e43-8257-4b76aa86581e/items
  response:
    body:
      string: '{"value": [{"id": "8ff3aa09-ab5f-4bd0-8dfe-7e76102342f2", "type": "SemanticModel",
        "displayName": "fabcli000001_auto", "description": "", "workspaceId": "0cfd9c66-3bf0-4e43-8257-4b76aa86581e"},
        {"id": "e452ddb1-e702-4539-a178-c2f645e9bfd8", "type": "SemanticModel", "displayName":
        "fabcli000001_auto", "description": "", "workspaceId": "0cfd9c66-3bf0-4e43-8257-4b76aa86581e"},
        {"id": "bb9752a8-14cb-4138-948a-7da1ec17007b", "type": "SemanticModel", "displayName":
        "fabcli000001_auto", "description": "", "workspaceId": "0cfd9c66-3bf0-4e43-8257-4b76aa86581e"},
        {"id": "ef2fc02e-6cb7-4813-b293-f5d5b98c5d9a", "type": "SQLEndpoint", "displayName":
        "StagingLakehouseForDataflows_20260129083942", "description": "", "workspaceId":
        "0cfd9c66-3bf0-4e43-8257-4b76aa86581e"}, {"id": "d74d91a8-7679-40a2-9962-55e3d3aefda2",
        "type": "Warehouse", "displayName": "StagingWarehouseForDataflows_20260129084026",
        "description": "", "workspaceId": "0cfd9c66-3bf0-4e43-8257-4b76aa86581e"},
        {"id": "de097e11-61fb-4a7c-9730-8db9949b3010", "type": "SQLEndpoint", "displayName":
        "StagingLakehouseForDataflows_20260129084943", "description": "", "workspaceId":
        "0cfd9c66-3bf0-4e43-8257-4b76aa86581e"}, {"id": "3971e34d-6c02-410f-ac5e-1acf5b59f575",
        "type": "Warehouse", "displayName": "StagingWarehouseForDataflows_20260129084958",
        "description": "", "workspaceId": "0cfd9c66-3bf0-4e43-8257-4b76aa86581e"},
        {"id": "49b99e73-f31e-473d-9fe4-085031b70124", "type": "Lakehouse", "displayName":
        "StagingLakehouseForDataflows_20260129083942", "description": "", "workspaceId":
        "0cfd9c66-3bf0-4e43-8257-4b76aa86581e"}, {"id": "36526887-cebc-4179-a3ae-fcdd374245d0",
        "type": "Lakehouse", "displayName": "StagingLakehouseForDataflows_20260129084943",
        "description": "", "workspaceId": "0cfd9c66-3bf0-4e43-8257-4b76aa86581e"}]}'
    headers:
      Access-Control-Expose-Headers:
      - RequestId
      Cache-Control:
      - no-store, must-revalidate, no-cache
      Content-Encoding:
      - gzip
      Content-Length:
      - '489'
      Content-Type:
      - application/json; charset=utf-8
      Date:
      - Thu, 29 Jan 2026 08:54:07 GMT
      Pragma:
      - no-cache
      RequestId:
      - 8232dd71-d3f8-4d6e-8b43-dfe50854c8ce
      Strict-Transport-Security:
      - max-age=31536000; includeSubDomains
      X-Content-Type-Options:
      - nosniff
      X-Frame-Options:
      - deny
      home-cluster-uri:
      - https://wabi-us-central-b-primary-redirect.analysis.windows.net/
      request-redirected:
      - 'true'
    status:
      code: 200
      message: OK
version: 1
