interactions:
- request:
    body: null
    headers:
      Accept:
      - '*/*'
      Accept-Encoding:
      - gzip, deflate
      Connection:
      - keep-alive
      Content-Type:
      - application/json
      User-Agent:
      - ms-fabric-cli-test/1.0.0
    method: GET
    uri: https://api.fabric.microsoft.com/v1/workspaces
  response:
    body:
      string: '{"value": [{"id": "94da8ea5-0bd6-4a9e-b717-5fdb482f4c71", "displayName":
        "My workspace", "description": "", "type": "Personal"}, {"id": "06f43994-b54c-4021-98d0-1efb0a5742cc",
        "displayName": "fabriccli_WorkspacePerTestclass_000001", "description": "Created
        by fab", "type": "Workspace", "capacityId": "00000000-0000-0000-0000-000000000004"}]}'
    headers:
      Access-Control-Expose-Headers:
      - RequestId
      Cache-Control:
      - no-store, must-revalidate, no-cache
      Content-Encoding:
      - gzip
      Content-Length:
      - '357'
      Content-Type:
      - application/json; charset=utf-8
      Date:
      - Wed, 03 Sep 2025 05:54:16 GMT
      Pragma:
      - no-cache
      RequestId:
      - 04ba0ffc-8053-479a-be9d-24d10af3106b
      Strict-Transport-Security:
      - max-age=31536000; includeSubDomains
      X-Content-Type-Options:
      - nosniff
      X-Frame-Options:
      - deny
      home-cluster-uri:
      - https://wabi-west-europe-redirect.analysis.windows.net/
      request-redirected:
      - 'true'
    status:
      code: 200
      message: OK
- request:
    body: null
    headers:
      Accept:
      - '*/*'
      Accept-Encoding:
      - gzip, deflate
      Connection:
      - keep-alive
      Content-Type:
      - application/json
      User-Agent:
      - ms-fabric-cli-test/1.0.0
    method: GET
    uri: https://api.fabric.microsoft.com/v1/workspaces/06f43994-b54c-4021-98d0-1efb0a5742cc/items
  response:
    body:
      string: '{"value": []}'
    headers:
      Access-Control-Expose-Headers:
      - RequestId
      Cache-Control:
      - no-store, must-revalidate, no-cache
      Content-Encoding:
      - gzip
      Content-Length:
      - '32'
      Content-Type:
      - application/json; charset=utf-8
      Date:
      - Wed, 03 Sep 2025 05:54:17 GMT
      Pragma:
      - no-cache
      RequestId:
      - e3e4b791-c3eb-4cbe-a3e9-368c62f6d49b
      Strict-Transport-Security:
      - max-age=31536000; includeSubDomains
      X-Content-Type-Options:
      - nosniff
      X-Frame-Options:
      - deny
      home-cluster-uri:
      - https://wabi-west-europe-redirect.analysis.windows.net/
      request-redirected:
      - 'true'
    status:
      code: 200
      message: OK
- request:
    body: null
    headers:
      Accept:
      - '*/*'
      Accept-Encoding:
      - gzip, deflate
      Connection:
      - keep-alive
      Content-Type:
      - application/json
      User-Agent:
      - ms-fabric-cli-test/1.0.0
    method: GET
    uri: https://api.fabric.microsoft.com/v1/workspaces/06f43994-b54c-4021-98d0-1efb0a5742cc/items
  response:
    body:
      string: '{"value": []}'
    headers:
      Access-Control-Expose-Headers:
      - RequestId
      Cache-Control:
      - no-store, must-revalidate, no-cache
      Content-Encoding:
      - gzip
      Content-Length:
      - '32'
      Content-Type:
      - application/json; charset=utf-8
      Date:
      - Wed, 03 Sep 2025 05:54:17 GMT
      Pragma:
      - no-cache
      RequestId:
      - 96922811-bd8f-454c-bf82-5ac275402fb3
      Strict-Transport-Security:
      - max-age=31536000; includeSubDomains
      X-Content-Type-Options:
      - nosniff
      X-Frame-Options:
      - deny
      home-cluster-uri:
      - https://wabi-west-europe-redirect.analysis.windows.net/
      request-redirected:
      - 'true'
    status:
      code: 200
      message: OK
- request:
    body: '{"description": "Created by fab", "displayName": "fabcli000001", "type":
      "Warehouse", "folderId": null, "creationPayload": {"defaultCollation": "Latin1_General_100_BIN2_UTF8"}}'
    headers:
      Accept:
      - '*/*'
      Accept-Encoding:
      - gzip, deflate
      Connection:
      - keep-alive
      Content-Length:
      - '180'
      Content-Type:
      - application/json
      User-Agent:
      - ms-fabric-cli-test/1.0.0
    method: POST
    uri: https://api.fabric.microsoft.com/v1/workspaces/06f43994-b54c-4021-98d0-1efb0a5742cc/warehouses
  response:
    body:
      string: 'null'
    headers:
      Access-Control-Expose-Headers:
      - RequestId,Location,Retry-After,ETag,x-ms-operation-id
      Cache-Control:
      - no-store, must-revalidate, no-cache
      Content-Encoding:
      - gzip
      Content-Length:
      - '24'
      Content-Type:
      - application/json; charset=utf-8
      Date:
      - Wed, 03 Sep 2025 05:54:17 GMT
      ETag:
      - '""'
      Location:
      - https://wabi-west-europe-redirect.analysis.windows.net/v1/operations/ea4c889f-2d5d-4a88-9574-90e9fbb4f22a
      Pragma:
      - no-cache
      RequestId:
      - 2b734e64-8e8c-4719-8bd6-91c4caaf1261
      Retry-After:
      - '20'
      Strict-Transport-Security:
      - max-age=31536000; includeSubDomains
      X-Content-Type-Options:
      - nosniff
      X-Frame-Options:
      - deny
      home-cluster-uri:
      - https://wabi-west-europe-redirect.analysis.windows.net/
      request-redirected:
      - 'true'
      x-ms-operation-id:
      - ea4c889f-2d5d-4a88-9574-90e9fbb4f22a
    status:
      code: 202
      message: Accepted
- request:
    body: null
    headers:
      Accept:
      - '*/*'
      Accept-Encoding:
      - gzip, deflate
      Connection:
      - keep-alive
      Content-Type:
      - application/json
      User-Agent:
      - ms-fabric-cli-test/1.0.0
    method: GET
    uri: https://wabi-west-europe-redirect.analysis.windows.net/v1/operations/ea4c889f-2d5d-4a88-9574-90e9fbb4f22a
  response:
    body:
      string: '{"status": "Running", "createdTimeUtc": "2025-09-03T05:54:18.4597114",
        "lastUpdatedTimeUtc": "2025-09-03T05:54:18.4597114", "percentComplete": null,
        "error": null}'
    headers:
      Access-Control-Expose-Headers:
      - RequestId,Location,Retry-After,x-ms-operation-id
      Cache-Control:
      - no-store, must-revalidate, no-cache
      Content-Encoding:
      - gzip
      Content-Length:
      - '122'
      Content-Type:
      - application/json; charset=utf-8
      Date:
      - Wed, 03 Sep 2025 05:54:18 GMT
      Location:
      - https://wabi-west-europe-redirect.analysis.windows.net/v1/operations/ea4c889f-2d5d-4a88-9574-90e9fbb4f22a
      Pragma:
      - no-cache
      RequestId:
      - 6ca7e666-dc84-4028-9978-4ea15528188f
      Retry-After:
      - '20'
      Strict-Transport-Security:
      - max-age=31536000; includeSubDomains
      X-Content-Type-Options:
      - nosniff
      X-Frame-Options:
      - deny
      x-ms-operation-id:
      - ea4c889f-2d5d-4a88-9574-90e9fbb4f22a
    status:
      code: 200
      message: OK
- request:
    body: null
    headers:
      Accept:
      - '*/*'
      Accept-Encoding:
      - gzip, deflate
      Connection:
      - keep-alive
      Content-Type:
      - application/json
      User-Agent:
      - ms-fabric-cli-test/1.0.0
    method: GET
    uri: https://wabi-west-europe-redirect.analysis.windows.net/v1/operations/ea4c889f-2d5d-4a88-9574-90e9fbb4f22a
  response:
    body:
      string: '{"status": "Running", "createdTimeUtc": "2025-09-03T05:54:18.4597114",
        "lastUpdatedTimeUtc": "2025-09-03T05:54:18.4597114", "percentComplete": null,
        "error": null}'
    headers:
      Access-Control-Expose-Headers:
      - RequestId,Location,Retry-After,x-ms-operation-id
      Cache-Control:
      - no-store, must-revalidate, no-cache
      Content-Encoding:
      - gzip
      Content-Length:
      - '122'
      Content-Type:
      - application/json; charset=utf-8
      Date:
      - Wed, 03 Sep 2025 05:54:17 GMT
      Location:
      - https://wabi-west-europe-redirect.analysis.windows.net/v1/operations/ea4c889f-2d5d-4a88-9574-90e9fbb4f22a
      Pragma:
      - no-cache
      RequestId:
      - dc0fbabe-13e7-4afe-a5d9-f65b73d57b08
      Retry-After:
      - '20'
      Strict-Transport-Security:
      - max-age=31536000; includeSubDomains
      X-Content-Type-Options:
      - nosniff
      X-Frame-Options:
      - deny
      x-ms-operation-id:
      - ea4c889f-2d5d-4a88-9574-90e9fbb4f22a
    status:
      code: 200
      message: OK
- request:
    body: null
    headers:
      Accept:
      - '*/*'
      Accept-Encoding:
      - gzip, deflate
      Connection:
      - keep-alive
      Content-Type:
      - application/json
      User-Agent:
      - ms-fabric-cli-test/1.0.0
    method: GET
    uri: https://wabi-west-europe-redirect.analysis.windows.net/v1/operations/ea4c889f-2d5d-4a88-9574-90e9fbb4f22a
  response:
    body:
      string: '{"status": "Running", "createdTimeUtc": "2025-09-03T05:54:18.4597114",
        "lastUpdatedTimeUtc": "2025-09-03T05:54:18.4597114", "percentComplete": null,
        "error": null}'
    headers:
      Access-Control-Expose-Headers:
      - RequestId,Location,Retry-After,x-ms-operation-id
      Cache-Control:
      - no-store, must-revalidate, no-cache
      Content-Encoding:
      - gzip
      Content-Length:
      - '122'
      Content-Type:
      - application/json; charset=utf-8
      Date:
      - Wed, 03 Sep 2025 05:54:18 GMT
      Location:
      - https://wabi-west-europe-redirect.analysis.windows.net/v1/operations/ea4c889f-2d5d-4a88-9574-90e9fbb4f22a
      Pragma:
      - no-cache
      RequestId:
      - 13b74410-2a8c-4d6f-9175-3cefd220f16c
      Retry-After:
      - '20'
      Strict-Transport-Security:
      - max-age=31536000; includeSubDomains
      X-Content-Type-Options:
      - nosniff
      X-Frame-Options:
      - deny
      x-ms-operation-id:
      - ea4c889f-2d5d-4a88-9574-90e9fbb4f22a
    status:
      code: 200
      message: OK
- request:
    body: null
    headers:
      Accept:
      - '*/*'
      Accept-Encoding:
      - gzip, deflate
      Connection:
      - keep-alive
      Content-Type:
      - application/json
      User-Agent:
      - ms-fabric-cli-test/1.0.0
    method: GET
    uri: https://wabi-west-europe-redirect.analysis.windows.net/v1/operations/ea4c889f-2d5d-4a88-9574-90e9fbb4f22a
  response:
    body:
      string: '{"status": "Running", "createdTimeUtc": "2025-09-03T05:54:18.4597114",
        "lastUpdatedTimeUtc": "2025-09-03T05:54:18.4597114", "percentComplete": null,
        "error": null}'
    headers:
      Access-Control-Expose-Headers:
      - RequestId,Location,Retry-After,x-ms-operation-id
      Cache-Control:
      - no-store, must-revalidate, no-cache
      Content-Encoding:
      - gzip
      Content-Length:
      - '122'
      Content-Type:
      - application/json; charset=utf-8
      Date:
      - Wed, 03 Sep 2025 05:54:20 GMT
      Location:
      - https://wabi-west-europe-redirect.analysis.windows.net/v1/operations/ea4c889f-2d5d-4a88-9574-90e9fbb4f22a
      Pragma:
      - no-cache
      RequestId:
      - 91059e22-3eca-4433-b53f-282603231340
      Retry-After:
      - '20'
      Strict-Transport-Security:
      - max-age=31536000; includeSubDomains
      X-Content-Type-Options:
      - nosniff
      X-Frame-Options:
      - deny
      x-ms-operation-id:
      - ea4c889f-2d5d-4a88-9574-90e9fbb4f22a
    status:
      code: 200
      message: OK
- request:
    body: null
    headers:
      Accept:
      - '*/*'
      Accept-Encoding:
      - gzip, deflate
      Connection:
      - keep-alive
      Content-Type:
      - application/json
      User-Agent:
      - ms-fabric-cli-test/1.0.0
    method: GET
    uri: https://wabi-west-europe-redirect.analysis.windows.net/v1/operations/ea4c889f-2d5d-4a88-9574-90e9fbb4f22a
  response:
    body:
      string: '{"status": "Running", "createdTimeUtc": "2025-09-03T05:54:18.4597114",
        "lastUpdatedTimeUtc": "2025-09-03T05:54:18.4597114", "percentComplete": null,
        "error": null}'
    headers:
      Access-Control-Expose-Headers:
      - RequestId,Location,Retry-After,x-ms-operation-id
      Cache-Control:
      - no-store, must-revalidate, no-cache
      Content-Encoding:
      - gzip
      Content-Length:
      - '122'
      Content-Type:
      - application/json; charset=utf-8
      Date:
      - Wed, 03 Sep 2025 05:54:23 GMT
      Location:
      - https://wabi-west-europe-redirect.analysis.windows.net/v1/operations/ea4c889f-2d5d-4a88-9574-90e9fbb4f22a
      Pragma:
      - no-cache
      RequestId:
      - 9c3a6ee4-b903-4f81-b0a9-fcdf0e8305f0
      Retry-After:
      - '20'
      Strict-Transport-Security:
      - max-age=31536000; includeSubDomains
      X-Content-Type-Options:
      - nosniff
      X-Frame-Options:
      - deny
      x-ms-operation-id:
      - ea4c889f-2d5d-4a88-9574-90e9fbb4f22a
    status:
      code: 200
      message: OK
- request:
    body: null
    headers:
      Accept:
      - '*/*'
      Accept-Encoding:
      - gzip, deflate
      Connection:
      - keep-alive
      Content-Type:
      - application/json
      User-Agent:
      - ms-fabric-cli-test/1.0.0
    method: GET
    uri: https://wabi-west-europe-redirect.analysis.windows.net/v1/operations/ea4c889f-2d5d-4a88-9574-90e9fbb4f22a
  response:
    body:
      string: '{"status": "Running", "createdTimeUtc": "2025-09-03T05:54:18.4597114",
        "lastUpdatedTimeUtc": "2025-09-03T05:54:18.4597114", "percentComplete": null,
        "error": null}'
    headers:
      Access-Control-Expose-Headers:
      - RequestId,Location,Retry-After,x-ms-operation-id
      Cache-Control:
      - no-store, must-revalidate, no-cache
      Content-Encoding:
      - gzip
      Content-Length:
      - '122'
      Content-Type:
      - application/json; charset=utf-8
      Date:
      - Wed, 03 Sep 2025 05:54:31 GMT
      Location:
      - https://wabi-west-europe-redirect.analysis.windows.net/v1/operations/ea4c889f-2d5d-4a88-9574-90e9fbb4f22a
      Pragma:
      - no-cache
      RequestId:
      - f1bf6899-2b8f-453a-86ff-709156f288fe
      Retry-After:
      - '20'
      Strict-Transport-Security:
      - max-age=31536000; includeSubDomains
      X-Content-Type-Options:
      - nosniff
      X-Frame-Options:
      - deny
      x-ms-operation-id:
      - ea4c889f-2d5d-4a88-9574-90e9fbb4f22a
    status:
      code: 200
      message: OK
- request:
    body: null
    headers:
      Accept:
      - '*/*'
      Accept-Encoding:
      - gzip, deflate
      Connection:
      - keep-alive
      Content-Type:
      - application/json
      User-Agent:
      - ms-fabric-cli-test/1.0.0
    method: GET
    uri: https://wabi-west-europe-redirect.analysis.windows.net/v1/operations/ea4c889f-2d5d-4a88-9574-90e9fbb4f22a
  response:
    body:
      string: '{"status": "Succeeded", "createdTimeUtc": "2025-09-03T05:54:18.4597114",
        "lastUpdatedTimeUtc": "2025-09-03T05:54:40.1193075", "percentComplete": 100,
        "error": null}'
    headers:
      Access-Control-Expose-Headers:
      - RequestId,Location,x-ms-operation-id
      Cache-Control:
      - no-store, must-revalidate, no-cache
      Content-Encoding:
      - gzip
      Content-Length:
      - '132'
      Content-Type:
      - application/json; charset=utf-8
      Date:
      - Wed, 03 Sep 2025 05:54:47 GMT
      Location:
      - https://wabi-west-europe-redirect.analysis.windows.net/v1/operations/ea4c889f-2d5d-4a88-9574-90e9fbb4f22a/result
      Pragma:
      - no-cache
      RequestId:
      - cc026c5e-9942-4c2c-b5c6-f183303cb8ed
      Strict-Transport-Security:
      - max-age=31536000; includeSubDomains
      X-Content-Type-Options:
      - nosniff
      X-Frame-Options:
      - deny
      x-ms-operation-id:
      - ea4c889f-2d5d-4a88-9574-90e9fbb4f22a
    status:
      code: 200
      message: OK
- request:
    body: null
    headers:
      Accept:
      - '*/*'
      Accept-Encoding:
      - gzip, deflate
      Connection:
      - keep-alive
      Content-Type:
      - application/json
      User-Agent:
      - ms-fabric-cli-test/1.0.0
    method: GET
    uri: https://wabi-west-europe-redirect.analysis.windows.net/v1/operations/ea4c889f-2d5d-4a88-9574-90e9fbb4f22a/result
  response:
    body:
      string: '{"id": "6fc9e68c-b1a0-4b6b-b483-f68325e149f8", "type": "Warehouse",
        "displayName": "fabcli000001", "description": "Created by fab", "workspaceId":
        "06f43994-b54c-4021-98d0-1efb0a5742cc"}'
    headers:
      Access-Control-Expose-Headers:
      - RequestId
      Cache-Control:
      - no-store, must-revalidate, no-cache
      Content-Encoding:
      - gzip
      Content-Type:
      - application/json
      Date:
      - Wed, 03 Sep 2025 05:54:48 GMT
      Pragma:
      - no-cache
      RequestId:
      - c00e6d2b-52fa-48c9-9a6d-77b483f2eaae
      Strict-Transport-Security:
      - max-age=31536000; includeSubDomains
      Transfer-Encoding:
      - chunked
      X-Content-Type-Options:
      - nosniff
      X-Frame-Options:
      - deny
    status:
      code: 200
      message: OK
- request:
    body: null
    headers:
      Accept:
      - '*/*'
      Accept-Encoding:
      - gzip, deflate
      Connection:
      - keep-alive
      Content-Type:
      - application/json
      User-Agent:
      - ms-fabric-cli-test/1.0.0
    method: GET
    uri: https://api.fabric.microsoft.com/v1/workspaces
  response:
    body:
      string: '{"value": [{"id": "94da8ea5-0bd6-4a9e-b717-5fdb482f4c71", "displayName":
        "My workspace", "description": "", "type": "Personal"}, {"id": "06f43994-b54c-4021-98d0-1efb0a5742cc",
        "displayName": "fabriccli_WorkspacePerTestclass_000001", "description": "Created
        by fab", "type": "Workspace", "capacityId": "00000000-0000-0000-0000-000000000004"}]}'
    headers:
      Access-Control-Expose-Headers:
      - RequestId
      Cache-Control:
      - no-store, must-revalidate, no-cache
      Content-Encoding:
      - gzip
      Content-Length:
      - '357'
      Content-Type:
      - application/json; charset=utf-8
      Date:
      - Wed, 03 Sep 2025 05:54:47 GMT
      Pragma:
      - no-cache
      RequestId:
      - 14ca8412-27a1-4d3e-ba94-332767f8b045
      Strict-Transport-Security:
      - max-age=31536000; includeSubDomains
      X-Content-Type-Options:
      - nosniff
      X-Frame-Options:
      - deny
      home-cluster-uri:
      - https://wabi-west-europe-redirect.analysis.windows.net/
      request-redirected:
      - 'true'
    status:
      code: 200
      message: OK
- request:
    body: null
    headers:
      Accept:
      - '*/*'
      Accept-Encoding:
      - gzip, deflate
      Connection:
      - keep-alive
      Content-Type:
      - application/json
      User-Agent:
      - ms-fabric-cli-test/1.0.0
    method: GET
    uri: https://api.fabric.microsoft.com/v1/workspaces/06f43994-b54c-4021-98d0-1efb0a5742cc/items
  response:
    body:
      string: '{"value": [{"id": "6fc9e68c-b1a0-4b6b-b483-f68325e149f8", "type": "Warehouse",
        "displayName": "fabcli000001", "description": "Created by fab", "workspaceId":
        "06f43994-b54c-4021-98d0-1efb0a5742cc"}]}'
    headers:
      Access-Control-Expose-Headers:
      - RequestId
      Cache-Control:
      - no-store, must-revalidate, no-cache
      Content-Encoding:
      - gzip
      Content-Length:
      - '180'
      Content-Type:
      - application/json; charset=utf-8
      Date:
      - Wed, 03 Sep 2025 05:54:47 GMT
      Pragma:
      - no-cache
      RequestId:
      - 24f8ad84-0183-4df2-bdf8-95118f10dfe9
      Strict-Transport-Security:
      - max-age=31536000; includeSubDomains
      X-Content-Type-Options:
      - nosniff
      X-Frame-Options:
      - deny
      home-cluster-uri:
      - https://wabi-west-europe-redirect.analysis.windows.net/
      request-redirected:
      - 'true'
    status:
      code: 200
      message: OK
- request:
    body: null
    headers:
      Accept:
      - '*/*'
      Accept-Encoding:
      - gzip, deflate
      Connection:
      - keep-alive
      Content-Type:
      - application/json
      User-Agent:
      - ms-fabric-cli-test/1.0.0
    method: HEAD
    uri: https://onelake.dfs.fabric.microsoft.com/06f43994-b54c-4021-98d0-1efb0a5742cc/6fc9e68c-b1a0-4b6b-b483-f68325e149f8/Files/shortcut.Short
  response:
    body:
      string: ''
    headers:
      Access-Control-Allow-Headers:
      - '*'
      Access-Control-Allow-Methods:
      - '*'
      Access-Control-Allow-Origin:
      - '*'
      Access-Control-Expose-Headers:
      - '*,Authorization'
      Date:
      - Wed, 03 Sep 2025 05:54:48 GMT
      Server:
      - Windows-Azure-Blob/1.0,Microsoft-HTTPAPI/2.0 Microsoft-HTTPAPI/2.0 Microsoft-HTTPAPI/2.0
      Strict-Transport-Security:
      - max-age=31536000; includeSubDomains
      Transfer-Encoding:
      - chunked
      X-Content-Type-Options:
      - nosniff
      x-ms-error-code:
      - BlobNotFound
    status:
      code: 404
      message: The specified blob does not exist.
- request:
    body: null
    headers:
      Accept:
      - '*/*'
      Accept-Encoding:
      - gzip, deflate
      Connection:
      - keep-alive
      Content-Type:
      - application/json
      User-Agent:
      - ms-fabric-cli-test/1.0.0
    method: HEAD
    uri: https://onelake.dfs.fabric.microsoft.com/06f43994-b54c-4021-98d0-1efb0a5742cc/6fc9e68c-b1a0-4b6b-b483-f68325e149f8/Files/shortcut.Short
  response:
    body:
      string: ''
    headers:
      Access-Control-Allow-Headers:
      - '*'
      Access-Control-Allow-Methods:
      - '*'
      Access-Control-Allow-Origin:
      - '*'
      Access-Control-Expose-Headers:
      - '*,Authorization'
      Date:
      - Wed, 03 Sep 2025 05:54:48 GMT
      Server:
      - Windows-Azure-Blob/1.0,Microsoft-HTTPAPI/2.0 Microsoft-HTTPAPI/2.0 Microsoft-HTTPAPI/2.0
      Strict-Transport-Security:
      - max-age=31536000; includeSubDomains
      Transfer-Encoding:
      - chunked
      X-Content-Type-Options:
      - nosniff
      x-ms-error-code:
      - BlobNotFound
    status:
      code: 404
      message: The specified blob does not exist.
- request:
    body: null
    headers:
      Accept:
      - '*/*'
      Accept-Encoding:
      - gzip, deflate
      Connection:
      - keep-alive
      Content-Type:
      - application/json
      User-Agent:
      - ms-fabric-cli-test/1.0.0
    method: GET
    uri: https://api.fabric.microsoft.com/v1/workspaces
  response:
    body:
      string: '{"value": [{"id": "94da8ea5-0bd6-4a9e-b717-5fdb482f4c71", "displayName":
        "My workspace", "description": "", "type": "Personal"}, {"id": "06f43994-b54c-4021-98d0-1efb0a5742cc",
        "displayName": "fabriccli_WorkspacePerTestclass_000001", "description": "Created
        by fab", "type": "Workspace", "capacityId": "00000000-0000-0000-0000-000000000004"}]}'
    headers:
      Access-Control-Expose-Headers:
      - RequestId
      Cache-Control:
      - no-store, must-revalidate, no-cache
      Content-Encoding:
      - gzip
      Content-Length:
      - '357'
      Content-Type:
      - application/json; charset=utf-8
      Date:
      - Wed, 03 Sep 2025 05:54:48 GMT
      Pragma:
      - no-cache
      RequestId:
      - 297f8d59-7228-416b-b95e-93f4762c00d6
      Strict-Transport-Security:
      - max-age=31536000; includeSubDomains
      X-Content-Type-Options:
      - nosniff
      X-Frame-Options:
      - deny
      home-cluster-uri:
      - https://wabi-west-europe-redirect.analysis.windows.net/
      request-redirected:
      - 'true'
    status:
      code: 200
      message: OK
- request:
    body: null
    headers:
      Accept:
      - '*/*'
      Accept-Encoding:
      - gzip, deflate
      Connection:
      - keep-alive
      Content-Type:
      - application/json
      User-Agent:
      - ms-fabric-cli-test/1.0.0
    method: GET
    uri: https://api.fabric.microsoft.com/v1/workspaces/06f43994-b54c-4021-98d0-1efb0a5742cc/items
  response:
    body:
      string: '{"value": [{"id": "6fc9e68c-b1a0-4b6b-b483-f68325e149f8", "type": "Warehouse",
        "displayName": "fabcli000001", "description": "Created by fab", "workspaceId":
        "06f43994-b54c-4021-98d0-1efb0a5742cc"}]}'
    headers:
      Access-Control-Expose-Headers:
      - RequestId
      Cache-Control:
      - no-store, must-revalidate, no-cache
      Content-Encoding:
      - gzip
      Content-Length:
      - '180'
      Content-Type:
      - application/json; charset=utf-8
      Date:
      - Wed, 03 Sep 2025 05:54:49 GMT
      Pragma:
      - no-cache
      RequestId:
      - 9ced50bc-2b93-4a15-b3a4-f40c796e44a9
      Strict-Transport-Security:
      - max-age=31536000; includeSubDomains
      X-Content-Type-Options:
      - nosniff
      X-Frame-Options:
      - deny
      home-cluster-uri:
      - https://wabi-west-europe-redirect.analysis.windows.net/
      request-redirected:
      - 'true'
    status:
      code: 200
      message: OK
- request:
    body: null
    headers:
      Accept:
      - '*/*'
      Accept-Encoding:
      - gzip, deflate
      Connection:
      - keep-alive
      Content-Length:
      - '0'
      Content-Type:
      - application/json
      User-Agent:
      - ms-fabric-cli-test/1.0.0
    method: DELETE
    uri: https://api.fabric.microsoft.com/v1/workspaces/06f43994-b54c-4021-98d0-1efb0a5742cc/items/6fc9e68c-b1a0-4b6b-b483-f68325e149f8
  response:
    body:
      string: ''
    headers:
      Access-Control-Expose-Headers:
      - RequestId
      Cache-Control:
      - no-store, must-revalidate, no-cache
      Content-Encoding:
      - gzip
      Content-Length:
      - '0'
      Content-Type:
      - application/octet-stream
      Date:
      - Wed, 03 Sep 2025 05:54:49 GMT
      Pragma:
      - no-cache
      RequestId:
      - 2b10b6b3-5882-4f7a-a65d-8709a00bbbbb
      Strict-Transport-Security:
      - max-age=31536000; includeSubDomains
      X-Content-Type-Options:
      - nosniff
      X-Frame-Options:
      - deny
      home-cluster-uri:
      - https://wabi-west-europe-redirect.analysis.windows.net/
      request-redirected:
      - 'true'
    status:
      code: 200
      message: OK
version: 1
