interactions:
- request:
    body: null
    headers:
      Accept:
      - '*/*'
      Accept-Encoding:
      - gzip, deflate
      Connection:
      - keep-alive
      Content-Type:
      - application/json
      User-Agent:
      - ms-fabric-cli-test/1.3.1
    method: GET
    uri: https://api.fabric.microsoft.com/v1/workspaces
  response:
    body:
      string: '{"value": [{"id": "3634a139-2c9e-4205-910b-3b089a31be47", "displayName":
        "My workspace", "description": "", "type": "Personal"}, {"id": "b7945519-3184-48e4-8d42-8b7ee977816d",
        "displayName": "fabriccli_WorkspacePerTestclass_000001", "description": "Created
        by fab", "type": "Workspace", "capacityId": "00000000-0000-0000-0000-000000000004"}]}'
    headers:
      Access-Control-Expose-Headers:
      - RequestId
      Cache-Control:
      - no-store, must-revalidate, no-cache
      Content-Encoding:
      - gzip
      Content-Length:
      - '2336'
      Content-Type:
      - application/json; charset=utf-8
      Date:
      - Tue, 03 Feb 2026 08:02:50 GMT
      Pragma:
      - no-cache
      RequestId:
      - aba2ca80-ed9f-4afd-ba61-52b6f2cdf199
      Strict-Transport-Security:
      - max-age=31536000; includeSubDomains
      X-Content-Type-Options:
      - nosniff
      X-Frame-Options:
      - deny
      home-cluster-uri:
      - https://wabi-us-central-b-primary-redirect.analysis.windows.net/
      request-redirected:
      - 'true'
    status:
      code: 200
      message: OK
- request:
    body: null
    headers:
      Accept:
      - '*/*'
      Accept-Encoding:
      - gzip, deflate
      Connection:
      - keep-alive
      Content-Type:
      - application/json
      User-Agent:
      - ms-fabric-cli-test/1.3.1
    method: GET
    uri: https://api.fabric.microsoft.com/v1/workspaces/b7945519-3184-48e4-8d42-8b7ee977816d/items
  response:
    body:
      string: '{"value": [{"id": "b4b48b13-c163-44f9-ba57-4c1e3c733590", "type": "SemanticModel",
        "displayName": "fabcli000001_auto", "description": "", "workspaceId": "b7945519-3184-48e4-8d42-8b7ee977816d"},
        {"id": "f73fdca7-56cb-4ab6-9476-af2a77803e78", "type": "SemanticModel", "displayName":
        "fabcli000001_auto", "description": "", "workspaceId": "b7945519-3184-48e4-8d42-8b7ee977816d"},
        {"id": "9797d176-4e05-4505-b702-92eb11623ef8", "type": "SQLEndpoint", "displayName":
        "StagingLakehouseForDataflows_20260203075441", "description": "", "workspaceId":
        "b7945519-3184-48e4-8d42-8b7ee977816d"}, {"id": "d4b12cbc-7628-4748-9a01-e175de6f7f55",
        "type": "Warehouse", "displayName": "StagingWarehouseForDataflows_20260203075454",
        "description": "", "workspaceId": "b7945519-3184-48e4-8d42-8b7ee977816d"},
        {"id": "39c996ce-6e23-4bb5-b6af-1b7db4e86822", "type": "SQLEndpoint", "displayName":
        "fabcli000001dtdm", "description": "", "workspaceId": "b7945519-3184-48e4-8d42-8b7ee977816d"},
        {"id": "a56d2f37-110e-403e-8d54-74104ad96f65", "type": "Lakehouse", "displayName":
        "StagingLakehouseForDataflows_20260203075441", "description": "", "workspaceId":
        "b7945519-3184-48e4-8d42-8b7ee977816d"}, {"id": "48e61c44-b669-4e71-82f1-76be4fe2cdbd",
        "type": "Lakehouse", "displayName": "fabcli000001dtdm", "description": "",
        "workspaceId": "b7945519-3184-48e4-8d42-8b7ee977816d"}]}'
    headers:
      Access-Control-Expose-Headers:
      - RequestId
      Cache-Control:
      - no-store, must-revalidate, no-cache
      Content-Encoding:
      - gzip
      Content-Length:
      - '435'
      Content-Type:
      - application/json; charset=utf-8
      Date:
      - Tue, 03 Feb 2026 08:02:51 GMT
      Pragma:
      - no-cache
      RequestId:
      - fb16e457-33c7-4bfc-8e44-f52fcb88f90f
      Strict-Transport-Security:
      - max-age=31536000; includeSubDomains
      X-Content-Type-Options:
      - nosniff
      X-Frame-Options:
      - deny
      home-cluster-uri:
      - https://wabi-us-central-b-primary-redirect.analysis.windows.net/
      request-redirected:
      - 'true'
    status:
      code: 200
      message: OK
- request:
    body: null
    headers:
      Accept:
      - '*/*'
      Accept-Encoding:
      - gzip, deflate
      Connection:
      - keep-alive
      Content-Type:
      - application/json
      User-Agent:
      - ms-fabric-cli-test/1.3.1
    method: GET
    uri: https://api.fabric.microsoft.com/v1/workspaces/b7945519-3184-48e4-8d42-8b7ee977816d/items
  response:
    body:
      string: '{"value": [{"id": "b4b48b13-c163-44f9-ba57-4c1e3c733590", "type": "SemanticModel",
        "displayName": "fabcli000001_auto", "description": "", "workspaceId": "b7945519-3184-48e4-8d42-8b7ee977816d"},
        {"id": "f73fdca7-56cb-4ab6-9476-af2a77803e78", "type": "SemanticModel", "displayName":
        "fabcli000001_auto", "description": "", "workspaceId": "b7945519-3184-48e4-8d42-8b7ee977816d"},
        {"id": "9797d176-4e05-4505-b702-92eb11623ef8", "type": "SQLEndpoint", "displayName":
        "StagingLakehouseForDataflows_20260203075441", "description": "", "workspaceId":
        "b7945519-3184-48e4-8d42-8b7ee977816d"}, {"id": "d4b12cbc-7628-4748-9a01-e175de6f7f55",
        "type": "Warehouse", "displayName": "StagingWarehouseForDataflows_20260203075454",
        "description": "", "workspaceId": "b7945519-3184-48e4-8d42-8b7ee977816d"},
        {"id": "39c996ce-6e23-4bb5-b6af-1b7db4e86822", "type": "SQLEndpoint", "displayName":
        "fabcli000001dtdm", "description": "", "workspaceId": "b7945519-3184-48e4-8d42-8b7ee977816d"},
        {"id": "a56d2f37-110e-403e-8d54-74104ad96f65", "type": "Lakehouse", "displayName":
        "StagingLakehouseForDataflows_20260203075441", "description": "", "workspaceId":
        "b7945519-3184-48e4-8d42-8b7ee977816d"}, {"id": "48e61c44-b669-4e71-82f1-76be4fe2cdbd",
        "type": "Lakehouse", "displayName": "fabcli000001dtdm", "description": "",
        "workspaceId": "b7945519-3184-48e4-8d42-8b7ee977816d"}]}'
    headers:
      Access-Control-Expose-Headers:
      - RequestId
      Cache-Control:
      - no-store, must-revalidate, no-cache
      Content-Encoding:
      - gzip
      Content-Length:
      - '435'
      Content-Type:
      - application/json; charset=utf-8
      Date:
      - Tue, 03 Feb 2026 08:02:52 GMT
      Pragma:
      - no-cache
      RequestId:
      - 1636abc5-c7be-41c2-9eeb-bdd63110c27b
      Strict-Transport-Security:
      - max-age=31536000; includeSubDomains
      X-Content-Type-Options:
      - nosniff
      X-Frame-Options:
      - deny
      home-cluster-uri:
      - https://wabi-us-central-b-primary-redirect.analysis.windows.net/
      request-redirected:
      - 'true'
    status:
      code: 200
      message: OK
- request:
    body: '{"description": "Created by fab", "displayName": "fabcli000001", "type":
      "Dataflow", "folderId": null}'
    headers:
      Accept:
      - '*/*'
      Accept-Encoding:
      - gzip, deflate
      Connection:
      - keep-alive
      Content-Length:
      - '106'
      Content-Type:
      - application/json
      User-Agent:
      - ms-fabric-cli-test/1.3.1
    method: POST
    uri: https://api.fabric.microsoft.com/v1/workspaces/b7945519-3184-48e4-8d42-8b7ee977816d/dataflows
  response:
    body:
      string: '{"id": "30e91199-5a3a-438a-b610-c3e51fecc81a", "type": "Dataflow",
        "displayName": "fabcli000001", "description": "Created by fab", "workspaceId":
        "b7945519-3184-48e4-8d42-8b7ee977816d"}'
    headers:
      Access-Control-Expose-Headers:
      - RequestId,ETag
      Cache-Control:
      - no-store, must-revalidate, no-cache
      Content-Encoding:
      - gzip
      Content-Length:
      - '166'
      Content-Type:
      - application/json; charset=utf-8
      Date:
      - Tue, 03 Feb 2026 08:02:54 GMT
      ETag:
      - '""'
      Pragma:
      - no-cache
      RequestId:
      - eb2b21c0-4992-47e4-81e0-67f1aa77c34e
      Strict-Transport-Security:
      - max-age=31536000; includeSubDomains
      X-Content-Type-Options:
      - nosniff
      X-Frame-Options:
      - deny
      home-cluster-uri:
      - https://wabi-us-central-b-primary-redirect.analysis.windows.net/
      request-redirected:
      - 'true'
    status:
      code: 201
      message: Created
- request:
    body: null
    headers:
      Accept:
      - '*/*'
      Accept-Encoding:
      - gzip, deflate
      Connection:
      - keep-alive
      Content-Type:
      - application/json
      User-Agent:
      - ms-fabric-cli-test/1.3.1
    method: GET
    uri: https://api.fabric.microsoft.com/v1/workspaces
  response:
    body:
      string: '{"value": [{"id": "3634a139-2c9e-4205-910b-3b089a31be47", "displayName":
        "My workspace", "description": "", "type": "Personal"}, {"id": "b7945519-3184-48e4-8d42-8b7ee977816d",
        "displayName": "fabriccli_WorkspacePerTestclass_000001", "description": "Created
        by fab", "type": "Workspace", "capacityId": "00000000-0000-0000-0000-000000000004"}]}'
    headers:
      Access-Control-Expose-Headers:
      - RequestId
      Cache-Control:
      - no-store, must-revalidate, no-cache
      Content-Encoding:
      - gzip
      Content-Length:
      - '2336'
      Content-Type:
      - application/json; charset=utf-8
      Date:
      - Tue, 03 Feb 2026 08:02:55 GMT
      Pragma:
      - no-cache
      RequestId:
      - 1005408f-26f4-4693-b2ca-05e32e821b35
      Strict-Transport-Security:
      - max-age=31536000; includeSubDomains
      X-Content-Type-Options:
      - nosniff
      X-Frame-Options:
      - deny
      home-cluster-uri:
      - https://wabi-us-central-b-primary-redirect.analysis.windows.net/
      request-redirected:
      - 'true'
    status:
      code: 200
      message: OK
- request:
    body: null
    headers:
      Accept:
      - '*/*'
      Accept-Encoding:
      - gzip, deflate
      Connection:
      - keep-alive
      Content-Type:
      - application/json
      User-Agent:
      - ms-fabric-cli-test/1.3.1
    method: GET
    uri: https://api.fabric.microsoft.com/v1/workspaces/b7945519-3184-48e4-8d42-8b7ee977816d/items
  response:
    body:
      string: '{"value": [{"id": "b4b48b13-c163-44f9-ba57-4c1e3c733590", "type": "SemanticModel",
        "displayName": "fabcli000001_auto", "description": "", "workspaceId": "b7945519-3184-48e4-8d42-8b7ee977816d"},
        {"id": "f73fdca7-56cb-4ab6-9476-af2a77803e78", "type": "SemanticModel", "displayName":
        "fabcli000001_auto", "description": "", "workspaceId": "b7945519-3184-48e4-8d42-8b7ee977816d"},
        {"id": "9797d176-4e05-4505-b702-92eb11623ef8", "type": "SQLEndpoint", "displayName":
        "StagingLakehouseForDataflows_20260203075441", "description": "", "workspaceId":
        "b7945519-3184-48e4-8d42-8b7ee977816d"}, {"id": "d4b12cbc-7628-4748-9a01-e175de6f7f55",
        "type": "Warehouse", "displayName": "StagingWarehouseForDataflows_20260203075454",
        "description": "", "workspaceId": "b7945519-3184-48e4-8d42-8b7ee977816d"},
        {"id": "39c996ce-6e23-4bb5-b6af-1b7db4e86822", "type": "SQLEndpoint", "displayName":
        "fabcli000001dtdm", "description": "", "workspaceId": "b7945519-3184-48e4-8d42-8b7ee977816d"},
        {"id": "a56d2f37-110e-403e-8d54-74104ad96f65", "type": "Lakehouse", "displayName":
        "StagingLakehouseForDataflows_20260203075441", "description": "", "workspaceId":
        "b7945519-3184-48e4-8d42-8b7ee977816d"}, {"id": "48e61c44-b669-4e71-82f1-76be4fe2cdbd",
        "type": "Lakehouse", "displayName": "fabcli000001dtdm", "description": "",
        "workspaceId": "b7945519-3184-48e4-8d42-8b7ee977816d"}, {"id": "30e91199-5a3a-438a-b610-c3e51fecc81a",
        "type": "Dataflow", "displayName": "fabcli000001", "description": "Created
        by fab", "workspaceId": "b7945519-3184-48e4-8d42-8b7ee977816d"}]}'
    headers:
      Access-Control-Expose-Headers:
      - RequestId
      Cache-Control:
      - no-store, must-revalidate, no-cache
      Content-Encoding:
      - gzip
      Content-Length:
      - '485'
      Content-Type:
      - application/json; charset=utf-8
      Date:
      - Tue, 03 Feb 2026 08:02:55 GMT
      Pragma:
      - no-cache
      RequestId:
      - c087dd49-1b3d-456f-bdf7-e082c42b39bd
      Strict-Transport-Security:
      - max-age=31536000; includeSubDomains
      X-Content-Type-Options:
      - nosniff
      X-Frame-Options:
      - deny
      home-cluster-uri:
      - https://wabi-us-central-b-primary-redirect.analysis.windows.net/
      request-redirected:
      - 'true'
    status:
      code: 200
      message: OK
- request:
    body: null
    headers:
      Accept:
      - '*/*'
      Accept-Encoding:
      - gzip, deflate
      Connection:
      - keep-alive
      Content-Type:
      - application/json
      User-Agent:
      - ms-fabric-cli-test/1.3.1
    method: GET
    uri: https://api.fabric.microsoft.com/v1/workspaces/b7945519-3184-48e4-8d42-8b7ee977816d/items
  response:
    body:
      string: '{"value": [{"id": "b4b48b13-c163-44f9-ba57-4c1e3c733590", "type": "SemanticModel",
        "displayName": "fabcli000001_auto", "description": "", "workspaceId": "b7945519-3184-48e4-8d42-8b7ee977816d"},
        {"id": "f73fdca7-56cb-4ab6-9476-af2a77803e78", "type": "SemanticModel", "displayName":
        "fabcli000001_auto", "description": "", "workspaceId": "b7945519-3184-48e4-8d42-8b7ee977816d"},
        {"id": "9797d176-4e05-4505-b702-92eb11623ef8", "type": "SQLEndpoint", "displayName":
        "StagingLakehouseForDataflows_20260203075441", "description": "", "workspaceId":
        "b7945519-3184-48e4-8d42-8b7ee977816d"}, {"id": "d4b12cbc-7628-4748-9a01-e175de6f7f55",
        "type": "Warehouse", "displayName": "StagingWarehouseForDataflows_20260203075454",
        "description": "", "workspaceId": "b7945519-3184-48e4-8d42-8b7ee977816d"},
        {"id": "39c996ce-6e23-4bb5-b6af-1b7db4e86822", "type": "SQLEndpoint", "displayName":
        "fabcli000001dtdm", "description": "", "workspaceId": "b7945519-3184-48e4-8d42-8b7ee977816d"},
        {"id": "a56d2f37-110e-403e-8d54-74104ad96f65", "type": "Lakehouse", "displayName":
        "StagingLakehouseForDataflows_20260203075441", "description": "", "workspaceId":
        "b7945519-3184-48e4-8d42-8b7ee977816d"}, {"id": "48e61c44-b669-4e71-82f1-76be4fe2cdbd",
        "type": "Lakehouse", "displayName": "fabcli000001dtdm", "description": "",
        "workspaceId": "b7945519-3184-48e4-8d42-8b7ee977816d"}, {"id": "30e91199-5a3a-438a-b610-c3e51fecc81a",
        "type": "Dataflow", "displayName": "fabcli000001", "description": "Created
        by fab", "workspaceId": "b7945519-3184-48e4-8d42-8b7ee977816d"}]}'
    headers:
      Access-Control-Expose-Headers:
      - RequestId
      Cache-Control:
      - no-store, must-revalidate, no-cache
      Content-Encoding:
      - gzip
      Content-Length:
      - '485'
      Content-Type:
      - application/json; charset=utf-8
      Date:
      - Tue, 03 Feb 2026 08:02:56 GMT
      Pragma:
      - no-cache
      RequestId:
      - 7ad0c8fb-ab92-43c0-b357-ec77d2fdd461
      Strict-Transport-Security:
      - max-age=31536000; includeSubDomains
      X-Content-Type-Options:
      - nosniff
      X-Frame-Options:
      - deny
      home-cluster-uri:
      - https://wabi-us-central-b-primary-redirect.analysis.windows.net/
      request-redirected:
      - 'true'
    status:
      code: 200
      message: OK
- request:
    body: null
    headers:
      Accept:
      - '*/*'
      Accept-Encoding:
      - gzip, deflate
      Connection:
      - keep-alive
      Content-Type:
      - application/json
      User-Agent:
      - ms-fabric-cli-test/1.3.1
    method: GET
    uri: https://api.fabric.microsoft.com/v1/workspaces
  response:
    body:
      string: '{"value": [{"id": "3634a139-2c9e-4205-910b-3b089a31be47", "displayName":
        "My workspace", "description": "", "type": "Personal"}, {"id": "b7945519-3184-48e4-8d42-8b7ee977816d",
        "displayName": "fabriccli_WorkspacePerTestclass_000001", "description": "Created
        by fab", "type": "Workspace", "capacityId": "00000000-0000-0000-0000-000000000004"}]}'
    headers:
      Access-Control-Expose-Headers:
      - RequestId
      Cache-Control:
      - no-store, must-revalidate, no-cache
      Content-Encoding:
      - gzip
      Content-Length:
      - '2336'
      Content-Type:
      - application/json; charset=utf-8
      Date:
      - Tue, 03 Feb 2026 08:02:58 GMT
      Pragma:
      - no-cache
      RequestId:
      - db771291-8332-4e3d-a667-7788300e6259
      Strict-Transport-Security:
      - max-age=31536000; includeSubDomains
      X-Content-Type-Options:
      - nosniff
      X-Frame-Options:
      - deny
      home-cluster-uri:
      - https://wabi-us-central-b-primary-redirect.analysis.windows.net/
      request-redirected:
      - 'true'
    status:
      code: 200
      message: OK
- request:
    body: null
    headers:
      Accept:
      - '*/*'
      Accept-Encoding:
      - gzip, deflate
      Connection:
      - keep-alive
      Content-Type:
      - application/json
      User-Agent:
      - ms-fabric-cli-test/1.3.1
    method: GET
    uri: https://api.fabric.microsoft.com/v1/workspaces/b7945519-3184-48e4-8d42-8b7ee977816d/items
  response:
    body:
      string: '{"value": [{"id": "b4b48b13-c163-44f9-ba57-4c1e3c733590", "type": "SemanticModel",
        "displayName": "fabcli000001_auto", "description": "", "workspaceId": "b7945519-3184-48e4-8d42-8b7ee977816d"},
        {"id": "f73fdca7-56cb-4ab6-9476-af2a77803e78", "type": "SemanticModel", "displayName":
        "fabcli000001_auto", "description": "", "workspaceId": "b7945519-3184-48e4-8d42-8b7ee977816d"},
        {"id": "9797d176-4e05-4505-b702-92eb11623ef8", "type": "SQLEndpoint", "displayName":
        "StagingLakehouseForDataflows_20260203075441", "description": "", "workspaceId":
        "b7945519-3184-48e4-8d42-8b7ee977816d"}, {"id": "d4b12cbc-7628-4748-9a01-e175de6f7f55",
        "type": "Warehouse", "displayName": "StagingWarehouseForDataflows_20260203075454",
        "description": "", "workspaceId": "b7945519-3184-48e4-8d42-8b7ee977816d"},
        {"id": "39c996ce-6e23-4bb5-b6af-1b7db4e86822", "type": "SQLEndpoint", "displayName":
        "fabcli000001dtdm", "description": "", "workspaceId": "b7945519-3184-48e4-8d42-8b7ee977816d"},
        {"id": "a56d2f37-110e-403e-8d54-74104ad96f65", "type": "Lakehouse", "displayName":
        "StagingLakehouseForDataflows_20260203075441", "description": "", "workspaceId":
        "b7945519-3184-48e4-8d42-8b7ee977816d"}, {"id": "48e61c44-b669-4e71-82f1-76be4fe2cdbd",
        "type": "Lakehouse", "displayName": "fabcli000001dtdm", "description": "",
        "workspaceId": "b7945519-3184-48e4-8d42-8b7ee977816d"}, {"id": "30e91199-5a3a-438a-b610-c3e51fecc81a",
        "type": "Dataflow", "displayName": "fabcli000001", "description": "Created
        by fab", "workspaceId": "b7945519-3184-48e4-8d42-8b7ee977816d"}, {"id": "d5cebdeb-f1d9-4a99-9e06-ba678b8f8747",
        "type": "Lakehouse", "displayName": "StagingLakehouseForDataflows_20260203080254",
        "description": "", "workspaceId": "b7945519-3184-48e4-8d42-8b7ee977816d"}]}'
    headers:
      Access-Control-Expose-Headers:
      - RequestId
      Cache-Control:
      - no-store, must-revalidate, no-cache
      Content-Encoding:
      - gzip
      Content-Length:
      - '516'
      Content-Type:
      - application/json; charset=utf-8
      Date:
      - Tue, 03 Feb 2026 08:02:58 GMT
      Pragma:
      - no-cache
      RequestId:
      - 945da4f6-eef2-4e80-b332-deeee26c4903
      Strict-Transport-Security:
      - max-age=31536000; includeSubDomains
      X-Content-Type-Options:
      - nosniff
      X-Frame-Options:
      - deny
      home-cluster-uri:
      - https://wabi-us-central-b-primary-redirect.analysis.windows.net/
      request-redirected:
      - 'true'
    status:
      code: 200
      message: OK
- request:
    body: null
    headers:
      Accept:
      - '*/*'
      Accept-Encoding:
      - gzip, deflate
      Connection:
      - keep-alive
      Content-Length:
      - '0'
      Content-Type:
      - application/json
      User-Agent:
      - ms-fabric-cli-test/1.3.1
    method: DELETE
    uri: https://api.fabric.microsoft.com/v1/workspaces/b7945519-3184-48e4-8d42-8b7ee977816d/items/30e91199-5a3a-438a-b610-c3e51fecc81a
  response:
    body:
      string: ''
    headers:
      Access-Control-Expose-Headers:
      - RequestId
      Cache-Control:
      - no-store, must-revalidate, no-cache
      Content-Encoding:
      - gzip
      Content-Length:
      - '0'
      Content-Type:
      - application/octet-stream
      Date:
      - Tue, 03 Feb 2026 08:02:58 GMT
      Pragma:
      - no-cache
      RequestId:
      - c86922a9-b33e-44ef-bb19-edf6e347e152
      Strict-Transport-Security:
      - max-age=31536000; includeSubDomains
      X-Content-Type-Options:
      - nosniff
      X-Frame-Options:
      - deny
      home-cluster-uri:
      - https://wabi-us-central-b-primary-redirect.analysis.windows.net/
      request-redirected:
      - 'true'
    status:
      code: 200
      message: OK
version: 1
