interactions:
- request:
    body: null
    headers:
      Accept:
      - '*/*'
      Accept-Encoding:
      - gzip, deflate
      Connection:
      - keep-alive
      Content-Type:
      - application/json
      User-Agent:
      - ms-fabric-cli-test/1.3.1
    method: GET
    uri: https://api.fabric.microsoft.com/v1/workspaces
  response:
    body:
      string: '{"value": [{"id": "3634a139-2c9e-4205-910b-3b089a31be47", "displayName":
        "My workspace", "description": "", "type": "Personal"}, {"id": "b7945519-3184-48e4-8d42-8b7ee977816d",
        "displayName": "fabriccli_WorkspacePerTestclass_000001", "description": "Created
        by fab", "type": "Workspace", "capacityId": "00000000-0000-0000-0000-000000000004"}]}'
    headers:
      Access-Control-Expose-Headers:
      - RequestId
      Cache-Control:
      - no-store, must-revalidate, no-cache
      Content-Encoding:
      - gzip
      Content-Length:
      - '2336'
      Content-Type:
      - application/json; charset=utf-8
      Date:
      - Tue, 03 Feb 2026 07:49:37 GMT
      Pragma:
      - no-cache
      RequestId:
      - 4bbd8988-18f3-4ae8-a4b3-fa2329765782
      Strict-Transport-Security:
      - max-age=31536000; includeSubDomains
      X-Content-Type-Options:
      - nosniff
      X-Frame-Options:
      - deny
      home-cluster-uri:
      - https://wabi-us-central-b-primary-redirect.analysis.windows.net/
      request-redirected:
      - 'true'
    status:
      code: 200
      message: OK
- request:
    body: null
    headers:
      Accept:
      - '*/*'
      Accept-Encoding:
      - gzip, deflate
      Connection:
      - keep-alive
      Content-Type:
      - application/json
      User-Agent:
      - ms-fabric-cli-test/1.3.1
    method: GET
    uri: https://api.fabric.microsoft.com/v1/workspaces/b7945519-3184-48e4-8d42-8b7ee977816d/items
  response:
    body:
      string: '{"value": []}'
    headers:
      Access-Control-Expose-Headers:
      - RequestId
      Cache-Control:
      - no-store, must-revalidate, no-cache
      Content-Encoding:
      - gzip
      Content-Length:
      - '32'
      Content-Type:
      - application/json; charset=utf-8
      Date:
      - Tue, 03 Feb 2026 07:49:38 GMT
      Pragma:
      - no-cache
      RequestId:
      - 5847f834-1cbb-42a0-8bb5-c0aa7bdb7a35
      Strict-Transport-Security:
      - max-age=31536000; includeSubDomains
      X-Content-Type-Options:
      - nosniff
      X-Frame-Options:
      - deny
      home-cluster-uri:
      - https://wabi-us-central-b-primary-redirect.analysis.windows.net/
      request-redirected:
      - 'true'
    status:
      code: 200
      message: OK
- request:
    body: null
    headers:
      Accept:
      - '*/*'
      Accept-Encoding:
      - gzip, deflate
      Connection:
      - keep-alive
      Content-Type:
      - application/json
      User-Agent:
      - ms-fabric-cli-test/1.3.1
    method: GET
    uri: https://api.fabric.microsoft.com/v1/workspaces/b7945519-3184-48e4-8d42-8b7ee977816d/items
  response:
    body:
      string: '{"value": []}'
    headers:
      Access-Control-Expose-Headers:
      - RequestId
      Cache-Control:
      - no-store, must-revalidate, no-cache
      Content-Encoding:
      - gzip
      Content-Length:
      - '32'
      Content-Type:
      - application/json; charset=utf-8
      Date:
      - Tue, 03 Feb 2026 07:49:38 GMT
      Pragma:
      - no-cache
      RequestId:
      - df361199-f536-42d9-9f46-c44479f6831d
      Strict-Transport-Security:
      - max-age=31536000; includeSubDomains
      X-Content-Type-Options:
      - nosniff
      X-Frame-Options:
      - deny
      home-cluster-uri:
      - https://wabi-us-central-b-primary-redirect.analysis.windows.net/
      request-redirected:
      - 'true'
    status:
      code: 200
      message: OK
- request:
    body: '{"description": "Created by fab", "displayName": "fabcli000001", "type":
      "Lakehouse", "folderId": null}'
    headers:
      Accept:
      - '*/*'
      Accept-Encoding:
      - gzip, deflate
      Connection:
      - keep-alive
      Content-Length:
      - '107'
      Content-Type:
      - application/json
      User-Agent:
      - ms-fabric-cli-test/1.3.1
    method: POST
    uri: https://api.fabric.microsoft.com/v1/workspaces/b7945519-3184-48e4-8d42-8b7ee977816d/lakehouses
  response:
    body:
      string: '{"id": "b97c8213-9637-4821-a94b-9140c44ac6eb", "type": "Lakehouse",
        "displayName": "fabcli000001", "description": "Created by fab", "workspaceId":
        "b7945519-3184-48e4-8d42-8b7ee977816d"}'
    headers:
      Access-Control-Expose-Headers:
      - RequestId,ETag
      Cache-Control:
      - no-store, must-revalidate, no-cache
      Content-Encoding:
      - gzip
      Content-Length:
      - '167'
      Content-Type:
      - application/json; charset=utf-8
      Date:
      - Tue, 03 Feb 2026 07:49:42 GMT
      ETag:
      - '""'
      Pragma:
      - no-cache
      RequestId:
      - 026fbc68-ac72-4116-94d9-f3333be7b390
      Strict-Transport-Security:
      - max-age=31536000; includeSubDomains
      X-Content-Type-Options:
      - nosniff
      X-Frame-Options:
      - deny
      home-cluster-uri:
      - https://wabi-us-central-b-primary-redirect.analysis.windows.net/
      request-redirected:
      - 'true'
    status:
      code: 201
      message: Created
- request:
    body: null
    headers:
      Accept:
      - '*/*'
      Accept-Encoding:
      - gzip, deflate
      Connection:
      - keep-alive
      Content-Type:
      - application/json
      User-Agent:
      - ms-fabric-cli-test/1.3.1
    method: GET
    uri: https://api.fabric.microsoft.com/v1/workspaces
  response:
    body:
      string: '{"value": [{"id": "3634a139-2c9e-4205-910b-3b089a31be47", "displayName":
        "My workspace", "description": "", "type": "Personal"}, {"id": "b7945519-3184-48e4-8d42-8b7ee977816d",
        "displayName": "fabriccli_WorkspacePerTestclass_000001", "description": "Created
        by fab", "type": "Workspace", "capacityId": "00000000-0000-0000-0000-000000000004"}]}'
    headers:
      Access-Control-Expose-Headers:
      - RequestId
      Cache-Control:
      - no-store, must-revalidate, no-cache
      Content-Encoding:
      - gzip
      Content-Length:
      - '2336'
      Content-Type:
      - application/json; charset=utf-8
      Date:
      - Tue, 03 Feb 2026 07:49:43 GMT
      Pragma:
      - no-cache
      RequestId:
      - 044dff07-4a97-4e0d-9aac-006cfa5943f6
      Strict-Transport-Security:
      - max-age=31536000; includeSubDomains
      X-Content-Type-Options:
      - nosniff
      X-Frame-Options:
      - deny
      home-cluster-uri:
      - https://wabi-us-central-b-primary-redirect.analysis.windows.net/
      request-redirected:
      - 'true'
    status:
      code: 200
      message: OK
- request:
    body: null
    headers:
      Accept:
      - '*/*'
      Accept-Encoding:
      - gzip, deflate
      Connection:
      - keep-alive
      Content-Type:
      - application/json
      User-Agent:
      - ms-fabric-cli-test/1.3.1
    method: GET
    uri: https://api.fabric.microsoft.com/v1/workspaces/b7945519-3184-48e4-8d42-8b7ee977816d/items
  response:
    body:
      string: '{"value": [{"id": "b97c8213-9637-4821-a94b-9140c44ac6eb", "type": "Lakehouse",
        "displayName": "fabcli000001", "description": "Created by fab", "workspaceId":
        "b7945519-3184-48e4-8d42-8b7ee977816d"}]}'
    headers:
      Access-Control-Expose-Headers:
      - RequestId
      Cache-Control:
      - no-store, must-revalidate, no-cache
      Content-Encoding:
      - gzip
      Content-Length:
      - '179'
      Content-Type:
      - application/json; charset=utf-8
      Date:
      - Tue, 03 Feb 2026 07:49:43 GMT
      Pragma:
      - no-cache
      RequestId:
      - b9d18bdc-b9af-4474-885e-583fd1c9bdf1
      Strict-Transport-Security:
      - max-age=31536000; includeSubDomains
      X-Content-Type-Options:
      - nosniff
      X-Frame-Options:
      - deny
      home-cluster-uri:
      - https://wabi-us-central-b-primary-redirect.analysis.windows.net/
      request-redirected:
      - 'true'
    status:
      code: 200
      message: OK
- request:
    body: null
    headers:
      Accept:
      - '*/*'
      Accept-Encoding:
      - gzip, deflate
      Connection:
      - keep-alive
      Content-Type:
      - application/json
      User-Agent:
      - ms-fabric-cli-test/1.3.1
    method: GET
    uri: https://api.fabric.microsoft.com/v1/workspaces
  response:
    body:
      string: '{"value": [{"id": "3634a139-2c9e-4205-910b-3b089a31be47", "displayName":
        "My workspace", "description": "", "type": "Personal"}, {"id": "b7945519-3184-48e4-8d42-8b7ee977816d",
        "displayName": "fabriccli_WorkspacePerTestclass_000001", "description": "Created
        by fab", "type": "Workspace", "capacityId": "00000000-0000-0000-0000-000000000004"}]}'
    headers:
      Access-Control-Expose-Headers:
      - RequestId
      Cache-Control:
      - no-store, must-revalidate, no-cache
      Content-Encoding:
      - gzip
      Content-Length:
      - '2336'
      Content-Type:
      - application/json; charset=utf-8
      Date:
      - Tue, 03 Feb 2026 07:49:45 GMT
      Pragma:
      - no-cache
      RequestId:
      - c04aaf4b-2128-41b4-b21f-e15eb2c754fc
      Strict-Transport-Security:
      - max-age=31536000; includeSubDomains
      X-Content-Type-Options:
      - nosniff
      X-Frame-Options:
      - deny
      home-cluster-uri:
      - https://wabi-us-central-b-primary-redirect.analysis.windows.net/
      request-redirected:
      - 'true'
    status:
      code: 200
      message: OK
- request:
    body: null
    headers:
      Accept:
      - '*/*'
      Accept-Encoding:
      - gzip, deflate
      Connection:
      - keep-alive
      Content-Type:
      - application/json
      User-Agent:
      - ms-fabric-cli-test/1.3.1
    method: GET
    uri: https://api.fabric.microsoft.com/v1/workspaces/b7945519-3184-48e4-8d42-8b7ee977816d/items
  response:
    body:
      string: '{"value": [{"id": "b97c8213-9637-4821-a94b-9140c44ac6eb", "type": "Lakehouse",
        "displayName": "fabcli000001", "description": "Created by fab", "workspaceId":
        "b7945519-3184-48e4-8d42-8b7ee977816d"}]}'
    headers:
      Access-Control-Expose-Headers:
      - RequestId
      Cache-Control:
      - no-store, must-revalidate, no-cache
      Content-Encoding:
      - gzip
      Content-Length:
      - '179'
      Content-Type:
      - application/json; charset=utf-8
      Date:
      - Tue, 03 Feb 2026 07:49:45 GMT
      Pragma:
      - no-cache
      RequestId:
      - d29470a0-a314-4d1e-97f9-3e7670d80a03
      Strict-Transport-Security:
      - max-age=31536000; includeSubDomains
      X-Content-Type-Options:
      - nosniff
      X-Frame-Options:
      - deny
      home-cluster-uri:
      - https://wabi-us-central-b-primary-redirect.analysis.windows.net/
      request-redirected:
      - 'true'
    status:
      code: 200
      message: OK
- request:
    body: null
    headers:
      Accept:
      - '*/*'
      Accept-Encoding:
      - gzip, deflate
      Connection:
      - keep-alive
      Content-Length:
      - '0'
      Content-Type:
      - application/json
      User-Agent:
      - ms-fabric-cli-test/1.3.1
    method: DELETE
    uri: https://api.fabric.microsoft.com/v1/workspaces/b7945519-3184-48e4-8d42-8b7ee977816d/items/b97c8213-9637-4821-a94b-9140c44ac6eb
  response:
    body:
      string: ''
    headers:
      Access-Control-Expose-Headers:
      - RequestId
      Cache-Control:
      - no-store, must-revalidate, no-cache
      Content-Encoding:
      - gzip
      Content-Length:
      - '0'
      Content-Type:
      - application/octet-stream
      Date:
      - Tue, 03 Feb 2026 07:49:46 GMT
      Pragma:
      - no-cache
      RequestId:
      - 6644df2c-9f33-4e97-a8fd-08295c7cb45e
      Strict-Transport-Security:
      - max-age=31536000; includeSubDomains
      X-Content-Type-Options:
      - nosniff
      X-Frame-Options:
      - deny
      home-cluster-uri:
      - https://wabi-us-central-b-primary-redirect.analysis.windows.net/
      request-redirected:
      - 'true'
    status:
      code: 200
      message: OK
version: 1
