interactions:
- request:
    body: null
    headers:
      Accept:
      - '*/*'
      Accept-Encoding:
      - gzip, deflate
      Connection:
      - keep-alive
      Content-Type:
      - application/json
      User-Agent:
      - ms-fabric-cli-test/1.3.1
    method: GET
    uri: https://api.fabric.microsoft.com/v1/workspaces
  response:
    body:
      string: '{"value": [{"id": "55ec4187-9e0b-40fb-89c7-31babda1bd98", "displayName":
        "fabriccli_WorkspacePerTestclass_000001", "description": "Created by fab",
        "type": "Workspace", "capacityId": "07b1fd56-9969-4ff5-a2c8-05df5f82759a"}]}'
    headers:
      Access-Control-Expose-Headers:
      - RequestId
      Cache-Control:
      - no-store, must-revalidate, no-cache
      Content-Encoding:
      - gzip
      Content-Length:
      - '6108'
      Content-Type:
      - application/json; charset=utf-8
      Date:
      - Mon, 19 Jan 2026 09:38:53 GMT
      Pragma:
      - no-cache
      RequestId:
      - 9edd2e44-4d3d-48b5-8eaf-8bb5361ea220
      Strict-Transport-Security:
      - max-age=31536000; includeSubDomains
      X-Content-Type-Options:
      - nosniff
      X-Frame-Options:
      - deny
      home-cluster-uri:
      - https://wabi-us-central-b-primary-redirect.analysis.windows.net/
      request-redirected:
      - 'true'
    status:
      code: 200
      message: OK
- request:
    body: null
    headers:
      Accept:
      - '*/*'
      Accept-Encoding:
      - gzip, deflate
      Connection:
      - keep-alive
      Content-Type:
      - application/json
      User-Agent:
      - ms-fabric-cli-test/1.3.1
    method: GET
    uri: https://api.fabric.microsoft.com/v1/workspaces/55ec4187-9e0b-40fb-89c7-31babda1bd98/items
  response:
    body:
      string: '{"value": []}'
    headers:
      Access-Control-Expose-Headers:
      - RequestId
      Cache-Control:
      - no-store, must-revalidate, no-cache
      Content-Encoding:
      - gzip
      Content-Length:
      - '32'
      Content-Type:
      - application/json; charset=utf-8
      Date:
      - Mon, 19 Jan 2026 09:38:54 GMT
      Pragma:
      - no-cache
      RequestId:
      - 530db6cd-bdd0-4ff6-ace0-1b171442014a
      Strict-Transport-Security:
      - max-age=31536000; includeSubDomains
      X-Content-Type-Options:
      - nosniff
      X-Frame-Options:
      - deny
      home-cluster-uri:
      - https://wabi-us-central-b-primary-redirect.analysis.windows.net/
      request-redirected:
      - 'true'
    status:
      code: 200
      message: OK
- request:
    body: null
    headers:
      Accept:
      - '*/*'
      Accept-Encoding:
      - gzip, deflate
      Connection:
      - keep-alive
      Content-Type:
      - application/json
      User-Agent:
      - ms-fabric-cli-test/1.3.1
    method: GET
    uri: https://api.fabric.microsoft.com/v1/workspaces/55ec4187-9e0b-40fb-89c7-31babda1bd98/items
  response:
    body:
      string: '{"value": []}'
    headers:
      Access-Control-Expose-Headers:
      - RequestId
      Cache-Control:
      - no-store, must-revalidate, no-cache
      Content-Encoding:
      - gzip
      Content-Length:
      - '32'
      Content-Type:
      - application/json; charset=utf-8
      Date:
      - Mon, 19 Jan 2026 09:38:54 GMT
      Pragma:
      - no-cache
      RequestId:
      - 8d8e585e-3326-4ebf-830c-ad05ccc71b38
      Strict-Transport-Security:
      - max-age=31536000; includeSubDomains
      X-Content-Type-Options:
      - nosniff
      X-Frame-Options:
      - deny
      home-cluster-uri:
      - https://wabi-us-central-b-primary-redirect.analysis.windows.net/
      request-redirected:
      - 'true'
    status:
      code: 200
      message: OK
- request:
    body: '{"description": "Created by fab", "displayName": "fabcli000001_auto", "type":
      "Eventhouse", "folderId": null}'
    headers:
      Accept:
      - '*/*'
      Accept-Encoding:
      - gzip, deflate
      Connection:
      - keep-alive
      Content-Length:
      - '113'
      Content-Type:
      - application/json
      User-Agent:
      - ms-fabric-cli-test/1.3.1
    method: POST
    uri: https://api.fabric.microsoft.com/v1/workspaces/55ec4187-9e0b-40fb-89c7-31babda1bd98/eventhouses
  response:
    body:
      string: '{"id": "0c9843be-660e-437b-8047-36af8b773cd2", "type": "Eventhouse",
        "displayName": "fabcli000001_auto", "description": "Created by fab", "workspaceId":
        "55ec4187-9e0b-40fb-89c7-31babda1bd98"}'
    headers:
      Access-Control-Expose-Headers:
      - RequestId,ETag
      Cache-Control:
      - no-store, must-revalidate, no-cache
      Content-Encoding:
      - gzip
      Content-Length:
      - '173'
      Content-Type:
      - application/json; charset=utf-8
      Date:
      - Mon, 19 Jan 2026 09:38:59 GMT
      ETag:
      - '""'
      Pragma:
      - no-cache
      RequestId:
      - 680b4ac9-f566-4e4d-be7d-a62d33302679
      Strict-Transport-Security:
      - max-age=31536000; includeSubDomains
      X-Content-Type-Options:
      - nosniff
      X-Frame-Options:
      - deny
      home-cluster-uri:
      - https://wabi-us-central-b-primary-redirect.analysis.windows.net/
      request-redirected:
      - 'true'
    status:
      code: 201
      message: Created
- request:
    body: '{"description": "Created by fab", "displayName": "fabcli000001", "type":
      "KQLDatabase", "folderId": null, "creationPayload": {"databaseType": "ReadWrite",
      "parentEventhouseItemId": "0c9843be-660e-437b-8047-36af8b773cd2"}}'
    headers:
      Accept:
      - '*/*'
      Accept-Encoding:
      - gzip, deflate
      Connection:
      - keep-alive
      Content-Length:
      - '225'
      Content-Type:
      - application/json
      User-Agent:
      - ms-fabric-cli-test/1.3.1
    method: POST
    uri: https://api.fabric.microsoft.com/v1/workspaces/55ec4187-9e0b-40fb-89c7-31babda1bd98/kqlDatabases
  response:
    body:
      string: 'null'
    headers:
      Access-Control-Expose-Headers:
      - RequestId,Location,Retry-After,ETag,x-ms-operation-id
      Cache-Control:
      - no-store, must-revalidate, no-cache
      Content-Encoding:
      - gzip
      Content-Length:
      - '24'
      Content-Type:
      - application/json; charset=utf-8
      Date:
      - Mon, 19 Jan 2026 09:38:59 GMT
      ETag:
      - '""'
      Location:
      - https://wabi-us-central-b-primary-redirect.analysis.windows.net/v1/operations/be7fb9fe-451b-4faf-a85c-9ab6cfdf5879
      Pragma:
      - no-cache
      RequestId:
      - 21a1dbd4-4a31-4de3-9afe-9e4d4cf199db
      Retry-After:
      - '20'
      Strict-Transport-Security:
      - max-age=31536000; includeSubDomains
      X-Content-Type-Options:
      - nosniff
      X-Frame-Options:
      - deny
      home-cluster-uri:
      - https://wabi-us-central-b-primary-redirect.analysis.windows.net/
      request-redirected:
      - 'true'
      x-ms-operation-id:
      - be7fb9fe-451b-4faf-a85c-9ab6cfdf5879
    status:
      code: 202
      message: Accepted
- request:
    body: null
    headers:
      Accept:
      - '*/*'
      Accept-Encoding:
      - gzip, deflate
      Connection:
      - keep-alive
      Content-Type:
      - application/json
      User-Agent:
      - ms-fabric-cli-test/1.3.1
    method: GET
    uri: https://wabi-us-central-b-primary-redirect.analysis.windows.net/v1/operations/be7fb9fe-451b-4faf-a85c-9ab6cfdf5879
  response:
    body:
      string: '{"status": "Succeeded", "createdTimeUtc": "2026-01-19T09:39:00.360378",
        "lastUpdatedTimeUtc": "2026-01-19T09:39:06.7213144", "percentComplete": 100,
        "error": null}'
    headers:
      Access-Control-Expose-Headers:
      - RequestId,Location,x-ms-operation-id
      Cache-Control:
      - no-store, must-revalidate, no-cache
      Content-Encoding:
      - gzip
      Content-Length:
      - '130'
      Content-Type:
      - application/json; charset=utf-8
      Date:
      - Mon, 19 Jan 2026 09:39:22 GMT
      Location:
      - https://wabi-us-central-b-primary-redirect.analysis.windows.net/v1/operations/be7fb9fe-451b-4faf-a85c-9ab6cfdf5879/result
      Pragma:
      - no-cache
      RequestId:
      - e21595a1-979e-49dd-a488-a4879e257680
      Strict-Transport-Security:
      - max-age=31536000; includeSubDomains
      X-Content-Type-Options:
      - nosniff
      X-Frame-Options:
      - deny
      x-ms-operation-id:
      - be7fb9fe-451b-4faf-a85c-9ab6cfdf5879
    status:
      code: 200
      message: OK
- request:
    body: null
    headers:
      Accept:
      - '*/*'
      Accept-Encoding:
      - gzip, deflate
      Connection:
      - keep-alive
      Content-Type:
      - application/json
      User-Agent:
      - ms-fabric-cli-test/1.3.1
    method: GET
    uri: https://wabi-us-central-b-primary-redirect.analysis.windows.net/v1/operations/be7fb9fe-451b-4faf-a85c-9ab6cfdf5879/result
  response:
    body:
      string: '{"id": "576d4b1b-f143-4d19-9023-7b5401147c1f", "type": "KQLDatabase",
        "displayName": "fabcli000001", "description": "Created by fab", "workspaceId":
        "55ec4187-9e0b-40fb-89c7-31babda1bd98"}'
    headers:
      Access-Control-Expose-Headers:
      - RequestId
      Cache-Control:
      - no-store, must-revalidate, no-cache
      Content-Encoding:
      - gzip
      Content-Type:
      - application/json
      Date:
      - Mon, 19 Jan 2026 09:39:23 GMT
      Pragma:
      - no-cache
      RequestId:
      - dc5a55a8-576f-449d-b412-31451a1679d4
      Strict-Transport-Security:
      - max-age=31536000; includeSubDomains
      Transfer-Encoding:
      - chunked
      X-Content-Type-Options:
      - nosniff
      X-Frame-Options:
      - deny
    status:
      code: 200
      message: OK
- request:
    body: null
    headers:
      Accept:
      - '*/*'
      Accept-Encoding:
      - gzip, deflate
      Connection:
      - keep-alive
      Content-Type:
      - application/json
      User-Agent:
      - ms-fabric-cli-test/1.3.1
    method: GET
    uri: https://api.fabric.microsoft.com/v1/workspaces
  response:
    body:
      string: '{"value": [{"id": "55ec4187-9e0b-40fb-89c7-31babda1bd98", "displayName":
        "fabriccli_WorkspacePerTestclass_000001", "description": "Created by fab",
        "type": "Workspace", "capacityId": "07b1fd56-9969-4ff5-a2c8-05df5f82759a"}]}'
    headers:
      Access-Control-Expose-Headers:
      - RequestId
      Cache-Control:
      - no-store, must-revalidate, no-cache
      Content-Encoding:
      - gzip
      Content-Length:
      - '6108'
      Content-Type:
      - application/json; charset=utf-8
      Date:
      - Mon, 19 Jan 2026 09:39:24 GMT
      Pragma:
      - no-cache
      RequestId:
      - b18cc0f0-60c8-4614-af8b-1735cc62872b
      Strict-Transport-Security:
      - max-age=31536000; includeSubDomains
      X-Content-Type-Options:
      - nosniff
      X-Frame-Options:
      - deny
      home-cluster-uri:
      - https://wabi-us-central-b-primary-redirect.analysis.windows.net/
      request-redirected:
      - 'true'
    status:
      code: 200
      message: OK
- request:
    body: null
    headers:
      Accept:
      - '*/*'
      Accept-Encoding:
      - gzip, deflate
      Connection:
      - keep-alive
      Content-Type:
      - application/json
      User-Agent:
      - ms-fabric-cli-test/1.3.1
    method: GET
    uri: https://api.fabric.microsoft.com/v1/workspaces/55ec4187-9e0b-40fb-89c7-31babda1bd98/items
  response:
    body:
      string: '{"value": [{"id": "0c9843be-660e-437b-8047-36af8b773cd2", "type": "Eventhouse",
        "displayName": "fabcli000001_auto", "description": "Created by fab", "workspaceId":
        "55ec4187-9e0b-40fb-89c7-31babda1bd98"}, {"id": "fd80c1be-0ee7-468f-b607-f218f757a8fb",
        "type": "KQLDatabase", "displayName": "fabcli000001_auto", "description":
        "fabcli000001_auto", "workspaceId": "55ec4187-9e0b-40fb-89c7-31babda1bd98"},
        {"id": "576d4b1b-f143-4d19-9023-7b5401147c1f", "type": "KQLDatabase", "displayName":
        "fabcli000001", "description": "Created by fab", "workspaceId": "55ec4187-9e0b-40fb-89c7-31babda1bd98"}]}'
    headers:
      Access-Control-Expose-Headers:
      - RequestId
      Cache-Control:
      - no-store, must-revalidate, no-cache
      Content-Encoding:
      - gzip
      Content-Length:
      - '263'
      Content-Type:
      - application/json; charset=utf-8
      Date:
      - Mon, 19 Jan 2026 09:39:25 GMT
      Pragma:
      - no-cache
      RequestId:
      - e42789e1-bba8-4116-a68a-684c92cdce77
      Strict-Transport-Security:
      - max-age=31536000; includeSubDomains
      X-Content-Type-Options:
      - nosniff
      X-Frame-Options:
      - deny
      home-cluster-uri:
      - https://wabi-us-central-b-primary-redirect.analysis.windows.net/
      request-redirected:
      - 'true'
    status:
      code: 200
      message: OK
- request:
    body: null
    headers:
      Accept:
      - '*/*'
      Accept-Encoding:
      - gzip, deflate
      Connection:
      - keep-alive
      Content-Type:
      - application/json
      User-Agent:
      - ms-fabric-cli-test/1.3.1
    method: GET
    uri: https://onelake.dfs.fabric.microsoft.com/55ec4187-9e0b-40fb-89c7-31babda1bd98/?recursive=false&resource=filesystem&directory=576d4b1b-f143-4d19-9023-7b5401147c1f%2FTables&getShortcutMetadata=true
  response:
    body:
      string: '{"paths": [], "ContinuationToken": null}'
    headers:
      Access-Control-Allow-Headers:
      - '*'
      Access-Control-Allow-Methods:
      - '*'
      Access-Control-Allow-Origin:
      - '*'
      Access-Control-Expose-Headers:
      - '*,Authorization'
      Content-Type:
      - application/json; charset=utf-8
      Date:
      - Mon, 19 Jan 2026 09:39:27 GMT
      Server:
      - Windows-Azure-HDFS/1.0,Microsoft-HTTPAPI/2.0 Microsoft-HTTPAPI/2.0 Microsoft-HTTPAPI/2.0
      Strict-Transport-Security:
      - max-age=31536000; includeSubDomains
      Transfer-Encoding:
      - chunked
      X-Content-Type-Options:
      - nosniff
    status:
      code: 200
      message: OK
- request:
    body: null
    headers:
      Accept:
      - '*/*'
      Accept-Encoding:
      - gzip, deflate
      Connection:
      - keep-alive
      Content-Type:
      - application/json
      User-Agent:
      - ms-fabric-cli-test/1.3.1
    method: GET
    uri: https://api.fabric.microsoft.com/v1/workspaces
  response:
    body:
      string: '{"value": [{"id": "55ec4187-9e0b-40fb-89c7-31babda1bd98", "displayName":
        "fabriccli_WorkspacePerTestclass_000001", "description": "Created by fab",
        "type": "Workspace", "capacityId": "07b1fd56-9969-4ff5-a2c8-05df5f82759a"}]}'
    headers:
      Access-Control-Expose-Headers:
      - RequestId
      Cache-Control:
      - no-store, must-revalidate, no-cache
      Content-Encoding:
      - gzip
      Content-Length:
      - '6108'
      Content-Type:
      - application/json; charset=utf-8
      Date:
      - Mon, 19 Jan 2026 09:39:27 GMT
      Pragma:
      - no-cache
      RequestId:
      - 2445cc10-dc1a-4ae9-adfa-054bdbfe8199
      Strict-Transport-Security:
      - max-age=31536000; includeSubDomains
      X-Content-Type-Options:
      - nosniff
      X-Frame-Options:
      - deny
      home-cluster-uri:
      - https://wabi-us-central-b-primary-redirect.analysis.windows.net/
      request-redirected:
      - 'true'
    status:
      code: 200
      message: OK
- request:
    body: null
    headers:
      Accept:
      - '*/*'
      Accept-Encoding:
      - gzip, deflate
      Connection:
      - keep-alive
      Content-Type:
      - application/json
      User-Agent:
      - ms-fabric-cli-test/1.3.1
    method: GET
    uri: https://api.fabric.microsoft.com/v1/workspaces/55ec4187-9e0b-40fb-89c7-31babda1bd98/items
  response:
    body:
      string: '{"value": [{"id": "0c9843be-660e-437b-8047-36af8b773cd2", "type": "Eventhouse",
        "displayName": "fabcli000001_auto", "description": "Created by fab", "workspaceId":
        "55ec4187-9e0b-40fb-89c7-31babda1bd98"}, {"id": "fd80c1be-0ee7-468f-b607-f218f757a8fb",
        "type": "KQLDatabase", "displayName": "fabcli000001_auto", "description":
        "fabcli000001_auto", "workspaceId": "55ec4187-9e0b-40fb-89c7-31babda1bd98"},
        {"id": "576d4b1b-f143-4d19-9023-7b5401147c1f", "type": "KQLDatabase", "displayName":
        "fabcli000001", "description": "Created by fab", "workspaceId": "55ec4187-9e0b-40fb-89c7-31babda1bd98"}]}'
    headers:
      Access-Control-Expose-Headers:
      - RequestId
      Cache-Control:
      - no-store, must-revalidate, no-cache
      Content-Encoding:
      - gzip
      Content-Length:
      - '263'
      Content-Type:
      - application/json; charset=utf-8
      Date:
      - Mon, 19 Jan 2026 09:39:28 GMT
      Pragma:
      - no-cache
      RequestId:
      - 23b55f89-744e-47c7-85ec-e1a4115ecf9a
      Strict-Transport-Security:
      - max-age=31536000; includeSubDomains
      X-Content-Type-Options:
      - nosniff
      X-Frame-Options:
      - deny
      home-cluster-uri:
      - https://wabi-us-central-b-primary-redirect.analysis.windows.net/
      request-redirected:
      - 'true'
    status:
      code: 200
      message: OK
- request:
    body: null
    headers:
      Accept:
      - '*/*'
      Accept-Encoding:
      - gzip, deflate
      Connection:
      - keep-alive
      Content-Length:
      - '0'
      Content-Type:
      - application/json
      User-Agent:
      - ms-fabric-cli-test/1.3.1
    method: DELETE
    uri: https://api.fabric.microsoft.com/v1/workspaces/55ec4187-9e0b-40fb-89c7-31babda1bd98/items/576d4b1b-f143-4d19-9023-7b5401147c1f
  response:
    body:
      string: ''
    headers:
      Access-Control-Expose-Headers:
      - RequestId
      Cache-Control:
      - no-store, must-revalidate, no-cache
      Content-Encoding:
      - gzip
      Content-Length:
      - '0'
      Content-Type:
      - application/octet-stream
      Date:
      - Mon, 19 Jan 2026 09:39:29 GMT
      Pragma:
      - no-cache
      RequestId:
      - 419fdd5c-6b98-47af-8980-c90fb0c230ab
      Strict-Transport-Security:
      - max-age=31536000; includeSubDomains
      X-Content-Type-Options:
      - nosniff
      X-Frame-Options:
      - deny
      home-cluster-uri:
      - https://wabi-us-central-b-primary-redirect.analysis.windows.net/
      request-redirected:
      - 'true'
    status:
      code: 200
      message: OK
version: 1
