interactions:
- request:
    body: null
    headers:
      Accept:
      - '*/*'
      Accept-Encoding:
      - gzip, deflate
      Connection:
      - keep-alive
      Content-Type:
      - application/json
      User-Agent:
      - ms-fabric-cli-test/1.3.1
    method: GET
    uri: https://api.fabric.microsoft.com/v1/workspaces
  response:
    body:
      string: '{"value": [{"id": "3634a139-2c9e-4205-910b-3b089a31be47", "displayName":
        "My workspace", "description": "", "type": "Personal"}, {"id": "9f7ff46b-df20-4f1b-9b82-9183c6f6adc1",
        "displayName": "fabriccli_WorkspacePerTestclass_000001", "description": "Created
        by fab", "type": "Workspace", "capacityId": "00000000-0000-0000-0000-000000000004"}]}'
    headers:
      Access-Control-Expose-Headers:
      - RequestId
      Cache-Control:
      - no-store, must-revalidate, no-cache
      Content-Encoding:
      - gzip
      Content-Length:
      - '2804'
      Content-Type:
      - application/json; charset=utf-8
      Date:
      - Fri, 06 Feb 2026 10:55:43 GMT
      Pragma:
      - no-cache
      RequestId:
      - 8cd5e4f5-e786-4460-a1fb-47de3f1a1b84
      Strict-Transport-Security:
      - max-age=31536000; includeSubDomains
      X-Content-Type-Options:
      - nosniff
      X-Frame-Options:
      - deny
      home-cluster-uri:
      - https://wabi-us-central-b-primary-redirect.analysis.windows.net/
      request-redirected:
      - 'true'
    status:
      code: 200
      message: OK
- request:
    body: null
    headers:
      Accept:
      - '*/*'
      Accept-Encoding:
      - gzip, deflate
      Connection:
      - keep-alive
      Content-Type:
      - application/json
      User-Agent:
      - ms-fabric-cli-test/1.3.1
    method: GET
    uri: https://api.fabric.microsoft.com/v1/workspaces/9f7ff46b-df20-4f1b-9b82-9183c6f6adc1/items
  response:
    body:
      string: '{"value": [{"id": "2f193862-af04-41f2-8e4c-4e7896ecdd18", "type": "Eventhouse",
        "displayName": "fabcli000001_auto", "description": "Created by fab", "workspaceId":
        "9f7ff46b-df20-4f1b-9b82-9183c6f6adc1"}, {"id": "0f6b72db-807f-4407-b222-ca230049dbe4",
        "type": "KQLDatabase", "displayName": "fabcli000001_auto", "description":
        "fabcli000001_auto", "workspaceId": "9f7ff46b-df20-4f1b-9b82-9183c6f6adc1"},
        {"id": "7159e97b-fa51-4394-a71d-0b4ee9ae0090", "type": "Eventhouse", "displayName":
        "fabcli000001_auto", "description": "Created by fab", "workspaceId": "9f7ff46b-df20-4f1b-9b82-9183c6f6adc1"},
        {"id": "09a703d8-d3d1-4983-b483-0431246621d3", "type": "KQLDatabase", "displayName":
        "fabcli000001_auto", "description": "fabcli000001_auto", "workspaceId": "9f7ff46b-df20-4f1b-9b82-9183c6f6adc1"}]}'
    headers:
      Access-Control-Expose-Headers:
      - RequestId
      Cache-Control:
      - no-store, must-revalidate, no-cache
      Content-Encoding:
      - gzip
      Content-Length:
      - '301'
      Content-Type:
      - application/json; charset=utf-8
      Date:
      - Fri, 06 Feb 2026 10:55:43 GMT
      Pragma:
      - no-cache
      RequestId:
      - 096a24e6-40d5-4b00-8c8a-168bab0a66a4
      Strict-Transport-Security:
      - max-age=31536000; includeSubDomains
      X-Content-Type-Options:
      - nosniff
      X-Frame-Options:
      - deny
      home-cluster-uri:
      - https://wabi-us-central-b-primary-redirect.analysis.windows.net/
      request-redirected:
      - 'true'
    status:
      code: 200
      message: OK
- request:
    body: null
    headers:
      Accept:
      - '*/*'
      Accept-Encoding:
      - gzip, deflate
      Connection:
      - keep-alive
      Content-Type:
      - application/json
      User-Agent:
      - ms-fabric-cli-test/1.3.1
    method: GET
    uri: https://api.fabric.microsoft.com/v1/workspaces/9f7ff46b-df20-4f1b-9b82-9183c6f6adc1/items
  response:
    body:
      string: '{"value": [{"id": "2f193862-af04-41f2-8e4c-4e7896ecdd18", "type": "Eventhouse",
        "displayName": "fabcli000001_auto", "description": "Created by fab", "workspaceId":
        "9f7ff46b-df20-4f1b-9b82-9183c6f6adc1"}, {"id": "0f6b72db-807f-4407-b222-ca230049dbe4",
        "type": "KQLDatabase", "displayName": "fabcli000001_auto", "description":
        "fabcli000001_auto", "workspaceId": "9f7ff46b-df20-4f1b-9b82-9183c6f6adc1"},
        {"id": "7159e97b-fa51-4394-a71d-0b4ee9ae0090", "type": "Eventhouse", "displayName":
        "fabcli000001_auto", "description": "Created by fab", "workspaceId": "9f7ff46b-df20-4f1b-9b82-9183c6f6adc1"},
        {"id": "09a703d8-d3d1-4983-b483-0431246621d3", "type": "KQLDatabase", "displayName":
        "fabcli000001_auto", "description": "fabcli000001_auto", "workspaceId": "9f7ff46b-df20-4f1b-9b82-9183c6f6adc1"}]}'
    headers:
      Access-Control-Expose-Headers:
      - RequestId
      Cache-Control:
      - no-store, must-revalidate, no-cache
      Content-Encoding:
      - gzip
      Content-Length:
      - '301'
      Content-Type:
      - application/json; charset=utf-8
      Date:
      - Fri, 06 Feb 2026 10:55:44 GMT
      Pragma:
      - no-cache
      RequestId:
      - ca8c18c8-665d-4661-b562-b01752f424b6
      Strict-Transport-Security:
      - max-age=31536000; includeSubDomains
      X-Content-Type-Options:
      - nosniff
      X-Frame-Options:
      - deny
      home-cluster-uri:
      - https://wabi-us-central-b-primary-redirect.analysis.windows.net/
      request-redirected:
      - 'true'
    status:
      code: 200
      message: OK
- request:
    body: '{"description": "Created by fab", "displayName": "fabcli000001", "type":
      "SQLDatabase", "folderId": null}'
    headers:
      Accept:
      - '*/*'
      Accept-Encoding:
      - gzip, deflate
      Connection:
      - keep-alive
      Content-Length:
      - '109'
      Content-Type:
      - application/json
      User-Agent:
      - ms-fabric-cli-test/1.3.1
    method: POST
    uri: https://api.fabric.microsoft.com/v1/workspaces/9f7ff46b-df20-4f1b-9b82-9183c6f6adc1/sqlDatabases
  response:
    body:
      string: 'null'
    headers:
      Access-Control-Expose-Headers:
      - RequestId,Location,Retry-After,ETag,x-ms-operation-id
      Cache-Control:
      - no-store, must-revalidate, no-cache
      Content-Encoding:
      - gzip
      Content-Length:
      - '24'
      Content-Type:
      - application/json; charset=utf-8
      Date:
      - Fri, 06 Feb 2026 10:55:45 GMT
      ETag:
      - '""'
      Location:
      - https://wabi-us-central-b-primary-redirect.analysis.windows.net/v1/operations/79fb0a41-bfe3-47eb-aabf-417f7a5d0b9d
      Pragma:
      - no-cache
      RequestId:
      - d069b5ee-4fc9-4dc2-bc72-baa8b06e271e
      Retry-After:
      - '20'
      Strict-Transport-Security:
      - max-age=31536000; includeSubDomains
      X-Content-Type-Options:
      - nosniff
      X-Frame-Options:
      - deny
      home-cluster-uri:
      - https://wabi-us-central-b-primary-redirect.analysis.windows.net/
      request-redirected:
      - 'true'
      x-ms-operation-id:
      - 79fb0a41-bfe3-47eb-aabf-417f7a5d0b9d
    status:
      code: 202
      message: Accepted
- request:
    body: null
    headers:
      Accept:
      - '*/*'
      Accept-Encoding:
      - gzip, deflate
      Connection:
      - keep-alive
      Content-Type:
      - application/json
      User-Agent:
      - ms-fabric-cli-test/1.3.1
    method: GET
    uri: https://wabi-us-central-b-primary-redirect.analysis.windows.net/v1/operations/79fb0a41-bfe3-47eb-aabf-417f7a5d0b9d
  response:
    body:
      string: '{"status": "Succeeded", "createdTimeUtc": "2026-02-06T10:55:46.250626",
        "lastUpdatedTimeUtc": "2026-02-06T10:55:59.1614768", "percentComplete": 100,
        "error": null}'
    headers:
      Access-Control-Expose-Headers:
      - RequestId,Location,x-ms-operation-id
      Cache-Control:
      - no-store, must-revalidate, no-cache
      Content-Encoding:
      - gzip
      Content-Length:
      - '131'
      Content-Type:
      - application/json; charset=utf-8
      Date:
      - Fri, 06 Feb 2026 10:56:07 GMT
      Location:
      - https://wabi-us-central-b-primary-redirect.analysis.windows.net/v1/operations/79fb0a41-bfe3-47eb-aabf-417f7a5d0b9d/result
      Pragma:
      - no-cache
      RequestId:
      - df356956-d68e-45d3-9b30-81ed1e2b23d6
      Strict-Transport-Security:
      - max-age=31536000; includeSubDomains
      X-Content-Type-Options:
      - nosniff
      X-Frame-Options:
      - deny
      x-ms-operation-id:
      - 79fb0a41-bfe3-47eb-aabf-417f7a5d0b9d
    status:
      code: 200
      message: OK
- request:
    body: null
    headers:
      Accept:
      - '*/*'
      Accept-Encoding:
      - gzip, deflate
      Connection:
      - keep-alive
      Content-Type:
      - application/json
      User-Agent:
      - ms-fabric-cli-test/1.3.1
    method: GET
    uri: https://wabi-us-central-b-primary-redirect.analysis.windows.net/v1/operations/79fb0a41-bfe3-47eb-aabf-417f7a5d0b9d/result
  response:
    body:
      string: '{"id": "eec653a8-44c4-41a1-a7fb-266b3043e4c5", "type": "SQLDatabase",
        "displayName": "fabcli000001", "description": "Created by fab", "workspaceId":
        "9f7ff46b-df20-4f1b-9b82-9183c6f6adc1"}'
    headers:
      Access-Control-Expose-Headers:
      - RequestId
      Cache-Control:
      - no-store, must-revalidate, no-cache
      Content-Encoding:
      - gzip
      Content-Type:
      - application/json
      Date:
      - Fri, 06 Feb 2026 10:56:08 GMT
      Pragma:
      - no-cache
      RequestId:
      - 4e79f345-8344-4e7f-8767-ce3bda5f042a
      Strict-Transport-Security:
      - max-age=31536000; includeSubDomains
      Transfer-Encoding:
      - chunked
      X-Content-Type-Options:
      - nosniff
      X-Frame-Options:
      - deny
    status:
      code: 200
      message: OK
- request:
    body: null
    headers:
      Accept:
      - '*/*'
      Accept-Encoding:
      - gzip, deflate
      Connection:
      - keep-alive
      Content-Type:
      - application/json
      User-Agent:
      - ms-fabric-cli-test/1.3.1
    method: GET
    uri: https://api.fabric.microsoft.com/v1/workspaces
  response:
    body:
      string: '{"value": [{"id": "3634a139-2c9e-4205-910b-3b089a31be47", "displayName":
        "My workspace", "description": "", "type": "Personal"}, {"id": "9f7ff46b-df20-4f1b-9b82-9183c6f6adc1",
        "displayName": "fabriccli_WorkspacePerTestclass_000001", "description": "Created
        by fab", "type": "Workspace", "capacityId": "00000000-0000-0000-0000-000000000004"}]}'
    headers:
      Access-Control-Expose-Headers:
      - RequestId
      Cache-Control:
      - no-store, must-revalidate, no-cache
      Content-Encoding:
      - gzip
      Content-Length:
      - '2804'
      Content-Type:
      - application/json; charset=utf-8
      Date:
      - Fri, 06 Feb 2026 10:56:09 GMT
      Pragma:
      - no-cache
      RequestId:
      - b99e1845-79d4-4f0a-b26a-4213679292ed
      Strict-Transport-Security:
      - max-age=31536000; includeSubDomains
      X-Content-Type-Options:
      - nosniff
      X-Frame-Options:
      - deny
      home-cluster-uri:
      - https://wabi-us-central-b-primary-redirect.analysis.windows.net/
      request-redirected:
      - 'true'
    status:
      code: 200
      message: OK
- request:
    body: null
    headers:
      Accept:
      - '*/*'
      Accept-Encoding:
      - gzip, deflate
      Connection:
      - keep-alive
      Content-Type:
      - application/json
      User-Agent:
      - ms-fabric-cli-test/1.3.1
    method: GET
    uri: https://api.fabric.microsoft.com/v1/workspaces/9f7ff46b-df20-4f1b-9b82-9183c6f6adc1/items
  response:
    body:
      string: '{"value": [{"id": "2f193862-af04-41f2-8e4c-4e7896ecdd18", "type": "Eventhouse",
        "displayName": "fabcli000001_auto", "description": "Created by fab", "workspaceId":
        "9f7ff46b-df20-4f1b-9b82-9183c6f6adc1"}, {"id": "0f6b72db-807f-4407-b222-ca230049dbe4",
        "type": "KQLDatabase", "displayName": "fabcli000001_auto", "description":
        "fabcli000001_auto", "workspaceId": "9f7ff46b-df20-4f1b-9b82-9183c6f6adc1"},
        {"id": "7159e97b-fa51-4394-a71d-0b4ee9ae0090", "type": "Eventhouse", "displayName":
        "fabcli000001_auto", "description": "Created by fab", "workspaceId": "9f7ff46b-df20-4f1b-9b82-9183c6f6adc1"},
        {"id": "09a703d8-d3d1-4983-b483-0431246621d3", "type": "KQLDatabase", "displayName":
        "fabcli000001_auto", "description": "fabcli000001_auto", "workspaceId": "9f7ff46b-df20-4f1b-9b82-9183c6f6adc1"},
        {"id": "eec653a8-44c4-41a1-a7fb-266b3043e4c5", "type": "SQLDatabase", "displayName":
        "fabcli000001", "description": "Created by fab", "workspaceId": "9f7ff46b-df20-4f1b-9b82-9183c6f6adc1"}]}'
    headers:
      Access-Control-Expose-Headers:
      - RequestId
      Cache-Control:
      - no-store, must-revalidate, no-cache
      Content-Encoding:
      - gzip
      Content-Length:
      - '342'
      Content-Type:
      - application/json; charset=utf-8
      Date:
      - Fri, 06 Feb 2026 10:56:10 GMT
      Pragma:
      - no-cache
      RequestId:
      - f1cc7e70-8f5f-4a53-bef3-f4f39754bdb6
      Strict-Transport-Security:
      - max-age=31536000; includeSubDomains
      X-Content-Type-Options:
      - nosniff
      X-Frame-Options:
      - deny
      home-cluster-uri:
      - https://wabi-us-central-b-primary-redirect.analysis.windows.net/
      request-redirected:
      - 'true'
    status:
      code: 200
      message: OK
- request:
    body: null
    headers:
      Accept:
      - '*/*'
      Accept-Encoding:
      - gzip, deflate
      Connection:
      - keep-alive
      Content-Type:
      - application/json
      User-Agent:
      - ms-fabric-cli-test/1.3.1
    method: GET
    uri: https://onelake.dfs.fabric.microsoft.com/9f7ff46b-df20-4f1b-9b82-9183c6f6adc1/?recursive=false&resource=filesystem&directory=eec653a8-44c4-41a1-a7fb-266b3043e4c5%2FFiles&getShortcutMetadata=true
  response:
    body:
      string: '{"paths": [{"name": "eec653a8-44c4-41a1-a7fb-266b3043e4c5/Files/Monitoring",
        "isDirectory": "true", "creationTime": "134148489602118540", "lastModified":
        "Fri, 06 Feb 2026 10:56:00 GMT", "etag": "0x8DE656E505AB508", "contentLength":
        "0", "owner": "bdb39224-bd86-4d14-bc6e-18637e6902b0", "group": "bdb39224-bd86-4d14-bc6e-18637e6902b0",
        "permissions": "rwxr-x---", "expiryTime": "0"}], "ContinuationToken": null}'
    headers:
      Access-Control-Allow-Headers:
      - '*'
      Access-Control-Allow-Methods:
      - '*'
      Access-Control-Allow-Origin:
      - '*'
      Access-Control-Expose-Headers:
      - '*,Authorization'
      Content-Type:
      - application/json; charset=utf-8
      Date:
      - Fri, 06 Feb 2026 10:56:11 GMT
      Server:
      - Windows-Azure-HDFS/1.0,Microsoft-HTTPAPI/2.0 Microsoft-HTTPAPI/2.0 Microsoft-HTTPAPI/2.0
      Strict-Transport-Security:
      - max-age=31536000; includeSubDomains
      Transfer-Encoding:
      - chunked
      X-Content-Type-Options:
      - nosniff
    status:
      code: 200
      message: OK
- request:
    body: null
    headers:
      Accept:
      - '*/*'
      Accept-Encoding:
      - gzip, deflate
      Connection:
      - keep-alive
      Content-Type:
      - application/json
      User-Agent:
      - ms-fabric-cli-test/1.3.1
    method: GET
    uri: https://api.fabric.microsoft.com/v1/workspaces
  response:
    body:
      string: '{"value": [{"id": "3634a139-2c9e-4205-910b-3b089a31be47", "displayName":
        "My workspace", "description": "", "type": "Personal"}, {"id": "9f7ff46b-df20-4f1b-9b82-9183c6f6adc1",
        "displayName": "fabriccli_WorkspacePerTestclass_000001", "description": "Created
        by fab", "type": "Workspace", "capacityId": "00000000-0000-0000-0000-000000000004"}]}'
    headers:
      Access-Control-Expose-Headers:
      - RequestId
      Cache-Control:
      - no-store, must-revalidate, no-cache
      Content-Encoding:
      - gzip
      Content-Length:
      - '2804'
      Content-Type:
      - application/json; charset=utf-8
      Date:
      - Fri, 06 Feb 2026 10:56:11 GMT
      Pragma:
      - no-cache
      RequestId:
      - ea1b6659-eec0-41f8-bf35-1d1d52805e53
      Strict-Transport-Security:
      - max-age=31536000; includeSubDomains
      X-Content-Type-Options:
      - nosniff
      X-Frame-Options:
      - deny
      home-cluster-uri:
      - https://wabi-us-central-b-primary-redirect.analysis.windows.net/
      request-redirected:
      - 'true'
    status:
      code: 200
      message: OK
- request:
    body: null
    headers:
      Accept:
      - '*/*'
      Accept-Encoding:
      - gzip, deflate
      Connection:
      - keep-alive
      Content-Type:
      - application/json
      User-Agent:
      - ms-fabric-cli-test/1.3.1
    method: GET
    uri: https://api.fabric.microsoft.com/v1/workspaces/9f7ff46b-df20-4f1b-9b82-9183c6f6adc1/items
  response:
    body:
      string: '{"value": [{"id": "2f193862-af04-41f2-8e4c-4e7896ecdd18", "type": "Eventhouse",
        "displayName": "fabcli000001_auto", "description": "Created by fab", "workspaceId":
        "9f7ff46b-df20-4f1b-9b82-9183c6f6adc1"}, {"id": "0f6b72db-807f-4407-b222-ca230049dbe4",
        "type": "KQLDatabase", "displayName": "fabcli000001_auto", "description":
        "fabcli000001_auto", "workspaceId": "9f7ff46b-df20-4f1b-9b82-9183c6f6adc1"},
        {"id": "7159e97b-fa51-4394-a71d-0b4ee9ae0090", "type": "Eventhouse", "displayName":
        "fabcli000001_auto", "description": "Created by fab", "workspaceId": "9f7ff46b-df20-4f1b-9b82-9183c6f6adc1"},
        {"id": "09a703d8-d3d1-4983-b483-0431246621d3", "type": "KQLDatabase", "displayName":
        "fabcli000001_auto", "description": "fabcli000001_auto", "workspaceId": "9f7ff46b-df20-4f1b-9b82-9183c6f6adc1"},
        {"id": "eec653a8-44c4-41a1-a7fb-266b3043e4c5", "type": "SQLDatabase", "displayName":
        "fabcli000001", "description": "Created by fab", "workspaceId": "9f7ff46b-df20-4f1b-9b82-9183c6f6adc1"}]}'
    headers:
      Access-Control-Expose-Headers:
      - RequestId
      Cache-Control:
      - no-store, must-revalidate, no-cache
      Content-Encoding:
      - gzip
      Content-Length:
      - '342'
      Content-Type:
      - application/json; charset=utf-8
      Date:
      - Fri, 06 Feb 2026 10:56:12 GMT
      Pragma:
      - no-cache
      RequestId:
      - 75d80270-8d57-4242-89c1-f7cf3b416bc6
      Strict-Transport-Security:
      - max-age=31536000; includeSubDomains
      X-Content-Type-Options:
      - nosniff
      X-Frame-Options:
      - deny
      home-cluster-uri:
      - https://wabi-us-central-b-primary-redirect.analysis.windows.net/
      request-redirected:
      - 'true'
    status:
      code: 200
      message: OK
- request:
    body: null
    headers:
      Accept:
      - '*/*'
      Accept-Encoding:
      - gzip, deflate
      Connection:
      - keep-alive
      Content-Length:
      - '0'
      Content-Type:
      - application/json
      User-Agent:
      - ms-fabric-cli-test/1.3.1
    method: DELETE
    uri: https://api.fabric.microsoft.com/v1/workspaces/9f7ff46b-df20-4f1b-9b82-9183c6f6adc1/items/eec653a8-44c4-41a1-a7fb-266b3043e4c5
  response:
    body:
      string: ''
    headers:
      Access-Control-Expose-Headers:
      - RequestId
      Cache-Control:
      - no-store, must-revalidate, no-cache
      Content-Encoding:
      - gzip
      Content-Length:
      - '0'
      Content-Type:
      - application/octet-stream
      Date:
      - Fri, 06 Feb 2026 10:56:13 GMT
      Pragma:
      - no-cache
      RequestId:
      - c9f556e6-810a-4048-bc66-723369c61b96
      Strict-Transport-Security:
      - max-age=31536000; includeSubDomains
      X-Content-Type-Options:
      - nosniff
      X-Frame-Options:
      - deny
      home-cluster-uri:
      - https://wabi-us-central-b-primary-redirect.analysis.windows.net/
      request-redirected:
      - 'true'
    status:
      code: 200
      message: OK
version: 1
