interactions:
- request:
    body: null
    headers:
      Accept:
      - '*/*'
      Accept-Encoding:
      - gzip, deflate
      Connection:
      - keep-alive
      Content-Type:
      - application/json
      User-Agent:
      - ms-fabric-cli-test/1.3.1
    method: GET
    uri: https://api.fabric.microsoft.com/v1/workspaces
  response:
    body:
      string: '{"value": [{"id": "3634a139-2c9e-4205-910b-3b089a31be47", "displayName":
        "My workspace", "description": "", "type": "Personal"}, {"id": "b7945519-3184-48e4-8d42-8b7ee977816d",
        "displayName": "fabriccli_WorkspacePerTestclass_000001", "description": "Created
        by fab", "type": "Workspace", "capacityId": "00000000-0000-0000-0000-000000000004"}]}'
    headers:
      Access-Control-Expose-Headers:
      - RequestId
      Cache-Control:
      - no-store, must-revalidate, no-cache
      Content-Encoding:
      - gzip
      Content-Length:
      - '2336'
      Content-Type:
      - application/json; charset=utf-8
      Date:
      - Tue, 03 Feb 2026 07:56:24 GMT
      Pragma:
      - no-cache
      RequestId:
      - 463a6899-3103-4126-b7d9-e57b829e1d82
      Strict-Transport-Security:
      - max-age=31536000; includeSubDomains
      X-Content-Type-Options:
      - nosniff
      X-Frame-Options:
      - deny
      home-cluster-uri:
      - https://wabi-us-central-b-primary-redirect.analysis.windows.net/
      request-redirected:
      - 'true'
    status:
      code: 200
      message: OK
- request:
    body: null
    headers:
      Accept:
      - '*/*'
      Accept-Encoding:
      - gzip, deflate
      Connection:
      - keep-alive
      Content-Type:
      - application/json
      User-Agent:
      - ms-fabric-cli-test/1.3.1
    method: GET
    uri: https://api.fabric.microsoft.com/v1/workspaces/b7945519-3184-48e4-8d42-8b7ee977816d/items
  response:
    body:
      string: '{"value": [{"id": "b4b48b13-c163-44f9-ba57-4c1e3c733590", "type": "SemanticModel",
        "displayName": "fabcli000001_auto", "description": "", "workspaceId": "b7945519-3184-48e4-8d42-8b7ee977816d"},
        {"id": "9797d176-4e05-4505-b702-92eb11623ef8", "type": "SQLEndpoint", "displayName":
        "StagingLakehouseForDataflows_20260203075441", "description": "", "workspaceId":
        "b7945519-3184-48e4-8d42-8b7ee977816d"}, {"id": "d4b12cbc-7628-4748-9a01-e175de6f7f55",
        "type": "Warehouse", "displayName": "StagingWarehouseForDataflows_20260203075454",
        "description": "", "workspaceId": "b7945519-3184-48e4-8d42-8b7ee977816d"},
        {"id": "39c996ce-6e23-4bb5-b6af-1b7db4e86822", "type": "SQLEndpoint", "displayName":
        "fabcli000001dtdm", "description": "", "workspaceId": "b7945519-3184-48e4-8d42-8b7ee977816d"},
        {"id": "a56d2f37-110e-403e-8d54-74104ad96f65", "type": "Lakehouse", "displayName":
        "StagingLakehouseForDataflows_20260203075441", "description": "", "workspaceId":
        "b7945519-3184-48e4-8d42-8b7ee977816d"}, {"id": "48e61c44-b669-4e71-82f1-76be4fe2cdbd",
        "type": "Lakehouse", "displayName": "fabcli000001dtdm", "description": "",
        "workspaceId": "b7945519-3184-48e4-8d42-8b7ee977816d"}]}'
    headers:
      Access-Control-Expose-Headers:
      - RequestId
      Cache-Control:
      - no-store, must-revalidate, no-cache
      Content-Encoding:
      - gzip
      Content-Length:
      - '399'
      Content-Type:
      - application/json; charset=utf-8
      Date:
      - Tue, 03 Feb 2026 07:56:26 GMT
      Pragma:
      - no-cache
      RequestId:
      - 8a26e749-209e-4be0-a2df-4b4f55bc6647
      Strict-Transport-Security:
      - max-age=31536000; includeSubDomains
      X-Content-Type-Options:
      - nosniff
      X-Frame-Options:
      - deny
      home-cluster-uri:
      - https://wabi-us-central-b-primary-redirect.analysis.windows.net/
      request-redirected:
      - 'true'
    status:
      code: 200
      message: OK
- request:
    body: null
    headers:
      Accept:
      - '*/*'
      Accept-Encoding:
      - gzip, deflate
      Connection:
      - keep-alive
      Content-Type:
      - application/json
      User-Agent:
      - ms-fabric-cli-test/1.3.1
    method: GET
    uri: https://api.fabric.microsoft.com/v1/workspaces/b7945519-3184-48e4-8d42-8b7ee977816d/items
  response:
    body:
      string: '{"value": [{"id": "b4b48b13-c163-44f9-ba57-4c1e3c733590", "type": "SemanticModel",
        "displayName": "fabcli000001_auto", "description": "", "workspaceId": "b7945519-3184-48e4-8d42-8b7ee977816d"},
        {"id": "9797d176-4e05-4505-b702-92eb11623ef8", "type": "SQLEndpoint", "displayName":
        "StagingLakehouseForDataflows_20260203075441", "description": "", "workspaceId":
        "b7945519-3184-48e4-8d42-8b7ee977816d"}, {"id": "d4b12cbc-7628-4748-9a01-e175de6f7f55",
        "type": "Warehouse", "displayName": "StagingWarehouseForDataflows_20260203075454",
        "description": "", "workspaceId": "b7945519-3184-48e4-8d42-8b7ee977816d"},
        {"id": "39c996ce-6e23-4bb5-b6af-1b7db4e86822", "type": "SQLEndpoint", "displayName":
        "fabcli000001dtdm", "description": "", "workspaceId": "b7945519-3184-48e4-8d42-8b7ee977816d"},
        {"id": "a56d2f37-110e-403e-8d54-74104ad96f65", "type": "Lakehouse", "displayName":
        "StagingLakehouseForDataflows_20260203075441", "description": "", "workspaceId":
        "b7945519-3184-48e4-8d42-8b7ee977816d"}, {"id": "48e61c44-b669-4e71-82f1-76be4fe2cdbd",
        "type": "Lakehouse", "displayName": "fabcli000001dtdm", "description": "",
        "workspaceId": "b7945519-3184-48e4-8d42-8b7ee977816d"}]}'
    headers:
      Access-Control-Expose-Headers:
      - RequestId
      Cache-Control:
      - no-store, must-revalidate, no-cache
      Content-Encoding:
      - gzip
      Content-Length:
      - '399'
      Content-Type:
      - application/json; charset=utf-8
      Date:
      - Tue, 03 Feb 2026 07:56:26 GMT
      Pragma:
      - no-cache
      RequestId:
      - d3193daf-f4ca-4d26-b628-cf17b040fb1a
      Strict-Transport-Security:
      - max-age=31536000; includeSubDomains
      X-Content-Type-Options:
      - nosniff
      X-Frame-Options:
      - deny
      home-cluster-uri:
      - https://wabi-us-central-b-primary-redirect.analysis.windows.net/
      request-redirected:
      - 'true'
    status:
      code: 200
      message: OK
- request:
    body: '{"description": "Created by fab", "displayName": "fabcli000001", "type":
      "Environment", "folderId": null}'
    headers:
      Accept:
      - '*/*'
      Accept-Encoding:
      - gzip, deflate
      Connection:
      - keep-alive
      Content-Length:
      - '109'
      Content-Type:
      - application/json
      User-Agent:
      - ms-fabric-cli-test/1.3.1
    method: POST
    uri: https://api.fabric.microsoft.com/v1/workspaces/b7945519-3184-48e4-8d42-8b7ee977816d/environments
  response:
    body:
      string: '{"id": "6c70f699-a33c-4354-ae15-80b6ad57d9c5", "type": "Environment",
        "displayName": "fabcli000001", "description": "Created by fab", "workspaceId":
        "b7945519-3184-48e4-8d42-8b7ee977816d"}'
    headers:
      Access-Control-Expose-Headers:
      - RequestId,ETag
      Cache-Control:
      - no-store, must-revalidate, no-cache
      Content-Encoding:
      - gzip
      Content-Length:
      - '168'
      Content-Type:
      - application/json; charset=utf-8
      Date:
      - Tue, 03 Feb 2026 07:56:30 GMT
      ETag:
      - '""'
      Pragma:
      - no-cache
      RequestId:
      - e6e10491-7cce-4c8d-8482-1170d5e64961
      Strict-Transport-Security:
      - max-age=31536000; includeSubDomains
      X-Content-Type-Options:
      - nosniff
      X-Frame-Options:
      - deny
      home-cluster-uri:
      - https://wabi-us-central-b-primary-redirect.analysis.windows.net/
      request-redirected:
      - 'true'
    status:
      code: 201
      message: Created
- request:
    body: null
    headers:
      Accept:
      - '*/*'
      Accept-Encoding:
      - gzip, deflate
      Connection:
      - keep-alive
      Content-Type:
      - application/json
      User-Agent:
      - ms-fabric-cli-test/1.3.1
    method: GET
    uri: https://api.fabric.microsoft.com/v1/workspaces
  response:
    body:
      string: '{"value": [{"id": "3634a139-2c9e-4205-910b-3b089a31be47", "displayName":
        "My workspace", "description": "", "type": "Personal"}, {"id": "b7945519-3184-48e4-8d42-8b7ee977816d",
        "displayName": "fabriccli_WorkspacePerTestclass_000001", "description": "Created
        by fab", "type": "Workspace", "capacityId": "00000000-0000-0000-0000-000000000004"}]}'
    headers:
      Access-Control-Expose-Headers:
      - RequestId
      Cache-Control:
      - no-store, must-revalidate, no-cache
      Content-Encoding:
      - gzip
      Content-Length:
      - '2336'
      Content-Type:
      - application/json; charset=utf-8
      Date:
      - Tue, 03 Feb 2026 07:56:30 GMT
      Pragma:
      - no-cache
      RequestId:
      - fec92f18-ae24-4f4a-b5f3-3240517659e2
      Strict-Transport-Security:
      - max-age=31536000; includeSubDomains
      X-Content-Type-Options:
      - nosniff
      X-Frame-Options:
      - deny
      home-cluster-uri:
      - https://wabi-us-central-b-primary-redirect.analysis.windows.net/
      request-redirected:
      - 'true'
    status:
      code: 200
      message: OK
- request:
    body: null
    headers:
      Accept:
      - '*/*'
      Accept-Encoding:
      - gzip, deflate
      Connection:
      - keep-alive
      Content-Type:
      - application/json
      User-Agent:
      - ms-fabric-cli-test/1.3.1
    method: GET
    uri: https://api.fabric.microsoft.com/v1/workspaces/b7945519-3184-48e4-8d42-8b7ee977816d/items
  response:
    body:
      string: '{"value": [{"id": "b4b48b13-c163-44f9-ba57-4c1e3c733590", "type": "SemanticModel",
        "displayName": "fabcli000001_auto", "description": "", "workspaceId": "b7945519-3184-48e4-8d42-8b7ee977816d"},
        {"id": "9797d176-4e05-4505-b702-92eb11623ef8", "type": "SQLEndpoint", "displayName":
        "StagingLakehouseForDataflows_20260203075441", "description": "", "workspaceId":
        "b7945519-3184-48e4-8d42-8b7ee977816d"}, {"id": "d4b12cbc-7628-4748-9a01-e175de6f7f55",
        "type": "Warehouse", "displayName": "StagingWarehouseForDataflows_20260203075454",
        "description": "", "workspaceId": "b7945519-3184-48e4-8d42-8b7ee977816d"},
        {"id": "39c996ce-6e23-4bb5-b6af-1b7db4e86822", "type": "SQLEndpoint", "displayName":
        "fabcli000001dtdm", "description": "", "workspaceId": "b7945519-3184-48e4-8d42-8b7ee977816d"},
        {"id": "a56d2f37-110e-403e-8d54-74104ad96f65", "type": "Lakehouse", "displayName":
        "StagingLakehouseForDataflows_20260203075441", "description": "", "workspaceId":
        "b7945519-3184-48e4-8d42-8b7ee977816d"}, {"id": "48e61c44-b669-4e71-82f1-76be4fe2cdbd",
        "type": "Lakehouse", "displayName": "fabcli000001dtdm", "description": "",
        "workspaceId": "b7945519-3184-48e4-8d42-8b7ee977816d"}, {"id": "6c70f699-a33c-4354-ae15-80b6ad57d9c5",
        "type": "Environment", "displayName": "fabcli000001", "description": "Created
        by fab", "workspaceId": "b7945519-3184-48e4-8d42-8b7ee977816d"}]}'
    headers:
      Access-Control-Expose-Headers:
      - RequestId
      Cache-Control:
      - no-store, must-revalidate, no-cache
      Content-Encoding:
      - gzip
      Content-Length:
      - '455'
      Content-Type:
      - application/json; charset=utf-8
      Date:
      - Tue, 03 Feb 2026 07:56:32 GMT
      Pragma:
      - no-cache
      RequestId:
      - 17e5ae0c-e7e5-4e0b-b3f3-e5ce1c0c8ed2
      Strict-Transport-Security:
      - max-age=31536000; includeSubDomains
      X-Content-Type-Options:
      - nosniff
      X-Frame-Options:
      - deny
      home-cluster-uri:
      - https://wabi-us-central-b-primary-redirect.analysis.windows.net/
      request-redirected:
      - 'true'
    status:
      code: 200
      message: OK
- request:
    body: null
    headers:
      Accept:
      - '*/*'
      Accept-Encoding:
      - gzip, deflate
      Connection:
      - keep-alive
      Content-Type:
      - application/json
      User-Agent:
      - ms-fabric-cli-test/1.3.1
    method: GET
    uri: https://api.fabric.microsoft.com/v1/workspaces/b7945519-3184-48e4-8d42-8b7ee977816d/items
  response:
    body:
      string: '{"value": [{"id": "b4b48b13-c163-44f9-ba57-4c1e3c733590", "type": "SemanticModel",
        "displayName": "fabcli000001_auto", "description": "", "workspaceId": "b7945519-3184-48e4-8d42-8b7ee977816d"},
        {"id": "9797d176-4e05-4505-b702-92eb11623ef8", "type": "SQLEndpoint", "displayName":
        "StagingLakehouseForDataflows_20260203075441", "description": "", "workspaceId":
        "b7945519-3184-48e4-8d42-8b7ee977816d"}, {"id": "d4b12cbc-7628-4748-9a01-e175de6f7f55",
        "type": "Warehouse", "displayName": "StagingWarehouseForDataflows_20260203075454",
        "description": "", "workspaceId": "b7945519-3184-48e4-8d42-8b7ee977816d"},
        {"id": "39c996ce-6e23-4bb5-b6af-1b7db4e86822", "type": "SQLEndpoint", "displayName":
        "fabcli000001dtdm", "description": "", "workspaceId": "b7945519-3184-48e4-8d42-8b7ee977816d"},
        {"id": "a56d2f37-110e-403e-8d54-74104ad96f65", "type": "Lakehouse", "displayName":
        "StagingLakehouseForDataflows_20260203075441", "description": "", "workspaceId":
        "b7945519-3184-48e4-8d42-8b7ee977816d"}, {"id": "48e61c44-b669-4e71-82f1-76be4fe2cdbd",
        "type": "Lakehouse", "displayName": "fabcli000001dtdm", "description": "",
        "workspaceId": "b7945519-3184-48e4-8d42-8b7ee977816d"}, {"id": "6c70f699-a33c-4354-ae15-80b6ad57d9c5",
        "type": "Environment", "displayName": "fabcli000001", "description": "Created
        by fab", "workspaceId": "b7945519-3184-48e4-8d42-8b7ee977816d"}]}'
    headers:
      Access-Control-Expose-Headers:
      - RequestId
      Cache-Control:
      - no-store, must-revalidate, no-cache
      Content-Encoding:
      - gzip
      Content-Length:
      - '455'
      Content-Type:
      - application/json; charset=utf-8
      Date:
      - Tue, 03 Feb 2026 07:56:33 GMT
      Pragma:
      - no-cache
      RequestId:
      - 82591735-99dc-42aa-9d0d-96254a2d3e21
      Strict-Transport-Security:
      - max-age=31536000; includeSubDomains
      X-Content-Type-Options:
      - nosniff
      X-Frame-Options:
      - deny
      home-cluster-uri:
      - https://wabi-us-central-b-primary-redirect.analysis.windows.net/
      request-redirected:
      - 'true'
    status:
      code: 200
      message: OK
- request:
    body: null
    headers:
      Accept:
      - '*/*'
      Accept-Encoding:
      - gzip, deflate
      Connection:
      - keep-alive
      Content-Type:
      - application/json
      User-Agent:
      - ms-fabric-cli-test/1.3.1
    method: GET
    uri: https://api.fabric.microsoft.com/v1/workspaces
  response:
    body:
      string: '{"value": [{"id": "3634a139-2c9e-4205-910b-3b089a31be47", "displayName":
        "My workspace", "description": "", "type": "Personal"}, {"id": "b7945519-3184-48e4-8d42-8b7ee977816d",
        "displayName": "fabriccli_WorkspacePerTestclass_000001", "description": "Created
        by fab", "type": "Workspace", "capacityId": "00000000-0000-0000-0000-000000000004"}]}'
    headers:
      Access-Control-Expose-Headers:
      - RequestId
      Cache-Control:
      - no-store, must-revalidate, no-cache
      Content-Encoding:
      - gzip
      Content-Length:
      - '2336'
      Content-Type:
      - application/json; charset=utf-8
      Date:
      - Tue, 03 Feb 2026 07:56:33 GMT
      Pragma:
      - no-cache
      RequestId:
      - 9145410c-b9a7-48af-bafd-dcb813d53b15
      Strict-Transport-Security:
      - max-age=31536000; includeSubDomains
      X-Content-Type-Options:
      - nosniff
      X-Frame-Options:
      - deny
      home-cluster-uri:
      - https://wabi-us-central-b-primary-redirect.analysis.windows.net/
      request-redirected:
      - 'true'
    status:
      code: 200
      message: OK
- request:
    body: null
    headers:
      Accept:
      - '*/*'
      Accept-Encoding:
      - gzip, deflate
      Connection:
      - keep-alive
      Content-Type:
      - application/json
      User-Agent:
      - ms-fabric-cli-test/1.3.1
    method: GET
    uri: https://api.fabric.microsoft.com/v1/workspaces/b7945519-3184-48e4-8d42-8b7ee977816d/items
  response:
    body:
      string: '{"value": [{"id": "b4b48b13-c163-44f9-ba57-4c1e3c733590", "type": "SemanticModel",
        "displayName": "fabcli000001_auto", "description": "", "workspaceId": "b7945519-3184-48e4-8d42-8b7ee977816d"},
        {"id": "9797d176-4e05-4505-b702-92eb11623ef8", "type": "SQLEndpoint", "displayName":
        "StagingLakehouseForDataflows_20260203075441", "description": "", "workspaceId":
        "b7945519-3184-48e4-8d42-8b7ee977816d"}, {"id": "d4b12cbc-7628-4748-9a01-e175de6f7f55",
        "type": "Warehouse", "displayName": "StagingWarehouseForDataflows_20260203075454",
        "description": "", "workspaceId": "b7945519-3184-48e4-8d42-8b7ee977816d"},
        {"id": "39c996ce-6e23-4bb5-b6af-1b7db4e86822", "type": "SQLEndpoint", "displayName":
        "fabcli000001dtdm", "description": "", "workspaceId": "b7945519-3184-48e4-8d42-8b7ee977816d"},
        {"id": "a56d2f37-110e-403e-8d54-74104ad96f65", "type": "Lakehouse", "displayName":
        "StagingLakehouseForDataflows_20260203075441", "description": "", "workspaceId":
        "b7945519-3184-48e4-8d42-8b7ee977816d"}, {"id": "48e61c44-b669-4e71-82f1-76be4fe2cdbd",
        "type": "Lakehouse", "displayName": "fabcli000001dtdm", "description": "",
        "workspaceId": "b7945519-3184-48e4-8d42-8b7ee977816d"}, {"id": "6c70f699-a33c-4354-ae15-80b6ad57d9c5",
        "type": "Environment", "displayName": "fabcli000001", "description": "Created
        by fab", "workspaceId": "b7945519-3184-48e4-8d42-8b7ee977816d"}]}'
    headers:
      Access-Control-Expose-Headers:
      - RequestId
      Cache-Control:
      - no-store, must-revalidate, no-cache
      Content-Encoding:
      - gzip
      Content-Length:
      - '455'
      Content-Type:
      - application/json; charset=utf-8
      Date:
      - Tue, 03 Feb 2026 07:56:34 GMT
      Pragma:
      - no-cache
      RequestId:
      - 9a4bbae0-c245-418e-9d7a-d43084bee37e
      Strict-Transport-Security:
      - max-age=31536000; includeSubDomains
      X-Content-Type-Options:
      - nosniff
      X-Frame-Options:
      - deny
      home-cluster-uri:
      - https://wabi-us-central-b-primary-redirect.analysis.windows.net/
      request-redirected:
      - 'true'
    status:
      code: 200
      message: OK
- request:
    body: null
    headers:
      Accept:
      - '*/*'
      Accept-Encoding:
      - gzip, deflate
      Connection:
      - keep-alive
      Content-Length:
      - '0'
      Content-Type:
      - application/json
      User-Agent:
      - ms-fabric-cli-test/1.3.1
    method: DELETE
    uri: https://api.fabric.microsoft.com/v1/workspaces/b7945519-3184-48e4-8d42-8b7ee977816d/items/6c70f699-a33c-4354-ae15-80b6ad57d9c5
  response:
    body:
      string: ''
    headers:
      Access-Control-Expose-Headers:
      - RequestId
      Cache-Control:
      - no-store, must-revalidate, no-cache
      Content-Encoding:
      - gzip
      Content-Length:
      - '0'
      Content-Type:
      - application/octet-stream
      Date:
      - Tue, 03 Feb 2026 07:56:35 GMT
      Pragma:
      - no-cache
      RequestId:
      - 13977294-7565-4e8a-a294-7a122f7f3c5e
      Strict-Transport-Security:
      - max-age=31536000; includeSubDomains
      X-Content-Type-Options:
      - nosniff
      X-Frame-Options:
      - deny
      home-cluster-uri:
      - https://wabi-us-central-b-primary-redirect.analysis.windows.net/
      request-redirected:
      - 'true'
    status:
      code: 200
      message: OK
version: 1
