interactions:
- request:
    body: null
    headers:
      Accept:
      - '*/*'
      Accept-Encoding:
      - gzip, deflate
      Connection:
      - keep-alive
      Content-Type:
      - application/json
      User-Agent:
      - ms-fabric-cli-test/1.3.1
    method: GET
    uri: https://api.fabric.microsoft.com/v1/workspaces
  response:
    body:
      string: '{"value": [{"id": "3634a139-2c9e-4205-910b-3b089a31be47", "displayName":
        "My workspace", "description": "", "type": "Personal"}, {"id": "b7945519-3184-48e4-8d42-8b7ee977816d",
        "displayName": "fabriccli_WorkspacePerTestclass_000001", "description": "Created
        by fab", "type": "Workspace", "capacityId": "00000000-0000-0000-0000-000000000004"}]}'
    headers:
      Access-Control-Expose-Headers:
      - RequestId
      Cache-Control:
      - no-store, must-revalidate, no-cache
      Content-Encoding:
      - gzip
      Content-Length:
      - '2336'
      Content-Type:
      - application/json; charset=utf-8
      Date:
      - Tue, 03 Feb 2026 07:57:18 GMT
      Pragma:
      - no-cache
      RequestId:
      - f9aedf2b-cb37-4718-a407-8307a429cea0
      Strict-Transport-Security:
      - max-age=31536000; includeSubDomains
      X-Content-Type-Options:
      - nosniff
      X-Frame-Options:
      - deny
      home-cluster-uri:
      - https://wabi-us-central-b-primary-redirect.analysis.windows.net/
      request-redirected:
      - 'true'
    status:
      code: 200
      message: OK
- request:
    body: null
    headers:
      Accept:
      - '*/*'
      Accept-Encoding:
      - gzip, deflate
      Connection:
      - keep-alive
      Content-Type:
      - application/json
      User-Agent:
      - ms-fabric-cli-test/1.3.1
    method: GET
    uri: https://api.fabric.microsoft.com/v1/workspaces/b7945519-3184-48e4-8d42-8b7ee977816d/items
  response:
    body:
      string: '{"value": [{"id": "b4b48b13-c163-44f9-ba57-4c1e3c733590", "type": "SemanticModel",
        "displayName": "fabcli000001_auto", "description": "", "workspaceId": "b7945519-3184-48e4-8d42-8b7ee977816d"},
        {"id": "9797d176-4e05-4505-b702-92eb11623ef8", "type": "SQLEndpoint", "displayName":
        "StagingLakehouseForDataflows_20260203075441", "description": "", "workspaceId":
        "b7945519-3184-48e4-8d42-8b7ee977816d"}, {"id": "d4b12cbc-7628-4748-9a01-e175de6f7f55",
        "type": "Warehouse", "displayName": "StagingWarehouseForDataflows_20260203075454",
        "description": "", "workspaceId": "b7945519-3184-48e4-8d42-8b7ee977816d"},
        {"id": "39c996ce-6e23-4bb5-b6af-1b7db4e86822", "type": "SQLEndpoint", "displayName":
        "fabcli000001dtdm", "description": "", "workspaceId": "b7945519-3184-48e4-8d42-8b7ee977816d"},
        {"id": "a56d2f37-110e-403e-8d54-74104ad96f65", "type": "Lakehouse", "displayName":
        "StagingLakehouseForDataflows_20260203075441", "description": "", "workspaceId":
        "b7945519-3184-48e4-8d42-8b7ee977816d"}, {"id": "48e61c44-b669-4e71-82f1-76be4fe2cdbd",
        "type": "Lakehouse", "displayName": "fabcli000001dtdm", "description": "",
        "workspaceId": "b7945519-3184-48e4-8d42-8b7ee977816d"}]}'
    headers:
      Access-Control-Expose-Headers:
      - RequestId
      Cache-Control:
      - no-store, must-revalidate, no-cache
      Content-Encoding:
      - gzip
      Content-Length:
      - '399'
      Content-Type:
      - application/json; charset=utf-8
      Date:
      - Tue, 03 Feb 2026 07:57:19 GMT
      Pragma:
      - no-cache
      RequestId:
      - 803eb1bf-9915-49f8-b71e-8b9a93d6d9fe
      Strict-Transport-Security:
      - max-age=31536000; includeSubDomains
      X-Content-Type-Options:
      - nosniff
      X-Frame-Options:
      - deny
      home-cluster-uri:
      - https://wabi-us-central-b-primary-redirect.analysis.windows.net/
      request-redirected:
      - 'true'
    status:
      code: 200
      message: OK
- request:
    body: null
    headers:
      Accept:
      - '*/*'
      Accept-Encoding:
      - gzip, deflate
      Connection:
      - keep-alive
      Content-Type:
      - application/json
      User-Agent:
      - ms-fabric-cli-test/1.3.1
    method: GET
    uri: https://api.fabric.microsoft.com/v1/workspaces/b7945519-3184-48e4-8d42-8b7ee977816d/items
  response:
    body:
      string: '{"value": [{"id": "b4b48b13-c163-44f9-ba57-4c1e3c733590", "type": "SemanticModel",
        "displayName": "fabcli000001_auto", "description": "", "workspaceId": "b7945519-3184-48e4-8d42-8b7ee977816d"},
        {"id": "9797d176-4e05-4505-b702-92eb11623ef8", "type": "SQLEndpoint", "displayName":
        "StagingLakehouseForDataflows_20260203075441", "description": "", "workspaceId":
        "b7945519-3184-48e4-8d42-8b7ee977816d"}, {"id": "d4b12cbc-7628-4748-9a01-e175de6f7f55",
        "type": "Warehouse", "displayName": "StagingWarehouseForDataflows_20260203075454",
        "description": "", "workspaceId": "b7945519-3184-48e4-8d42-8b7ee977816d"},
        {"id": "39c996ce-6e23-4bb5-b6af-1b7db4e86822", "type": "SQLEndpoint", "displayName":
        "fabcli000001dtdm", "description": "", "workspaceId": "b7945519-3184-48e4-8d42-8b7ee977816d"},
        {"id": "a56d2f37-110e-403e-8d54-74104ad96f65", "type": "Lakehouse", "displayName":
        "StagingLakehouseForDataflows_20260203075441", "description": "", "workspaceId":
        "b7945519-3184-48e4-8d42-8b7ee977816d"}, {"id": "48e61c44-b669-4e71-82f1-76be4fe2cdbd",
        "type": "Lakehouse", "displayName": "fabcli000001dtdm", "description": "",
        "workspaceId": "b7945519-3184-48e4-8d42-8b7ee977816d"}]}'
    headers:
      Access-Control-Expose-Headers:
      - RequestId
      Cache-Control:
      - no-store, must-revalidate, no-cache
      Content-Encoding:
      - gzip
      Content-Length:
      - '399'
      Content-Type:
      - application/json; charset=utf-8
      Date:
      - Tue, 03 Feb 2026 07:57:20 GMT
      Pragma:
      - no-cache
      RequestId:
      - 21a22f75-619f-421b-9740-327bcd1bc00e
      Strict-Transport-Security:
      - max-age=31536000; includeSubDomains
      X-Content-Type-Options:
      - nosniff
      X-Frame-Options:
      - deny
      home-cluster-uri:
      - https://wabi-us-central-b-primary-redirect.analysis.windows.net/
      request-redirected:
      - 'true'
    status:
      code: 200
      message: OK
- request:
    body: '{"description": "Created by fab", "displayName": "fabcli000001", "type":
      "KQLDashboard", "folderId": null}'
    headers:
      Accept:
      - '*/*'
      Accept-Encoding:
      - gzip, deflate
      Connection:
      - keep-alive
      Content-Length:
      - '110'
      Content-Type:
      - application/json
      User-Agent:
      - ms-fabric-cli-test/1.3.1
    method: POST
    uri: https://api.fabric.microsoft.com/v1/workspaces/b7945519-3184-48e4-8d42-8b7ee977816d/kqlDashboards
  response:
    body:
      string: '{"id": "d36545ac-a97b-4f41-a35f-7e8faca71c48", "type": "KQLDashboard",
        "displayName": "fabcli000001", "description": "Created by fab", "workspaceId":
        "b7945519-3184-48e4-8d42-8b7ee977816d"}'
    headers:
      Access-Control-Expose-Headers:
      - RequestId,ETag
      Cache-Control:
      - no-store, must-revalidate, no-cache
      Content-Encoding:
      - gzip
      Content-Length:
      - '171'
      Content-Type:
      - application/json; charset=utf-8
      Date:
      - Tue, 03 Feb 2026 07:57:22 GMT
      ETag:
      - '""'
      Pragma:
      - no-cache
      RequestId:
      - 2ba8f0e0-3491-4b42-979e-0a92505be1f1
      Strict-Transport-Security:
      - max-age=31536000; includeSubDomains
      X-Content-Type-Options:
      - nosniff
      X-Frame-Options:
      - deny
      home-cluster-uri:
      - https://wabi-us-central-b-primary-redirect.analysis.windows.net/
      request-redirected:
      - 'true'
    status:
      code: 201
      message: Created
- request:
    body: null
    headers:
      Accept:
      - '*/*'
      Accept-Encoding:
      - gzip, deflate
      Connection:
      - keep-alive
      Content-Type:
      - application/json
      User-Agent:
      - ms-fabric-cli-test/1.3.1
    method: GET
    uri: https://api.fabric.microsoft.com/v1/workspaces
  response:
    body:
      string: '{"value": [{"id": "3634a139-2c9e-4205-910b-3b089a31be47", "displayName":
        "My workspace", "description": "", "type": "Personal"}, {"id": "b7945519-3184-48e4-8d42-8b7ee977816d",
        "displayName": "fabriccli_WorkspacePerTestclass_000001", "description": "Created
        by fab", "type": "Workspace", "capacityId": "00000000-0000-0000-0000-000000000004"}]}'
    headers:
      Access-Control-Expose-Headers:
      - RequestId
      Cache-Control:
      - no-store, must-revalidate, no-cache
      Content-Encoding:
      - gzip
      Content-Length:
      - '2336'
      Content-Type:
      - application/json; charset=utf-8
      Date:
      - Tue, 03 Feb 2026 07:57:23 GMT
      Pragma:
      - no-cache
      RequestId:
      - 9facc88e-179a-4bba-83d5-c2a1070f7f3f
      Strict-Transport-Security:
      - max-age=31536000; includeSubDomains
      X-Content-Type-Options:
      - nosniff
      X-Frame-Options:
      - deny
      home-cluster-uri:
      - https://wabi-us-central-b-primary-redirect.analysis.windows.net/
      request-redirected:
      - 'true'
    status:
      code: 200
      message: OK
- request:
    body: null
    headers:
      Accept:
      - '*/*'
      Accept-Encoding:
      - gzip, deflate
      Connection:
      - keep-alive
      Content-Type:
      - application/json
      User-Agent:
      - ms-fabric-cli-test/1.3.1
    method: GET
    uri: https://api.fabric.microsoft.com/v1/workspaces/b7945519-3184-48e4-8d42-8b7ee977816d/items
  response:
    body:
      string: '{"value": [{"id": "b4b48b13-c163-44f9-ba57-4c1e3c733590", "type": "SemanticModel",
        "displayName": "fabcli000001_auto", "description": "", "workspaceId": "b7945519-3184-48e4-8d42-8b7ee977816d"},
        {"id": "9797d176-4e05-4505-b702-92eb11623ef8", "type": "SQLEndpoint", "displayName":
        "StagingLakehouseForDataflows_20260203075441", "description": "", "workspaceId":
        "b7945519-3184-48e4-8d42-8b7ee977816d"}, {"id": "d4b12cbc-7628-4748-9a01-e175de6f7f55",
        "type": "Warehouse", "displayName": "StagingWarehouseForDataflows_20260203075454",
        "description": "", "workspaceId": "b7945519-3184-48e4-8d42-8b7ee977816d"},
        {"id": "39c996ce-6e23-4bb5-b6af-1b7db4e86822", "type": "SQLEndpoint", "displayName":
        "fabcli000001dtdm", "description": "", "workspaceId": "b7945519-3184-48e4-8d42-8b7ee977816d"},
        {"id": "a56d2f37-110e-403e-8d54-74104ad96f65", "type": "Lakehouse", "displayName":
        "StagingLakehouseForDataflows_20260203075441", "description": "", "workspaceId":
        "b7945519-3184-48e4-8d42-8b7ee977816d"}, {"id": "48e61c44-b669-4e71-82f1-76be4fe2cdbd",
        "type": "Lakehouse", "displayName": "fabcli000001dtdm", "description": "",
        "workspaceId": "b7945519-3184-48e4-8d42-8b7ee977816d"}, {"id": "d36545ac-a97b-4f41-a35f-7e8faca71c48",
        "type": "KQLDashboard", "displayName": "fabcli000001", "description": "Created
        by fab", "workspaceId": "b7945519-3184-48e4-8d42-8b7ee977816d"}]}'
    headers:
      Access-Control-Expose-Headers:
      - RequestId
      Cache-Control:
      - no-store, must-revalidate, no-cache
      Content-Encoding:
      - gzip
      Content-Length:
      - '461'
      Content-Type:
      - application/json; charset=utf-8
      Date:
      - Tue, 03 Feb 2026 07:57:24 GMT
      Pragma:
      - no-cache
      RequestId:
      - 69fa26ba-f9f3-461a-b303-53f71a297375
      Strict-Transport-Security:
      - max-age=31536000; includeSubDomains
      X-Content-Type-Options:
      - nosniff
      X-Frame-Options:
      - deny
      home-cluster-uri:
      - https://wabi-us-central-b-primary-redirect.analysis.windows.net/
      request-redirected:
      - 'true'
    status:
      code: 200
      message: OK
- request:
    body: null
    headers:
      Accept:
      - '*/*'
      Accept-Encoding:
      - gzip, deflate
      Connection:
      - keep-alive
      Content-Type:
      - application/json
      User-Agent:
      - ms-fabric-cli-test/1.3.1
    method: GET
    uri: https://api.fabric.microsoft.com/v1/workspaces/b7945519-3184-48e4-8d42-8b7ee977816d/items
  response:
    body:
      string: '{"value": [{"id": "b4b48b13-c163-44f9-ba57-4c1e3c733590", "type": "SemanticModel",
        "displayName": "fabcli000001_auto", "description": "", "workspaceId": "b7945519-3184-48e4-8d42-8b7ee977816d"},
        {"id": "9797d176-4e05-4505-b702-92eb11623ef8", "type": "SQLEndpoint", "displayName":
        "StagingLakehouseForDataflows_20260203075441", "description": "", "workspaceId":
        "b7945519-3184-48e4-8d42-8b7ee977816d"}, {"id": "d4b12cbc-7628-4748-9a01-e175de6f7f55",
        "type": "Warehouse", "displayName": "StagingWarehouseForDataflows_20260203075454",
        "description": "", "workspaceId": "b7945519-3184-48e4-8d42-8b7ee977816d"},
        {"id": "39c996ce-6e23-4bb5-b6af-1b7db4e86822", "type": "SQLEndpoint", "displayName":
        "fabcli000001dtdm", "description": "", "workspaceId": "b7945519-3184-48e4-8d42-8b7ee977816d"},
        {"id": "a56d2f37-110e-403e-8d54-74104ad96f65", "type": "Lakehouse", "displayName":
        "StagingLakehouseForDataflows_20260203075441", "description": "", "workspaceId":
        "b7945519-3184-48e4-8d42-8b7ee977816d"}, {"id": "48e61c44-b669-4e71-82f1-76be4fe2cdbd",
        "type": "Lakehouse", "displayName": "fabcli000001dtdm", "description": "",
        "workspaceId": "b7945519-3184-48e4-8d42-8b7ee977816d"}, {"id": "d36545ac-a97b-4f41-a35f-7e8faca71c48",
        "type": "KQLDashboard", "displayName": "fabcli000001", "description": "Created
        by fab", "workspaceId": "b7945519-3184-48e4-8d42-8b7ee977816d"}]}'
    headers:
      Access-Control-Expose-Headers:
      - RequestId
      Cache-Control:
      - no-store, must-revalidate, no-cache
      Content-Encoding:
      - gzip
      Content-Length:
      - '461'
      Content-Type:
      - application/json; charset=utf-8
      Date:
      - Tue, 03 Feb 2026 07:57:25 GMT
      Pragma:
      - no-cache
      RequestId:
      - e78d66b0-8fe2-428b-8d8e-97d82b61166d
      Strict-Transport-Security:
      - max-age=31536000; includeSubDomains
      X-Content-Type-Options:
      - nosniff
      X-Frame-Options:
      - deny
      home-cluster-uri:
      - https://wabi-us-central-b-primary-redirect.analysis.windows.net/
      request-redirected:
      - 'true'
    status:
      code: 200
      message: OK
- request:
    body: null
    headers:
      Accept:
      - '*/*'
      Accept-Encoding:
      - gzip, deflate
      Connection:
      - keep-alive
      Content-Type:
      - application/json
      User-Agent:
      - ms-fabric-cli-test/1.3.1
    method: GET
    uri: https://api.fabric.microsoft.com/v1/workspaces
  response:
    body:
      string: '{"value": [{"id": "3634a139-2c9e-4205-910b-3b089a31be47", "displayName":
        "My workspace", "description": "", "type": "Personal"}, {"id": "b7945519-3184-48e4-8d42-8b7ee977816d",
        "displayName": "fabriccli_WorkspacePerTestclass_000001", "description": "Created
        by fab", "type": "Workspace", "capacityId": "00000000-0000-0000-0000-000000000004"}]}'
    headers:
      Access-Control-Expose-Headers:
      - RequestId
      Cache-Control:
      - no-store, must-revalidate, no-cache
      Content-Encoding:
      - gzip
      Content-Length:
      - '2336'
      Content-Type:
      - application/json; charset=utf-8
      Date:
      - Tue, 03 Feb 2026 07:57:25 GMT
      Pragma:
      - no-cache
      RequestId:
      - 7004e5f8-8b26-4419-ad20-f6987fcb8eba
      Strict-Transport-Security:
      - max-age=31536000; includeSubDomains
      X-Content-Type-Options:
      - nosniff
      X-Frame-Options:
      - deny
      home-cluster-uri:
      - https://wabi-us-central-b-primary-redirect.analysis.windows.net/
      request-redirected:
      - 'true'
    status:
      code: 200
      message: OK
- request:
    body: null
    headers:
      Accept:
      - '*/*'
      Accept-Encoding:
      - gzip, deflate
      Connection:
      - keep-alive
      Content-Type:
      - application/json
      User-Agent:
      - ms-fabric-cli-test/1.3.1
    method: GET
    uri: https://api.fabric.microsoft.com/v1/workspaces/b7945519-3184-48e4-8d42-8b7ee977816d/items
  response:
    body:
      string: '{"value": [{"id": "b4b48b13-c163-44f9-ba57-4c1e3c733590", "type": "SemanticModel",
        "displayName": "fabcli000001_auto", "description": "", "workspaceId": "b7945519-3184-48e4-8d42-8b7ee977816d"},
        {"id": "9797d176-4e05-4505-b702-92eb11623ef8", "type": "SQLEndpoint", "displayName":
        "StagingLakehouseForDataflows_20260203075441", "description": "", "workspaceId":
        "b7945519-3184-48e4-8d42-8b7ee977816d"}, {"id": "d4b12cbc-7628-4748-9a01-e175de6f7f55",
        "type": "Warehouse", "displayName": "StagingWarehouseForDataflows_20260203075454",
        "description": "", "workspaceId": "b7945519-3184-48e4-8d42-8b7ee977816d"},
        {"id": "39c996ce-6e23-4bb5-b6af-1b7db4e86822", "type": "SQLEndpoint", "displayName":
        "fabcli000001dtdm", "description": "", "workspaceId": "b7945519-3184-48e4-8d42-8b7ee977816d"},
        {"id": "a56d2f37-110e-403e-8d54-74104ad96f65", "type": "Lakehouse", "displayName":
        "StagingLakehouseForDataflows_20260203075441", "description": "", "workspaceId":
        "b7945519-3184-48e4-8d42-8b7ee977816d"}, {"id": "48e61c44-b669-4e71-82f1-76be4fe2cdbd",
        "type": "Lakehouse", "displayName": "fabcli000001dtdm", "description": "",
        "workspaceId": "b7945519-3184-48e4-8d42-8b7ee977816d"}, {"id": "d36545ac-a97b-4f41-a35f-7e8faca71c48",
        "type": "KQLDashboard", "displayName": "fabcli000001", "description": "Created
        by fab", "workspaceId": "b7945519-3184-48e4-8d42-8b7ee977816d"}]}'
    headers:
      Access-Control-Expose-Headers:
      - RequestId
      Cache-Control:
      - no-store, must-revalidate, no-cache
      Content-Encoding:
      - gzip
      Content-Length:
      - '461'
      Content-Type:
      - application/json; charset=utf-8
      Date:
      - Tue, 03 Feb 2026 07:57:26 GMT
      Pragma:
      - no-cache
      RequestId:
      - c360653e-bf27-44e7-a488-153ae2c7f82f
      Strict-Transport-Security:
      - max-age=31536000; includeSubDomains
      X-Content-Type-Options:
      - nosniff
      X-Frame-Options:
      - deny
      home-cluster-uri:
      - https://wabi-us-central-b-primary-redirect.analysis.windows.net/
      request-redirected:
      - 'true'
    status:
      code: 200
      message: OK
- request:
    body: null
    headers:
      Accept:
      - '*/*'
      Accept-Encoding:
      - gzip, deflate
      Connection:
      - keep-alive
      Content-Length:
      - '0'
      Content-Type:
      - application/json
      User-Agent:
      - ms-fabric-cli-test/1.3.1
    method: DELETE
    uri: https://api.fabric.microsoft.com/v1/workspaces/b7945519-3184-48e4-8d42-8b7ee977816d/items/d36545ac-a97b-4f41-a35f-7e8faca71c48
  response:
    body:
      string: ''
    headers:
      Access-Control-Expose-Headers:
      - RequestId
      Cache-Control:
      - no-store, must-revalidate, no-cache
      Content-Encoding:
      - gzip
      Content-Length:
      - '0'
      Content-Type:
      - application/octet-stream
      Date:
      - Tue, 03 Feb 2026 07:57:27 GMT
      Pragma:
      - no-cache
      RequestId:
      - f17e3074-225d-457e-bfe7-75259476f36f
      Strict-Transport-Security:
      - max-age=31536000; includeSubDomains
      X-Content-Type-Options:
      - nosniff
      X-Frame-Options:
      - deny
      home-cluster-uri:
      - https://wabi-us-central-b-primary-redirect.analysis.windows.net/
      request-redirected:
      - 'true'
    status:
      code: 200
      message: OK
version: 1
