interactions:
- request:
    body: null
    headers:
      Accept:
      - '*/*'
      Accept-Encoding:
      - gzip, deflate
      Connection:
      - keep-alive
      Content-Type:
      - application/json
      User-Agent:
      - ms-fabric-cli-test/1.3.1
    method: GET
    uri: https://api.fabric.microsoft.com/v1/workspaces
  response:
    body:
      string: '{"value": [{"id": "3634a139-2c9e-4205-910b-3b089a31be47", "displayName":
        "My workspace", "description": "", "type": "Personal"}, {"id": "b285198e-e555-4618-9fb9-949cabcaafd4",
        "displayName": "fabriccli_WorkspacePerTestclass_000001", "description": "Created
        by fab", "type": "Workspace", "capacityId": "00000000-0000-0000-0000-000000000004"}]}'
    headers:
      Access-Control-Expose-Headers:
      - RequestId
      Cache-Control:
      - no-store, must-revalidate, no-cache
      Content-Encoding:
      - gzip
      Content-Length:
      - '2304'
      Content-Type:
      - application/json; charset=utf-8
      Date:
      - Wed, 28 Jan 2026 12:02:26 GMT
      Pragma:
      - no-cache
      RequestId:
      - e2bc3b59-3ce3-4df6-80a9-84fee2fcb4ba
      Strict-Transport-Security:
      - max-age=31536000; includeSubDomains
      X-Content-Type-Options:
      - nosniff
      X-Frame-Options:
      - deny
      home-cluster-uri:
      - https://wabi-us-central-b-primary-redirect.analysis.windows.net/
      request-redirected:
      - 'true'
    status:
      code: 200
      message: OK
- request:
    body: null
    headers:
      Accept:
      - '*/*'
      Accept-Encoding:
      - gzip, deflate
      Connection:
      - keep-alive
      Content-Type:
      - application/json
      User-Agent:
      - ms-fabric-cli-test/1.3.1
    method: GET
    uri: https://api.fabric.microsoft.com/v1/workspaces/b285198e-e555-4618-9fb9-949cabcaafd4/items
  response:
    body:
      string: '{"value": []}'
    headers:
      Access-Control-Expose-Headers:
      - RequestId
      Cache-Control:
      - no-store, must-revalidate, no-cache
      Content-Encoding:
      - gzip
      Content-Length:
      - '32'
      Content-Type:
      - application/json; charset=utf-8
      Date:
      - Wed, 28 Jan 2026 12:02:27 GMT
      Pragma:
      - no-cache
      RequestId:
      - 61a5efe1-7bf7-4423-a95f-cae9ccaed768
      Strict-Transport-Security:
      - max-age=31536000; includeSubDomains
      X-Content-Type-Options:
      - nosniff
      X-Frame-Options:
      - deny
      home-cluster-uri:
      - https://wabi-us-central-b-primary-redirect.analysis.windows.net/
      request-redirected:
      - 'true'
    status:
      code: 200
      message: OK
- request:
    body: null
    headers:
      Accept:
      - '*/*'
      Accept-Encoding:
      - gzip, deflate
      Connection:
      - keep-alive
      Content-Type:
      - application/json
      User-Agent:
      - ms-fabric-cli-test/1.3.1
    method: GET
    uri: https://api.fabric.microsoft.com/v1/workspaces/b285198e-e555-4618-9fb9-949cabcaafd4/items
  response:
    body:
      string: '{"value": []}'
    headers:
      Access-Control-Expose-Headers:
      - RequestId
      Cache-Control:
      - no-store, must-revalidate, no-cache
      Content-Encoding:
      - gzip
      Content-Length:
      - '32'
      Content-Type:
      - application/json; charset=utf-8
      Date:
      - Wed, 28 Jan 2026 12:02:28 GMT
      Pragma:
      - no-cache
      RequestId:
      - e7b05602-83b0-41c8-aed9-7dfcc0fbd8c8
      Strict-Transport-Security:
      - max-age=31536000; includeSubDomains
      X-Content-Type-Options:
      - nosniff
      X-Frame-Options:
      - deny
      home-cluster-uri:
      - https://wabi-us-central-b-primary-redirect.analysis.windows.net/
      request-redirected:
      - 'true'
    status:
      code: 200
      message: OK
- request:
    body: '{"description": "Created by fab", "displayName": "fabcli000001", "type":
      "MirroredDatabase", "folderId": null, "definition": {"parts": [{"path": "mirroring.json",
      "payload": "ewogICAgInByb3BlcnRpZXMiOiB7CiAgICAgICAgInNvdXJjZSI6IHsKICAgICAgICAgICAgInR5cGUiOiAiR2VuZXJpY01pcnJvciIsCiAgICAgICAgICAgICJ0eXBlUHJvcGVydGllcyI6IHt9CiAgICAgICAgfSwKICAgICAgICAidGFyZ2V0IjogewogICAgICAgICAgICAidHlwZSI6ICJNb3VudGVkUmVsYXRpb25hbERhdGFiYXNlIiwKICAgICAgICAgICAgInR5cGVQcm9wZXJ0aWVzIjogewogICAgICAgICAgICAgICAgImZvcm1hdCI6ICJEZWx0YSIKICAgICAgICAgICAgfQogICAgICAgIH0KICAgIH0KfQ==",
      "payloadType": "InlineBase64"}]}}'
    headers:
      Accept:
      - '*/*'
      Accept-Encoding:
      - gzip, deflate
      Connection:
      - keep-alive
      Content-Length:
      - '603'
      Content-Type:
      - application/json
      User-Agent:
      - ms-fabric-cli-test/1.3.1
    method: POST
    uri: https://api.fabric.microsoft.com/v1/workspaces/b285198e-e555-4618-9fb9-949cabcaafd4/mirroredDatabases
  response:
    body:
      string: '{"id": "6433eb7a-8084-48fd-b30b-c03e273166dc", "type": "MirroredDatabase",
        "displayName": "fabcli000001", "description": "Created by fab", "workspaceId":
        "b285198e-e555-4618-9fb9-949cabcaafd4"}'
    headers:
      Access-Control-Expose-Headers:
      - RequestId,ETag
      Cache-Control:
      - no-store, must-revalidate, no-cache
      Content-Encoding:
      - gzip
      Content-Length:
      - '171'
      Content-Type:
      - application/json; charset=utf-8
      Date:
      - Wed, 28 Jan 2026 12:02:32 GMT
      ETag:
      - '""'
      Pragma:
      - no-cache
      RequestId:
      - 39780f6b-66e6-40d1-a719-76889b2b1d8b
      Strict-Transport-Security:
      - max-age=31536000; includeSubDomains
      X-Content-Type-Options:
      - nosniff
      X-Frame-Options:
      - deny
      home-cluster-uri:
      - https://wabi-us-central-b-primary-redirect.analysis.windows.net/
      request-redirected:
      - 'true'
    status:
      code: 201
      message: Created
- request:
    body: null
    headers:
      Accept:
      - '*/*'
      Accept-Encoding:
      - gzip, deflate
      Connection:
      - keep-alive
      Content-Type:
      - application/json
      User-Agent:
      - ms-fabric-cli-test/1.3.1
    method: GET
    uri: https://api.fabric.microsoft.com/v1/workspaces
  response:
    body:
      string: '{"value": [{"id": "3634a139-2c9e-4205-910b-3b089a31be47", "displayName":
        "My workspace", "description": "", "type": "Personal"}, {"id": "b285198e-e555-4618-9fb9-949cabcaafd4",
        "displayName": "fabriccli_WorkspacePerTestclass_000001", "description": "Created
        by fab", "type": "Workspace", "capacityId": "00000000-0000-0000-0000-000000000004"}]}'
    headers:
      Access-Control-Expose-Headers:
      - RequestId
      Cache-Control:
      - no-store, must-revalidate, no-cache
      Content-Encoding:
      - gzip
      Content-Length:
      - '2304'
      Content-Type:
      - application/json; charset=utf-8
      Date:
      - Wed, 28 Jan 2026 12:02:33 GMT
      Pragma:
      - no-cache
      RequestId:
      - dcb519e8-fbae-4d4d-8d85-e07d62a47c2b
      Strict-Transport-Security:
      - max-age=31536000; includeSubDomains
      X-Content-Type-Options:
      - nosniff
      X-Frame-Options:
      - deny
      home-cluster-uri:
      - https://wabi-us-central-b-primary-redirect.analysis.windows.net/
      request-redirected:
      - 'true'
    status:
      code: 200
      message: OK
- request:
    body: null
    headers:
      Accept:
      - '*/*'
      Accept-Encoding:
      - gzip, deflate
      Connection:
      - keep-alive
      Content-Type:
      - application/json
      User-Agent:
      - ms-fabric-cli-test/1.3.1
    method: GET
    uri: https://api.fabric.microsoft.com/v1/workspaces/b285198e-e555-4618-9fb9-949cabcaafd4/items
  response:
    body:
      string: '{"value": [{"id": "6433eb7a-8084-48fd-b30b-c03e273166dc", "type": "MirroredDatabase",
        "displayName": "fabcli000001", "description": "Created by fab", "workspaceId":
        "b285198e-e555-4618-9fb9-949cabcaafd4"}]}'
    headers:
      Access-Control-Expose-Headers:
      - RequestId
      Cache-Control:
      - no-store, must-revalidate, no-cache
      Content-Encoding:
      - gzip
      Content-Length:
      - '183'
      Content-Type:
      - application/json; charset=utf-8
      Date:
      - Wed, 28 Jan 2026 12:02:34 GMT
      Pragma:
      - no-cache
      RequestId:
      - 6f355d69-f621-49ba-92ae-82528883cd23
      Strict-Transport-Security:
      - max-age=31536000; includeSubDomains
      X-Content-Type-Options:
      - nosniff
      X-Frame-Options:
      - deny
      home-cluster-uri:
      - https://wabi-us-central-b-primary-redirect.analysis.windows.net/
      request-redirected:
      - 'true'
    status:
      code: 200
      message: OK
- request:
    body: null
    headers:
      Accept:
      - '*/*'
      Accept-Encoding:
      - gzip, deflate
      Connection:
      - keep-alive
      Content-Type:
      - application/json
      User-Agent:
      - ms-fabric-cli-test/1.3.1
    method: GET
    uri: https://api.fabric.microsoft.com/v1/workspaces/b285198e-e555-4618-9fb9-949cabcaafd4/items
  response:
    body:
      string: '{"value": [{"id": "6433eb7a-8084-48fd-b30b-c03e273166dc", "type": "MirroredDatabase",
        "displayName": "fabcli000001", "description": "Created by fab", "workspaceId":
        "b285198e-e555-4618-9fb9-949cabcaafd4"}]}'
    headers:
      Access-Control-Expose-Headers:
      - RequestId
      Cache-Control:
      - no-store, must-revalidate, no-cache
      Content-Encoding:
      - gzip
      Content-Length:
      - '183'
      Content-Type:
      - application/json; charset=utf-8
      Date:
      - Wed, 28 Jan 2026 12:02:34 GMT
      Pragma:
      - no-cache
      RequestId:
      - 6d6b8924-271a-432b-880c-3eeb049f8114
      Strict-Transport-Security:
      - max-age=31536000; includeSubDomains
      X-Content-Type-Options:
      - nosniff
      X-Frame-Options:
      - deny
      home-cluster-uri:
      - https://wabi-us-central-b-primary-redirect.analysis.windows.net/
      request-redirected:
      - 'true'
    status:
      code: 200
      message: OK
- request:
    body: null
    headers:
      Accept:
      - '*/*'
      Accept-Encoding:
      - gzip, deflate
      Connection:
      - keep-alive
      Content-Type:
      - application/json
      User-Agent:
      - ms-fabric-cli-test/1.3.1
    method: GET
    uri: https://api.fabric.microsoft.com/v1/workspaces
  response:
    body:
      string: '{"value": [{"id": "3634a139-2c9e-4205-910b-3b089a31be47", "displayName":
        "My workspace", "description": "", "type": "Personal"}, {"id": "b285198e-e555-4618-9fb9-949cabcaafd4",
        "displayName": "fabriccli_WorkspacePerTestclass_000001", "description": "Created
        by fab", "type": "Workspace", "capacityId": "00000000-0000-0000-0000-000000000004"}]}'
    headers:
      Access-Control-Expose-Headers:
      - RequestId
      Cache-Control:
      - no-store, must-revalidate, no-cache
      Content-Encoding:
      - gzip
      Content-Length:
      - '2304'
      Content-Type:
      - application/json; charset=utf-8
      Date:
      - Wed, 28 Jan 2026 12:02:35 GMT
      Pragma:
      - no-cache
      RequestId:
      - 04d906f5-915f-4b7f-8064-d812a70afa14
      Strict-Transport-Security:
      - max-age=31536000; includeSubDomains
      X-Content-Type-Options:
      - nosniff
      X-Frame-Options:
      - deny
      home-cluster-uri:
      - https://wabi-us-central-b-primary-redirect.analysis.windows.net/
      request-redirected:
      - 'true'
    status:
      code: 200
      message: OK
- request:
    body: null
    headers:
      Accept:
      - '*/*'
      Accept-Encoding:
      - gzip, deflate
      Connection:
      - keep-alive
      Content-Type:
      - application/json
      User-Agent:
      - ms-fabric-cli-test/1.3.1
    method: GET
    uri: https://api.fabric.microsoft.com/v1/workspaces/b285198e-e555-4618-9fb9-949cabcaafd4/items
  response:
    body:
      string: '{"value": [{"id": "6433eb7a-8084-48fd-b30b-c03e273166dc", "type": "MirroredDatabase",
        "displayName": "fabcli000001", "description": "Created by fab", "workspaceId":
        "b285198e-e555-4618-9fb9-949cabcaafd4"}]}'
    headers:
      Access-Control-Expose-Headers:
      - RequestId
      Cache-Control:
      - no-store, must-revalidate, no-cache
      Content-Encoding:
      - gzip
      Content-Length:
      - '183'
      Content-Type:
      - application/json; charset=utf-8
      Date:
      - Wed, 28 Jan 2026 12:02:37 GMT
      Pragma:
      - no-cache
      RequestId:
      - 4ca75625-f02c-4be0-b164-f7f7a92fbf68
      Strict-Transport-Security:
      - max-age=31536000; includeSubDomains
      X-Content-Type-Options:
      - nosniff
      X-Frame-Options:
      - deny
      home-cluster-uri:
      - https://wabi-us-central-b-primary-redirect.analysis.windows.net/
      request-redirected:
      - 'true'
    status:
      code: 200
      message: OK
- request:
    body: null
    headers:
      Accept:
      - '*/*'
      Accept-Encoding:
      - gzip, deflate
      Connection:
      - keep-alive
      Content-Length:
      - '0'
      Content-Type:
      - application/json
      User-Agent:
      - ms-fabric-cli-test/1.3.1
    method: DELETE
    uri: https://api.fabric.microsoft.com/v1/workspaces/b285198e-e555-4618-9fb9-949cabcaafd4/items/6433eb7a-8084-48fd-b30b-c03e273166dc
  response:
    body:
      string: ''
    headers:
      Access-Control-Expose-Headers:
      - RequestId
      Cache-Control:
      - no-store, must-revalidate, no-cache
      Content-Encoding:
      - gzip
      Content-Length:
      - '0'
      Content-Type:
      - application/octet-stream
      Date:
      - Wed, 28 Jan 2026 12:02:37 GMT
      Pragma:
      - no-cache
      RequestId:
      - 3cbbf2a7-9226-401d-82a6-89846978b591
      Strict-Transport-Security:
      - max-age=31536000; includeSubDomains
      X-Content-Type-Options:
      - nosniff
      X-Frame-Options:
      - deny
      home-cluster-uri:
      - https://wabi-us-central-b-primary-redirect.analysis.windows.net/
      request-redirected:
      - 'true'
    status:
      code: 200
      message: OK
version: 1
