interactions:
- request:
    body: null
    headers:
      Accept:
      - '*/*'
      Accept-Encoding:
      - gzip, deflate
      Connection:
      - keep-alive
      Content-Type:
      - application/json
      User-Agent:
      - ms-fabric-cli-test/1.3.1
    method: GET
    uri: https://api.fabric.microsoft.com/v1/workspaces
  response:
    body:
      string: '{"value": [{"id": "cbe7dae7-5fa5-4d99-abcd-5340621cacd6", "displayName":
        "fabriccli_WorkspacePerTestclass_000001", "description": "Created by fab",
        "type": "Workspace", "capacityId": "07b1fd56-9969-4ff5-a2c8-05df5f82759a"}]}'
    headers:
      Access-Control-Expose-Headers:
      - RequestId
      Cache-Control:
      - no-store, must-revalidate, no-cache
      Content-Encoding:
      - gzip
      Content-Length:
      - '6137'
      Content-Type:
      - application/json; charset=utf-8
      Date:
      - Mon, 19 Jan 2026 10:50:51 GMT
      Pragma:
      - no-cache
      RequestId:
      - d5c3b4df-9821-4ac5-a46e-9e61d15ebbe1
      Strict-Transport-Security:
      - max-age=31536000; includeSubDomains
      X-Content-Type-Options:
      - nosniff
      X-Frame-Options:
      - deny
      home-cluster-uri:
      - https://wabi-us-central-b-primary-redirect.analysis.windows.net/
      request-redirected:
      - 'true'
    status:
      code: 200
      message: OK
- request:
    body: null
    headers:
      Accept:
      - '*/*'
      Accept-Encoding:
      - gzip, deflate
      Connection:
      - keep-alive
      Content-Type:
      - application/json
      User-Agent:
      - ms-fabric-cli-test/1.3.1
    method: GET
    uri: https://api.fabric.microsoft.com/v1/workspaces/cbe7dae7-5fa5-4d99-abcd-5340621cacd6/items
  response:
    body:
      string: '{"value": [{"id": "ff553294-0b2f-47a9-8b7e-1de600c64299", "type": "SemanticModel",
        "displayName": "fabcli000001_auto", "description": "", "workspaceId": "cbe7dae7-5fa5-4d99-abcd-5340621cacd6"}]}'
    headers:
      Access-Control-Expose-Headers:
      - RequestId
      Cache-Control:
      - no-store, must-revalidate, no-cache
      Content-Encoding:
      - gzip
      Content-Length:
      - '175'
      Content-Type:
      - application/json; charset=utf-8
      Date:
      - Mon, 19 Jan 2026 10:50:53 GMT
      Pragma:
      - no-cache
      RequestId:
      - be30b0e4-e2d4-40de-9dad-b734ea741d10
      Strict-Transport-Security:
      - max-age=31536000; includeSubDomains
      X-Content-Type-Options:
      - nosniff
      X-Frame-Options:
      - deny
      home-cluster-uri:
      - https://wabi-us-central-b-primary-redirect.analysis.windows.net/
      request-redirected:
      - 'true'
    status:
      code: 200
      message: OK
- request:
    body: null
    headers:
      Accept:
      - '*/*'
      Accept-Encoding:
      - gzip, deflate
      Connection:
      - keep-alive
      Content-Type:
      - application/json
      User-Agent:
      - ms-fabric-cli-test/1.3.1
    method: GET
    uri: https://api.fabric.microsoft.com/v1/workspaces/cbe7dae7-5fa5-4d99-abcd-5340621cacd6/items
  response:
    body:
      string: '{"value": [{"id": "ff553294-0b2f-47a9-8b7e-1de600c64299", "type": "SemanticModel",
        "displayName": "fabcli000001_auto", "description": "", "workspaceId": "cbe7dae7-5fa5-4d99-abcd-5340621cacd6"}]}'
    headers:
      Access-Control-Expose-Headers:
      - RequestId
      Cache-Control:
      - no-store, must-revalidate, no-cache
      Content-Encoding:
      - gzip
      Content-Length:
      - '175'
      Content-Type:
      - application/json; charset=utf-8
      Date:
      - Mon, 19 Jan 2026 10:50:53 GMT
      Pragma:
      - no-cache
      RequestId:
      - 818c046d-309b-4a88-a24f-bd6429b9f823
      Strict-Transport-Security:
      - max-age=31536000; includeSubDomains
      X-Content-Type-Options:
      - nosniff
      X-Frame-Options:
      - deny
      home-cluster-uri:
      - https://wabi-us-central-b-primary-redirect.analysis.windows.net/
      request-redirected:
      - 'true'
    status:
      code: 200
      message: OK
- request:
    body: '{"description": "Created by fab", "displayName": "fabcli000001", "type":
      "Dataflow", "folderId": null}'
    headers:
      Accept:
      - '*/*'
      Accept-Encoding:
      - gzip, deflate
      Connection:
      - keep-alive
      Content-Length:
      - '106'
      Content-Type:
      - application/json
      User-Agent:
      - ms-fabric-cli-test/1.3.1
    method: POST
    uri: https://api.fabric.microsoft.com/v1/workspaces/cbe7dae7-5fa5-4d99-abcd-5340621cacd6/dataflows
  response:
    body:
      string: '{"id": "4b94169d-6d5d-4663-be63-1d9ddfe8cf8e", "type": "Dataflow",
        "displayName": "fabcli000001", "description": "Created by fab", "workspaceId":
        "cbe7dae7-5fa5-4d99-abcd-5340621cacd6"}'
    headers:
      Access-Control-Expose-Headers:
      - RequestId,ETag
      Cache-Control:
      - no-store, must-revalidate, no-cache
      Content-Encoding:
      - gzip
      Content-Length:
      - '166'
      Content-Type:
      - application/json; charset=utf-8
      Date:
      - Mon, 19 Jan 2026 10:50:55 GMT
      ETag:
      - '""'
      Pragma:
      - no-cache
      RequestId:
      - 760e4750-307a-405d-8283-5d16126ba8cd
      Strict-Transport-Security:
      - max-age=31536000; includeSubDomains
      X-Content-Type-Options:
      - nosniff
      X-Frame-Options:
      - deny
      home-cluster-uri:
      - https://wabi-us-central-b-primary-redirect.analysis.windows.net/
      request-redirected:
      - 'true'
    status:
      code: 201
      message: Created
- request:
    body: null
    headers:
      Accept:
      - '*/*'
      Accept-Encoding:
      - gzip, deflate
      Connection:
      - keep-alive
      Content-Type:
      - application/json
      User-Agent:
      - ms-fabric-cli-test/1.3.1
    method: GET
    uri: https://api.fabric.microsoft.com/v1/workspaces
  response:
    body:
      string: '{"value": [{"id": "cbe7dae7-5fa5-4d99-abcd-5340621cacd6", "displayName":
        "fabriccli_WorkspacePerTestclass_000001", "description": "Created by fab",
        "type": "Workspace", "capacityId": "07b1fd56-9969-4ff5-a2c8-05df5f82759a"}]}'
    headers:
      Access-Control-Expose-Headers:
      - RequestId
      Cache-Control:
      - no-store, must-revalidate, no-cache
      Content-Encoding:
      - gzip
      Content-Length:
      - '6137'
      Content-Type:
      - application/json; charset=utf-8
      Date:
      - Mon, 19 Jan 2026 10:50:56 GMT
      Pragma:
      - no-cache
      RequestId:
      - aa5350b1-2451-4060-a69b-ee0a8322ce06
      Strict-Transport-Security:
      - max-age=31536000; includeSubDomains
      X-Content-Type-Options:
      - nosniff
      X-Frame-Options:
      - deny
      home-cluster-uri:
      - https://wabi-us-central-b-primary-redirect.analysis.windows.net/
      request-redirected:
      - 'true'
    status:
      code: 200
      message: OK
- request:
    body: null
    headers:
      Accept:
      - '*/*'
      Accept-Encoding:
      - gzip, deflate
      Connection:
      - keep-alive
      Content-Type:
      - application/json
      User-Agent:
      - ms-fabric-cli-test/1.3.1
    method: GET
    uri: https://api.fabric.microsoft.com/v1/workspaces/cbe7dae7-5fa5-4d99-abcd-5340621cacd6/items
  response:
    body:
      string: '{"value": [{"id": "ff553294-0b2f-47a9-8b7e-1de600c64299", "type": "SemanticModel",
        "displayName": "fabcli000001_auto", "description": "", "workspaceId": "cbe7dae7-5fa5-4d99-abcd-5340621cacd6"},
        {"id": "4b94169d-6d5d-4663-be63-1d9ddfe8cf8e", "type": "Dataflow", "displayName":
        "fabcli000001", "description": "Created by fab", "workspaceId": "cbe7dae7-5fa5-4d99-abcd-5340621cacd6"}]}'
    headers:
      Access-Control-Expose-Headers:
      - RequestId
      Cache-Control:
      - no-store, must-revalidate, no-cache
      Content-Encoding:
      - gzip
      Content-Length:
      - '241'
      Content-Type:
      - application/json; charset=utf-8
      Date:
      - Mon, 19 Jan 2026 10:50:57 GMT
      Pragma:
      - no-cache
      RequestId:
      - 5c0f347a-c8c1-4bda-9e21-4271d35a4fb7
      Strict-Transport-Security:
      - max-age=31536000; includeSubDomains
      X-Content-Type-Options:
      - nosniff
      X-Frame-Options:
      - deny
      home-cluster-uri:
      - https://wabi-us-central-b-primary-redirect.analysis.windows.net/
      request-redirected:
      - 'true'
    status:
      code: 200
      message: OK
- request:
    body: null
    headers:
      Accept:
      - '*/*'
      Accept-Encoding:
      - gzip, deflate
      Connection:
      - keep-alive
      Content-Type:
      - application/json
      User-Agent:
      - ms-fabric-cli-test/1.3.1
    method: GET
    uri: https://api.fabric.microsoft.com/v1/workspaces/cbe7dae7-5fa5-4d99-abcd-5340621cacd6/items
  response:
    body:
      string: '{"value": [{"id": "ff553294-0b2f-47a9-8b7e-1de600c64299", "type": "SemanticModel",
        "displayName": "fabcli000001_auto", "description": "", "workspaceId": "cbe7dae7-5fa5-4d99-abcd-5340621cacd6"},
        {"id": "4b94169d-6d5d-4663-be63-1d9ddfe8cf8e", "type": "Dataflow", "displayName":
        "fabcli000001", "description": "Created by fab", "workspaceId": "cbe7dae7-5fa5-4d99-abcd-5340621cacd6"},
        {"id": "c53bcd73-79de-482e-b1e8-67289d49f36d", "type": "Lakehouse", "displayName":
        "StagingLakehouseForDataflows_20260119105056", "description": "", "workspaceId":
        "cbe7dae7-5fa5-4d99-abcd-5340621cacd6"}]}'
    headers:
      Access-Control-Expose-Headers:
      - RequestId
      Cache-Control:
      - no-store, must-revalidate, no-cache
      Content-Encoding:
      - gzip
      Content-Length:
      - '302'
      Content-Type:
      - application/json; charset=utf-8
      Date:
      - Mon, 19 Jan 2026 10:50:58 GMT
      Pragma:
      - no-cache
      RequestId:
      - b37577c7-42dc-49cb-b89f-bcb0891b21f6
      Strict-Transport-Security:
      - max-age=31536000; includeSubDomains
      X-Content-Type-Options:
      - nosniff
      X-Frame-Options:
      - deny
      home-cluster-uri:
      - https://wabi-us-central-b-primary-redirect.analysis.windows.net/
      request-redirected:
      - 'true'
    status:
      code: 200
      message: OK
- request:
    body: null
    headers:
      Accept:
      - '*/*'
      Accept-Encoding:
      - gzip, deflate
      Connection:
      - keep-alive
      Content-Type:
      - application/json
      User-Agent:
      - ms-fabric-cli-test/1.3.1
    method: GET
    uri: https://api.fabric.microsoft.com/v1/workspaces
  response:
    body:
      string: '{"value": [{"id": "cbe7dae7-5fa5-4d99-abcd-5340621cacd6", "displayName":
        "fabriccli_WorkspacePerTestclass_000001", "description": "Created by fab",
        "type": "Workspace", "capacityId": "07b1fd56-9969-4ff5-a2c8-05df5f82759a"}]}'
    headers:
      Access-Control-Expose-Headers:
      - RequestId
      Cache-Control:
      - no-store, must-revalidate, no-cache
      Content-Encoding:
      - gzip
      Content-Length:
      - '6137'
      Content-Type:
      - application/json; charset=utf-8
      Date:
      - Mon, 19 Jan 2026 10:50:59 GMT
      Pragma:
      - no-cache
      RequestId:
      - 80ba0d36-0571-4481-910c-8c3c7bb41fdd
      Strict-Transport-Security:
      - max-age=31536000; includeSubDomains
      X-Content-Type-Options:
      - nosniff
      X-Frame-Options:
      - deny
      home-cluster-uri:
      - https://wabi-us-central-b-primary-redirect.analysis.windows.net/
      request-redirected:
      - 'true'
    status:
      code: 200
      message: OK
- request:
    body: null
    headers:
      Accept:
      - '*/*'
      Accept-Encoding:
      - gzip, deflate
      Connection:
      - keep-alive
      Content-Type:
      - application/json
      User-Agent:
      - ms-fabric-cli-test/1.3.1
    method: GET
    uri: https://api.fabric.microsoft.com/v1/workspaces/cbe7dae7-5fa5-4d99-abcd-5340621cacd6/items
  response:
    body:
      string: '{"value": [{"id": "ff553294-0b2f-47a9-8b7e-1de600c64299", "type": "SemanticModel",
        "displayName": "fabcli000001_auto", "description": "", "workspaceId": "cbe7dae7-5fa5-4d99-abcd-5340621cacd6"},
        {"id": "4b94169d-6d5d-4663-be63-1d9ddfe8cf8e", "type": "Dataflow", "displayName":
        "fabcli000001", "description": "Created by fab", "workspaceId": "cbe7dae7-5fa5-4d99-abcd-5340621cacd6"},
        {"id": "c53bcd73-79de-482e-b1e8-67289d49f36d", "type": "Lakehouse", "displayName":
        "StagingLakehouseForDataflows_20260119105056", "description": "", "workspaceId":
        "cbe7dae7-5fa5-4d99-abcd-5340621cacd6"}]}'
    headers:
      Access-Control-Expose-Headers:
      - RequestId
      Cache-Control:
      - no-store, must-revalidate, no-cache
      Content-Encoding:
      - gzip
      Content-Length:
      - '302'
      Content-Type:
      - application/json; charset=utf-8
      Date:
      - Mon, 19 Jan 2026 10:50:59 GMT
      Pragma:
      - no-cache
      RequestId:
      - 91229175-65ac-4961-bc6c-f093b4c90422
      Strict-Transport-Security:
      - max-age=31536000; includeSubDomains
      X-Content-Type-Options:
      - nosniff
      X-Frame-Options:
      - deny
      home-cluster-uri:
      - https://wabi-us-central-b-primary-redirect.analysis.windows.net/
      request-redirected:
      - 'true'
    status:
      code: 200
      message: OK
- request:
    body: null
    headers:
      Accept:
      - '*/*'
      Accept-Encoding:
      - gzip, deflate
      Connection:
      - keep-alive
      Content-Length:
      - '0'
      Content-Type:
      - application/json
      User-Agent:
      - ms-fabric-cli-test/1.3.1
    method: DELETE
    uri: https://api.fabric.microsoft.com/v1/workspaces/cbe7dae7-5fa5-4d99-abcd-5340621cacd6/items/4b94169d-6d5d-4663-be63-1d9ddfe8cf8e
  response:
    body:
      string: ''
    headers:
      Access-Control-Expose-Headers:
      - RequestId
      Cache-Control:
      - no-store, must-revalidate, no-cache
      Content-Encoding:
      - gzip
      Content-Length:
      - '0'
      Content-Type:
      - application/octet-stream
      Date:
      - Mon, 19 Jan 2026 10:51:01 GMT
      Pragma:
      - no-cache
      RequestId:
      - d1cb7389-ae0d-467e-a2a9-47fb194997c6
      Strict-Transport-Security:
      - max-age=31536000; includeSubDomains
      X-Content-Type-Options:
      - nosniff
      X-Frame-Options:
      - deny
      home-cluster-uri:
      - https://wabi-us-central-b-primary-redirect.analysis.windows.net/
      request-redirected:
      - 'true'
    status:
      code: 200
      message: OK
version: 1
