interactions:
- request:
    body: null
    headers:
      Accept:
      - '*/*'
      Accept-Encoding:
      - gzip, deflate
      Connection:
      - keep-alive
      Content-Type:
      - application/json
      User-Agent:
      - ms-fabric-cli-test/1.3.1
    method: GET
    uri: https://api.fabric.microsoft.com/v1/workspaces
  response:
    body:
      string: '{"value": [{"id": "3634a139-2c9e-4205-910b-3b089a31be47", "displayName":
        "My workspace", "description": "", "type": "Personal"}, {"id": "9f7ff46b-df20-4f1b-9b82-9183c6f6adc1",
        "displayName": "fabriccli_WorkspacePerTestclass_000001", "description": "Created
        by fab", "type": "Workspace", "capacityId": "00000000-0000-0000-0000-000000000004"}]}'
    headers:
      Access-Control-Expose-Headers:
      - RequestId
      Cache-Control:
      - no-store, must-revalidate, no-cache
      Content-Encoding:
      - gzip
      Content-Length:
      - '2804'
      Content-Type:
      - application/json; charset=utf-8
      Date:
      - Fri, 06 Feb 2026 10:54:23 GMT
      Pragma:
      - no-cache
      RequestId:
      - d8d1bf55-e38c-46c5-a18f-53f2cfc1eb57
      Strict-Transport-Security:
      - max-age=31536000; includeSubDomains
      X-Content-Type-Options:
      - nosniff
      X-Frame-Options:
      - deny
      home-cluster-uri:
      - https://wabi-us-central-b-primary-redirect.analysis.windows.net/
      request-redirected:
      - 'true'
    status:
      code: 200
      message: OK
- request:
    body: null
    headers:
      Accept:
      - '*/*'
      Accept-Encoding:
      - gzip, deflate
      Connection:
      - keep-alive
      Content-Type:
      - application/json
      User-Agent:
      - ms-fabric-cli-test/1.3.1
    method: GET
    uri: https://api.fabric.microsoft.com/v1/workspaces/9f7ff46b-df20-4f1b-9b82-9183c6f6adc1/items
  response:
    body:
      string: '{"value": [{"id": "2f193862-af04-41f2-8e4c-4e7896ecdd18", "type": "Eventhouse",
        "displayName": "fabcli000001_auto", "description": "Created by fab", "workspaceId":
        "9f7ff46b-df20-4f1b-9b82-9183c6f6adc1"}, {"id": "0f6b72db-807f-4407-b222-ca230049dbe4",
        "type": "KQLDatabase", "displayName": "fabcli000001_auto", "description":
        "fabcli000001_auto", "workspaceId": "9f7ff46b-df20-4f1b-9b82-9183c6f6adc1"}]}'
    headers:
      Access-Control-Expose-Headers:
      - RequestId
      Cache-Control:
      - no-store, must-revalidate, no-cache
      Content-Encoding:
      - gzip
      Content-Length:
      - '233'
      Content-Type:
      - application/json; charset=utf-8
      Date:
      - Fri, 06 Feb 2026 10:54:24 GMT
      Pragma:
      - no-cache
      RequestId:
      - e6872fc3-4870-4c3d-b13a-742bf3a0a63f
      Strict-Transport-Security:
      - max-age=31536000; includeSubDomains
      X-Content-Type-Options:
      - nosniff
      X-Frame-Options:
      - deny
      home-cluster-uri:
      - https://wabi-us-central-b-primary-redirect.analysis.windows.net/
      request-redirected:
      - 'true'
    status:
      code: 200
      message: OK
- request:
    body: null
    headers:
      Accept:
      - '*/*'
      Accept-Encoding:
      - gzip, deflate
      Connection:
      - keep-alive
      Content-Type:
      - application/json
      User-Agent:
      - ms-fabric-cli-test/1.3.1
    method: GET
    uri: https://api.fabric.microsoft.com/v1/workspaces/9f7ff46b-df20-4f1b-9b82-9183c6f6adc1/items
  response:
    body:
      string: '{"value": [{"id": "2f193862-af04-41f2-8e4c-4e7896ecdd18", "type": "Eventhouse",
        "displayName": "fabcli000001_auto", "description": "Created by fab", "workspaceId":
        "9f7ff46b-df20-4f1b-9b82-9183c6f6adc1"}, {"id": "0f6b72db-807f-4407-b222-ca230049dbe4",
        "type": "KQLDatabase", "displayName": "fabcli000001_auto", "description":
        "fabcli000001_auto", "workspaceId": "9f7ff46b-df20-4f1b-9b82-9183c6f6adc1"}]}'
    headers:
      Access-Control-Expose-Headers:
      - RequestId
      Cache-Control:
      - no-store, must-revalidate, no-cache
      Content-Encoding:
      - gzip
      Content-Length:
      - '233'
      Content-Type:
      - application/json; charset=utf-8
      Date:
      - Fri, 06 Feb 2026 10:54:25 GMT
      Pragma:
      - no-cache
      RequestId:
      - 2fa7d260-3de5-4a77-9713-39a0111b6a36
      Strict-Transport-Security:
      - max-age=31536000; includeSubDomains
      X-Content-Type-Options:
      - nosniff
      X-Frame-Options:
      - deny
      home-cluster-uri:
      - https://wabi-us-central-b-primary-redirect.analysis.windows.net/
      request-redirected:
      - 'true'
    status:
      code: 200
      message: OK
- request:
    body: '{"description": "Created by fab", "displayName": "fabcli000001", "type":
      "SparkJobDefinition", "folderId": null}'
    headers:
      Accept:
      - '*/*'
      Accept-Encoding:
      - gzip, deflate
      Connection:
      - keep-alive
      Content-Length:
      - '116'
      Content-Type:
      - application/json
      User-Agent:
      - ms-fabric-cli-test/1.3.1
    method: POST
    uri: https://api.fabric.microsoft.com/v1/workspaces/9f7ff46b-df20-4f1b-9b82-9183c6f6adc1/sparkJobDefinitions
  response:
    body:
      string: '{"id": "37d78dfd-ed86-4254-9363-db388030c7da", "type": "SparkJobDefinition",
        "displayName": "fabcli000001", "description": "Created by fab", "workspaceId":
        "9f7ff46b-df20-4f1b-9b82-9183c6f6adc1"}'
    headers:
      Access-Control-Expose-Headers:
      - RequestId,ETag
      Cache-Control:
      - no-store, must-revalidate, no-cache
      Content-Encoding:
      - gzip
      Content-Length:
      - '174'
      Content-Type:
      - application/json; charset=utf-8
      Date:
      - Fri, 06 Feb 2026 10:54:26 GMT
      ETag:
      - '""'
      Pragma:
      - no-cache
      RequestId:
      - 1d5c2acc-82d6-4ad7-a080-ab89ebef256f
      Strict-Transport-Security:
      - max-age=31536000; includeSubDomains
      X-Content-Type-Options:
      - nosniff
      X-Frame-Options:
      - deny
      home-cluster-uri:
      - https://wabi-us-central-b-primary-redirect.analysis.windows.net/
      request-redirected:
      - 'true'
    status:
      code: 201
      message: Created
- request:
    body: null
    headers:
      Accept:
      - '*/*'
      Accept-Encoding:
      - gzip, deflate
      Connection:
      - keep-alive
      Content-Type:
      - application/json
      User-Agent:
      - ms-fabric-cli-test/1.3.1
    method: GET
    uri: https://api.fabric.microsoft.com/v1/workspaces
  response:
    body:
      string: '{"value": [{"id": "3634a139-2c9e-4205-910b-3b089a31be47", "displayName":
        "My workspace", "description": "", "type": "Personal"}, {"id": "9f7ff46b-df20-4f1b-9b82-9183c6f6adc1",
        "displayName": "fabriccli_WorkspacePerTestclass_000001", "description": "Created
        by fab", "type": "Workspace", "capacityId": "00000000-0000-0000-0000-000000000004"}]}'
    headers:
      Access-Control-Expose-Headers:
      - RequestId
      Cache-Control:
      - no-store, must-revalidate, no-cache
      Content-Encoding:
      - gzip
      Content-Length:
      - '2804'
      Content-Type:
      - application/json; charset=utf-8
      Date:
      - Fri, 06 Feb 2026 10:54:27 GMT
      Pragma:
      - no-cache
      RequestId:
      - c7e4cf74-6aa6-487d-92a1-e5b4c95f1f74
      Strict-Transport-Security:
      - max-age=31536000; includeSubDomains
      X-Content-Type-Options:
      - nosniff
      X-Frame-Options:
      - deny
      home-cluster-uri:
      - https://wabi-us-central-b-primary-redirect.analysis.windows.net/
      request-redirected:
      - 'true'
    status:
      code: 200
      message: OK
- request:
    body: null
    headers:
      Accept:
      - '*/*'
      Accept-Encoding:
      - gzip, deflate
      Connection:
      - keep-alive
      Content-Type:
      - application/json
      User-Agent:
      - ms-fabric-cli-test/1.3.1
    method: GET
    uri: https://api.fabric.microsoft.com/v1/workspaces/9f7ff46b-df20-4f1b-9b82-9183c6f6adc1/items
  response:
    body:
      string: '{"value": [{"id": "2f193862-af04-41f2-8e4c-4e7896ecdd18", "type": "Eventhouse",
        "displayName": "fabcli000001_auto", "description": "Created by fab", "workspaceId":
        "9f7ff46b-df20-4f1b-9b82-9183c6f6adc1"}, {"id": "0f6b72db-807f-4407-b222-ca230049dbe4",
        "type": "KQLDatabase", "displayName": "fabcli000001_auto", "description":
        "fabcli000001_auto", "workspaceId": "9f7ff46b-df20-4f1b-9b82-9183c6f6adc1"},
        {"id": "37d78dfd-ed86-4254-9363-db388030c7da", "type": "SparkJobDefinition",
        "displayName": "fabcli000001", "description": "Created by fab", "workspaceId":
        "9f7ff46b-df20-4f1b-9b82-9183c6f6adc1"}]}'
    headers:
      Access-Control-Expose-Headers:
      - RequestId
      Cache-Control:
      - no-store, must-revalidate, no-cache
      Content-Encoding:
      - gzip
      Content-Length:
      - '287'
      Content-Type:
      - application/json; charset=utf-8
      Date:
      - Fri, 06 Feb 2026 10:54:28 GMT
      Pragma:
      - no-cache
      RequestId:
      - fc4f89c3-59d8-4f1c-9175-b76fa98cf6b6
      Strict-Transport-Security:
      - max-age=31536000; includeSubDomains
      X-Content-Type-Options:
      - nosniff
      X-Frame-Options:
      - deny
      home-cluster-uri:
      - https://wabi-us-central-b-primary-redirect.analysis.windows.net/
      request-redirected:
      - 'true'
    status:
      code: 200
      message: OK
- request:
    body: null
    headers:
      Accept:
      - '*/*'
      Accept-Encoding:
      - gzip, deflate
      Connection:
      - keep-alive
      Content-Type:
      - application/json
      User-Agent:
      - ms-fabric-cli-test/1.3.1
    method: GET
    uri: https://onelake.dfs.fabric.microsoft.com/9f7ff46b-df20-4f1b-9b82-9183c6f6adc1/?recursive=false&resource=filesystem&directory=37d78dfd-ed86-4254-9363-db388030c7da%2FMain&getShortcutMetadata=true
  response:
    body:
      string: '{"paths": [], "ContinuationToken": null}'
    headers:
      Access-Control-Allow-Headers:
      - '*'
      Access-Control-Allow-Methods:
      - '*'
      Access-Control-Allow-Origin:
      - '*'
      Access-Control-Expose-Headers:
      - '*,Authorization'
      Content-Type:
      - application/json; charset=utf-8
      Date:
      - Fri, 06 Feb 2026 10:54:30 GMT
      Server:
      - Windows-Azure-HDFS/1.0,Microsoft-HTTPAPI/2.0 Microsoft-HTTPAPI/2.0 Microsoft-HTTPAPI/2.0
      Strict-Transport-Security:
      - max-age=31536000; includeSubDomains
      Transfer-Encoding:
      - chunked
      X-Content-Type-Options:
      - nosniff
    status:
      code: 200
      message: OK
- request:
    body: null
    headers:
      Accept:
      - '*/*'
      Accept-Encoding:
      - gzip, deflate
      Connection:
      - keep-alive
      Content-Type:
      - application/json
      User-Agent:
      - ms-fabric-cli-test/1.3.1
    method: GET
    uri: https://api.fabric.microsoft.com/v1/workspaces
  response:
    body:
      string: '{"value": [{"id": "3634a139-2c9e-4205-910b-3b089a31be47", "displayName":
        "My workspace", "description": "", "type": "Personal"}, {"id": "9f7ff46b-df20-4f1b-9b82-9183c6f6adc1",
        "displayName": "fabriccli_WorkspacePerTestclass_000001", "description": "Created
        by fab", "type": "Workspace", "capacityId": "00000000-0000-0000-0000-000000000004"}]}'
    headers:
      Access-Control-Expose-Headers:
      - RequestId
      Cache-Control:
      - no-store, must-revalidate, no-cache
      Content-Encoding:
      - gzip
      Content-Length:
      - '2804'
      Content-Type:
      - application/json; charset=utf-8
      Date:
      - Fri, 06 Feb 2026 10:54:31 GMT
      Pragma:
      - no-cache
      RequestId:
      - beac0d76-738d-472a-9837-7b83c2a6c3d8
      Strict-Transport-Security:
      - max-age=31536000; includeSubDomains
      X-Content-Type-Options:
      - nosniff
      X-Frame-Options:
      - deny
      home-cluster-uri:
      - https://wabi-us-central-b-primary-redirect.analysis.windows.net/
      request-redirected:
      - 'true'
    status:
      code: 200
      message: OK
- request:
    body: null
    headers:
      Accept:
      - '*/*'
      Accept-Encoding:
      - gzip, deflate
      Connection:
      - keep-alive
      Content-Type:
      - application/json
      User-Agent:
      - ms-fabric-cli-test/1.3.1
    method: GET
    uri: https://api.fabric.microsoft.com/v1/workspaces/9f7ff46b-df20-4f1b-9b82-9183c6f6adc1/items
  response:
    body:
      string: '{"value": [{"id": "2f193862-af04-41f2-8e4c-4e7896ecdd18", "type": "Eventhouse",
        "displayName": "fabcli000001_auto", "description": "Created by fab", "workspaceId":
        "9f7ff46b-df20-4f1b-9b82-9183c6f6adc1"}, {"id": "0f6b72db-807f-4407-b222-ca230049dbe4",
        "type": "KQLDatabase", "displayName": "fabcli000001_auto", "description":
        "fabcli000001_auto", "workspaceId": "9f7ff46b-df20-4f1b-9b82-9183c6f6adc1"},
        {"id": "37d78dfd-ed86-4254-9363-db388030c7da", "type": "SparkJobDefinition",
        "displayName": "fabcli000001", "description": "Created by fab", "workspaceId":
        "9f7ff46b-df20-4f1b-9b82-9183c6f6adc1"}]}'
    headers:
      Access-Control-Expose-Headers:
      - RequestId
      Cache-Control:
      - no-store, must-revalidate, no-cache
      Content-Encoding:
      - gzip
      Content-Length:
      - '287'
      Content-Type:
      - application/json; charset=utf-8
      Date:
      - Fri, 06 Feb 2026 10:54:32 GMT
      Pragma:
      - no-cache
      RequestId:
      - 7e77034e-0ddb-4bc7-9cbf-8a81a1113b90
      Strict-Transport-Security:
      - max-age=31536000; includeSubDomains
      X-Content-Type-Options:
      - nosniff
      X-Frame-Options:
      - deny
      home-cluster-uri:
      - https://wabi-us-central-b-primary-redirect.analysis.windows.net/
      request-redirected:
      - 'true'
    status:
      code: 200
      message: OK
- request:
    body: null
    headers:
      Accept:
      - '*/*'
      Accept-Encoding:
      - gzip, deflate
      Connection:
      - keep-alive
      Content-Length:
      - '0'
      Content-Type:
      - application/json
      User-Agent:
      - ms-fabric-cli-test/1.3.1
    method: DELETE
    uri: https://api.fabric.microsoft.com/v1/workspaces/9f7ff46b-df20-4f1b-9b82-9183c6f6adc1/items/37d78dfd-ed86-4254-9363-db388030c7da
  response:
    body:
      string: ''
    headers:
      Access-Control-Expose-Headers:
      - RequestId
      Cache-Control:
      - no-store, must-revalidate, no-cache
      Content-Encoding:
      - gzip
      Content-Length:
      - '0'
      Content-Type:
      - application/octet-stream
      Date:
      - Fri, 06 Feb 2026 10:54:33 GMT
      Pragma:
      - no-cache
      RequestId:
      - 3a88e959-2bec-47b5-87ce-77e8ab502879
      Strict-Transport-Security:
      - max-age=31536000; includeSubDomains
      X-Content-Type-Options:
      - nosniff
      X-Frame-Options:
      - deny
      home-cluster-uri:
      - https://wabi-us-central-b-primary-redirect.analysis.windows.net/
      request-redirected:
      - 'true'
    status:
      code: 200
      message: OK
version: 1
