interactions:
- request:
    body: null
    headers:
      Accept:
      - '*/*'
      Accept-Encoding:
      - gzip, deflate
      Connection:
      - keep-alive
      Content-Type:
      - application/json
      User-Agent:
      - ms-fabric-cli-test/1.3.1
    method: GET
    uri: https://api.fabric.microsoft.com/v1/workspaces
  response:
    body:
      string: '{"value": [{"id": "3634a139-2c9e-4205-910b-3b089a31be47", "displayName":
        "My workspace", "description": "", "type": "Personal"}, {"id": "b285198e-e555-4618-9fb9-949cabcaafd4",
        "displayName": "fabriccli_WorkspacePerTestclass_000001", "description": "Created
        by fab", "type": "Workspace", "capacityId": "00000000-0000-0000-0000-000000000004"}]}'
    headers:
      Access-Control-Expose-Headers:
      - RequestId
      Cache-Control:
      - no-store, must-revalidate, no-cache
      Content-Encoding:
      - gzip
      Content-Length:
      - '2304'
      Content-Type:
      - application/json; charset=utf-8
      Date:
      - Wed, 28 Jan 2026 12:12:59 GMT
      Pragma:
      - no-cache
      RequestId:
      - 81d53cd9-33ac-4599-9779-c5845a38465a
      Strict-Transport-Security:
      - max-age=31536000; includeSubDomains
      X-Content-Type-Options:
      - nosniff
      X-Frame-Options:
      - deny
      home-cluster-uri:
      - https://wabi-us-central-b-primary-redirect.analysis.windows.net/
      request-redirected:
      - 'true'
    status:
      code: 200
      message: OK
- request:
    body: null
    headers:
      Accept:
      - '*/*'
      Accept-Encoding:
      - gzip, deflate
      Connection:
      - keep-alive
      Content-Type:
      - application/json
      User-Agent:
      - ms-fabric-cli-test/1.3.1
    method: GET
    uri: https://api.fabric.microsoft.com/v1/workspaces/b285198e-e555-4618-9fb9-949cabcaafd4/items
  response:
    body:
      string: '{"value": [{"id": "311c021d-63ba-4d80-bb3f-74e9f821f989", "type": "SemanticModel",
        "displayName": "fabcli000001_auto", "description": "", "workspaceId": "b285198e-e555-4618-9fb9-949cabcaafd4"},
        {"id": "2df38667-3858-4982-baa1-cc8ec851370b", "type": "SemanticModel", "displayName":
        "fabcli000001_auto", "description": "", "workspaceId": "b285198e-e555-4618-9fb9-949cabcaafd4"},
        {"id": "50721f66-f90f-4b82-98ea-f79569e56a5f", "type": "SQLEndpoint", "displayName":
        "StagingLakehouseForDataflows_20260128120637", "description": "", "workspaceId":
        "b285198e-e555-4618-9fb9-949cabcaafd4"}, {"id": "1cebf3dd-89a3-405d-98e5-43ab4c957760",
        "type": "Warehouse", "displayName": "StagingWarehouseForDataflows_20260128120702",
        "description": "", "workspaceId": "b285198e-e555-4618-9fb9-949cabcaafd4"},
        {"id": "3b040332-b777-497c-8b40-272bcccf3953", "type": "Lakehouse", "displayName":
        "StagingLakehouseForDataflows_20260128120637", "description": "", "workspaceId":
        "b285198e-e555-4618-9fb9-949cabcaafd4"}]}'
    headers:
      Access-Control-Expose-Headers:
      - RequestId
      Cache-Control:
      - no-store, must-revalidate, no-cache
      Content-Encoding:
      - gzip
      Content-Length:
      - '363'
      Content-Type:
      - application/json; charset=utf-8
      Date:
      - Wed, 28 Jan 2026 12:13:00 GMT
      Pragma:
      - no-cache
      RequestId:
      - f3afb963-1e77-4149-9e91-51b8b782ab35
      Strict-Transport-Security:
      - max-age=31536000; includeSubDomains
      X-Content-Type-Options:
      - nosniff
      X-Frame-Options:
      - deny
      home-cluster-uri:
      - https://wabi-us-central-b-primary-redirect.analysis.windows.net/
      request-redirected:
      - 'true'
    status:
      code: 200
      message: OK
- request:
    body: null
    headers:
      Accept:
      - '*/*'
      Accept-Encoding:
      - gzip, deflate
      Connection:
      - keep-alive
      Content-Type:
      - application/json
      User-Agent:
      - ms-fabric-cli-test/1.3.1
    method: GET
    uri: https://api.fabric.microsoft.com/v1/workspaces/b285198e-e555-4618-9fb9-949cabcaafd4/items
  response:
    body:
      string: '{"value": [{"id": "311c021d-63ba-4d80-bb3f-74e9f821f989", "type": "SemanticModel",
        "displayName": "fabcli000001_auto", "description": "", "workspaceId": "b285198e-e555-4618-9fb9-949cabcaafd4"},
        {"id": "2df38667-3858-4982-baa1-cc8ec851370b", "type": "SemanticModel", "displayName":
        "fabcli000001_auto", "description": "", "workspaceId": "b285198e-e555-4618-9fb9-949cabcaafd4"},
        {"id": "50721f66-f90f-4b82-98ea-f79569e56a5f", "type": "SQLEndpoint", "displayName":
        "StagingLakehouseForDataflows_20260128120637", "description": "", "workspaceId":
        "b285198e-e555-4618-9fb9-949cabcaafd4"}, {"id": "1cebf3dd-89a3-405d-98e5-43ab4c957760",
        "type": "Warehouse", "displayName": "StagingWarehouseForDataflows_20260128120702",
        "description": "", "workspaceId": "b285198e-e555-4618-9fb9-949cabcaafd4"},
        {"id": "3b040332-b777-497c-8b40-272bcccf3953", "type": "Lakehouse", "displayName":
        "StagingLakehouseForDataflows_20260128120637", "description": "", "workspaceId":
        "b285198e-e555-4618-9fb9-949cabcaafd4"}]}'
    headers:
      Access-Control-Expose-Headers:
      - RequestId
      Cache-Control:
      - no-store, must-revalidate, no-cache
      Content-Encoding:
      - gzip
      Content-Length:
      - '363'
      Content-Type:
      - application/json; charset=utf-8
      Date:
      - Wed, 28 Jan 2026 12:13:00 GMT
      Pragma:
      - no-cache
      RequestId:
      - 1e315f32-c723-403f-8ac9-0c8ce3908fcc
      Strict-Transport-Security:
      - max-age=31536000; includeSubDomains
      X-Content-Type-Options:
      - nosniff
      X-Frame-Options:
      - deny
      home-cluster-uri:
      - https://wabi-us-central-b-primary-redirect.analysis.windows.net/
      request-redirected:
      - 'true'
    status:
      code: 200
      message: OK
- request:
    body: '{"description": "Created by fab", "displayName": "fabcli000001", "type":
      "Dataflow", "folderId": null}'
    headers:
      Accept:
      - '*/*'
      Accept-Encoding:
      - gzip, deflate
      Connection:
      - keep-alive
      Content-Length:
      - '106'
      Content-Type:
      - application/json
      User-Agent:
      - ms-fabric-cli-test/1.3.1
    method: POST
    uri: https://api.fabric.microsoft.com/v1/workspaces/b285198e-e555-4618-9fb9-949cabcaafd4/dataflows
  response:
    body:
      string: '{"id": "1acecb3c-69d9-4014-96a8-36eaaf9b886e", "type": "Dataflow",
        "displayName": "fabcli000001", "description": "Created by fab", "workspaceId":
        "b285198e-e555-4618-9fb9-949cabcaafd4"}'
    headers:
      Access-Control-Expose-Headers:
      - RequestId,ETag
      Cache-Control:
      - no-store, must-revalidate, no-cache
      Content-Encoding:
      - gzip
      Content-Length:
      - '165'
      Content-Type:
      - application/json; charset=utf-8
      Date:
      - Wed, 28 Jan 2026 12:13:02 GMT
      ETag:
      - '""'
      Pragma:
      - no-cache
      RequestId:
      - a933c3ca-3492-41fe-a5d6-9bbf96e2c1d0
      Strict-Transport-Security:
      - max-age=31536000; includeSubDomains
      X-Content-Type-Options:
      - nosniff
      X-Frame-Options:
      - deny
      home-cluster-uri:
      - https://wabi-us-central-b-primary-redirect.analysis.windows.net/
      request-redirected:
      - 'true'
    status:
      code: 201
      message: Created
- request:
    body: null
    headers:
      Accept:
      - '*/*'
      Accept-Encoding:
      - gzip, deflate
      Connection:
      - keep-alive
      Content-Type:
      - application/json
      User-Agent:
      - ms-fabric-cli-test/1.3.1
    method: GET
    uri: https://api.fabric.microsoft.com/v1/workspaces
  response:
    body:
      string: '{"value": [{"id": "3634a139-2c9e-4205-910b-3b089a31be47", "displayName":
        "My workspace", "description": "", "type": "Personal"}, {"id": "b285198e-e555-4618-9fb9-949cabcaafd4",
        "displayName": "fabriccli_WorkspacePerTestclass_000001", "description": "Created
        by fab", "type": "Workspace", "capacityId": "00000000-0000-0000-0000-000000000004"}]}'
    headers:
      Access-Control-Expose-Headers:
      - RequestId
      Cache-Control:
      - no-store, must-revalidate, no-cache
      Content-Encoding:
      - gzip
      Content-Length:
      - '2304'
      Content-Type:
      - application/json; charset=utf-8
      Date:
      - Wed, 28 Jan 2026 12:13:04 GMT
      Pragma:
      - no-cache
      RequestId:
      - 8d49d3e0-5a1b-40b8-b7dc-447cf9228957
      Strict-Transport-Security:
      - max-age=31536000; includeSubDomains
      X-Content-Type-Options:
      - nosniff
      X-Frame-Options:
      - deny
      home-cluster-uri:
      - https://wabi-us-central-b-primary-redirect.analysis.windows.net/
      request-redirected:
      - 'true'
    status:
      code: 200
      message: OK
- request:
    body: null
    headers:
      Accept:
      - '*/*'
      Accept-Encoding:
      - gzip, deflate
      Connection:
      - keep-alive
      Content-Type:
      - application/json
      User-Agent:
      - ms-fabric-cli-test/1.3.1
    method: GET
    uri: https://api.fabric.microsoft.com/v1/workspaces/b285198e-e555-4618-9fb9-949cabcaafd4/items
  response:
    body:
      string: '{"value": [{"id": "311c021d-63ba-4d80-bb3f-74e9f821f989", "type": "SemanticModel",
        "displayName": "fabcli000001_auto", "description": "", "workspaceId": "b285198e-e555-4618-9fb9-949cabcaafd4"},
        {"id": "2df38667-3858-4982-baa1-cc8ec851370b", "type": "SemanticModel", "displayName":
        "fabcli000001_auto", "description": "", "workspaceId": "b285198e-e555-4618-9fb9-949cabcaafd4"},
        {"id": "50721f66-f90f-4b82-98ea-f79569e56a5f", "type": "SQLEndpoint", "displayName":
        "StagingLakehouseForDataflows_20260128120637", "description": "", "workspaceId":
        "b285198e-e555-4618-9fb9-949cabcaafd4"}, {"id": "1cebf3dd-89a3-405d-98e5-43ab4c957760",
        "type": "Warehouse", "displayName": "StagingWarehouseForDataflows_20260128120702",
        "description": "", "workspaceId": "b285198e-e555-4618-9fb9-949cabcaafd4"},
        {"id": "3b040332-b777-497c-8b40-272bcccf3953", "type": "Lakehouse", "displayName":
        "StagingLakehouseForDataflows_20260128120637", "description": "", "workspaceId":
        "b285198e-e555-4618-9fb9-949cabcaafd4"}, {"id": "1acecb3c-69d9-4014-96a8-36eaaf9b886e",
        "type": "Dataflow", "displayName": "fabcli000001", "description": "Created
        by fab", "workspaceId": "b285198e-e555-4618-9fb9-949cabcaafd4"}]}'
    headers:
      Access-Control-Expose-Headers:
      - RequestId
      Cache-Control:
      - no-store, must-revalidate, no-cache
      Content-Encoding:
      - gzip
      Content-Length:
      - '420'
      Content-Type:
      - application/json; charset=utf-8
      Date:
      - Wed, 28 Jan 2026 12:13:04 GMT
      Pragma:
      - no-cache
      RequestId:
      - 4d894917-64ac-442b-b100-caf2abcad581
      Strict-Transport-Security:
      - max-age=31536000; includeSubDomains
      X-Content-Type-Options:
      - nosniff
      X-Frame-Options:
      - deny
      home-cluster-uri:
      - https://wabi-us-central-b-primary-redirect.analysis.windows.net/
      request-redirected:
      - 'true'
    status:
      code: 200
      message: OK
- request:
    body: null
    headers:
      Accept:
      - '*/*'
      Accept-Encoding:
      - gzip, deflate
      Connection:
      - keep-alive
      Content-Type:
      - application/json
      User-Agent:
      - ms-fabric-cli-test/1.3.1
    method: GET
    uri: https://api.fabric.microsoft.com/v1/workspaces
  response:
    body:
      string: '{"value": [{"id": "3634a139-2c9e-4205-910b-3b089a31be47", "displayName":
        "My workspace", "description": "", "type": "Personal"}, {"id": "b285198e-e555-4618-9fb9-949cabcaafd4",
        "displayName": "fabriccli_WorkspacePerTestclass_000001", "description": "Created
        by fab", "type": "Workspace", "capacityId": "00000000-0000-0000-0000-000000000004"}]}'
    headers:
      Access-Control-Expose-Headers:
      - RequestId
      Cache-Control:
      - no-store, must-revalidate, no-cache
      Content-Encoding:
      - gzip
      Content-Length:
      - '2304'
      Content-Type:
      - application/json; charset=utf-8
      Date:
      - Wed, 28 Jan 2026 12:13:05 GMT
      Pragma:
      - no-cache
      RequestId:
      - ff63f877-74e6-4ab3-864e-608b5d7862bc
      Strict-Transport-Security:
      - max-age=31536000; includeSubDomains
      X-Content-Type-Options:
      - nosniff
      X-Frame-Options:
      - deny
      home-cluster-uri:
      - https://wabi-us-central-b-primary-redirect.analysis.windows.net/
      request-redirected:
      - 'true'
    status:
      code: 200
      message: OK
- request:
    body: null
    headers:
      Accept:
      - '*/*'
      Accept-Encoding:
      - gzip, deflate
      Connection:
      - keep-alive
      Content-Type:
      - application/json
      User-Agent:
      - ms-fabric-cli-test/1.3.1
    method: GET
    uri: https://api.fabric.microsoft.com/v1/workspaces/b285198e-e555-4618-9fb9-949cabcaafd4/items
  response:
    body:
      string: '{"value": [{"id": "311c021d-63ba-4d80-bb3f-74e9f821f989", "type": "SemanticModel",
        "displayName": "fabcli000001_auto", "description": "", "workspaceId": "b285198e-e555-4618-9fb9-949cabcaafd4"},
        {"id": "2df38667-3858-4982-baa1-cc8ec851370b", "type": "SemanticModel", "displayName":
        "fabcli000001_auto", "description": "", "workspaceId": "b285198e-e555-4618-9fb9-949cabcaafd4"},
        {"id": "50721f66-f90f-4b82-98ea-f79569e56a5f", "type": "SQLEndpoint", "displayName":
        "StagingLakehouseForDataflows_20260128120637", "description": "", "workspaceId":
        "b285198e-e555-4618-9fb9-949cabcaafd4"}, {"id": "1cebf3dd-89a3-405d-98e5-43ab4c957760",
        "type": "Warehouse", "displayName": "StagingWarehouseForDataflows_20260128120702",
        "description": "", "workspaceId": "b285198e-e555-4618-9fb9-949cabcaafd4"},
        {"id": "3b040332-b777-497c-8b40-272bcccf3953", "type": "Lakehouse", "displayName":
        "StagingLakehouseForDataflows_20260128120637", "description": "", "workspaceId":
        "b285198e-e555-4618-9fb9-949cabcaafd4"}, {"id": "1acecb3c-69d9-4014-96a8-36eaaf9b886e",
        "type": "Dataflow", "displayName": "fabcli000001", "description": "Created
        by fab", "workspaceId": "b285198e-e555-4618-9fb9-949cabcaafd4"}]}'
    headers:
      Access-Control-Expose-Headers:
      - RequestId
      Cache-Control:
      - no-store, must-revalidate, no-cache
      Content-Encoding:
      - gzip
      Content-Length:
      - '420'
      Content-Type:
      - application/json; charset=utf-8
      Date:
      - Wed, 28 Jan 2026 12:13:05 GMT
      Pragma:
      - no-cache
      RequestId:
      - a87500cb-37f6-4b3d-a48e-792462cf328e
      Strict-Transport-Security:
      - max-age=31536000; includeSubDomains
      X-Content-Type-Options:
      - nosniff
      X-Frame-Options:
      - deny
      home-cluster-uri:
      - https://wabi-us-central-b-primary-redirect.analysis.windows.net/
      request-redirected:
      - 'true'
    status:
      code: 200
      message: OK
- request:
    body: null
    headers:
      Accept:
      - '*/*'
      Accept-Encoding:
      - gzip, deflate
      Connection:
      - keep-alive
      Content-Length:
      - '0'
      Content-Type:
      - application/json
      User-Agent:
      - ms-fabric-cli-test/1.3.1
    method: DELETE
    uri: https://api.fabric.microsoft.com/v1/workspaces/b285198e-e555-4618-9fb9-949cabcaafd4/items/1acecb3c-69d9-4014-96a8-36eaaf9b886e
  response:
    body:
      string: ''
    headers:
      Access-Control-Expose-Headers:
      - RequestId
      Cache-Control:
      - no-store, must-revalidate, no-cache
      Content-Encoding:
      - gzip
      Content-Length:
      - '0'
      Content-Type:
      - application/octet-stream
      Date:
      - Wed, 28 Jan 2026 12:13:06 GMT
      Pragma:
      - no-cache
      RequestId:
      - 298c51c4-1699-4750-a30a-b6f53419771f
      Strict-Transport-Security:
      - max-age=31536000; includeSubDomains
      X-Content-Type-Options:
      - nosniff
      X-Frame-Options:
      - deny
      home-cluster-uri:
      - https://wabi-us-central-b-primary-redirect.analysis.windows.net/
      request-redirected:
      - 'true'
    status:
      code: 200
      message: OK
version: 1
