interactions:
- request:
    body: null
    headers:
      Accept:
      - '*/*'
      Accept-Encoding:
      - gzip, deflate
      Connection:
      - keep-alive
      Content-Type:
      - application/json
      User-Agent:
      - ms-fabric-cli-test/1.3.1
    method: GET
    uri: https://api.fabric.microsoft.com/v1/workspaces
  response:
    body:
      string: '{"value": [{"id": "3634a139-2c9e-4205-910b-3b089a31be47", "displayName":
        "My workspace", "description": "", "type": "Personal"}, {"id": "6838e56c-3ebe-4ce3-8b69-4322bc7c5392",
        "displayName": "fabriccli_WorkspacePerTestclass_000001", "description": "Created
        by fab", "type": "Workspace", "capacityId": "00000000-0000-0000-0000-000000000004"}]}'
    headers:
      Access-Control-Expose-Headers:
      - RequestId
      Cache-Control:
      - no-store, must-revalidate, no-cache
      Content-Encoding:
      - gzip
      Content-Length:
      - '2304'
      Content-Type:
      - application/json; charset=utf-8
      Date:
      - Wed, 28 Jan 2026 13:52:13 GMT
      Pragma:
      - no-cache
      RequestId:
      - d56e69e5-76eb-4caa-922b-16384fa0cd07
      Strict-Transport-Security:
      - max-age=31536000; includeSubDomains
      X-Content-Type-Options:
      - nosniff
      X-Frame-Options:
      - deny
      home-cluster-uri:
      - https://wabi-us-central-b-primary-redirect.analysis.windows.net/
      request-redirected:
      - 'true'
    status:
      code: 200
      message: OK
- request:
    body: null
    headers:
      Accept:
      - '*/*'
      Accept-Encoding:
      - gzip, deflate
      Connection:
      - keep-alive
      Content-Type:
      - application/json
      User-Agent:
      - ms-fabric-cli-test/1.3.1
    method: GET
    uri: https://api.fabric.microsoft.com/v1/workspaces/6838e56c-3ebe-4ce3-8b69-4322bc7c5392/items
  response:
    body:
      string: '{"value": [{"id": "4307c500-c838-4ca4-a060-269fa6b39c7d", "type": "SemanticModel",
        "displayName": "fabcli000001_auto", "description": "", "workspaceId": "6838e56c-3ebe-4ce3-8b69-4322bc7c5392"},
        {"id": "4ca66565-458e-479c-8a9c-dde50e3396bc", "type": "SQLEndpoint", "displayName":
        "StagingLakehouseForDataflows_20260128135038", "description": "", "workspaceId":
        "6838e56c-3ebe-4ce3-8b69-4322bc7c5392"}, {"id": "bddf27c3-d893-4273-9035-ff67eeffc533",
        "type": "Warehouse", "displayName": "StagingWarehouseForDataflows_20260128135101",
        "description": "", "workspaceId": "6838e56c-3ebe-4ce3-8b69-4322bc7c5392"},
        {"id": "d2274a21-9781-499c-aadc-5c2080d36cb3", "type": "Lakehouse", "displayName":
        "StagingLakehouseForDataflows_20260128135038", "description": "", "workspaceId":
        "6838e56c-3ebe-4ce3-8b69-4322bc7c5392"}]}'
    headers:
      Access-Control-Expose-Headers:
      - RequestId
      Cache-Control:
      - no-store, must-revalidate, no-cache
      Content-Encoding:
      - gzip
      Content-Length:
      - '329'
      Content-Type:
      - application/json; charset=utf-8
      Date:
      - Wed, 28 Jan 2026 13:52:14 GMT
      Pragma:
      - no-cache
      RequestId:
      - 44190705-5137-4e16-bef8-bcb52d90d0e7
      Strict-Transport-Security:
      - max-age=31536000; includeSubDomains
      X-Content-Type-Options:
      - nosniff
      X-Frame-Options:
      - deny
      home-cluster-uri:
      - https://wabi-us-central-b-primary-redirect.analysis.windows.net/
      request-redirected:
      - 'true'
    status:
      code: 200
      message: OK
- request:
    body: null
    headers:
      Accept:
      - '*/*'
      Accept-Encoding:
      - gzip, deflate
      Connection:
      - keep-alive
      Content-Type:
      - application/json
      User-Agent:
      - ms-fabric-cli-test/1.3.1
    method: GET
    uri: https://api.fabric.microsoft.com/v1/workspaces/6838e56c-3ebe-4ce3-8b69-4322bc7c5392/items
  response:
    body:
      string: '{"value": [{"id": "4307c500-c838-4ca4-a060-269fa6b39c7d", "type": "SemanticModel",
        "displayName": "fabcli000001_auto", "description": "", "workspaceId": "6838e56c-3ebe-4ce3-8b69-4322bc7c5392"},
        {"id": "4ca66565-458e-479c-8a9c-dde50e3396bc", "type": "SQLEndpoint", "displayName":
        "StagingLakehouseForDataflows_20260128135038", "description": "", "workspaceId":
        "6838e56c-3ebe-4ce3-8b69-4322bc7c5392"}, {"id": "bddf27c3-d893-4273-9035-ff67eeffc533",
        "type": "Warehouse", "displayName": "StagingWarehouseForDataflows_20260128135101",
        "description": "", "workspaceId": "6838e56c-3ebe-4ce3-8b69-4322bc7c5392"},
        {"id": "d2274a21-9781-499c-aadc-5c2080d36cb3", "type": "Lakehouse", "displayName":
        "StagingLakehouseForDataflows_20260128135038", "description": "", "workspaceId":
        "6838e56c-3ebe-4ce3-8b69-4322bc7c5392"}]}'
    headers:
      Access-Control-Expose-Headers:
      - RequestId
      Cache-Control:
      - no-store, must-revalidate, no-cache
      Content-Encoding:
      - gzip
      Content-Length:
      - '329'
      Content-Type:
      - application/json; charset=utf-8
      Date:
      - Wed, 28 Jan 2026 13:52:15 GMT
      Pragma:
      - no-cache
      RequestId:
      - 6352aae9-1413-493b-8719-5b4fef77837c
      Strict-Transport-Security:
      - max-age=31536000; includeSubDomains
      X-Content-Type-Options:
      - nosniff
      X-Frame-Options:
      - deny
      home-cluster-uri:
      - https://wabi-us-central-b-primary-redirect.analysis.windows.net/
      request-redirected:
      - 'true'
    status:
      code: 200
      message: OK
- request:
    body: '{"description": "Created by fab", "displayName": "fabcli000001", "type":
      "DataPipeline", "folderId": null}'
    headers:
      Accept:
      - '*/*'
      Accept-Encoding:
      - gzip, deflate
      Connection:
      - keep-alive
      Content-Length:
      - '110'
      Content-Type:
      - application/json
      User-Agent:
      - ms-fabric-cli-test/1.3.1
    method: POST
    uri: https://api.fabric.microsoft.com/v1/workspaces/6838e56c-3ebe-4ce3-8b69-4322bc7c5392/dataPipelines
  response:
    body:
      string: '{"id": "362a1b34-9738-4ccc-b885-2ea61c6f07f9", "type": "DataPipeline",
        "displayName": "fabcli000001", "description": "Created by fab", "workspaceId":
        "6838e56c-3ebe-4ce3-8b69-4322bc7c5392"}'
    headers:
      Access-Control-Expose-Headers:
      - RequestId,ETag
      Cache-Control:
      - no-store, must-revalidate, no-cache
      Content-Encoding:
      - gzip
      Content-Length:
      - '169'
      Content-Type:
      - application/json; charset=utf-8
      Date:
      - Wed, 28 Jan 2026 13:52:20 GMT
      ETag:
      - '""'
      Pragma:
      - no-cache
      RequestId:
      - c5611aed-c5f3-43da-9742-f91fc9b1c718
      Strict-Transport-Security:
      - max-age=31536000; includeSubDomains
      X-Content-Type-Options:
      - nosniff
      X-Frame-Options:
      - deny
      home-cluster-uri:
      - https://wabi-us-central-b-primary-redirect.analysis.windows.net/
      request-redirected:
      - 'true'
    status:
      code: 201
      message: Created
- request:
    body: null
    headers:
      Accept:
      - '*/*'
      Accept-Encoding:
      - gzip, deflate
      Connection:
      - keep-alive
      Content-Type:
      - application/json
      User-Agent:
      - ms-fabric-cli-test/1.3.1
    method: GET
    uri: https://api.fabric.microsoft.com/v1/workspaces
  response:
    body:
      string: '{"value": [{"id": "3634a139-2c9e-4205-910b-3b089a31be47", "displayName":
        "My workspace", "description": "", "type": "Personal"}, {"id": "6838e56c-3ebe-4ce3-8b69-4322bc7c5392",
        "displayName": "fabriccli_WorkspacePerTestclass_000001", "description": "Created
        by fab", "type": "Workspace", "capacityId": "00000000-0000-0000-0000-000000000004"}]}'
    headers:
      Access-Control-Expose-Headers:
      - RequestId
      Cache-Control:
      - no-store, must-revalidate, no-cache
      Content-Encoding:
      - gzip
      Content-Length:
      - '2304'
      Content-Type:
      - application/json; charset=utf-8
      Date:
      - Wed, 28 Jan 2026 13:52:20 GMT
      Pragma:
      - no-cache
      RequestId:
      - 8d6c7486-c01b-4315-bd7b-abf31cf0020b
      Strict-Transport-Security:
      - max-age=31536000; includeSubDomains
      X-Content-Type-Options:
      - nosniff
      X-Frame-Options:
      - deny
      home-cluster-uri:
      - https://wabi-us-central-b-primary-redirect.analysis.windows.net/
      request-redirected:
      - 'true'
    status:
      code: 200
      message: OK
- request:
    body: null
    headers:
      Accept:
      - '*/*'
      Accept-Encoding:
      - gzip, deflate
      Connection:
      - keep-alive
      Content-Type:
      - application/json
      User-Agent:
      - ms-fabric-cli-test/1.3.1
    method: GET
    uri: https://api.fabric.microsoft.com/v1/workspaces/6838e56c-3ebe-4ce3-8b69-4322bc7c5392/items
  response:
    body:
      string: '{"value": [{"id": "4307c500-c838-4ca4-a060-269fa6b39c7d", "type": "SemanticModel",
        "displayName": "fabcli000001_auto", "description": "", "workspaceId": "6838e56c-3ebe-4ce3-8b69-4322bc7c5392"},
        {"id": "4ca66565-458e-479c-8a9c-dde50e3396bc", "type": "SQLEndpoint", "displayName":
        "StagingLakehouseForDataflows_20260128135038", "description": "", "workspaceId":
        "6838e56c-3ebe-4ce3-8b69-4322bc7c5392"}, {"id": "bddf27c3-d893-4273-9035-ff67eeffc533",
        "type": "Warehouse", "displayName": "StagingWarehouseForDataflows_20260128135101",
        "description": "", "workspaceId": "6838e56c-3ebe-4ce3-8b69-4322bc7c5392"},
        {"id": "d2274a21-9781-499c-aadc-5c2080d36cb3", "type": "Lakehouse", "displayName":
        "StagingLakehouseForDataflows_20260128135038", "description": "", "workspaceId":
        "6838e56c-3ebe-4ce3-8b69-4322bc7c5392"}, {"id": "362a1b34-9738-4ccc-b885-2ea61c6f07f9",
        "type": "DataPipeline", "displayName": "fabcli000001", "description": "Created
        by fab", "workspaceId": "6838e56c-3ebe-4ce3-8b69-4322bc7c5392"}]}'
    headers:
      Access-Control-Expose-Headers:
      - RequestId
      Cache-Control:
      - no-store, must-revalidate, no-cache
      Content-Encoding:
      - gzip
      Content-Length:
      - '389'
      Content-Type:
      - application/json; charset=utf-8
      Date:
      - Wed, 28 Jan 2026 13:52:21 GMT
      Pragma:
      - no-cache
      RequestId:
      - d1aec5d0-4767-4543-a13c-385a8aa621bb
      Strict-Transport-Security:
      - max-age=31536000; includeSubDomains
      X-Content-Type-Options:
      - nosniff
      X-Frame-Options:
      - deny
      home-cluster-uri:
      - https://wabi-us-central-b-primary-redirect.analysis.windows.net/
      request-redirected:
      - 'true'
    status:
      code: 200
      message: OK
- request:
    body: null
    headers:
      Accept:
      - '*/*'
      Accept-Encoding:
      - gzip, deflate
      Connection:
      - keep-alive
      Content-Type:
      - application/json
      User-Agent:
      - ms-fabric-cli-test/1.3.1
    method: GET
    uri: https://api.fabric.microsoft.com/v1/workspaces/6838e56c-3ebe-4ce3-8b69-4322bc7c5392/dataPipelines/362a1b34-9738-4ccc-b885-2ea61c6f07f9
  response:
    body:
      string: '{"id": "362a1b34-9738-4ccc-b885-2ea61c6f07f9", "type": "DataPipeline",
        "displayName": "fabcli000001", "description": "Created by fab", "workspaceId":
        "6838e56c-3ebe-4ce3-8b69-4322bc7c5392"}'
    headers:
      Access-Control-Expose-Headers:
      - RequestId,ETag
      Cache-Control:
      - no-store, must-revalidate, no-cache
      Content-Encoding:
      - gzip
      Content-Length:
      - '169'
      Content-Type:
      - application/json; charset=utf-8
      Date:
      - Wed, 28 Jan 2026 13:52:22 GMT
      ETag:
      - '""'
      Pragma:
      - no-cache
      RequestId:
      - 1bfd9db5-10bc-4388-9d76-e38c2221ec5d
      Strict-Transport-Security:
      - max-age=31536000; includeSubDomains
      X-Content-Type-Options:
      - nosniff
      X-Frame-Options:
      - deny
      home-cluster-uri:
      - https://wabi-us-central-b-primary-redirect.analysis.windows.net/
      request-redirected:
      - 'true'
    status:
      code: 200
      message: OK
- request:
    body: null
    headers:
      Accept:
      - '*/*'
      Accept-Encoding:
      - gzip, deflate
      Connection:
      - keep-alive
      Content-Length:
      - '0'
      Content-Type:
      - application/json
      User-Agent:
      - ms-fabric-cli-test/1.3.1
    method: POST
    uri: https://api.fabric.microsoft.com/v1/workspaces/6838e56c-3ebe-4ce3-8b69-4322bc7c5392/items/362a1b34-9738-4ccc-b885-2ea61c6f07f9/getDefinition
  response:
    body:
      string: '{"definition": {"parts": [{"path": "pipeline-content.json", "payload":
        "ewogICJwcm9wZXJ0aWVzIjogewogICAgImFjdGl2aXRpZXMiOiBbXQogIH0KfQ==", "payloadType":
        "InlineBase64"}, {"path": ".platform", "payload": "ewogICIkc2NoZW1hIjogImh0dHBzOi8vZGV2ZWxvcGVyLm1pY3Jvc29mdC5jb20vanNvbi1zY2hlbWFzL2ZhYnJpYy9naXRJbnRlZ3JhdGlvbi9wbGF0Zm9ybVByb3BlcnRpZXMvMi4wLjAvc2NoZW1hLmpzb24iLAogICJtZXRhZGF0YSI6IHsKICAgICJ0eXBlIjogIkRhdGFQaXBlbGluZSIsCiAgICAiZGlzcGxheU5hbWUiOiAiZmFiY2xpMDAwMDAxIiwKICAgICJkZXNjcmlwdGlvbiI6ICJDcmVhdGVkIGJ5IGZhYiIKICB9LAogICJjb25maWciOiB7CiAgICAidmVyc2lvbiI6ICIyLjAiLAogICAgImxvZ2ljYWxJZCI6ICIwMDAwMDAwMC0wMDAwLTAwMDAtMDAwMC0wMDAwMDAwMDAwMDAiCiAgfQp9",
        "payloadType": "InlineBase64"}]}}'
    headers:
      Access-Control-Expose-Headers:
      - RequestId
      Cache-Control:
      - no-store, must-revalidate, no-cache
      Content-Encoding:
      - gzip
      Content-Length:
      - '457'
      Content-Type:
      - application/json; charset=utf-8
      Date:
      - Wed, 28 Jan 2026 13:52:22 GMT
      Pragma:
      - no-cache
      RequestId:
      - 145082ae-c9f8-4e5f-ac68-3bcc8ae43408
      Strict-Transport-Security:
      - max-age=31536000; includeSubDomains
      X-Content-Type-Options:
      - nosniff
      X-Frame-Options:
      - deny
      home-cluster-uri:
      - https://wabi-us-central-b-primary-redirect.analysis.windows.net/
      request-redirected:
      - 'true'
    status:
      code: 200
      message: OK
- request:
    body: null
    headers:
      Accept:
      - '*/*'
      Accept-Encoding:
      - gzip, deflate
      Connection:
      - keep-alive
      Content-Type:
      - application/json
      User-Agent:
      - ms-fabric-cli-test/1.3.1
    method: GET
    uri: https://api.fabric.microsoft.com/v1/workspaces/6838e56c-3ebe-4ce3-8b69-4322bc7c5392/items/362a1b34-9738-4ccc-b885-2ea61c6f07f9/connections
  response:
    body:
      string: '{"value": []}'
    headers:
      Access-Control-Expose-Headers:
      - RequestId
      Cache-Control:
      - no-store, must-revalidate, no-cache
      Content-Encoding:
      - gzip
      Content-Length:
      - '32'
      Content-Type:
      - application/json; charset=utf-8
      Date:
      - Wed, 28 Jan 2026 13:52:24 GMT
      Pragma:
      - no-cache
      RequestId:
      - 47c390c6-b0d6-45d6-8eaa-f68985788eec
      Strict-Transport-Security:
      - max-age=31536000; includeSubDomains
      X-Content-Type-Options:
      - nosniff
      X-Frame-Options:
      - deny
      home-cluster-uri:
      - https://wabi-us-central-b-primary-redirect.analysis.windows.net/
      request-redirected:
      - 'true'
    status:
      code: 200
      message: OK
- request:
    body: null
    headers:
      Accept:
      - '*/*'
      Accept-Encoding:
      - gzip, deflate
      Connection:
      - keep-alive
      Content-Type:
      - application/json
      User-Agent:
      - ms-fabric-cli-test/1.3.1
    method: GET
    uri: https://api.fabric.microsoft.com/v1/workspaces/6838e56c-3ebe-4ce3-8b69-4322bc7c5392/items/362a1b34-9738-4ccc-b885-2ea61c6f07f9/jobs/Pipeline/schedules
  response:
    body:
      string: '{"value": []}'
    headers:
      Access-Control-Expose-Headers:
      - RequestId
      Cache-Control:
      - no-store, must-revalidate, no-cache
      Content-Encoding:
      - gzip
      Content-Length:
      - '32'
      Content-Type:
      - application/json; charset=utf-8
      Date:
      - Wed, 28 Jan 2026 13:52:25 GMT
      Pragma:
      - no-cache
      RequestId:
      - 5b35d3c5-5289-4b9d-badd-90587e65c8c6
      Strict-Transport-Security:
      - max-age=31536000; includeSubDomains
      X-Content-Type-Options:
      - nosniff
      X-Frame-Options:
      - deny
      home-cluster-uri:
      - https://wabi-us-central-b-primary-redirect.analysis.windows.net/
      request-redirected:
      - 'true'
    status:
      code: 200
      message: OK
- request:
    body: null
    headers:
      Accept:
      - '*/*'
      Accept-Encoding:
      - gzip, deflate
      Connection:
      - keep-alive
      Content-Type:
      - application/json
      User-Agent:
      - ms-fabric-cli-test/1.3.1
    method: GET
    uri: https://api.fabric.microsoft.com/v1/workspaces
  response:
    body:
      string: '{"value": [{"id": "3634a139-2c9e-4205-910b-3b089a31be47", "displayName":
        "My workspace", "description": "", "type": "Personal"}, {"id": "6838e56c-3ebe-4ce3-8b69-4322bc7c5392",
        "displayName": "fabriccli_WorkspacePerTestclass_000001", "description": "Created
        by fab", "type": "Workspace", "capacityId": "00000000-0000-0000-0000-000000000004"}]}'
    headers:
      Access-Control-Expose-Headers:
      - RequestId
      Cache-Control:
      - no-store, must-revalidate, no-cache
      Content-Encoding:
      - gzip
      Content-Length:
      - '2304'
      Content-Type:
      - application/json; charset=utf-8
      Date:
      - Wed, 28 Jan 2026 13:52:26 GMT
      Pragma:
      - no-cache
      RequestId:
      - 1e471542-1311-4dde-8eed-8b55681a1cbb
      Strict-Transport-Security:
      - max-age=31536000; includeSubDomains
      X-Content-Type-Options:
      - nosniff
      X-Frame-Options:
      - deny
      home-cluster-uri:
      - https://wabi-us-central-b-primary-redirect.analysis.windows.net/
      request-redirected:
      - 'true'
    status:
      code: 200
      message: OK
- request:
    body: null
    headers:
      Accept:
      - '*/*'
      Accept-Encoding:
      - gzip, deflate
      Connection:
      - keep-alive
      Content-Type:
      - application/json
      User-Agent:
      - ms-fabric-cli-test/1.3.1
    method: GET
    uri: https://api.fabric.microsoft.com/v1/workspaces/6838e56c-3ebe-4ce3-8b69-4322bc7c5392/items
  response:
    body:
      string: '{"value": [{"id": "4307c500-c838-4ca4-a060-269fa6b39c7d", "type": "SemanticModel",
        "displayName": "fabcli000001_auto", "description": "", "workspaceId": "6838e56c-3ebe-4ce3-8b69-4322bc7c5392"},
        {"id": "4ca66565-458e-479c-8a9c-dde50e3396bc", "type": "SQLEndpoint", "displayName":
        "StagingLakehouseForDataflows_20260128135038", "description": "", "workspaceId":
        "6838e56c-3ebe-4ce3-8b69-4322bc7c5392"}, {"id": "bddf27c3-d893-4273-9035-ff67eeffc533",
        "type": "Warehouse", "displayName": "StagingWarehouseForDataflows_20260128135101",
        "description": "", "workspaceId": "6838e56c-3ebe-4ce3-8b69-4322bc7c5392"},
        {"id": "d2274a21-9781-499c-aadc-5c2080d36cb3", "type": "Lakehouse", "displayName":
        "StagingLakehouseForDataflows_20260128135038", "description": "", "workspaceId":
        "6838e56c-3ebe-4ce3-8b69-4322bc7c5392"}, {"id": "362a1b34-9738-4ccc-b885-2ea61c6f07f9",
        "type": "DataPipeline", "displayName": "fabcli000001", "description": "Created
        by fab", "workspaceId": "6838e56c-3ebe-4ce3-8b69-4322bc7c5392"}]}'
    headers:
      Access-Control-Expose-Headers:
      - RequestId
      Cache-Control:
      - no-store, must-revalidate, no-cache
      Content-Encoding:
      - gzip
      Content-Length:
      - '389'
      Content-Type:
      - application/json; charset=utf-8
      Date:
      - Wed, 28 Jan 2026 13:52:26 GMT
      Pragma:
      - no-cache
      RequestId:
      - 2a11be14-e080-4d43-912f-a38ba39a81f7
      Strict-Transport-Security:
      - max-age=31536000; includeSubDomains
      X-Content-Type-Options:
      - nosniff
      X-Frame-Options:
      - deny
      home-cluster-uri:
      - https://wabi-us-central-b-primary-redirect.analysis.windows.net/
      request-redirected:
      - 'true'
    status:
      code: 200
      message: OK
- request:
    body: null
    headers:
      Accept:
      - '*/*'
      Accept-Encoding:
      - gzip, deflate
      Connection:
      - keep-alive
      Content-Length:
      - '0'
      Content-Type:
      - application/json
      User-Agent:
      - ms-fabric-cli-test/1.3.1
    method: DELETE
    uri: https://api.fabric.microsoft.com/v1/workspaces/6838e56c-3ebe-4ce3-8b69-4322bc7c5392/items/362a1b34-9738-4ccc-b885-2ea61c6f07f9
  response:
    body:
      string: ''
    headers:
      Access-Control-Expose-Headers:
      - RequestId
      Cache-Control:
      - no-store, must-revalidate, no-cache
      Content-Encoding:
      - gzip
      Content-Length:
      - '0'
      Content-Type:
      - application/octet-stream
      Date:
      - Wed, 28 Jan 2026 13:52:27 GMT
      Pragma:
      - no-cache
      RequestId:
      - 4a414003-3da2-40b0-8cb5-8b791f81aadb
      Strict-Transport-Security:
      - max-age=31536000; includeSubDomains
      X-Content-Type-Options:
      - nosniff
      X-Frame-Options:
      - deny
      home-cluster-uri:
      - https://wabi-us-central-b-primary-redirect.analysis.windows.net/
      request-redirected:
      - 'true'
    status:
      code: 200
      message: OK
version: 1
