interactions:
- request:
    body: null
    headers:
      Accept:
      - '*/*'
      Accept-Encoding:
      - gzip, deflate
      Connection:
      - keep-alive
      Content-Type:
      - application/json
      User-Agent:
      - ms-fabric-cli-test/1.3.1
    method: GET
    uri: https://api.fabric.microsoft.com/v1/workspaces
  response:
    body:
      string: '{"value": [{"id": "3634a139-2c9e-4205-910b-3b089a31be47", "displayName":
        "My workspace", "description": "", "type": "Personal"}, {"id": "5b6cb64b-1e77-45f0-9485-db8db4aad44b",
        "displayName": "fabriccli_WorkspacePerTestclass_000001", "description": "Created
        by fab", "type": "Workspace", "capacityId": "00000000-0000-0000-0000-000000000004"}]}'
    headers:
      Access-Control-Expose-Headers:
      - RequestId
      Cache-Control:
      - no-store, must-revalidate, no-cache
      Content-Encoding:
      - gzip
      Content-Length:
      - '2458'
      Content-Type:
      - application/json; charset=utf-8
      Date:
      - Tue, 03 Feb 2026 09:06:45 GMT
      Pragma:
      - no-cache
      RequestId:
      - c1be45b7-e8c9-4760-a626-57de7a4ee84f
      Strict-Transport-Security:
      - max-age=31536000; includeSubDomains
      X-Content-Type-Options:
      - nosniff
      X-Frame-Options:
      - deny
      home-cluster-uri:
      - https://wabi-us-central-b-primary-redirect.analysis.windows.net/
      request-redirected:
      - 'true'
    status:
      code: 200
      message: OK
- request:
    body: null
    headers:
      Accept:
      - '*/*'
      Accept-Encoding:
      - gzip, deflate
      Connection:
      - keep-alive
      Content-Type:
      - application/json
      User-Agent:
      - ms-fabric-cli-test/1.3.1
    method: GET
    uri: https://api.fabric.microsoft.com/v1/workspaces/5b6cb64b-1e77-45f0-9485-db8db4aad44b/items
  response:
    body:
      string: '{"value": [{"id": "e259adaa-0708-459e-b63b-8702430868c7", "type": "SQLEndpoint",
        "displayName": "fabcli000001dtdm", "description": "", "workspaceId": "5b6cb64b-1e77-45f0-9485-db8db4aad44b"},
        {"id": "6b8030b8-a720-4ce7-b27c-86921638ece3", "type": "SQLEndpoint", "displayName":
        "fabcli000001dtdm", "description": "", "workspaceId": "5b6cb64b-1e77-45f0-9485-db8db4aad44b"},
        {"id": "8a817864-b5d7-42fb-aa32-d0a907d1b790", "type": "SQLEndpoint", "displayName":
        "fabcli000001dtdm", "description": "", "workspaceId": "5b6cb64b-1e77-45f0-9485-db8db4aad44b"},
        {"id": "07eb9019-ae99-4783-84ec-f2b7962dc21b", "type": "Lakehouse", "displayName":
        "fabcli000001dtdm", "description": "", "workspaceId": "5b6cb64b-1e77-45f0-9485-db8db4aad44b"},
        {"id": "e4c6a8ad-667c-4cda-ac9f-f1b3796dcbe7", "type": "Lakehouse", "displayName":
        "fabcli000001dtdm", "description": "", "workspaceId": "5b6cb64b-1e77-45f0-9485-db8db4aad44b"},
        {"id": "81efd2b3-44c8-47f6-b385-4c482b7e8427", "type": "Lakehouse", "displayName":
        "fabcli000001dtdm", "description": "", "workspaceId": "5b6cb64b-1e77-45f0-9485-db8db4aad44b"}]}'
    headers:
      Access-Control-Expose-Headers:
      - RequestId
      Cache-Control:
      - no-store, must-revalidate, no-cache
      Content-Encoding:
      - gzip
      Content-Length:
      - '342'
      Content-Type:
      - application/json; charset=utf-8
      Date:
      - Tue, 03 Feb 2026 09:06:46 GMT
      Pragma:
      - no-cache
      RequestId:
      - 874219be-151c-4c96-ab23-550db8a648f9
      Strict-Transport-Security:
      - max-age=31536000; includeSubDomains
      X-Content-Type-Options:
      - nosniff
      X-Frame-Options:
      - deny
      home-cluster-uri:
      - https://wabi-us-central-b-primary-redirect.analysis.windows.net/
      request-redirected:
      - 'true'
    status:
      code: 200
      message: OK
- request:
    body: null
    headers:
      Accept:
      - '*/*'
      Accept-Encoding:
      - gzip, deflate
      Connection:
      - keep-alive
      Content-Type:
      - application/json
      User-Agent:
      - ms-fabric-cli-test/1.3.1
    method: GET
    uri: https://api.fabric.microsoft.com/v1/workspaces/5b6cb64b-1e77-45f0-9485-db8db4aad44b/items
  response:
    body:
      string: '{"value": [{"id": "e259adaa-0708-459e-b63b-8702430868c7", "type": "SQLEndpoint",
        "displayName": "fabcli000001dtdm", "description": "", "workspaceId": "5b6cb64b-1e77-45f0-9485-db8db4aad44b"},
        {"id": "6b8030b8-a720-4ce7-b27c-86921638ece3", "type": "SQLEndpoint", "displayName":
        "fabcli000001dtdm", "description": "", "workspaceId": "5b6cb64b-1e77-45f0-9485-db8db4aad44b"},
        {"id": "8a817864-b5d7-42fb-aa32-d0a907d1b790", "type": "SQLEndpoint", "displayName":
        "fabcli000001dtdm", "description": "", "workspaceId": "5b6cb64b-1e77-45f0-9485-db8db4aad44b"},
        {"id": "07eb9019-ae99-4783-84ec-f2b7962dc21b", "type": "Lakehouse", "displayName":
        "fabcli000001dtdm", "description": "", "workspaceId": "5b6cb64b-1e77-45f0-9485-db8db4aad44b"},
        {"id": "e4c6a8ad-667c-4cda-ac9f-f1b3796dcbe7", "type": "Lakehouse", "displayName":
        "fabcli000001dtdm", "description": "", "workspaceId": "5b6cb64b-1e77-45f0-9485-db8db4aad44b"},
        {"id": "81efd2b3-44c8-47f6-b385-4c482b7e8427", "type": "Lakehouse", "displayName":
        "fabcli000001dtdm", "description": "", "workspaceId": "5b6cb64b-1e77-45f0-9485-db8db4aad44b"}]}'
    headers:
      Access-Control-Expose-Headers:
      - RequestId
      Cache-Control:
      - no-store, must-revalidate, no-cache
      Content-Encoding:
      - gzip
      Content-Length:
      - '342'
      Content-Type:
      - application/json; charset=utf-8
      Date:
      - Tue, 03 Feb 2026 09:06:47 GMT
      Pragma:
      - no-cache
      RequestId:
      - 7978552c-a6f5-45e3-aa3c-bbfe9e1ac91b
      Strict-Transport-Security:
      - max-age=31536000; includeSubDomains
      X-Content-Type-Options:
      - nosniff
      X-Frame-Options:
      - deny
      home-cluster-uri:
      - https://wabi-us-central-b-primary-redirect.analysis.windows.net/
      request-redirected:
      - 'true'
    status:
      code: 200
      message: OK
- request:
    body: '{"description": "Created by fab", "displayName": "fabcli000001", "type":
      "UserDataFunction", "folderId": null}'
    headers:
      Accept:
      - '*/*'
      Accept-Encoding:
      - gzip, deflate
      Connection:
      - keep-alive
      Content-Length:
      - '114'
      Content-Type:
      - application/json
      User-Agent:
      - ms-fabric-cli-test/1.3.1
    method: POST
    uri: https://api.fabric.microsoft.com/v1/workspaces/5b6cb64b-1e77-45f0-9485-db8db4aad44b/userdatafunctions
  response:
    body:
      string: '{"id": "4e94c619-b243-44b3-b321-d34177b348ee", "type": "UserDataFunction",
        "displayName": "fabcli000001", "description": "Created by fab", "workspaceId":
        "5b6cb64b-1e77-45f0-9485-db8db4aad44b"}'
    headers:
      Access-Control-Expose-Headers:
      - RequestId,ETag
      Cache-Control:
      - no-store, must-revalidate, no-cache
      Content-Encoding:
      - gzip
      Content-Length:
      - '172'
      Content-Type:
      - application/json; charset=utf-8
      Date:
      - Tue, 03 Feb 2026 09:06:49 GMT
      ETag:
      - '""'
      Pragma:
      - no-cache
      RequestId:
      - 01ae08b4-bde9-41fd-8b6d-1aea21ab81fe
      Strict-Transport-Security:
      - max-age=31536000; includeSubDomains
      X-Content-Type-Options:
      - nosniff
      X-Frame-Options:
      - deny
      home-cluster-uri:
      - https://wabi-us-central-b-primary-redirect.analysis.windows.net/
      request-redirected:
      - 'true'
    status:
      code: 201
      message: Created
- request:
    body: null
    headers:
      Accept:
      - '*/*'
      Accept-Encoding:
      - gzip, deflate
      Connection:
      - keep-alive
      Content-Type:
      - application/json
      User-Agent:
      - ms-fabric-cli-test/1.3.1
    method: GET
    uri: https://api.fabric.microsoft.com/v1/workspaces
  response:
    body:
      string: '{"value": [{"id": "3634a139-2c9e-4205-910b-3b089a31be47", "displayName":
        "My workspace", "description": "", "type": "Personal"}, {"id": "5b6cb64b-1e77-45f0-9485-db8db4aad44b",
        "displayName": "fabriccli_WorkspacePerTestclass_000001", "description": "Created
        by fab", "type": "Workspace", "capacityId": "00000000-0000-0000-0000-000000000004"}]}'
    headers:
      Access-Control-Expose-Headers:
      - RequestId
      Cache-Control:
      - no-store, must-revalidate, no-cache
      Content-Encoding:
      - gzip
      Content-Length:
      - '2458'
      Content-Type:
      - application/json; charset=utf-8
      Date:
      - Tue, 03 Feb 2026 09:06:50 GMT
      Pragma:
      - no-cache
      RequestId:
      - 8b83ce1c-9610-4512-bb4a-f0bf248743a2
      Strict-Transport-Security:
      - max-age=31536000; includeSubDomains
      X-Content-Type-Options:
      - nosniff
      X-Frame-Options:
      - deny
      home-cluster-uri:
      - https://wabi-us-central-b-primary-redirect.analysis.windows.net/
      request-redirected:
      - 'true'
    status:
      code: 200
      message: OK
- request:
    body: null
    headers:
      Accept:
      - '*/*'
      Accept-Encoding:
      - gzip, deflate
      Connection:
      - keep-alive
      Content-Type:
      - application/json
      User-Agent:
      - ms-fabric-cli-test/1.3.1
    method: GET
    uri: https://api.fabric.microsoft.com/v1/workspaces/5b6cb64b-1e77-45f0-9485-db8db4aad44b/items
  response:
    body:
      string: '{"value": [{"id": "e259adaa-0708-459e-b63b-8702430868c7", "type": "SQLEndpoint",
        "displayName": "fabcli000001dtdm", "description": "", "workspaceId": "5b6cb64b-1e77-45f0-9485-db8db4aad44b"},
        {"id": "6b8030b8-a720-4ce7-b27c-86921638ece3", "type": "SQLEndpoint", "displayName":
        "fabcli000001dtdm", "description": "", "workspaceId": "5b6cb64b-1e77-45f0-9485-db8db4aad44b"},
        {"id": "8a817864-b5d7-42fb-aa32-d0a907d1b790", "type": "SQLEndpoint", "displayName":
        "fabcli000001dtdm", "description": "", "workspaceId": "5b6cb64b-1e77-45f0-9485-db8db4aad44b"},
        {"id": "07eb9019-ae99-4783-84ec-f2b7962dc21b", "type": "Lakehouse", "displayName":
        "fabcli000001dtdm", "description": "", "workspaceId": "5b6cb64b-1e77-45f0-9485-db8db4aad44b"},
        {"id": "e4c6a8ad-667c-4cda-ac9f-f1b3796dcbe7", "type": "Lakehouse", "displayName":
        "fabcli000001dtdm", "description": "", "workspaceId": "5b6cb64b-1e77-45f0-9485-db8db4aad44b"},
        {"id": "81efd2b3-44c8-47f6-b385-4c482b7e8427", "type": "Lakehouse", "displayName":
        "fabcli000001dtdm", "description": "", "workspaceId": "5b6cb64b-1e77-45f0-9485-db8db4aad44b"},
        {"id": "4e94c619-b243-44b3-b321-d34177b348ee", "type": "UserDataFunction",
        "displayName": "fabcli000001", "description": "Created by fab", "workspaceId":
        "5b6cb64b-1e77-45f0-9485-db8db4aad44b"}]}'
    headers:
      Access-Control-Expose-Headers:
      - RequestId
      Cache-Control:
      - no-store, must-revalidate, no-cache
      Content-Encoding:
      - gzip
      Content-Length:
      - '408'
      Content-Type:
      - application/json; charset=utf-8
      Date:
      - Tue, 03 Feb 2026 09:06:51 GMT
      Pragma:
      - no-cache
      RequestId:
      - a543586b-30f0-43e0-89ce-b3b30368b4a8
      Strict-Transport-Security:
      - max-age=31536000; includeSubDomains
      X-Content-Type-Options:
      - nosniff
      X-Frame-Options:
      - deny
      home-cluster-uri:
      - https://wabi-us-central-b-primary-redirect.analysis.windows.net/
      request-redirected:
      - 'true'
    status:
      code: 200
      message: OK
- request:
    body: null
    headers:
      Accept:
      - '*/*'
      Accept-Encoding:
      - gzip, deflate
      Connection:
      - keep-alive
      Content-Type:
      - application/json
      User-Agent:
      - ms-fabric-cli-test/1.3.1
    method: GET
    uri: https://api.fabric.microsoft.com/v1/workspaces/5b6cb64b-1e77-45f0-9485-db8db4aad44b/userdatafunctions/4e94c619-b243-44b3-b321-d34177b348ee
  response:
    body:
      string: '{"id": "4e94c619-b243-44b3-b321-d34177b348ee", "type": "UserDataFunction",
        "displayName": "fabcli000001", "description": "Created by fab", "workspaceId":
        "5b6cb64b-1e77-45f0-9485-db8db4aad44b"}'
    headers:
      Access-Control-Expose-Headers:
      - RequestId,ETag
      Cache-Control:
      - no-store, must-revalidate, no-cache
      Content-Encoding:
      - gzip
      Content-Length:
      - '172'
      Content-Type:
      - application/json; charset=utf-8
      Date:
      - Tue, 03 Feb 2026 09:06:52 GMT
      ETag:
      - '""'
      Pragma:
      - no-cache
      RequestId:
      - 63a77040-0c98-46ce-85d3-57e5fc88fceb
      Strict-Transport-Security:
      - max-age=31536000; includeSubDomains
      X-Content-Type-Options:
      - nosniff
      X-Frame-Options:
      - deny
      home-cluster-uri:
      - https://wabi-us-central-b-primary-redirect.analysis.windows.net/
      request-redirected:
      - 'true'
    status:
      code: 200
      message: OK
- request:
    body: null
    headers:
      Accept:
      - '*/*'
      Accept-Encoding:
      - gzip, deflate
      Connection:
      - keep-alive
      Content-Length:
      - '0'
      Content-Type:
      - application/json
      User-Agent:
      - ms-fabric-cli-test/1.3.1
    method: POST
    uri: https://api.fabric.microsoft.com/v1/workspaces/5b6cb64b-1e77-45f0-9485-db8db4aad44b/items/4e94c619-b243-44b3-b321-d34177b348ee/getDefinition
  response:
    body:
      string: 'null'
    headers:
      Access-Control-Expose-Headers:
      - RequestId,Location,Retry-After,x-ms-operation-id
      Cache-Control:
      - no-store, must-revalidate, no-cache
      Content-Encoding:
      - gzip
      Content-Length:
      - '24'
      Content-Type:
      - application/json; charset=utf-8
      Date:
      - Tue, 03 Feb 2026 09:06:52 GMT
      Location:
      - https://wabi-us-central-b-primary-redirect.analysis.windows.net/v1/operations/33f46007-b1b7-44aa-bae0-b8c2ed0bcb73
      Pragma:
      - no-cache
      RequestId:
      - 8ec07151-cc12-4963-ac23-49ee424205e3
      Retry-After:
      - '20'
      Strict-Transport-Security:
      - max-age=31536000; includeSubDomains
      X-Content-Type-Options:
      - nosniff
      X-Frame-Options:
      - deny
      home-cluster-uri:
      - https://wabi-us-central-b-primary-redirect.analysis.windows.net/
      request-redirected:
      - 'true'
      x-ms-operation-id:
      - 33f46007-b1b7-44aa-bae0-b8c2ed0bcb73
    status:
      code: 202
      message: Accepted
- request:
    body: null
    headers:
      Accept:
      - '*/*'
      Accept-Encoding:
      - gzip, deflate
      Connection:
      - keep-alive
      Content-Type:
      - application/json
      User-Agent:
      - ms-fabric-cli-test/1.3.1
    method: GET
    uri: https://wabi-us-central-b-primary-redirect.analysis.windows.net/v1/operations/33f46007-b1b7-44aa-bae0-b8c2ed0bcb73
  response:
    body:
      string: '{"status": "Succeeded", "createdTimeUtc": "2026-02-03T09:06:53.6099605",
        "lastUpdatedTimeUtc": "2026-02-03T09:06:53.9693422", "percentComplete": 100,
        "error": null}'
    headers:
      Access-Control-Expose-Headers:
      - RequestId,Location,x-ms-operation-id
      Cache-Control:
      - no-store, must-revalidate, no-cache
      Content-Encoding:
      - gzip
      Content-Length:
      - '129'
      Content-Type:
      - application/json; charset=utf-8
      Date:
      - Tue, 03 Feb 2026 09:07:15 GMT
      Location:
      - https://wabi-us-central-b-primary-redirect.analysis.windows.net/v1/operations/33f46007-b1b7-44aa-bae0-b8c2ed0bcb73/result
      Pragma:
      - no-cache
      RequestId:
      - c8c2997f-18ec-4881-89ef-a81a1066344e
      Strict-Transport-Security:
      - max-age=31536000; includeSubDomains
      X-Content-Type-Options:
      - nosniff
      X-Frame-Options:
      - deny
      x-ms-operation-id:
      - 33f46007-b1b7-44aa-bae0-b8c2ed0bcb73
    status:
      code: 200
      message: OK
- request:
    body: null
    headers:
      Accept:
      - '*/*'
      Accept-Encoding:
      - gzip, deflate
      Connection:
      - keep-alive
      Content-Type:
      - application/json
      User-Agent:
      - ms-fabric-cli-test/1.3.1
    method: GET
    uri: https://wabi-us-central-b-primary-redirect.analysis.windows.net/v1/operations/33f46007-b1b7-44aa-bae0-b8c2ed0bcb73/result
  response:
    body:
      string: '{"definition": {"parts": [{"path": "definition.json", "payload": "ew0KICAiJHNjaGVtYSI6ICJodHRwczovL2RldmVsb3Blci5taWNyb3NvZnQuY29tL2pzb24tc2NoZW1hcy9mYWJyaWMvaXRlbS91c2VyRGF0YUZ1bmN0aW9uL2RlZmluaXRpb24vMS4xLjAvc2NoZW1hLmpzb24iLA0KICAicnVudGltZSI6ICJQWVRIT04iLA0KICAiY29ubmVjdGVkRGF0YVNvdXJjZXMiOiBbXSwNCiAgImZ1bmN0aW9ucyI6IFtdLA0KICAibGlicmFyaWVzIjogew0KICAgICJwdWJsaWMiOiBbXSwNCiAgICAicHJpdmF0ZSI6IFtdDQogIH0NCn0=",
        "payloadType": "InlineBase64"}, {"path": ".platform", "payload": "ewogICIkc2NoZW1hIjogImh0dHBzOi8vZGV2ZWxvcGVyLm1pY3Jvc29mdC5jb20vanNvbi1zY2hlbWFzL2ZhYnJpYy9naXRJbnRlZ3JhdGlvbi9wbGF0Zm9ybVByb3BlcnRpZXMvMi4wLjAvc2NoZW1hLmpzb24iLAogICJtZXRhZGF0YSI6IHsKICAgICJ0eXBlIjogIlVzZXJEYXRhRnVuY3Rpb24iLAogICAgImRpc3BsYXlOYW1lIjogImZhYmNsaTAwMDAwMSIsCiAgICAiZGVzY3JpcHRpb24iOiAiQ3JlYXRlZCBieSBmYWIiCiAgfSwKICAiY29uZmlnIjogewogICAgInZlcnNpb24iOiAiMi4wIiwKICAgICJsb2dpY2FsSWQiOiAiMDAwMDAwMDAtMDAwMC0wMDAwLTAwMDAtMDAwMDAwMDAwMDAwIgogIH0KfQ==",
        "payloadType": "InlineBase64"}]}}'
    headers:
      Access-Control-Expose-Headers:
      - RequestId
      Cache-Control:
      - no-store, must-revalidate, no-cache
      Content-Encoding:
      - gzip
      Content-Type:
      - application/json
      Date:
      - Tue, 03 Feb 2026 09:07:15 GMT
      Pragma:
      - no-cache
      RequestId:
      - f5c42d0e-2461-4649-9048-479e6f1770f0
      Strict-Transport-Security:
      - max-age=31536000; includeSubDomains
      Transfer-Encoding:
      - chunked
      X-Content-Type-Options:
      - nosniff
      X-Frame-Options:
      - deny
    status:
      code: 200
      message: OK
- request:
    body: null
    headers:
      Accept:
      - '*/*'
      Accept-Encoding:
      - gzip, deflate
      Connection:
      - keep-alive
      Content-Type:
      - application/json
      User-Agent:
      - ms-fabric-cli-test/1.3.1
    method: GET
    uri: https://api.fabric.microsoft.com/v1/workspaces/5b6cb64b-1e77-45f0-9485-db8db4aad44b/items/4e94c619-b243-44b3-b321-d34177b348ee/connections
  response:
    body:
      string: '{"value": []}'
    headers:
      Access-Control-Expose-Headers:
      - RequestId
      Cache-Control:
      - no-store, must-revalidate, no-cache
      Content-Encoding:
      - gzip
      Content-Length:
      - '32'
      Content-Type:
      - application/json; charset=utf-8
      Date:
      - Tue, 03 Feb 2026 09:07:17 GMT
      Pragma:
      - no-cache
      RequestId:
      - 9b61ee3d-1bf3-41fb-b695-4e9eb7b30848
      Strict-Transport-Security:
      - max-age=31536000; includeSubDomains
      X-Content-Type-Options:
      - nosniff
      X-Frame-Options:
      - deny
      home-cluster-uri:
      - https://wabi-us-central-b-primary-redirect.analysis.windows.net/
      request-redirected:
      - 'true'
    status:
      code: 200
      message: OK
- request:
    body: null
    headers:
      Accept:
      - '*/*'
      Accept-Encoding:
      - gzip, deflate
      Connection:
      - keep-alive
      Content-Type:
      - application/json
      User-Agent:
      - ms-fabric-cli-test/1.3.1
    method: GET
    uri: https://api.fabric.microsoft.com/v1/workspaces
  response:
    body:
      string: '{"value": [{"id": "3634a139-2c9e-4205-910b-3b089a31be47", "displayName":
        "My workspace", "description": "", "type": "Personal"}, {"id": "5b6cb64b-1e77-45f0-9485-db8db4aad44b",
        "displayName": "fabriccli_WorkspacePerTestclass_000001", "description": "Created
        by fab", "type": "Workspace", "capacityId": "00000000-0000-0000-0000-000000000004"}]}'
    headers:
      Access-Control-Expose-Headers:
      - RequestId
      Cache-Control:
      - no-store, must-revalidate, no-cache
      Content-Encoding:
      - gzip
      Content-Length:
      - '2458'
      Content-Type:
      - application/json; charset=utf-8
      Date:
      - Tue, 03 Feb 2026 09:07:18 GMT
      Pragma:
      - no-cache
      RequestId:
      - 49e09526-f238-4957-83b2-13b127bbe40a
      Strict-Transport-Security:
      - max-age=31536000; includeSubDomains
      X-Content-Type-Options:
      - nosniff
      X-Frame-Options:
      - deny
      home-cluster-uri:
      - https://wabi-us-central-b-primary-redirect.analysis.windows.net/
      request-redirected:
      - 'true'
    status:
      code: 200
      message: OK
- request:
    body: null
    headers:
      Accept:
      - '*/*'
      Accept-Encoding:
      - gzip, deflate
      Connection:
      - keep-alive
      Content-Type:
      - application/json
      User-Agent:
      - ms-fabric-cli-test/1.3.1
    method: GET
    uri: https://api.fabric.microsoft.com/v1/workspaces/5b6cb64b-1e77-45f0-9485-db8db4aad44b/items
  response:
    body:
      string: '{"value": [{"id": "e259adaa-0708-459e-b63b-8702430868c7", "type": "SQLEndpoint",
        "displayName": "fabcli000001dtdm", "description": "", "workspaceId": "5b6cb64b-1e77-45f0-9485-db8db4aad44b"},
        {"id": "6b8030b8-a720-4ce7-b27c-86921638ece3", "type": "SQLEndpoint", "displayName":
        "fabcli000001dtdm", "description": "", "workspaceId": "5b6cb64b-1e77-45f0-9485-db8db4aad44b"},
        {"id": "8a817864-b5d7-42fb-aa32-d0a907d1b790", "type": "SQLEndpoint", "displayName":
        "fabcli000001dtdm", "description": "", "workspaceId": "5b6cb64b-1e77-45f0-9485-db8db4aad44b"},
        {"id": "07eb9019-ae99-4783-84ec-f2b7962dc21b", "type": "Lakehouse", "displayName":
        "fabcli000001dtdm", "description": "", "workspaceId": "5b6cb64b-1e77-45f0-9485-db8db4aad44b"},
        {"id": "e4c6a8ad-667c-4cda-ac9f-f1b3796dcbe7", "type": "Lakehouse", "displayName":
        "fabcli000001dtdm", "description": "", "workspaceId": "5b6cb64b-1e77-45f0-9485-db8db4aad44b"},
        {"id": "81efd2b3-44c8-47f6-b385-4c482b7e8427", "type": "Lakehouse", "displayName":
        "fabcli000001dtdm", "description": "", "workspaceId": "5b6cb64b-1e77-45f0-9485-db8db4aad44b"},
        {"id": "4e94c619-b243-44b3-b321-d34177b348ee", "type": "UserDataFunction",
        "displayName": "fabcli000001", "description": "Created by fab", "workspaceId":
        "5b6cb64b-1e77-45f0-9485-db8db4aad44b"}]}'
    headers:
      Access-Control-Expose-Headers:
      - RequestId
      Cache-Control:
      - no-store, must-revalidate, no-cache
      Content-Encoding:
      - gzip
      Content-Length:
      - '408'
      Content-Type:
      - application/json; charset=utf-8
      Date:
      - Tue, 03 Feb 2026 09:07:18 GMT
      Pragma:
      - no-cache
      RequestId:
      - b8460b18-21bd-499a-81ea-9eea36e2fd3f
      Strict-Transport-Security:
      - max-age=31536000; includeSubDomains
      X-Content-Type-Options:
      - nosniff
      X-Frame-Options:
      - deny
      home-cluster-uri:
      - https://wabi-us-central-b-primary-redirect.analysis.windows.net/
      request-redirected:
      - 'true'
    status:
      code: 200
      message: OK
- request:
    body: null
    headers:
      Accept:
      - '*/*'
      Accept-Encoding:
      - gzip, deflate
      Connection:
      - keep-alive
      Content-Length:
      - '0'
      Content-Type:
      - application/json
      User-Agent:
      - ms-fabric-cli-test/1.3.1
    method: DELETE
    uri: https://api.fabric.microsoft.com/v1/workspaces/5b6cb64b-1e77-45f0-9485-db8db4aad44b/items/4e94c619-b243-44b3-b321-d34177b348ee
  response:
    body:
      string: ''
    headers:
      Access-Control-Expose-Headers:
      - RequestId
      Cache-Control:
      - no-store, must-revalidate, no-cache
      Content-Encoding:
      - gzip
      Content-Length:
      - '0'
      Content-Type:
      - application/octet-stream
      Date:
      - Tue, 03 Feb 2026 09:07:20 GMT
      Pragma:
      - no-cache
      RequestId:
      - 55410f10-532f-4204-b475-9814bc262844
      Strict-Transport-Security:
      - max-age=31536000; includeSubDomains
      X-Content-Type-Options:
      - nosniff
      X-Frame-Options:
      - deny
      home-cluster-uri:
      - https://wabi-us-central-b-primary-redirect.analysis.windows.net/
      request-redirected:
      - 'true'
    status:
      code: 200
      message: OK
version: 1
