interactions:
- request:
    body: null
    headers:
      Accept:
      - '*/*'
      Accept-Encoding:
      - gzip, deflate
      Connection:
      - keep-alive
      Content-Type:
      - application/json
      User-Agent:
      - ms-fabric-cli-test/1.1.0
    method: GET
    uri: https://api.fabric.microsoft.com/v1/workspaces
  response:
    body:
      string: '{"value": [{"id": "94da8ea5-0bd6-4a9e-b717-5fdb482f4c71", "displayName":
        "My workspace", "description": "", "type": "Personal"}, {"id": "4bd4d574-c64f-4ced-a2c0-25cc4e6f03c6",
        "displayName": "fabriccli_WorkspacePerTestclass_000001", "description": "Created
        by fab", "type": "Workspace", "capacityId": "00000000-0000-0000-0000-000000000004"}]}'
    headers:
      Access-Control-Expose-Headers:
      - RequestId
      Cache-Control:
      - no-store, must-revalidate, no-cache
      Content-Encoding:
      - gzip
      Content-Length:
      - '567'
      Content-Type:
      - application/json; charset=utf-8
      Date:
      - Sun, 14 Sep 2025 06:52:22 GMT
      Pragma:
      - no-cache
      RequestId:
      - 6d3ae5e9-23c4-4b6f-a481-45de74276605
      Strict-Transport-Security:
      - max-age=31536000; includeSubDomains
      X-Content-Type-Options:
      - nosniff
      X-Frame-Options:
      - deny
      home-cluster-uri:
      - https://wabi-west-europe-redirect.analysis.windows.net/
      request-redirected:
      - 'true'
    status:
      code: 200
      message: OK
- request:
    body: null
    headers:
      Accept:
      - '*/*'
      Accept-Encoding:
      - gzip, deflate
      Connection:
      - keep-alive
      Content-Type:
      - application/json
      User-Agent:
      - ms-fabric-cli-test/1.1.0
    method: GET
    uri: https://api.fabric.microsoft.com/v1/workspaces/4bd4d574-c64f-4ced-a2c0-25cc4e6f03c6/items
  response:
    body:
      string: '{"value": []}'
    headers:
      Access-Control-Expose-Headers:
      - RequestId
      Cache-Control:
      - no-store, must-revalidate, no-cache
      Content-Encoding:
      - gzip
      Content-Length:
      - '32'
      Content-Type:
      - application/json; charset=utf-8
      Date:
      - Sun, 14 Sep 2025 06:52:22 GMT
      Pragma:
      - no-cache
      RequestId:
      - af4df46e-c18c-4465-922b-dd5d5867fa93
      Strict-Transport-Security:
      - max-age=31536000; includeSubDomains
      X-Content-Type-Options:
      - nosniff
      X-Frame-Options:
      - deny
      home-cluster-uri:
      - https://wabi-west-europe-redirect.analysis.windows.net/
      request-redirected:
      - 'true'
    status:
      code: 200
      message: OK
- request:
    body: null
    headers:
      Accept:
      - '*/*'
      Accept-Encoding:
      - gzip, deflate
      Connection:
      - keep-alive
      Content-Type:
      - application/json
      User-Agent:
      - ms-fabric-cli-test/1.1.0
    method: GET
    uri: https://api.fabric.microsoft.com/v1/workspaces/4bd4d574-c64f-4ced-a2c0-25cc4e6f03c6/items
  response:
    body:
      string: '{"value": []}'
    headers:
      Access-Control-Expose-Headers:
      - RequestId
      Cache-Control:
      - no-store, must-revalidate, no-cache
      Content-Encoding:
      - gzip
      Content-Length:
      - '32'
      Content-Type:
      - application/json; charset=utf-8
      Date:
      - Sun, 14 Sep 2025 06:52:22 GMT
      Pragma:
      - no-cache
      RequestId:
      - 9a33fdf1-ccf1-4083-97e4-b6fcdb3e27cb
      Strict-Transport-Security:
      - max-age=31536000; includeSubDomains
      X-Content-Type-Options:
      - nosniff
      X-Frame-Options:
      - deny
      home-cluster-uri:
      - https://wabi-west-europe-redirect.analysis.windows.net/
      request-redirected:
      - 'true'
    status:
      code: 200
      message: OK
- request:
    body: '{"description": "Created by fab", "displayName": "fabcli000001", "type":
      "Lakehouse", "folderId": null}'
    headers:
      Accept:
      - '*/*'
      Accept-Encoding:
      - gzip, deflate
      Connection:
      - keep-alive
      Content-Length:
      - '107'
      Content-Type:
      - application/json
      User-Agent:
      - ms-fabric-cli-test/1.1.0
    method: POST
    uri: https://api.fabric.microsoft.com/v1/workspaces/4bd4d574-c64f-4ced-a2c0-25cc4e6f03c6/lakehouses
  response:
    body:
      string: '{"id": "a99c4cb4-1a94-4e36-bf68-012f5367db75", "type": "Lakehouse",
        "displayName": "fabcli000001", "description": "Created by fab", "workspaceId":
        "4bd4d574-c64f-4ced-a2c0-25cc4e6f03c6"}'
    headers:
      Access-Control-Expose-Headers:
      - RequestId,ETag
      Cache-Control:
      - no-store, must-revalidate, no-cache
      Content-Encoding:
      - gzip
      Content-Length:
      - '168'
      Content-Type:
      - application/json; charset=utf-8
      Date:
      - Sun, 14 Sep 2025 06:52:26 GMT
      ETag:
      - '""'
      Pragma:
      - no-cache
      RequestId:
      - 68fd7f69-394b-40bd-9cb8-95c35d1f2387
      Strict-Transport-Security:
      - max-age=31536000; includeSubDomains
      X-Content-Type-Options:
      - nosniff
      X-Frame-Options:
      - deny
      home-cluster-uri:
      - https://wabi-west-europe-redirect.analysis.windows.net/
      request-redirected:
      - 'true'
    status:
      code: 201
      message: Created
- request:
    body: null
    headers:
      Accept:
      - '*/*'
      Accept-Encoding:
      - gzip, deflate
      Connection:
      - keep-alive
      Content-Type:
      - application/json
      User-Agent:
      - ms-fabric-cli-test/1.1.0
    method: GET
    uri: https://api.fabric.microsoft.com/v1/workspaces
  response:
    body:
      string: '{"value": [{"id": "94da8ea5-0bd6-4a9e-b717-5fdb482f4c71", "displayName":
        "My workspace", "description": "", "type": "Personal"}, {"id": "4bd4d574-c64f-4ced-a2c0-25cc4e6f03c6",
        "displayName": "fabriccli_WorkspacePerTestclass_000001", "description": "Created
        by fab", "type": "Workspace", "capacityId": "00000000-0000-0000-0000-000000000004"}]}'
    headers:
      Access-Control-Expose-Headers:
      - RequestId
      Cache-Control:
      - no-store, must-revalidate, no-cache
      Content-Encoding:
      - gzip
      Content-Length:
      - '567'
      Content-Type:
      - application/json; charset=utf-8
      Date:
      - Sun, 14 Sep 2025 06:52:27 GMT
      Pragma:
      - no-cache
      RequestId:
      - 379cfd48-44c2-4922-af79-8880fd9e95fd
      Strict-Transport-Security:
      - max-age=31536000; includeSubDomains
      X-Content-Type-Options:
      - nosniff
      X-Frame-Options:
      - deny
      home-cluster-uri:
      - https://wabi-west-europe-redirect.analysis.windows.net/
      request-redirected:
      - 'true'
    status:
      code: 200
      message: OK
- request:
    body: null
    headers:
      Accept:
      - '*/*'
      Accept-Encoding:
      - gzip, deflate
      Connection:
      - keep-alive
      Content-Type:
      - application/json
      User-Agent:
      - ms-fabric-cli-test/1.1.0
    method: GET
    uri: https://api.fabric.microsoft.com/v1/workspaces/4bd4d574-c64f-4ced-a2c0-25cc4e6f03c6/items
  response:
    body:
      string: '{"value": [{"id": "a99c4cb4-1a94-4e36-bf68-012f5367db75", "type": "Lakehouse",
        "displayName": "fabcli000001", "description": "Created by fab", "workspaceId":
        "4bd4d574-c64f-4ced-a2c0-25cc4e6f03c6"}]}'
    headers:
      Access-Control-Expose-Headers:
      - RequestId
      Cache-Control:
      - no-store, must-revalidate, no-cache
      Content-Encoding:
      - gzip
      Content-Length:
      - '178'
      Content-Type:
      - application/json; charset=utf-8
      Date:
      - Sun, 14 Sep 2025 06:52:26 GMT
      Pragma:
      - no-cache
      RequestId:
      - bd655e39-01bd-49ea-9237-725ddd97440a
      Strict-Transport-Security:
      - max-age=31536000; includeSubDomains
      X-Content-Type-Options:
      - nosniff
      X-Frame-Options:
      - deny
      home-cluster-uri:
      - https://wabi-west-europe-redirect.analysis.windows.net/
      request-redirected:
      - 'true'
    status:
      code: 200
      message: OK
- request:
    body: null
    headers:
      Accept:
      - '*/*'
      Accept-Encoding:
      - gzip, deflate
      Connection:
      - keep-alive
      Content-Type:
      - application/json
      User-Agent:
      - ms-fabric-cli-test/1.1.0
    method: GET
    uri: https://api.fabric.microsoft.com/v1/workspaces/4bd4d574-c64f-4ced-a2c0-25cc4e6f03c6/lakehouses/a99c4cb4-1a94-4e36-bf68-012f5367db75
  response:
    body:
      string: '{"id": "a99c4cb4-1a94-4e36-bf68-012f5367db75", "type": "Lakehouse",
        "displayName": "fabcli000001", "description": "Created by fab", "workspaceId":
        "4bd4d574-c64f-4ced-a2c0-25cc4e6f03c6", "properties": {"oneLakeTablesPath":
        "https://onelake.dfs.fabric.microsoft.com/4bd4d574-c64f-4ced-a2c0-25cc4e6f03c6/a99c4cb4-1a94-4e36-bf68-012f5367db75/Tables",
        "oneLakeFilesPath": "https://onelake.dfs.fabric.microsoft.com/4bd4d574-c64f-4ced-a2c0-25cc4e6f03c6/a99c4cb4-1a94-4e36-bf68-012f5367db75/Files",
        "sqlEndpointProperties": {"connectionString": null, "id": null, "provisioningStatus":
        "InProgress"}}}'
    headers:
      Access-Control-Expose-Headers:
      - RequestId,ETag
      Cache-Control:
      - no-store, must-revalidate, no-cache
      Content-Encoding:
      - gzip
      Content-Length:
      - '303'
      Content-Type:
      - application/json; charset=utf-8
      Date:
      - Sun, 14 Sep 2025 06:52:26 GMT
      ETag:
      - '""'
      Pragma:
      - no-cache
      RequestId:
      - 5e48c2c3-ce46-4f55-98b3-ce52b7733a35
      Strict-Transport-Security:
      - max-age=31536000; includeSubDomains
      X-Content-Type-Options:
      - nosniff
      X-Frame-Options:
      - deny
      home-cluster-uri:
      - https://wabi-west-europe-redirect.analysis.windows.net/
      request-redirected:
      - 'true'
    status:
      code: 200
      message: OK
- request:
    body: null
    headers:
      Accept:
      - '*/*'
      Accept-Encoding:
      - gzip, deflate
      Connection:
      - keep-alive
      Content-Type:
      - application/json
      User-Agent:
      - ms-fabric-cli-test/1.1.0
    method: GET
    uri: https://api.fabric.microsoft.com/v1/workspaces/4bd4d574-c64f-4ced-a2c0-25cc4e6f03c6/items/a99c4cb4-1a94-4e36-bf68-012f5367db75/connections
  response:
    body:
      string: '{"value": []}'
    headers:
      Access-Control-Expose-Headers:
      - RequestId
      Cache-Control:
      - no-store, must-revalidate, no-cache
      Content-Encoding:
      - gzip
      Content-Length:
      - '32'
      Content-Type:
      - application/json; charset=utf-8
      Date:
      - Sun, 14 Sep 2025 06:52:27 GMT
      Pragma:
      - no-cache
      RequestId:
      - eef544be-c1df-48da-a7e3-e7e16bdacef5
      Strict-Transport-Security:
      - max-age=31536000; includeSubDomains
      X-Content-Type-Options:
      - nosniff
      X-Frame-Options:
      - deny
      home-cluster-uri:
      - https://wabi-west-europe-redirect.analysis.windows.net/
      request-redirected:
      - 'true'
    status:
      code: 200
      message: OK
- request:
    body: null
    headers:
      Accept:
      - '*/*'
      Accept-Encoding:
      - gzip, deflate
      Connection:
      - keep-alive
      Content-Type:
      - application/json
      User-Agent:
      - ms-fabric-cli-test/1.1.0
    method: GET
    uri: https://api.fabric.microsoft.com/v1/workspaces/4bd4d574-c64f-4ced-a2c0-25cc4e6f03c6/items/a99c4cb4-1a94-4e36-bf68-012f5367db75/jobs/TableMaintenance/schedules
  response:
    body:
      string: '{"value": []}'
    headers:
      Access-Control-Expose-Headers:
      - RequestId
      Cache-Control:
      - no-store, must-revalidate, no-cache
      Content-Encoding:
      - gzip
      Content-Length:
      - '32'
      Content-Type:
      - application/json; charset=utf-8
      Date:
      - Sun, 14 Sep 2025 06:52:27 GMT
      Pragma:
      - no-cache
      RequestId:
      - c063e708-18dc-4417-aaa9-20b3ffa0e82b
      Strict-Transport-Security:
      - max-age=31536000; includeSubDomains
      X-Content-Type-Options:
      - nosniff
      X-Frame-Options:
      - deny
      home-cluster-uri:
      - https://wabi-west-europe-redirect.analysis.windows.net/
      request-redirected:
      - 'true'
    status:
      code: 200
      message: OK
- request:
    body: null
    headers:
      Accept:
      - '*/*'
      Accept-Encoding:
      - gzip, deflate
      Connection:
      - keep-alive
      Content-Type:
      - application/json
      User-Agent:
      - ms-fabric-cli-test/1.1.0
    method: GET
    uri: https://api.fabric.microsoft.com/v1/workspaces
  response:
    body:
      string: '{"value": [{"id": "94da8ea5-0bd6-4a9e-b717-5fdb482f4c71", "displayName":
        "My workspace", "description": "", "type": "Personal"}, {"id": "4bd4d574-c64f-4ced-a2c0-25cc4e6f03c6",
        "displayName": "fabriccli_WorkspacePerTestclass_000001", "description": "Created
        by fab", "type": "Workspace", "capacityId": "00000000-0000-0000-0000-000000000004"}]}'
    headers:
      Access-Control-Expose-Headers:
      - RequestId
      Cache-Control:
      - no-store, must-revalidate, no-cache
      Content-Encoding:
      - gzip
      Content-Length:
      - '567'
      Content-Type:
      - application/json; charset=utf-8
      Date:
      - Sun, 14 Sep 2025 06:52:27 GMT
      Pragma:
      - no-cache
      RequestId:
      - c67346aa-643a-4ef3-8720-a59eb20de57b
      Strict-Transport-Security:
      - max-age=31536000; includeSubDomains
      X-Content-Type-Options:
      - nosniff
      X-Frame-Options:
      - deny
      home-cluster-uri:
      - https://wabi-west-europe-redirect.analysis.windows.net/
      request-redirected:
      - 'true'
    status:
      code: 200
      message: OK
- request:
    body: null
    headers:
      Accept:
      - '*/*'
      Accept-Encoding:
      - gzip, deflate
      Connection:
      - keep-alive
      Content-Type:
      - application/json
      User-Agent:
      - ms-fabric-cli-test/1.1.0
    method: GET
    uri: https://api.fabric.microsoft.com/v1/workspaces/4bd4d574-c64f-4ced-a2c0-25cc4e6f03c6/items
  response:
    body:
      string: '{"value": [{"id": "a99c4cb4-1a94-4e36-bf68-012f5367db75", "type": "Lakehouse",
        "displayName": "fabcli000001", "description": "Created by fab", "workspaceId":
        "4bd4d574-c64f-4ced-a2c0-25cc4e6f03c6"}]}'
    headers:
      Access-Control-Expose-Headers:
      - RequestId
      Cache-Control:
      - no-store, must-revalidate, no-cache
      Content-Encoding:
      - gzip
      Content-Length:
      - '178'
      Content-Type:
      - application/json; charset=utf-8
      Date:
      - Sun, 14 Sep 2025 06:52:27 GMT
      Pragma:
      - no-cache
      RequestId:
      - 95ff1fa0-7095-4dfa-9d5a-ab6fbb3cfb40
      Strict-Transport-Security:
      - max-age=31536000; includeSubDomains
      X-Content-Type-Options:
      - nosniff
      X-Frame-Options:
      - deny
      home-cluster-uri:
      - https://wabi-west-europe-redirect.analysis.windows.net/
      request-redirected:
      - 'true'
    status:
      code: 200
      message: OK
- request:
    body: null
    headers:
      Accept:
      - '*/*'
      Accept-Encoding:
      - gzip, deflate
      Connection:
      - keep-alive
      Content-Length:
      - '0'
      Content-Type:
      - application/json
      User-Agent:
      - ms-fabric-cli-test/1.1.0
    method: DELETE
    uri: https://api.fabric.microsoft.com/v1/workspaces/4bd4d574-c64f-4ced-a2c0-25cc4e6f03c6/items/a99c4cb4-1a94-4e36-bf68-012f5367db75
  response:
    body:
      string: ''
    headers:
      Access-Control-Expose-Headers:
      - RequestId
      Cache-Control:
      - no-store, must-revalidate, no-cache
      Content-Encoding:
      - gzip
      Content-Length:
      - '0'
      Content-Type:
      - application/octet-stream
      Date:
      - Sun, 14 Sep 2025 06:52:27 GMT
      Pragma:
      - no-cache
      RequestId:
      - 2d168746-4a11-4ab5-9c33-93f95f9f3497
      Strict-Transport-Security:
      - max-age=31536000; includeSubDomains
      X-Content-Type-Options:
      - nosniff
      X-Frame-Options:
      - deny
      home-cluster-uri:
      - https://wabi-west-europe-redirect.analysis.windows.net/
      request-redirected:
      - 'true'
    status:
      code: 200
      message: OK
version: 1
